Keyword: GEOM_COORD_VALUE
Fr: 
En: 
Ja: 
Fr_raw: 
En_raw: 
Ja_raw: 

Keyword: # comment line
Fr: # Ligne commentée
En: # Line commented
Ja: ＃ 行コメント
Fr_raw: # Ligne commentée
En_raw: # Line commented
Ja_raw: ＃ 行コメント

Keyword: %(v_1)s fichier poursuite: %(v_2)s
Fr: %(v_1)ssecondary (poursuite) file  %(v_2)s
En: %(v_1)ssecondary (poursuite) file  %(v_2)s 
Ja: (v_1) (続き) ssecondary ファイル (v_2) %s
Fr_raw: %(v_1)ssecondary (poursuite) file  %(v_2)s
En_raw: %(v_1)ssecondary (poursuite) file  %(v_2)s 
Ja_raw: (v_1) (続き) ssecondary ファイル (v_2) %s

Keyword: %1: Bad type selected\nPlease select a %2.
Fr: %1 : Mauvais type sélectionné\nChoisissez un(e) %2.
En: %1: bad type selected choose a (e) %2.
Ja: %1: 選択されている種類が正しくありません (e) %2 を選択します。
Fr_raw: %1 : Mauvais type sélectionné\nChoisissez un(e) %2.
En_raw: %1: bad type selected choose a (e) %2.
Ja_raw: %1: 選択されている種類が正しくありません (e) %2 を選択します。

Keyword: %d versions du catalogue sont disponibles
Fr: %d catalogues sont disponibles
En: %d catalogs versions are available
Ja: %d 個のカタログ バージョンが利用可能
Fr_raw: %d catalogues sont disponibles
En_raw: %d catalogs versions are available
Ja_raw: %d 個のカタログ バージョンが利用可能

Keyword: %d n'est pas un index valide pour append_brother
Fr: %d n'est pas un index valide pour ajouter-frère
En: %d is not a valid  index for append-brother
Ja: %d は追加の兄弟のための有効なインデックスではありません。
Fr_raw: %d n'est pas un index valide pour ajouter-frère
En_raw: %d is not a valid  index for append-brother
Ja_raw: %d は追加の兄弟のための有効なインデックスではありません。

Keyword: SELECT_DIR
Fr: ...
En: ...
Ja: ...
Fr_raw: ...
En_raw: ...
Ja_raw: ...

Keyword: Hexotic_NULL_LOCAL_SIZE
Fr: 0 is not allowed as "Local size"
En: 0 is not allowed as "Local size"
Ja: 0 は「ローカル サイズ」として許可されていません
Fr_raw: 0 is not allowed as "Local size"
En_raw: 0 is not allowed as "Local size"
Ja_raw: 0 は「ローカル サイズ」として許可されていません

Keyword: APP_VERSION
Fr: 2014.1
En: 2014.1
Ja: 2014.1
Fr_raw: 2014.1
En_raw: 2014.1
Ja_raw: 2014.1

Keyword: : pas de presence de doublon dans la liste
Fr: : aucune reproduction n'est autorisée
En: : no duplication is allowed
Ja: ： 重複は許可されていません
Fr_raw: : aucune reproduction n'est autorisée
En_raw: : no duplication is allowed
Ja_raw: ： 重複は許可されていません

Keyword: <!DOCTYPE HTML PUBLIC "-//W3C//DTD HTML 4.0//EN" "http://www.w3.org/TR/REC-html40/strict.dtd">\n<html><head><meta name="qrichtext" content="1" /><style type="text/css">\np, li { white-space: pre-wrap; }\n</style></head><body style=" font-family:'Sans Serif'; font-size:9pt; font-weight:400; font-style:normal;">\n<p align="center" style=" margin-top:12px; margin-bottom:12px; margin-left:0px; margin-right:0px; -qt-block-indent:0; text-indent:0px; font-size:large;"><span style=" font-size:11pt; font-weight:600;">La commande INCLUDE n'a pas de fichier associé. </span></p>\n<p align="center" style=" margin-top:12px; margin-bottom:12px; margin-left:0px; margin-right:0px; -qt-block-indent:0; text-indent:0px; font-size:11pt; font-weight:600;"><span style=" font-size:large;">Il faut d'abord choisir un numéro d'unité</span></p></body></html>
Fr: <!DOCTYPE HTML PUBLIC "-//W3C//DTD HTML 4.0//EN" "http://www.w3.org/TR/REC-html40/strict.dtd"><html><head><meta name="qrichtext" content="1"><style type="text/css">p, li { white-space: pre-wrap; }</style></head><body style=" font-family:'Sans Serif'; font-size:9pt; font-weight:400; font-style:normal;"><p align="center" style=" margin-top:12px; margin-bottom:12px; margin-left:0px; margin-right:0px; -qt-block-indent:0; text-indent:0px; font-size:large;"><span style=" font-size:11pt; font-weight:600;">Aucun fichier n'est associé à whith cette commande Include</span></p><p align="center" style=" margin-top:12px; margin-bottom:12px; margin-left:0px; margin-right:0px; -qt-block-indent:0; text-indent:0px; font-size:11pt; font-weight:600;"><span style=" font-size:large;">Tout d'abord, choisissez un nombre d'unite</span></p></body></html>
En: <!DOCTYPE HTML PUBLIC "-//W3C//DTD HTML 4.0//EN" "http://www.w3.org/TR/REC-html40/strict.dtd"><html><head><meta name="qrichtext" content="1" /><style type="text/css">p, li { white-space: pre-wrap; }</style></head><body style=" font-family:'Sans Serif'; font-size:9pt; font-weight:400; font-style:normal;"><p align="center" style=" margin-top:12px; margin-bottom:12px; margin-left:0px; margin-right:0px; -qt-block-indent:0; text-indent:0px; font-size:large;"><span style=" font-size:11pt; font-weight:600;">No file is associated whith this Include command </span></p><p align="center" style=" margin-top:12px; margin-bottom:12px; margin-left:0px; margin-right:0px; -qt-block-indent:0; text-indent:0px; font-size:11pt; font-weight:600;"><span style=" font-size:large;">First, choose a unite number</span></p></body></html>
Ja: <!DOCTYPE HTML PUBLIC "-//W3C//DTD HTML 4.0//EN" "http://www.w3.org/TR/REC-html40/strict.dtd"><html><head><meta name="qrichtext" content="1"><style type="text/css">p, li { white-space: pre-wrap; }</style></head><body style=" font-family:'Sans Serif'; font-size:9pt; font-weight:400; font-style:normal;"><p align="center" style=" margin-top:12px; margin-bottom:12px; margin-left:0px; margin-right:0px; -qt-block-indent:0; text-indent:0px; font-size:large;"><span style=" font-size:11pt; font-weight:600;">ないファイルは、関連付けられた whith この Include コマンドの実行</span></p><p align="center" style=" margin-top:12px; margin-bottom:12px; margin-left:0px; margin-right:0px; -qt-block-indent:0; text-indent:0px; font-size:11pt; font-weight:600;"><span style=" font-size:large;">最初に、結合の数を選択します</span></p></body></html>
Fr_raw: <!DOCTYPE HTML PUBLIC "-//W3C//DTD HTML 4.0//EN" "http://www.w3.org/TR/REC-html40/strict.dtd"><html><head><meta name="qrichtext" content="1"><style type="text/css">p, li { white-space: pre-wrap; }</style></head><body style=" font-family:'Sans Serif'; font-size:9pt; font-weight:400; font-style:normal;"><p align="center" style=" margin-top:12px; margin-bottom:12px; margin-left:0px; margin-right:0px; -qt-block-indent:0; text-indent:0px; font-size:large;"><span style=" font-size:11pt; font-weight:600;">Aucun fichier n'est associé à whith cette commande Include</span></p><p align="center" style=" margin-top:12px; margin-bottom:12px; margin-left:0px; margin-right:0px; -qt-block-indent:0; text-indent:0px; font-size:11pt; font-weight:600;"><span style=" font-size:large;">Tout d'abord, choisissez un nombre d'unite</span></p></body></html>
En_raw: <!DOCTYPE HTML PUBLIC "-//W3C//DTD HTML 4.0//EN" "http://www.w3.org/TR/REC-html40/strict.dtd"><html><head><meta name="qrichtext" content="1" /><style type="text/css">p, li { white-space: pre-wrap; }</style></head><body style=" font-family:'Sans Serif'; font-size:9pt; font-weight:400; font-style:normal;"><p align="center" style=" margin-top:12px; margin-bottom:12px; margin-left:0px; margin-right:0px; -qt-block-indent:0; text-indent:0px; font-size:large;"><span style=" font-size:11pt; font-weight:600;">No file is associated whith this Include command </span></p><p align="center" style=" margin-top:12px; margin-bottom:12px; margin-left:0px; margin-right:0px; -qt-block-indent:0; text-indent:0px; font-size:11pt; font-weight:600;"><span style=" font-size:large;">First, choose a unite number</span></p></body></html>
Ja_raw: <!DOCTYPE HTML PUBLIC "-//W3C//DTD HTML 4.0//EN" "http://www.w3.org/TR/REC-html40/strict.dtd"><html><head><meta name="qrichtext" content="1"><style type="text/css">p, li { white-space: pre-wrap; }</style></head><body style=" font-family:'Sans Serif'; font-size:9pt; font-weight:400; font-style:normal;"><p align="center" style=" margin-top:12px; margin-bottom:12px; margin-left:0px; margin-right:0px; -qt-block-indent:0; text-indent:0px; font-size:large;"><span style=" font-size:11pt; font-weight:600;">ないファイルは、関連付けられた whith この Include コマンドの実行</span></p><p align="center" style=" margin-top:12px; margin-bottom:12px; margin-left:0px; margin-right:0px; -qt-block-indent:0; text-indent:0px; font-size:11pt; font-weight:600;"><span style=" font-size:large;">最初に、結合の数を選択します</span></p></body></html>

Keyword: <!DOCTYPE HTML PUBLIC "-//W3C//DTD HTML 4.0//EN" "http://www.w3.org/TR/REC-html40/strict.dtd">\n<html><head><meta name="qrichtext" content="1" /><style type="text/css">\np, li { white-space: pre-wrap; }\n</style></head><body style=" font-family:'Sans Serif'; font-size:9pt; font-weight:400; font-style:normal;">\n<p align="center" style=" margin-top:12px; margin-bottom:12px; margin-left:0px; margin-right:0px; -qt-block-indent:0; text-indent:0px; font-size:x-large;"><span style=" font-size:x-large;">Seules les commandes placées</span></p>\n<p align="center" style=" margin-top:12px; margin-bottom:12px; margin-left:0px; margin-right:0px; -qt-block-indent:0; text-indent:0px; font-size:x-large;"><span style=" font-size:x-large;"> entre : DEBUT / FIN sont actives </span></p></body></html>
Fr: <!DOCTYPE HTML PUBLIC "-//W3C//DTD HTML 4.0//EN" "http://www.w3.org/TR/REC-html40/strict.dtd"><html><head><meta name="qrichtext" content="1"><style type="text/css">p, li { white-space: pre-wrap; }</style></head><body style=" font-family:'Sans Serif'; font-size:9pt; font-weight:400; font-style:normal;"><p align="center" style=" margin-top:12px; margin-bottom:12px; margin-left:0px; margin-right:0px; -qt-block-indent:0; text-indent:0px; font-size:x-large;"><span style=" font-size:x-large;">Activ nœuds sont</span></p><p align="center" style=" margin-top:12px; margin-bottom:12px; margin-left:0px; margin-right:0px; -qt-block-indent:0; text-indent:0px; font-size:x-large;"><span style=" font-size:x-large;">entre les commandes : DEBUT / FIN</span></p></body></html>
En: <!DOCTYPE HTML PUBLIC "-//W3C//DTD HTML 4.0//EN" "http://www.w3.org/TR/REC-html40/strict.dtd"><html><head><meta name="qrichtext" content="1" /><style type="text/css">p, li { white-space: pre-wrap; }</style></head><body style=" font-family:'Sans Serif'; font-size:9pt; font-weight:400; font-style:normal;"><p align="center" style=" margin-top:12px; margin-bottom:12px; margin-left:0px; margin-right:0px; -qt-block-indent:0; text-indent:0px; font-size:x-large;"><span style=" font-size:x-large;">activ nodes are</span></p><p align="center" style=" margin-top:12px; margin-bottom:12px; margin-left:0px; margin-right:0px; -qt-block-indent:0; text-indent:0px; font-size:x-large;"><span style=" font-size:x-large;">between commands : DEBUT / FIN </span></p></body></html>
Ja: <!DOCTYPE HTML PUBLIC "-//W3C//DTD HTML 4.0//EN" "http://www.w3.org/TR/REC-html40/strict.dtd"><html><head><meta name="qrichtext" content="1"><style type="text/css">p, li { white-space: pre-wrap; }</style></head><body style=" font-family:'Sans Serif'; font-size:9pt; font-weight:400; font-style:normal;"><p align="center" style=" margin-top:12px; margin-bottom:12px; margin-left:0px; margin-right:0px; -qt-block-indent:0; text-indent:0px; font-size:x-large;"><span style=" font-size:x-large;">activ ノードが</span></p><p align="center" style=" margin-top:12px; margin-bottom:12px; margin-left:0px; margin-right:0px; -qt-block-indent:0; text-indent:0px; font-size:x-large;"><span style=" font-size:x-large;">コマンドの間: デビュー/フィン</span></p></body></html>
Fr_raw: <!DOCTYPE HTML PUBLIC "-//W3C//DTD HTML 4.0//EN" "http://www.w3.org/TR/REC-html40/strict.dtd"><html><head><meta name="qrichtext" content="1"><style type="text/css">p, li { white-space: pre-wrap; }</style></head><body style=" font-family:'Sans Serif'; font-size:9pt; font-weight:400; font-style:normal;"><p align="center" style=" margin-top:12px; margin-bottom:12px; margin-left:0px; margin-right:0px; -qt-block-indent:0; text-indent:0px; font-size:x-large;"><span style=" font-size:x-large;">Activ nœuds sont</span></p><p align="center" style=" margin-top:12px; margin-bottom:12px; margin-left:0px; margin-right:0px; -qt-block-indent:0; text-indent:0px; font-size:x-large;"><span style=" font-size:x-large;">entre les commandes : DEBUT / FIN</span></p></body></html>
En_raw: <!DOCTYPE HTML PUBLIC "-//W3C//DTD HTML 4.0//EN" "http://www.w3.org/TR/REC-html40/strict.dtd"><html><head><meta name="qrichtext" content="1" /><style type="text/css">p, li { white-space: pre-wrap; }</style></head><body style=" font-family:'Sans Serif'; font-size:9pt; font-weight:400; font-style:normal;"><p align="center" style=" margin-top:12px; margin-bottom:12px; margin-left:0px; margin-right:0px; -qt-block-indent:0; text-indent:0px; font-size:x-large;"><span style=" font-size:x-large;">activ nodes are</span></p><p align="center" style=" margin-top:12px; margin-bottom:12px; margin-left:0px; margin-right:0px; -qt-block-indent:0; text-indent:0px; font-size:x-large;"><span style=" font-size:x-large;">between commands : DEBUT / FIN </span></p></body></html>
Ja_raw: <!DOCTYPE HTML PUBLIC "-//W3C//DTD HTML 4.0//EN" "http://www.w3.org/TR/REC-html40/strict.dtd"><html><head><meta name="qrichtext" content="1"><style type="text/css">p, li { white-space: pre-wrap; }</style></head><body style=" font-family:'Sans Serif'; font-size:9pt; font-weight:400; font-style:normal;"><p align="center" style=" margin-top:12px; margin-bottom:12px; margin-left:0px; margin-right:0px; -qt-block-indent:0; text-indent:0px; font-size:x-large;"><span style=" font-size:x-large;">activ ノードが</span></p><p align="center" style=" margin-top:12px; margin-bottom:12px; margin-left:0px; margin-right:0px; -qt-block-indent:0; text-indent:0px; font-size:x-large;"><span style=" font-size:x-large;">コマンドの間: デビュー/フィン</span></p></body></html>

Keyword: <!DOCTYPE HTML PUBLIC "-//W3C//DTD HTML 4.0//EN" "http://www.w3.org/TR/REC-html40/strict.dtd">\n<html><head><meta name="qrichtext" content="1" /><style type="text/css">\np, li { white-space: pre-wrap; }\n</style></head><body style=" font-family:'Sans Serif'; font-size:9pt; font-weight:400; font-style:normal;">\n<p style=" margin-top:0px; margin-bottom:0px; margin-left:0px; margin-right:0px; -qt-block-indent:0; text-indent:0px;"><span style=" font-size:11pt;">2 versions sont disponibles</span></p></body></html>
Fr: <!DOCTYPE HTML PUBLIC "-//W3C//DTD HTML 4.0//EN" "http://www.w3.org/TR/REC-html40/strict.dtd"><html><head><meta name="qrichtext" content="1"><style type="text/css">p, li { white-space: pre-wrap; }</style></head><body style=" font-family:'Sans Serif'; font-size:9pt; font-weight:400; font-style:normal;"><p style=" margin-top:0px; margin-bottom:0px; margin-left:0px; margin-right:0px; -qt-block-indent:0; text-indent:0px;"><span style=" font-size:11pt;">2 catalogues sont disponibles</span></p></body></html>
En: <!DOCTYPE HTML PUBLIC "-//W3C//DTD HTML 4.0//EN" "http://www.w3.org/TR/REC-html40/strict.dtd"><html><head><meta name="qrichtext" content="1" /><style type="text/css">p, li { white-space: pre-wrap; }</style></head><body style=" font-family:'Sans Serif'; font-size:9pt; font-weight:400; font-style:normal;"><p style=" margin-top:0px; margin-bottom:0px; margin-left:0px; margin-right:0px; -qt-block-indent:0; text-indent:0px;"><span style=" font-size:11pt;">2 catalogs are available </span></p></body></html>
Ja: <!DOCTYPE HTML PUBLIC "-//W3C//DTD HTML 4.0//EN" "http://www.w3.org/TR/REC-html40/strict.dtd"><html><head><meta name="qrichtext" content="1"><style type="text/css">p, li { white-space: pre-wrap; }</style></head><body style=" font-family:'Sans Serif'; font-size:9pt; font-weight:400; font-style:normal;"><p style=" margin-top:0px; margin-bottom:0px; margin-left:0px; margin-right:0px; -qt-block-indent:0; text-indent:0px;"><span style=" font-size:11pt;">2 カタログは利用できます。</span></p></body></html>
Fr_raw: <!DOCTYPE HTML PUBLIC "-//W3C//DTD HTML 4.0//EN" "http://www.w3.org/TR/REC-html40/strict.dtd"><html><head><meta name="qrichtext" content="1"><style type="text/css">p, li { white-space: pre-wrap; }</style></head><body style=" font-family:'Sans Serif'; font-size:9pt; font-weight:400; font-style:normal;"><p style=" margin-top:0px; margin-bottom:0px; margin-left:0px; margin-right:0px; -qt-block-indent:0; text-indent:0px;"><span style=" font-size:11pt;">2 catalogues sont disponibles</span></p></body></html>
En_raw: <!DOCTYPE HTML PUBLIC "-//W3C//DTD HTML 4.0//EN" "http://www.w3.org/TR/REC-html40/strict.dtd"><html><head><meta name="qrichtext" content="1" /><style type="text/css">p, li { white-space: pre-wrap; }</style></head><body style=" font-family:'Sans Serif'; font-size:9pt; font-weight:400; font-style:normal;"><p style=" margin-top:0px; margin-bottom:0px; margin-left:0px; margin-right:0px; -qt-block-indent:0; text-indent:0px;"><span style=" font-size:11pt;">2 catalogs are available </span></p></body></html>
Ja_raw: <!DOCTYPE HTML PUBLIC "-//W3C//DTD HTML 4.0//EN" "http://www.w3.org/TR/REC-html40/strict.dtd"><html><head><meta name="qrichtext" content="1"><style type="text/css">p, li { white-space: pre-wrap; }</style></head><body style=" font-family:'Sans Serif'; font-size:9pt; font-weight:400; font-style:normal;"><p style=" margin-top:0px; margin-bottom:0px; margin-left:0px; margin-right:0px; -qt-block-indent:0; text-indent:0px;"><span style=" font-size:11pt;">2 カタログは利用できます。</span></p></body></html>

Keyword: <!DOCTYPE HTML PUBLIC "-//W3C//DTD HTML 4.0//EN" "http://www.w3.org/TR/REC-html40/strict.dtd">\n<html><head><meta name="qrichtext" content="1" /><style type="text/css">\np, li { white-space: pre-wrap; }\n</style></head><body style=" font-family:'Sans Serif'; font-size:9pt; font-weight:400; font-style:normal;">\n<table style="-qt-table-type: root; margin-top:4px; margin-bottom:4px; margin-left:4px; margin-right:4px;">\n<tr>\n<td style="border: none;">\n<p style=" margin-top:0px; margin-bottom:0px; margin-left:0px; margin-right:0px; -qt-block-indent:0; text-indent:0px;"><span style=" font-size:large;">Veuillez choisir celle avec laquelle</span></p>\n<p style=" margin-top:0px; margin-bottom:0px; margin-left:0px; margin-right:0px; -qt-block-indent:0; text-indent:0px;"><span style=" font-size:large;"> vous souhaitez travailler</span></p></td></tr></table></body></html>
Fr: <!DOCTYPE HTML PUBLIC "-//W3C//DTD HTML 4.0//EN" "http://www.w3.org/TR/REC-html40/strict.dtd"><html><head><meta name="qrichtext" content="1"><style type="text/css">p, li { white-space: pre-wrap; }</style></head><body style=" font-family:'Sans Serif'; font-size:9pt; font-weight:400; font-style:normal;"><table style="-qt-table-type: root; margin-top:4px; margin-bottom:4px; margin-left:4px; margin-right:4px;"><tr><td style="border: none;"><p style=" margin-top:0px; margin-bottom:0px; margin-left:0px; margin-right:0px; -qt-block-indent:0; text-indent:0px;"><span style=" font-size:large;">Veuillez choisir celui</span></p><p style=" margin-top:0px; margin-bottom:0px; margin-left:0px; margin-right:0px; -qt-block-indent:0; text-indent:0px;"><span style=" font-size:large;">vous souhaitez utiliser</span></p></td></tr></table></body></html>
En: <!DOCTYPE HTML PUBLIC "-//W3C//DTD HTML 4.0//EN" "http://www.w3.org/TR/REC-html40/strict.dtd"><html><head><meta name="qrichtext" content="1" /><style type="text/css">p, li { white-space: pre-wrap; }</style></head><body style=" font-family:'Sans Serif'; font-size:9pt; font-weight:400; font-style:normal;"><table style="-qt-table-type: root; margin-top:4px; margin-bottom:4px; margin-left:4px; margin-right:4px;"><tr><td style="border: none;"><p style=" margin-top:0px; margin-bottom:0px; margin-left:0px; margin-right:0px; -qt-block-indent:0; text-indent:0px;"><span style=" font-size:large;">Please, choose the one </span></p><p style=" margin-top:0px; margin-bottom:0px; margin-left:0px; margin-right:0px; -qt-block-indent:0; text-indent:0px;"><span style=" font-size:large;"> you want to use</span></p></td></tr></table></body></html>
Ja: <!DOCTYPE HTML PUBLIC "-//W3C//DTD HTML 4.0//EN" "http://www.w3.org/TR/REC-html40/strict.dtd"><html><head><meta name="qrichtext" content="1"><style type="text/css">p, li { white-space: pre-wrap; }</style></head><body style=" font-family:'Sans Serif'; font-size:9pt; font-weight:400; font-style:normal;"><table style="-qt-table-type: root; margin-top:4px; margin-bottom:4px; margin-left:4px; margin-right:4px;"><tr><td style="border: none;"><p style=" margin-top:0px; margin-bottom:0px; margin-left:0px; margin-right:0px; -qt-block-indent:0; text-indent:0px;"><span style=" font-size:large;">1 つを選択してください。</span></p><p style=" margin-top:0px; margin-bottom:0px; margin-left:0px; margin-right:0px; -qt-block-indent:0; text-indent:0px;"><span style=" font-size:large;">使用します。</span></p></td></tr></table></body></html>
Fr_raw: <!DOCTYPE HTML PUBLIC "-//W3C//DTD HTML 4.0//EN" "http://www.w3.org/TR/REC-html40/strict.dtd"><html><head><meta name="qrichtext" content="1"><style type="text/css">p, li { white-space: pre-wrap; }</style></head><body style=" font-family:'Sans Serif'; font-size:9pt; font-weight:400; font-style:normal;"><table style="-qt-table-type: root; margin-top:4px; margin-bottom:4px; margin-left:4px; margin-right:4px;"><tr><td style="border: none;"><p style=" margin-top:0px; margin-bottom:0px; margin-left:0px; margin-right:0px; -qt-block-indent:0; text-indent:0px;"><span style=" font-size:large;">Veuillez choisir celui</span></p><p style=" margin-top:0px; margin-bottom:0px; margin-left:0px; margin-right:0px; -qt-block-indent:0; text-indent:0px;"><span style=" font-size:large;">vous souhaitez utiliser</span></p></td></tr></table></body></html>
En_raw: <!DOCTYPE HTML PUBLIC "-//W3C//DTD HTML 4.0//EN" "http://www.w3.org/TR/REC-html40/strict.dtd"><html><head><meta name="qrichtext" content="1" /><style type="text/css">p, li { white-space: pre-wrap; }</style></head><body style=" font-family:'Sans Serif'; font-size:9pt; font-weight:400; font-style:normal;"><table style="-qt-table-type: root; margin-top:4px; margin-bottom:4px; margin-left:4px; margin-right:4px;"><tr><td style="border: none;"><p style=" margin-top:0px; margin-bottom:0px; margin-left:0px; margin-right:0px; -qt-block-indent:0; text-indent:0px;"><span style=" font-size:large;">Please, choose the one </span></p><p style=" margin-top:0px; margin-bottom:0px; margin-left:0px; margin-right:0px; -qt-block-indent:0; text-indent:0px;"><span style=" font-size:large;"> you want to use</span></p></td></tr></table></body></html>
Ja_raw: <!DOCTYPE HTML PUBLIC "-//W3C//DTD HTML 4.0//EN" "http://www.w3.org/TR/REC-html40/strict.dtd"><html><head><meta name="qrichtext" content="1"><style type="text/css">p, li { white-space: pre-wrap; }</style></head><body style=" font-family:'Sans Serif'; font-size:9pt; font-weight:400; font-style:normal;"><table style="-qt-table-type: root; margin-top:4px; margin-bottom:4px; margin-left:4px; margin-right:4px;"><tr><td style="border: none;"><p style=" margin-top:0px; margin-bottom:0px; margin-left:0px; margin-right:0px; -qt-block-indent:0; text-indent:0px;"><span style=" font-size:large;">1 つを選択してください。</span></p><p style=" margin-top:0px; margin-bottom:0px; margin-left:0px; margin-right:0px; -qt-block-indent:0; text-indent:0px;"><span style=" font-size:large;">使用します。</span></p></td></tr></table></body></html>

Keyword: <Empty>
Fr: <Vide>
En: <Vide></Vide>
Ja: <Vide></Vide>
Fr_raw: <Vide>
En_raw: <Vide></Vide>
Ja_raw: <Vide></Vide>

Keyword: <b><u><p align="center">Valeur: </p></u></b>
Fr: <b><u><p align="center">Valeur :</p></u></b>
En: <b><u><p align="center">Value: </p></u></b>
Ja: <b><u><p align="center">値:</p></u></b>
Fr_raw: <b><u><p align="center">Valeur :</p></u></b>
En_raw: <b><u><p align="center">Value: </p></u></b>
Ja_raw: <b><u><p align="center">値:</p></u></b>

Keyword: <b><u><p align="center">Valeurs possibles</p></u></b>
Fr: <b><u><p align="center">Valeurs possibles</p></u></b>
En: <b><u><p align="center">Possible values</p></u></b>
Ja: <b><u><p align="center">使用可能な値</p></u></b>
Fr_raw: <b><u><p align="center">Valeurs possibles</p></u></b>
En_raw: <b><u><p align="center">Possible values</p></u></b>
Ja_raw: <b><u><p align="center">使用可能な値</p></u></b>

Keyword: <b><u>Commandes :</u></b>
Fr: <b><u>Commandes :</u></b>
En: <b><u>Commands :</u></b>
Ja: <b><u>コマンド:</u></b>
Fr_raw: <b><u>Commandes :</u></b>
En_raw: <b><u>Commands :</u></b>
Ja_raw: <b><u>コマンド:</u></b>

Keyword: <b> Nom: </b>
Fr: <b>Nom :</b>
En: <b> Name: </b>
Ja: <b>名前:</b>
Fr_raw: <b>Nom :</b>
En_raw: <b> Name: </b>
Ja_raw: <b>名前:</b>

Keyword: <b> Valeur: </b>
Fr: <b>Valeur :</b>
En: <b> Value: </b>
Ja: <b>値:</b>
Fr_raw: <b>Valeur :</b>
En_raw: <b> Value: </b>
Ja_raw: <b>値:</b>

Keyword: <font size="+1"><p align="center">Structures de données du type\nrequis par l'objet courant :</p></font>
Fr: <font size=" 1"><p align="center">Objet courant requis un type de données :</p></font>
En: <font size="+1"><p align="center">Current object required a data which type is :</p></font>
Ja: <font size=" 1"><p align="center">現在のオブジェクトの種類がデータに必要な。</p></font>
Fr_raw: <font size=" 1"><p align="center">Objet courant requis un type de données :</p></font>
En_raw: <font size="+1"><p align="center">Current object required a data which type is :</p></font>
Ja_raw: <font size=" 1"><p align="center">現在のオブジェクトの種類がデータに必要な。</p></font>

Keyword: <font size="+1"><u>Structures de données du type requis par l'objet courant </u></font>
Fr: <font size=" 1"><u>Objet courant requis un type de données :</u></font>
En: <font size="+1"><u>Current object required a data which type is :</u></font>
Ja: <font size=" 1"><u>現在のオブジェクトの種類がデータに必要な。</u></font>
Fr_raw: <font size=" 1"><u>Objet courant requis un type de données :</u></font>
En_raw: <font size="+1"><u>Current object required a data which type is :</u></font>
Ja_raw: <font size=" 1"><u>現在のオブジェクトの種類がデータに必要な。</u></font>

Keyword: <font size="+1">La commande INCLUDE requiert un nom de Fichier :</font>
Fr: <font size=" 1">INCLUDE commande attend un nom de fichier associé :</font>
En: <font size="+1"> INCLUDE command expects an associated file name  :</font>
Ja: <font size=" 1">INCLUDE コマンドに関連付けられているファイル名を期待しています。</font>
Fr_raw: <font size=" 1">INCLUDE commande attend un nom de fichier associé :</font>
En_raw: <font size="+1"> INCLUDE command expects an associated file name  :</font>
Ja_raw: <font size=" 1">INCLUDE コマンドに関連付けられているファイル名を期待しています。</font>

Keyword: <font size="+1">Un objet de type CO est attendu</font>
Fr: <font size=" 1">Objet CO est attendu</font>
En: <font size="+1">CO object is expected</font>
Ja: <font size=" 1">CO オブジェクトを期待します。</font>
Fr_raw: <font size=" 1">Objet CO est attendu</font>
En_raw: <font size="+1">CO object is expected</font>
Ja_raw: <font size=" 1">CO オブジェクトを期待します。</font>

Keyword: <font size="+1"> Nom concept : </font>
Fr: <font size=" 1">nom du concept :</font>
En: <font size="+1"> concept name : </font>
Ja: <font size=" 1">概念名:</font>
Fr_raw: <font size=" 1">nom du concept :</font>
En_raw: <font size="+1"> concept name : </font>
Ja_raw: <font size=" 1">概念名:</font>

Keyword: <font size="+2">Complexe de la forme : a+bj</font>
Fr: <font size=" 2">Complexe : un bj</font>
En: <font size="+2">Complex : a+bj</font>
Ja: <font size=" 2">Bj 複合体:</font>
Fr_raw: <font size=" 2">Complexe : un bj</font>
En_raw: <font size="+2">Complex : a+bj</font>
Ja_raw: <font size=" 2">Bj 複合体:</font>

Keyword: <h1><font size="+2">Nom du nouveau concept : </font></h1>
Fr: <h1><font size=" 2">Nouveau nom de concept :</font></h1>
En: <h1><font size="+2">New concept name : </font></h1>
Ja: <h1><font size=" 2">新しいコンセプトの名前:</font></h1>
Fr_raw: <h1><font size=" 2">Nouveau nom de concept :</font></h1>
En_raw: <h1><font size="+2">New concept name : </font></h1>
Ja_raw: <h1><font size=" 2">新しいコンセプトの名前:</font></h1>

Keyword: <h3><p align="center"><u><b>Mots Clefs Permis</b></u></p></h3>
Fr: <h3><p align="center"><u><b>Mots-clés disponibles</b></u></p></h3>
En: <h3><p align="center"><u><b>Available Keywords</b></u></p></h3>
Ja: <h3><p align="center"><u><b>使用可能なキーワード</b></u></p></h3>
Fr_raw: <h3><p align="center"><u><b>Mots-clés disponibles</b></u></p></h3>
En_raw: <h3><p align="center"><u><b>Available Keywords</b></u></p></h3>
Ja_raw: <h3><p align="center"><u><b>使用可能なキーワード</b></u></p></h3>

Keyword: <h3><p align="center"><u><b>Nom de la formule</b></u></p></h3>
Fr: <h3><p align="center"><u><b>Nom de la formule</b></u></p></h3>
En: <h3><p align="center"><u><b>Formula's name</b></u></p></h3>
Ja: <h3><p align="center"><u><b>数式の名前</b></u></p></h3>
Fr_raw: <h3><p align="center"><u><b>Nom de la formule</b></u></p></h3>
En_raw: <h3><p align="center"><u><b>Formula's name</b></u></p></h3>
Ja_raw: <h3><p align="center"><u><b>数式の名前</b></u></p></h3>

Keyword: <h3><p align="center"><u><b>Règles</b></u></p></h3>
Fr: <h3><p align="center"><u><b>Règles</b></u></p></h3>
En: <h3><p align="center"><u><b>Rules</b></u></p></h3>
Ja: <h3><p align="center"><u><b>ルール</b></u></p></h3>
Fr_raw: <h3><p align="center"><u><b>Règles</b></u></p></h3>
En_raw: <h3><p align="center"><u><b>Rules</b></u></p></h3>
Ja_raw: <h3><p align="center"><u><b>ルール</b></u></p></h3>

Keyword: <html><head/><body><p align="center"><span style=" font-size:16pt;">Le noeud sélectionné</span></p><p align="center"><span style=" font-size:16pt;">ne correspond pas à un objet actif</span></p></body></html>
Fr: <html><head></head><body><p align="center"><span style=" font-size:16pt;">nœud sélectionné</span></p><p align="center"><span style=" font-size:16pt;">n'est pas un nœud d'activ</span></p></body></html>
En: <html><head/><body><p align="center"><span style=" font-size:16pt;">selected node</span></p><p align="center"><span style=" font-size:16pt;">is not an activ node</span></p></body></html>
Ja: <html><head></head><body><p align="center"><span style=" font-size:16pt;">選択されているノード</span></p><p align="center"><span style=" font-size:16pt;">アクティブ ノードではないです。</span></p></body></html>
Fr_raw: <html><head></head><body><p align="center"><span style=" font-size:16pt;">nœud sélectionné</span></p><p align="center"><span style=" font-size:16pt;">n'est pas un nœud d'activ</span></p></body></html>
En_raw: <html><head/><body><p align="center"><span style=" font-size:16pt;">selected node</span></p><p align="center"><span style=" font-size:16pt;">is not an activ node</span></p></body></html>
Ja_raw: <html><head></head><body><p align="center"><span style=" font-size:16pt;">選択されているノード</span></p><p align="center"><span style=" font-size:16pt;">アクティブ ノードではないです。</span></p></body></html>

Keyword: <!DOCTYPE HTML PUBLIC "-//W3C//DTD HTML 4.0//EN" "http://www.w3.org/TR/REC-html40/strict.dtd">\n<html><head><meta name="qrichtext" content="1" /><style type="text/css">\np, li { white-space: pre-wrap; }\n</style></head><body style=" font-family:'Sans Serif'; font-size:9pt; font-weight:400; font-style:normal;">\n<table border="0" style="-qt-table-type: root; margin-top:4px; margin-bottom:4px; margin-left:4px; margin-right:4px;">\n<tr>\n<td style="border: none;">\n<p style="-qt-paragraph-type:empty; margin-top:0px; margin-bottom:0px; margin-left:0px; margin-right:0px; -qt-block-indent:0; text-indent:0px;"></p>\n<p style="-qt-paragraph-type:empty; margin-top:0px; margin-bottom:0px; margin-left:0px; margin-right:0px; -qt-block-indent:0; text-indent:0px;"></p>\n<p align="center" style=" margin-top:0px; margin-bottom:0px; margin-left:0px; margin-right:0px; -qt-block-indent:0; text-indent:0px;"><span style=" font-size:12pt; font-weight:600;">Le noeud selectionné</span></p>\n<p align="center" style=" margin-top:0px; margin-bottom:0px; margin-left:0px; margin-right:0px; -qt-block-indent:0; text-indent:0px;"><span style=" font-size:12pt; font-weight:600;">ne correspond pas</span></p>\n<p align="center" style=" margin-top:0px; margin-bottom:0px; margin-left:0px; margin-right:0px; -qt-block-indent:0; text-indent:0px;"><span style=" font-size:12pt; font-weight:600;">à un noeud actif</span></p></td></tr></table></body></html>
Fr: <html><head><meta name="qrichtext" content="1"><style type="text/css">p, li { white-space: pre-wrap; }</style></head><body style=" font-family:'Sans Serif'; font-size:9pt; font-weight:400; font-style:normal;"><table border="0" style="-qt-table-type: root; margin-top:4px; margin-bottom:4px; margin-left:4px; margin-right:4px;"><tr><td style="border: none;"><p style="-qt-paragraph-type:empty; margin-top:0px; margin-bottom:0px; margin-left:0px; margin-right:0px; -qt-block-indent:0; text-indent:0px;"><p style="-qt-paragraph-type:empty; margin-top:0px; margin-bottom:0px; margin-left:0px; margin-right:0px; -qt-block-indent:0; text-indent:0px;"><p align="center" style=" margin-top:0px; margin-bottom:0px; margin-left:0px; margin-right:0px; -qt-block-indent:0; text-indent:0px;"><span style=" font-size:12pt; font-weight:600;">nœud sélectionné</span></p><p align="center" style=" margin-top:0px; margin-bottom:0px; margin-left:0px; margin-right:0px; -qt-block-indent:0; text-indent:0px;"><span style=" font-size:12pt; font-weight:600;">n'est pas</span></p><p align="center" style=" margin-top:0px; margin-bottom:0px; margin-left:0px; margin-right:0px; -qt-block-indent:0; text-indent:0px;"><span style=" font-size:12pt; font-weight:600;">un nœud d'activ</span></p></td></tr></table></body></html>
En: <html><head><meta name="qrichtext" content="1" /><style type="text/css">p, li { white-space: pre-wrap; }</style></head><body style=" font-family:'Sans Serif'; font-size:9pt; font-weight:400; font-style:normal;"><table border="0" style="-qt-table-type: root; margin-top:4px; margin-bottom:4px; margin-left:4px; margin-right:4px;"><tr><td style="border: none;"><p style="-qt-paragraph-type:empty; margin-top:0px; margin-bottom:0px; margin-left:0px; margin-right:0px; -qt-block-indent:0; text-indent:0px;"></p><p style="-qt-paragraph-type:empty; margin-top:0px; margin-bottom:0px; margin-left:0px; margin-right:0px; -qt-block-indent:0; text-indent:0px;"></p><p align="center" style=" margin-top:0px; margin-bottom:0px; margin-left:0px; margin-right:0px; -qt-block-indent:0; text-indent:0px;"><span style=" font-size:12pt; font-weight:600;">selected node</span></p><p align="center" style=" margin-top:0px; margin-bottom:0px; margin-left:0px; margin-right:0px; -qt-block-indent:0; text-indent:0px;"><span style=" font-size:12pt; font-weight:600;">is not </span></p><p align="center" style=" margin-top:0px; margin-bottom:0px; margin-left:0px; margin-right:0px; -qt-block-indent:0; text-indent:0px;"><span style=" font-size:12pt; font-weight:600;">an activ node</span></p></td></tr></table></body></html>
Ja: <html><head><meta name="qrichtext" content="1"><style type="text/css">p, li { white-space: pre-wrap; }</style></head><body style=" font-family:'Sans Serif'; font-size:9pt; font-weight:400; font-style:normal;"><table border="0" style="-qt-table-type: root; margin-top:4px; margin-bottom:4px; margin-left:4px; margin-right:4px;"><tr><td style="border: none;"><p style="-qt-paragraph-type:empty; margin-top:0px; margin-bottom:0px; margin-left:0px; margin-right:0px; -qt-block-indent:0; text-indent:0px;"><p style="-qt-paragraph-type:empty; margin-top:0px; margin-bottom:0px; margin-left:0px; margin-right:0px; -qt-block-indent:0; text-indent:0px;"><p align="center" style=" margin-top:0px; margin-bottom:0px; margin-left:0px; margin-right:0px; -qt-block-indent:0; text-indent:0px;"><span style=" font-size:12pt; font-weight:600;">選択されているノード</span></p><p align="center" style=" margin-top:0px; margin-bottom:0px; margin-left:0px; margin-right:0px; -qt-block-indent:0; text-indent:0px;"><span style=" font-size:12pt; font-weight:600;">ありません。</span></p><p align="center" style=" margin-top:0px; margin-bottom:0px; margin-left:0px; margin-right:0px; -qt-block-indent:0; text-indent:0px;"><span style=" font-size:12pt; font-weight:600;">activ ノード</span></p></td></tr></table></body></html>
Fr_raw: <html><head><meta name="qrichtext" content="1"><style type="text/css">p, li { white-space: pre-wrap; }</style></head><body style=" font-family:'Sans Serif'; font-size:9pt; font-weight:400; font-style:normal;"><table border="0" style="-qt-table-type: root; margin-top:4px; margin-bottom:4px; margin-left:4px; margin-right:4px;"><tr><td style="border: none;"><p style="-qt-paragraph-type:empty; margin-top:0px; margin-bottom:0px; margin-left:0px; margin-right:0px; -qt-block-indent:0; text-indent:0px;"><p style="-qt-paragraph-type:empty; margin-top:0px; margin-bottom:0px; margin-left:0px; margin-right:0px; -qt-block-indent:0; text-indent:0px;"><p align="center" style=" margin-top:0px; margin-bottom:0px; margin-left:0px; margin-right:0px; -qt-block-indent:0; text-indent:0px;"><span style=" font-size:12pt; font-weight:600;">nœud sélectionné</span></p><p align="center" style=" margin-top:0px; margin-bottom:0px; margin-left:0px; margin-right:0px; -qt-block-indent:0; text-indent:0px;"><span style=" font-size:12pt; font-weight:600;">n'est pas</span></p><p align="center" style=" margin-top:0px; margin-bottom:0px; margin-left:0px; margin-right:0px; -qt-block-indent:0; text-indent:0px;"><span style=" font-size:12pt; font-weight:600;">un nœud d'activ</span></p></td></tr></table></body></html>
En_raw: <html><head><meta name="qrichtext" content="1" /><style type="text/css">p, li { white-space: pre-wrap; }</style></head><body style=" font-family:'Sans Serif'; font-size:9pt; font-weight:400; font-style:normal;"><table border="0" style="-qt-table-type: root; margin-top:4px; margin-bottom:4px; margin-left:4px; margin-right:4px;"><tr><td style="border: none;"><p style="-qt-paragraph-type:empty; margin-top:0px; margin-bottom:0px; margin-left:0px; margin-right:0px; -qt-block-indent:0; text-indent:0px;"></p><p style="-qt-paragraph-type:empty; margin-top:0px; margin-bottom:0px; margin-left:0px; margin-right:0px; -qt-block-indent:0; text-indent:0px;"></p><p align="center" style=" margin-top:0px; margin-bottom:0px; margin-left:0px; margin-right:0px; -qt-block-indent:0; text-indent:0px;"><span style=" font-size:12pt; font-weight:600;">selected node</span></p><p align="center" style=" margin-top:0px; margin-bottom:0px; margin-left:0px; margin-right:0px; -qt-block-indent:0; text-indent:0px;"><span style=" font-size:12pt; font-weight:600;">is not </span></p><p align="center" style=" margin-top:0px; margin-bottom:0px; margin-left:0px; margin-right:0px; -qt-block-indent:0; text-indent:0px;"><span style=" font-size:12pt; font-weight:600;">an activ node</span></p></td></tr></table></body></html>
Ja_raw: <html><head><meta name="qrichtext" content="1"><style type="text/css">p, li { white-space: pre-wrap; }</style></head><body style=" font-family:'Sans Serif'; font-size:9pt; font-weight:400; font-style:normal;"><table border="0" style="-qt-table-type: root; margin-top:4px; margin-bottom:4px; margin-left:4px; margin-right:4px;"><tr><td style="border: none;"><p style="-qt-paragraph-type:empty; margin-top:0px; margin-bottom:0px; margin-left:0px; margin-right:0px; -qt-block-indent:0; text-indent:0px;"><p style="-qt-paragraph-type:empty; margin-top:0px; margin-bottom:0px; margin-left:0px; margin-right:0px; -qt-block-indent:0; text-indent:0px;"><p align="center" style=" margin-top:0px; margin-bottom:0px; margin-left:0px; margin-right:0px; -qt-block-indent:0; text-indent:0px;"><span style=" font-size:12pt; font-weight:600;">選択されているノード</span></p><p align="center" style=" margin-top:0px; margin-bottom:0px; margin-left:0px; margin-right:0px; -qt-block-indent:0; text-indent:0px;"><span style=" font-size:12pt; font-weight:600;">ありません。</span></p><p align="center" style=" margin-top:0px; margin-bottom:0px; margin-left:0px; margin-right:0px; -qt-block-indent:0; text-indent:0px;"><span style=" font-size:12pt; font-weight:600;">activ ノード</span></p></td></tr></table></body></html>

Keyword: <p align="center"><b><u>Régles :</u></b></p>
Fr: <p align="center"><b><u>Règles :</u></b></p>
En: <p align="center"><b><u>Rules :</u></b></p>
Ja: <p align="center"><b><u>ルール:</u></b></p>
Fr_raw: <p align="center"><b><u>Règles :</u></b></p>
En_raw: <p align="center"><b><u>Rules :</u></b></p>
Ja_raw: <p align="center"><b><u>ルール:</u></b></p>

Keyword: <p align="center"><font size="+1">Pour ajouter une autre occurrence</font></p>
Fr: <p align="center"><font size=" 1">Afin d'ajouter une nouvelle occurrence</font></p>
En: <p align="center"><font size="+1">In order to add a new occurence</font></p>
Ja: <p align="center"><font size=" 1">新しい出現を追加するのには</font></p>
Fr_raw: <p align="center"><font size=" 1">Afin d'ajouter une nouvelle occurrence</font></p>
En_raw: <p align="center"><font size="+1">In order to add a new occurence</font></p>
Ja_raw: <p align="center"><font size=" 1">新しい出現を追加するのには</font></p>

Keyword: <p align="center"><font size="+1">cliquez ci-dessous</font> </p>
Fr: <p align="center"><font size=" 1">Appuyez sur cette touche</font> </p>
En: <p align="center"><font size="+1">push this button</font> </p>
Ja: <p align="center"><font size=" 1">このボタンを押す</font> </p>
Fr_raw: <p align="center"><font size=" 1">Appuyez sur cette touche</font> </p>
En_raw: <p align="center"><font size="+1">push this button</font> </p>
Ja_raw: <p align="center"><font size=" 1">このボタンを押す</font> </p>

Keyword: <p align="center"><font size="+1">du mot clef-facteur</font> </p>
Fr: <p align="center"><font size=" 1">le mot clé</font> </p>
En: <p align="center"><font size="+1">of the keyword</font> </p>
Ja: <p align="center"><font size=" 1">キーワードの</font> </p>
Fr_raw: <p align="center"><font size=" 1">le mot clé</font> </p>
En_raw: <p align="center"><font size="+1">of the keyword</font> </p>
Ja_raw: <p align="center"><font size=" 1">キーワードの</font> </p>

Keyword: <u><b><p align="center">Parametre</p></b></u>
Fr: <u><b><p align="center">Paramètre</p></b></u>
En: <u><b><p align="center">Parameter</p></b></u>
Ja: <u><b><p align="center">パラメーター</p></b></u>
Fr_raw: <u><b><p align="center">Paramètre</p></b></u>
En_raw: <u><b><p align="center">Parameter</p></b></u>
Ja_raw: <u><b><p align="center">パラメーター</p></b></u>

Keyword: <u><font size="+1">Valeur(s) actuelle(s)</font></u>
Fr: <u><font size=" 1">Valeur réelle (s)</font></u>
En: <u><font size="+1">Actual Value(s) </font></u>
Ja: <u><font size=" 1">実際の値</font></u>
Fr_raw: <u><font size=" 1">Valeur réelle (s)</font></u>
En_raw: <u><font size="+1">Actual Value(s) </font></u>
Ja_raw: <u><font size=" 1">実際の値</font></u>

Keyword: <u><font size="+1">Valeur(s) possibles(s)</font></u>
Fr: <u><font size=" 1">Valeurs valides</font></u>
En: <u><font size="+1">Valid Values</font></u>
Ja: <u><font size=" 1">有効な値</font></u>
Fr_raw: <u><font size=" 1">Valeurs valides</font></u>
En_raw: <u><font size="+1">Valid Values</font></u>
Ja_raw: <u><font size=" 1">有効な値</font></u>

Keyword: Active
Fr: Actif
En: Assets
Ja: 資産
Fr_raw: Actif
En_raw: Assets
Ja_raw: 資産

Keyword: Enable SALOME Style
Fr: Activer le style Salomé
En: Activate the Salomé style
Ja: サロメ スタイルを有効にします。
Fr_raw: Activer le style Salomé
En_raw: Activate the Salomé style
Ja_raw: サロメ スタイルを有効にします。

Keyword: Auto raise widgets
Fr: Activer les composants automatiquement
En: Automatically activate the components
Ja: コンポーネントが自動的に有効にします。
Fr_raw: Activer les composants automatiquement
En_raw: Automatically activate the components
Ja_raw: コンポーネントが自動的に有効にします。

Keyword: ADD_IMAGE
Fr: Add image
En: Add image
Ja: 画像を追加します。
Fr_raw: Add image
En_raw: Add image
Ja_raw: 画像を追加します。

Keyword: Assignment
Fr: Affectation
En: Assignment
Ja: 割り当て
Fr_raw: Affectation
En_raw: Assignment
Ja_raw: 割り当て

Keyword: Affichage
Fr: Affichage
En: Display
Ja: 表示
Fr_raw: Affichage
En_raw: Display
Ja_raw: 表示

Keyword: Visualiser Fichier
Fr: Afficher le fichier
En: View File
Ja: ファイルの表示
Fr_raw: Afficher le fichier
En_raw: View File
Ja_raw: ファイルの表示

Keyword: &Help
Fr: Aide
En: Help(A)
Ja: ヘルプ
Fr_raw: &Aide
En_raw: Help(&A)
Ja_raw: ヘルプ(&A)
Fr_Option_Text: (&A)
En_Option_Text: (&A)
Ja_Option_Text: (&A)

Keyword: &Aide
Fr: Aide(H)
En: Help
Ja: ヘルプ
Fr_raw: Aide(&H)
En_raw: &Help
Ja_raw: ヘルプ(&H)
Fr_Option_Text: (&H)
En_Option_Text: (&H)
Ja_Option_Text: (&H)

Keyword: ADD_SHAPE
Fr: Ajout d'une géométrie
En: Add geometry
Ja: ジオメトリの追加
Fr_raw: Ajout d'une géométrie
En_raw: Add geometry
Ja_raw: ジオメトリの追加

Keyword: HEXABLOCK_ENF_VER_VERTEX
Fr: Ajoute un sommet forcée
En: Add enforced vertex
Ja: 適用された頂点を追加します。
Fr_raw: Ajoute un sommet forcée
En_raw: Add enforced vertex
Ja_raw: 適用された頂点を追加します。

Keyword: Hexotic_ADD
Fr: Ajouter
En: Add
Ja: 追加
Fr_raw: Ajouter
En_raw: Add
Ja_raw: 追加

Keyword: Add Edge
Fr: Ajouter arête
En: Add edge
Ja: エッジを追加します。
Fr_raw: Ajouter arête
En_raw: Add edge
Ja_raw: エッジを追加します。

Keyword: Add Cylinder
Fr: Ajouter cylindre
En: Add cylinder
Ja: シリンダーを追加します。
Fr_raw: Ajouter cylindre
En_raw: Add cylinder
Ja_raw: シリンダーを追加します。

Keyword: Add Group
Fr: Ajouter groupe
En: Add Group
Ja: グループを追加します。
Fr_raw: Ajouter groupe
En_raw: Add Group
Ja_raw: グループを追加します。

Keyword: Add Hexahedron
Fr: Ajouter hexaèdre
En: Add hexahedron
Ja: 直方体を追加します。
Fr_raw: Ajouter hexaèdre
En_raw: Add hexahedron
Ja_raw: 直方体を追加します。

Keyword: Ajouter\nVersion :
Fr: Ajouter la Version :
En: Add\nVersion :
Ja: バージョンを追加します。
Fr_raw: Ajouter la Version :
En_raw: Add\nVersion :
Ja_raw: バージョンを追加します。

Keyword: ajoute la valeur saisie sous l occurence selectionnée (en fin de liste si il n y a pas de selection)
Fr: Ajouter la nouvelle valeur après la valeur sélectionnée (ou à la fin de la liste si aucune sélection)
En: add the new value after the selected value (or at the end of the list if no selection)
Ja: 選択した値よりも後 (範囲がない場合、リストの末尾) に新しい値を追加します。
Fr_raw: Ajouter la nouvelle valeur après la valeur sélectionnée (ou à la fin de la liste si aucune sélection)
En_raw: add the new value after the selected value (or at the end of the list if no selection)
Ja_raw: 選択した値よりも後 (範囲がない場合、リストの末尾) に新しい値を追加します。

Keyword: Add Law
Fr: Ajouter loi
En: Add Act
Ja: 追加する行為
Fr_raw: Ajouter loi
En_raw: Add Act
Ja_raw: 追加する行為

Keyword: Add Quadrangle
Fr: Ajouter quadrangle
En: Add quadrangle
Ja: 四角形を追加します。
Fr_raw: Ajouter quadrangle
En_raw: Add quadrangle
Ja_raw: 四角形を追加します。

Keyword: Add Vertex
Fr: Ajouter sommet
En: Add Summit
Ja: サミットを追加します。
Fr_raw: Ajouter sommet
En_raw: Add Summit
Ja_raw: サミットを追加します。

Keyword: Ajouter Selection
Fr: Ajouter sélection
En: Add Selection
Ja: 選択範囲を追加します。
Fr_raw: Ajouter sélection
En_raw: Add Selection
Ja_raw: 選択範囲を追加します。

Keyword: Add Pipe
Fr: Ajouter tuyau
En: Add pipe
Ja: 配管を追加します
Fr_raw: Ajouter tuyau
En_raw: Add pipe
Ja_raw: 配管を追加します

Keyword: Add a group
Fr: Ajouter un groupe
En: Add a group
Ja: グループを追加します。
Fr_raw: Ajouter un groupe
En_raw: Add a group
Ja_raw: グループを追加します。

Keyword: Ajouter Mot-Clef
Fr: Ajouter un mot clé
En: Add Keyword
Ja: キーワードを追加します。
Fr_raw: Ajouter un mot clé
En_raw: Add Keyword
Ja_raw: キーワードを追加します。

Keyword: GEOM_RSS_ADD_FREFIX
Fr: Ajouter un préfixe aux noms des sous-objets restaurés
En: Add prefix to names of restored sub-shapes
Ja: 復元されたサブオブジェクトの名前にプレフィックスを追加します。
Fr_raw: Ajouter un préfixe aux noms des sous-objets restaurés
En_raw: Add prefix to names of restored sub-shapes
Ja_raw: 復元されたサブオブジェクトの名前にプレフィックスを追加します。

Keyword: Add a law
Fr: Ajouter une loi
En: Add a law
Ja: 法律を追加します。
Fr_raw: Ajouter une loi
En_raw: Add a law
Ja_raw: 法律を追加します。

Keyword: Add Vector
Fr: Ajouter vecteur
En: Add vector
Ja: ベクトルを加算します。
Fr_raw: Ajouter vecteur
En_raw: Add vector
Ja_raw: ベクトルを加算します。

Keyword: &Ajouter
Fr: Ajouter(A)
En: Add
Ja: 追加
Fr_raw: Ajouter(&A)
En_raw: &Add
Ja_raw: 追加(&A)
Fr_Option_Text: (&A)
En_Option_Text: (&A)
Ja_Option_Text: (&A)

Keyword: MNU_FITSELECT
Fr: Ajuster la sélection
En: Fit Selection
Ja: 選択範囲を調整します。
Fr_raw: Ajuster la sélection
En_raw: Fit Selection
Ja_raw: 選択範囲を調整します。

Keyword: Alt+S
Fr: Alt D
En: Alt+D
Ja: Alt キー D
Fr_raw: Alt D
En_raw: Alt+D
Ja_raw: Alt キー D

Keyword: &Cancel
Fr: Annuler
En: Cancel(A)
Ja: キャンセル
Fr_raw: &Annuler
En_raw: Cancel(&A)
Ja_raw: キャンセル(&A)
Fr_Option_Text: (&A)
En_Option_Text: (&A)
Ja_Option_Text: (&A)

Keyword: &Abandonner
Fr: Annuler(C)
En: Cancel
Ja: キャンセル
Fr_raw: Annuler(&C)
En_raw: &Cancel
Ja_raw: キャンセル(&C)
Fr_Option_Text: (&C)
En_Option_Text: (&C)
Ja_Option_Text: (&C)

Keyword: &Apply
Fr: Appliquer
En: Apply(A)
Ja: 適用
Fr_raw: &Appliquer
En_raw: Apply(&A)
Ja_raw: 適用(&A)
Fr_Option_Text: (&A)
En_Option_Text: (&A)
Ja_Option_Text: (&A)

Keyword: Apply And Close
Fr: Appliquer et Fermer
En: Apply and Close
Ja: 適用して閉じる
Fr_raw: Appliquer et Fermer
En_raw: Apply and Close
Ja_raw: 適用して閉じる

Keyword: GEOM_BUT_APPLY_AND_CLOSE
Fr: Appliquer et fermer
En: Apply and Close
Ja: 適用して閉じる
Fr_raw: Appliquer et fermer
En_raw: Apply and Close
Ja_raw: 適用して閉じる

Keyword: Perform Symmetry
Fr: Appliquer symétrie
En: Apply symmetry
Ja: 対称性を適用します。
Fr_raw: Appliquer symétrie
En_raw: Apply symmetry
Ja_raw: 対称性を適用します。

Keyword: Perform symmetry
Fr: Appliquer une symétrie à un élément
En: Apply symmetry to an element
Ja: 対称性の要素に適用します。
Fr_raw: Appliquer une symétrie à un élément
En_raw: Apply symmetry to an element
Ja_raw: 対称性の要素に適用します。

Keyword: Les modifications seront prises en compte en appuyant sur  le bouton Valider.
Fr: Appuyer sur « Valider » permet à enregistre les nouvelles valeurs
En: Pressing "Validate"  allows to enregistre the new values
Ja: 「検証する」を押すとすることができます enregistre 新しい値
Fr_raw: Appuyer sur « Valider » permet à enregistre les nouvelles valeurs
En_raw: Pressing "Validate"  allows to enregistre the new values
Ja_raw: 「検証する」を押すとすることができます enregistre 新しい値

Keyword: Ce n'est qu'après avoir appuyé sur le bouton Valider que les nouvelles\nvaleurs seront effectivement prises en compte
Fr: Appuyer sur « Valider » vous permet à enregistre les nouvelles valeurs
En: Pressing "Validate"  allows you to enregistre the new values\n                                             
Ja: 「検証」を押すことができます enregistre を新しい値
Fr_raw: Appuyer sur « Valider » vous permet à enregistre les nouvelles valeurs
En_raw: Pressing "Validate"  allows you to enregistre the new values\n                                             
Ja_raw: 「検証」を押すことができます enregistre を新しい値

Keyword: Widgets rounding
Fr: Arrondi des objets-fenêtres
En: Rounding of objects-windows
Ja: オブジェクト-Windows の丸め
Fr_raw: Arrondi des objets-fenêtres
En_raw: Rounding of objects-windows
Ja_raw: オブジェクト-Windows の丸め

Keyword: EDGE
Fr: Arête
En: Edge
Ja: Edge
Fr_raw: Arête
En_raw: Edge
Ja_raw: Edge

Keyword: GEOMEDGE
Fr: Arête Geom
En: Geom Edge
Ja: エッジ Geom
Fr_raw: Arête Geom
En_raw: Geom Edge
Ja_raw: エッジ Geom

Keyword: TREE_ITEM_EDGE
Fr: Arêtes
En: Edges
Ja: エッジ
Fr_raw: Arêtes
En_raw: Edges
Ja_raw: エッジ

Keyword: Association
Fr: Association
En: 
Ja: 
Fr_raw: Association
En_raw: 
Ja_raw: 

Keyword: ASSOCIATION CLEARED
Fr: Association supprimée
En: association cleared
Ja: 関連付けの削除
Fr_raw: Association supprimée
En_raw: association cleared
Ja_raw: 関連付けの削除

Keyword: Make Edge Association
Fr: Associer arêtes
En: Associate edges
Ja: エッジを関連付ける
Fr_raw: Associer arêtes
En_raw: Associate edges
Ja_raw: エッジを関連付ける

Keyword: Make edge association
Fr: Associer des arêtes
En: Associate edges
Ja: エッジを関連付ける
Fr_raw: Associer des arêtes
En_raw: Associate edges
Ja_raw: エッジを関連付ける

Keyword: Make quad association
Fr: Associer des quadrangles
En: Associate of quadrangles
Ja: 四角形の准
Fr_raw: Associer des quadrangles
En_raw: Associate of quadrangles
Ja_raw: 四角形の准

Keyword: Make vertex association
Fr: Associer des sommets
En: Associate summits
Ja: サミットを関連付ける
Fr_raw: Associer des sommets
En_raw: Associate summits
Ja_raw: サミットを関連付ける

Keyword: Make Quad Association
Fr: Associer quadrangles
En: Associate quadrangles
Ja: 四角形を関連付ける
Fr_raw: Associer quadrangles
En_raw: Associate quadrangles
Ja_raw: 四角形を関連付ける

Keyword: Vertex Association
Fr: Associer sommets
En: Associate summits
Ja: サミットを関連付ける
Fr_raw: Associer sommets
En_raw: Associate summits
Ja_raw: サミットを関連付ける

Keyword: WRN_WARNING
Fr: Attention
En: Warning
Ja: 注意
Fr_raw: Attention
En_raw: Warning
Ja_raw: 注意

Keyword: Attention, valeurs modifiees
Fr: Attention, les valeurs ont été modifiées
En: Warning, Values were modified
Ja: 警告は、値が変更されました。
Fr_raw: Attention, les valeurs ont été modifiées
En_raw: Warning, Values were modified
Ja_raw: 警告は、値が変更されました。

Keyword: Attribute
Fr: Attribut
En: Attribute
Ja: 属性
Fr_raw: Attribut
En_raw: Attribute
Ja_raw: 属性

Keyword: Unknown attribute
Fr: Attribut inconnu
En: Unknown attribute
Ja: 不明な属性
Fr_raw: Attribut inconnu
En_raw: Unknown attribute
Ja_raw: 不明な属性

Keyword: None
Fr: Aucun
En: None
Ja: [なし]
Fr_raw: Aucun
En_raw: None
Ja_raw: [なし]

Keyword: None n'est pas une valeur autorisee
Fr: Aucun n'est pas une valeur valide
En: None is not a valid value
Ja: None は、有効な値ではありません。
Fr_raw: Aucun n'est pas une valeur valide
En_raw: None is not a valid value
Ja_raw: None は、有効な値ではありません。

Keyword: Le parametre EVAL ne peut valoir None
Fr: Aucun n'est pas une valeur valide pour EVAL
En: None is not a valid value for EVAL
Ja: None が EVAL の値が有効でないです。
Fr_raw: Aucun n'est pas une valeur valide pour EVAL
En_raw: None is not a valid value for EVAL
Ja_raw: None が EVAL の値が有効でないです。

Keyword: Le parametre EVAL %s ne peut valoir None
Fr: Aucun n'est pas une valeur valide pour le paramètre Eval %s
En: None is not a valid value for Eval parameter %s 
Ja: どれも Eval パラメーター %s の有効な値ではありません。
Fr_raw: Aucun n'est pas une valeur valide pour le paramètre Eval %s
En_raw: None is not a valid value for Eval parameter %s 
Ja_raw: どれも Eval パラメーター %s の有効な値ではありません。

Keyword: Le paramètre %s ne peut valoir None
Fr: Aucun n'est une valeur incorrecte pour le paramètre %s
En: None is an incorrect value for parameter %s
Ja: パラメーター %s に不適切な値がないです。
Fr_raw: Aucun n'est une valeur incorrecte pour le paramètre %s
En_raw: None is an incorrect value for parameter %s
Ja_raw: パラメーター %s に不適切な値がないです。

Keyword: Sans nom %s
Fr: Aucun nom de %s
En: No name %s
Ja: 名前のない %s
Fr_raw: Aucun nom de %s
En_raw: No name %s
Ja_raw: 名前のない %s

Keyword: Pas de nom donne au parametre EVAL
Fr: Aucun nom de paramètre EVAL
En: No name for parameter EVAL
Ja: EVAL のパラメーター名がありません。
Fr_raw: Aucun nom de paramètre EVAL
En_raw: No name for parameter EVAL
Ja_raw: EVAL のパラメーター名がありません。

Keyword: Pas de nom donné au paramètre 
Fr: Aucun nom donné
En: No name given
Ja: 与えられた名前のないです。
Fr_raw: Aucun nom donné
En_raw: No name given
Ja_raw: 与えられた名前のないです。

Keyword: Aucun Objet de ce type n'est defini
Fr: Aucun objet de ce type n'est défini
En: No Object of this type is defined
Ja: この型のオブジェクトが定義されていません
Fr_raw: Aucun objet de ce type n'est défini
En_raw: No Object of this type is defined
Ja_raw: この型のオブジェクトが定義されていません

Keyword: Aucun Objet n a ete copie ou coupe
Fr: Aucun objet n'a été coupé ou copié
En: No object was cut or copied
Ja: ないオブジェクトが切り取りまたはコピー
Fr_raw: Aucun objet n'a été coupé ou copié
En_raw: No object was cut or copied
Ja_raw: ないオブジェクトが切り取りまたはコピー

Keyword: Auto
Fr: Auto
En: 
Ja: 
Fr_raw: Auto
En_raw: 
Ja_raw: 

Keyword: Hexotic_INVALID_ELEMENTS
Fr: Autoriser des éléments invalides
En: Authorize invalid elements
Ja: 無効な要素を許可します。
Fr_raw: Autoriser des éléments invalides
En_raw: Authorize invalid elements
Ja_raw: 無効な要素を許可します。

Keyword: Enable sorting
Fr: Autoriser le tri
En: Allow sorting
Ja: ソートを許可します。
Fr_raw: Autoriser le tri
En_raw: Allow sorting
Ja_raw: ソートを許可します。

Keyword: Autre Fichier
Fr: Autre fichier
En: Other file
Ja: その他のファイル
Fr_raw: Autre fichier
En_raw: Other file
Ja_raw: その他のファイル

Keyword: Other text in a tag
Fr: Autre texte dans les balises
En: Another text in tags
Ja: タグの別のテキスト
Fr_raw: Autre texte dans les balises
En_raw: Another text in tags
Ja_raw: タグの別のテキスト

Keyword: Other colors...
Fr: Autres couleurs...
En: Other colors...
Ja: その他の色.
Fr_raw: Autres couleurs...
En_raw: Other colors...
Ja_raw: その他の色.

Keyword: HEXABLOCK_ADV_ARGS
Fr: Avancé
En: Advanced
Ja: 高度な
Fr_raw: Avancé
En_raw: Advanced
Ja_raw: 高度な

Keyword: Warning
Fr: Avertissement
En: Warning
Ja: 警告
Fr_raw: Avertissement
En_raw: Warning
Ja_raw: 警告

Keyword: Tag
Fr: Balise
En: Tag
Ja: タグ
Fr_raw: Balise
En_raw: Tag
Ja_raw: タグ

Keyword: Script tag
Fr: Balise de script
En: Script tag
Ja: スクリプト タグ
Fr_raw: Balise de script
En_raw: Script tag
Ja_raw: スクリプト タグ

Keyword: End of a tag
Fr: Balise fermante
En: Closing tag
Ja: 終了タグ
Fr_raw: Balise fermante
En_raw: Closing tag
Ja_raw: 終了タグ

Keyword: Unknown tag
Fr: Balise inconnue
En: Unknown tag
Ja: 不明なタグ
Fr_raw: Balise inconnue
En_raw: Unknown tag
Ja_raw: 不明なタグ

Keyword: Progress bar
Fr: Barre d'avancement
En: Progress bar
Ja: 進行状況バー
Fr_raw: Barre d'avancement
En_raw: Progress bar
Ja_raw: 進行状況バー

Keyword: HexaBlock Toolbar
Fr: Barre d'outils de HexaBlock
En: HexaBlock toolbar
Ja: HexaBlock ツールバー
Fr_raw: Barre d'outils de HexaBlock
En_raw: HexaBlock toolbar
Ja_raw: HexaBlock ツールバー

Keyword: Slider
Fr: Barre de défilement
En: Scroll bar
Ja: スクロール バー
Fr_raw: Barre de défilement
En_raw: Scroll bar
Ja_raw: スクロール バー

Keyword: Menu bar
Fr: Barre de menu
En: Menu bar
Ja: メニュー バー
Fr_raw: Barre de menu
En_raw: Menu bar
Ja_raw: メニュー バー

Keyword: Status bar
Fr: Barre de statut
En: Status bar
Ja: ステータス バー
Fr_raw: Barre de statut
En_raw: Status bar
Ja_raw: ステータス バー

Keyword: Sliders
Fr: Barres de défilement
En: Scroll bars
Ja: スクロール バー
Fr_raw: Barres de défilement
En_raw: Scroll bars
Ja_raw: スクロール バー

Keyword: Toggle insert/overtype
Fr: Basculement Insertion /Ecrasement
En: Failover Insertion /Ecrasement
Ja: フェールオーバー挿入/Ecrasement
Fr_raw: Basculement Insertion /Ecrasement
En_raw: Failover Insertion /Ecrasement
Ja_raw: フェールオーバー挿入/Ecrasement

Keyword: Base
Fr: Base
En: 
Ja: 
Fr_raw: Base
En_raw: 
Ja_raw: 

Keyword: Alternate base
Fr: Base alternative
En: Base alternative
Ja: 代替の基本
Fr_raw: Base alternative
En_raw: Base alternative
Ja_raw: 代替の基本

Keyword: Tooltip base
Fr: Base d'infobulle
En: Base ToolTip
Ja: 基本のヒント
Fr_raw: Base d'infobulle
En_raw: Base ToolTip
Ja_raw: 基本のヒント

Keyword: SGML block default
Fr: Block SGML par défaut
En: Block default SGML
Ja: 既定の SGML をブロックします。
Fr_raw: Block SGML par défaut
En_raw: Block default SGML
Ja_raw: 既定の SGML をブロックします。

Keyword: Comment block
Fr: Block de commentaires
En: Block of comments
Ja: コメントのブロック
Fr_raw: Block de commentaires
En_raw: Block of comments
Ja_raw: コメントのブロック

Keyword: Button
Fr: Bouton
En: Button
Ja: ボタン
Fr_raw: Bouton
En_raw: Button
Ja_raw: ボタン

Keyword: Buttons
Fr: Boutons
En: Buttons
Ja: ボタン
Fr_raw: Boutons
En_raw: Buttons
Ja_raw: ボタン

Keyword: BRING_FORWARD
Fr: Bring forward
En: Bring forward
Ja: 前面へ移動
Fr_raw: Bring forward
En_raw: Bring forward
Ja_raw: 前面へ移動

Keyword: BRING_TO_FRONT
Fr: Bring to front
En: Bring to front
Ja: 最前面へ移動
Fr_raw: Bring to front
En_raw: Bring to front
Ja_raw: 最前面へ移動

Keyword: CDATA
Fr: CDATA
En: 
Ja: 
Fr_raw: CDATA
En_raw: 
Ja_raw: 

Keyword: ABOUT_COPYRIGHT
Fr: COPYRIGHT (C) 2007 EDF RD(D)
En: COPYRIGHT (C) 2007 EDF RD
Ja: 著作権 (C) 2007年-2012 ECA/CASCADE\n\nCopyright (C) 2003年-2007年オープン カスケード、イーズ/JRC、LIP6、\nCEA/DEN を開くデン、EDF RD、シトロン、EDF R
Fr_raw: COPYRIGHT (C) 2007 EDF RD(&D)
En_raw: COPYRIGHT (C) 2007 EDF R&D
Ja_raw: 著作権 (C) 2007年-2012 ECA/CASCADE\n\nCopyright (C) 2003年-2007年オープン カスケード、イーズ/JRC、LIP6、\nCEA/DEN を開くデン、EDF RD、シトロン、EDF R(&D)
Fr_Option_Text: (&D)
En_Option_Text: (&D)
Ja_Option_Text: (&D)

Keyword: Hide command character
Fr: Cacher le caratère de commande
En: Hide the command character
Ja: コマンド文字を非表示します。
Fr_raw: Cacher le caratère de commande
En_raw: Hide the command character
Ja_raw: コマンド文字を非表示します。

Keyword: Frames
Fr: Cadres
En: Frames
Ja: フレーム
Fr_raw: Cadres
En_raw: Frames
Ja_raw: フレーム

Keyword: Compute mesh
Fr: Calculer
En: Calculate
Ja: 計算します。
Fr_raw: Calculer
En_raw: Calculate
Ja_raw: 計算します。

Keyword: Character
Fr: Caractère
En: Character
Ja: 文字
Fr_raw: Caractère
En_raw: Character
Ja_raw: 文字

Keyword: Font
Fr: Caractères
En: Characters
Ja: 文字
Fr_raw: Caractères
En_raw: Characters
Ja_raw: 文字

Keyword: Cascade
Fr: Cascade
En: 
Ja: 
Fr_raw: Cascade
En_raw: 
Ja_raw: 

Keyword: Import du catalogue
Fr: Catalogue de chargement
En: Loading catalog
Ja: 読み込みカタログ
Fr_raw: Catalogue de chargement
En_raw: Loading catalog
Ja_raw: 読み込みカタログ

Keyword: Hexotic_SD_MODE_2
Fr: Cavités ignorées
En: Cavities ignored
Ja: 虫歯は無視
Fr_raw: Cavités ignorées
En_raw: Cavities ignored
Ja_raw: 虫歯は無視

Keyword: Hexotic_SD_MODE_3
Fr: Cavités maillées
En: Cavities meshed
Ja: 空洞メッシュ
Fr_raw: Cavités maillées
En_raw: Cavities meshed
Ja_raw: 空洞メッシュ

Keyword: Center
Fr: Centre
En: Centre
Ja: センター
Fr_raw: Centre
En_raw: Centre
Ja_raw: センター

Keyword: Double-quoted string
Fr: Chaine de caractères (guillemets doubles)
En: String (double quote)
Ja: 文字列 (二重引用符)
Fr_raw: Chaine de caractères (guillemets doubles)
En_raw: String (double quote)
Ja_raw: 文字列 (二重引用符)

Keyword: Single-quoted string
Fr: Chaine de caractères (guillemets simples)
En: String (single quotes)
Ja: 文字列 (単一引用符)
Fr_raw: Chaine de caractères (guillemets simples)
En_raw: String (single quotes)
Ja_raw: 文字列 (単一引用符)

Keyword: HTML double-quoted string
Fr: Chaine de caractères HTML (guillemets doubles)
En: HTML (double quote) character string
Ja: HTML (二重引用符) 文字の文字列
Fr_raw: Chaine de caractères HTML (guillemets doubles)
En_raw: HTML (double quote) character string
Ja_raw: HTML (二重引用符) 文字の文字列

Keyword: HTML single-quoted string
Fr: Chaine de caractères HTML (guillemets simples)
En: String HTML (single quotes)
Ja: 文字列 (単一引用符) HTML
Fr_raw: Chaine de caractères HTML (guillemets simples)
En_raw: String HTML (single quotes)
Ja_raw: 文字列 (単一引用符) HTML

Keyword: JavaScript double-quoted string
Fr: Chaine de caractères JavaScript (guillemets doubles)
En: String JavaScript (double quote)
Ja: JavaScript 文字列 (二重引用符)
Fr_raw: Chaine de caractères JavaScript (guillemets doubles)
En_raw: String JavaScript (double quote)
Ja_raw: JavaScript 文字列 (二重引用符)

Keyword: JavaScript single-quoted string
Fr: Chaine de caractères JavaScript (guillemets simples)
En: String JavaScript (single quotes)
Ja: JavaScript 文字列 (単一引用符)
Fr_raw: Chaine de caractères JavaScript (guillemets simples)
En_raw: String JavaScript (single quotes)
Ja_raw: JavaScript 文字列 (単一引用符)

Keyword: ASP JavaScript double-quoted string
Fr: Chaine de caractères JavaScript ASP (guillemets doubles)
En: String JavaScript ASP (double quote)
Ja: 文字列 JavaScript ASP (二重引用符)
Fr_raw: Chaine de caractères JavaScript ASP (guillemets doubles)
En_raw: String JavaScript ASP (double quote)
Ja_raw: 文字列 JavaScript ASP (二重引用符)

Keyword: ASP JavaScript single-quoted string
Fr: Chaine de caractères JavaScript ASP (guillemets simples)
En: String JavaScript ASP (single quotes)
Ja: Java スクリプトの設定 ASP (一重引用符) を文字列します。
Fr_raw: Chaine de caractères JavaScript ASP (guillemets simples)
En_raw: String JavaScript ASP (single quotes)
Ja_raw: Java スクリプトの設定 ASP (一重引用符) を文字列します。

Keyword: ASP JavaScript unclosed string
Fr: Chaine de caractères JavaScript ASP non refermée
En: String JavaScript ASP not closed
Ja: 閉じていない文字列 JavaScript ASP
Fr_raw: Chaine de caractères JavaScript ASP non refermée
En_raw: String JavaScript ASP not closed
Ja_raw: 閉じていない文字列 JavaScript ASP

Keyword: JavaScript unclosed string
Fr: Chaine de caractères JavaScript non refermée
En: String not closed JavaScript
Ja: Java スクリプトの設定を終了していない文字列
Fr_raw: Chaine de caractères JavaScript non refermée
En_raw: String not closed JavaScript
Ja_raw: Java スクリプトの設定を終了していない文字列

Keyword: PHP double-quoted string
Fr: Chaine de caractères PHP (guillemets doubles)
En: PHP (double quotation marks) string
Ja: (二重引用符) PHP の文字列
Fr_raw: Chaine de caractères PHP (guillemets doubles)
En_raw: PHP (double quotation marks) string
Ja_raw: (二重引用符) PHP の文字列

Keyword: PHP single-quoted string
Fr: Chaine de caractères PHP (guillemets simples)
En: PHP (single quotation marks) string
Ja: PHP (単一引用符) の文字列
Fr_raw: Chaine de caractères PHP (guillemets simples)
En_raw: PHP (single quotation marks) string
Ja_raw: PHP (単一引用符) の文字列

Keyword: Python double-quoted string
Fr: Chaine de caractères Python (guillemets doubles)
En: Python (double quote) character string
Ja: Python (二重引用符) 文字の文字列
Fr_raw: Chaine de caractères Python (guillemets doubles)
En_raw: Python (double quote) character string
Ja_raw: Python (二重引用符) 文字の文字列

Keyword: Python single-quoted string
Fr: Chaine de caractères Python (guillemets simples)
En: String Python (single quotes)
Ja: Python 文字列 (単一引用符)
Fr_raw: Chaine de caractères Python (guillemets simples)
En_raw: String Python (single quotes)
Ja_raw: Python 文字列 (単一引用符)

Keyword: Python triple double-quoted string
Fr: Chaine de caractères Python (triples guillemets doubles)
En: Python (triple quotation marks) string
Ja: Python (三重引用符文字列
Fr_raw: Chaine de caractères Python (triples guillemets doubles)
En_raw: Python (triple quotation marks) string
Ja_raw: Python (三重引用符文字列

Keyword: Python triple single-quoted string
Fr: Chaine de caractères Python (triples guillemets simples)
En: String Python (triple single quotes)
Ja: 文字列 (単一引用符トリプル) Python
Fr_raw: Chaine de caractères Python (triples guillemets simples)
En_raw: String Python (triple single quotes)
Ja_raw: 文字列 (単一引用符トリプル) Python

Keyword: ASP Python double-quoted string
Fr: Chaine de caractères Python ASP (guillemets doubles)
En: Python ASP (double quote) character string
Ja: Python ASP (二重引用符) 文字の文字列
Fr_raw: Chaine de caractères Python ASP (guillemets doubles)
En_raw: Python ASP (double quote) character string
Ja_raw: Python ASP (二重引用符) 文字の文字列

Keyword: ASP Python single-quoted string
Fr: Chaine de caractères Python ASP (guillemets simples)
En: String Python ASP (single quotes)
Ja: 文字列の Python ASP (一重引用符)
Fr_raw: Chaine de caractères Python ASP (guillemets simples)
En_raw: String Python ASP (single quotes)
Ja_raw: 文字列の Python ASP (一重引用符)

Keyword: ASP Python triple double-quoted string
Fr: Chaine de caractères Python ASP (triples guillemets doubles)
En: String Python ASP (triple double quotes)
Ja: 文字列の Python ASP （トリプル ダブル引用符）
Fr_raw: Chaine de caractères Python ASP (triples guillemets doubles)
En_raw: String Python ASP (triple double quotes)
Ja_raw: 文字列の Python ASP （トリプル ダブル引用符）

Keyword: ASP Python triple single-quoted string
Fr: Chaine de caractères Python ASP (triples guillemets simples)
En: String Python ASP (triple single quotes)
Ja: 文字列の Python ASP (トリプル一重引用符)
Fr_raw: Chaine de caractères Python ASP (triples guillemets simples)
En_raw: String Python ASP (triple single quotes)
Ja_raw: 文字列の Python ASP (トリプル一重引用符)

Keyword: SGML double-quoted string
Fr: Chaine de caractères SGML (guillemets doubles)
En: SGML (double quote) character string
Ja: SGML (二重引用符) 文字の文字列
Fr_raw: Chaine de caractères SGML (guillemets doubles)
En_raw: SGML (double quote) character string
Ja_raw: SGML (二重引用符) 文字の文字列

Keyword: SGML single-quoted string
Fr: Chaine de caractères SGML (guillemets simples)
En: String SGML (single quotes)
Ja: 文字列 (単一引用符) SGML
Fr_raw: Chaine de caractères SGML (guillemets simples)
En_raw: String SGML (single quotes)
Ja_raw: 文字列 (単一引用符) SGML

Keyword: VBScript string
Fr: Chaine de caractères VBScript
En: VBScript String
Ja: VBScript 文字列
Fr_raw: Chaine de caractères VBScript
En_raw: VBScript String
Ja_raw: VBScript 文字列

Keyword: ASP VBScript string
Fr: Chaine de caractères VBScript ASP
En: VBScript ASP string
Ja: VBScript ASP 文字列
Fr_raw: Chaine de caractères VBScript ASP
En_raw: VBScript ASP string
Ja_raw: VBScript ASP 文字列

Keyword: ASP VBScript unclosed string
Fr: Chaine de caractères VBScript ASP non refermée
En: String not closed ASP VBScript
Ja: 文字列は ASP VBScript を閉じられていません。
Fr_raw: Chaine de caractères VBScript ASP non refermée
En_raw: String not closed ASP VBScript
Ja_raw: 文字列は ASP VBScript を閉じられていません。

Keyword: VBScript unclosed string
Fr: Chaine de caractères VBScript non refermée
En: String not closed VBScript
Ja: 文字列は、VBScript を閉じていません。
Fr_raw: Chaine de caractères VBScript non refermée
En_raw: String not closed VBScript
Ja_raw: 文字列は、VBScript を閉じていません。

Keyword: Unclosed string
Fr: Chaine de caractères non refermée
En: String not closed
Ja: 閉じられていない文字列
Fr_raw: Chaine de caractères non refermée
En_raw: String not closed
Ja_raw: 閉じられていない文字列

Keyword: Quoted string (q)
Fr: Chaine quotée (q)
En: String quoted (q)
Ja: (Q) 引用符で囲まれた文字列
Fr_raw: Chaine quotée (q)
En_raw: String quoted (q)
Ja_raw: (Q) 引用符で囲まれた文字列

Keyword: Quoted string (qq)
Fr: Chaine quotée (qq)
En: String quoted (qq)
Ja: 文字列の引用符で囲まれた (qq)
Fr_raw: Chaine quotée (qq)
En_raw: String quoted (qq)
Ja_raw: 文字列の引用符で囲まれた (qq)

Keyword: Quoted string (qr)
Fr: Chaine quotée (qr)
En: String quoted (qr)
Ja: 文字列の引用符で囲まれた (qr)
Fr_raw: Chaine quotée (qr)
En_raw: String quoted (qr)
Ja_raw: 文字列の引用符で囲まれた (qr)

Keyword: Quoted string (qw)
Fr: Chaine quotée (qw)
En: Chaine quotée (qw)
Ja: 始めたり quotée （井戸）
Fr_raw: Chaine quotée (qw)
En_raw: Chaine quotée (qw)
Ja_raw: 始めたり quotée （井戸）

Keyword: Quoted string (qx)
Fr: Chaine quotée (qx)
En: Chaine quotée (qx)
Ja: 始めたり quotée (qx)
Fr_raw: Chaine quotée (qx)
En_raw: Chaine quotée (qx)
Ja_raw: 始めたり quotée (qx)

Keyword: Verbatim string
Fr: Chaine verbatim
En: Verbatim string
Ja: 逐語的文字列
Fr_raw: Chaine verbatim
En_raw: Verbatim string
Ja_raw: 逐語的文字列

Keyword: Field light
Fr: Champ clair
En: Clear field
Ja: クリア フィールド
Fr_raw: Champ clair
En_raw: Clear field
Ja_raw: クリア フィールド

Keyword: Field dark
Fr: Champ foncé
En: Dark field
Ja: 暗視野
Fr_raw: Champ foncé
En_raw: Dark field
Ja_raw: 暗視野

Keyword: Edit boxes
Fr: Champs d'édition
En: Edit fields
Ja: 版のフィールド
Fr_raw: Champs d'édition
En_raw: Edit fields
Ja_raw: 版のフィールド

Keyword: CHANGE_BGCOLOR
Fr: Changer l'arrière-plan...
En: Change background...
Ja: 背景を変更する.
Fr_raw: Changer l'arrière-plan...
En_raw: Change background...
Ja_raw: 背景を変更する.

Keyword: Formfeed
Fr: Chargement de la page
En: Loading the page
Ja: ページの読み込み
Fr_raw: Chargement de la page
En_raw: Loading the page
Ja_raw: ページの読み込み

Keyword: String
Fr: Chaîne de caractères
En: Character string
Ja: 文字の文字列
Fr_raw: Chaîne de caractères
En_raw: Character string
Ja_raw: 文字の文字列

Keyword: Literal string
Fr: Chaîne littérale
En: Literal string
Ja: リテラル文字列
Fr_raw: Chaîne littérale
En_raw: Literal string
Ja_raw: リテラル文字列

Keyword: Rechercher
Fr: Chercher
En: Find
Ja: 検索
Fr_raw: Chercher
En_raw: Find
Ja_raw: 検索

Keyword: Hexotic_SELECT_DIR
Fr: Choisir ...
En: Select ...
Ja: 選択します.
Fr_raw: Choisir ...
En_raw: Select ...
Ja_raw: 選択します.

Keyword: Select Picture
Fr: Choisir l'image
En: Choose the image
Ja: 画像を選択します。
Fr_raw: Choisir l'image
En_raw: Choose the image
Ja_raw: 画像を選択します。

Keyword: Donnez le nom du fichier correspondant a l unite logique 
Fr: Choisissez le fichier correspondant à l'unité
En: Choose file corresponding to unit 
Ja: ユニットに対応するファイルを選択します
Fr_raw: Choisissez le fichier correspondant à l'unité
En_raw: Choose file corresponding to unit 
Ja_raw: ユニットに対応するファイルを選択します

Keyword: Donnez le nom du fichier dont vous\n voulez faire une poursuite
Fr: Choisissez le fichier primaire pour la POURSUITE
En: choose primary file for the POURSUITE file
Ja: POURSUITE ファイルのプライマリ ファイルを選択します。
Fr_raw: Choisissez le fichier primaire pour la POURSUITE
En_raw: choose primary file for the POURSUITE file
Ja_raw: POURSUITE ファイルのプライマリ ファイルを選択します。

Keyword: saisir le type de complexe
Fr: Choisissez le type de complexe
En: choose complex's type
Ja: 複合体の種類を選択します
Fr_raw: Choisissez le type de complexe
En_raw: choose complex's type
Ja_raw: 複合体の種類を選択します

Keyword: Veuillez d abord choisir un code
Fr: Choisissez un code
En: Choose a code
Ja: コードを選択します。
Fr_raw: Choisissez un code
En_raw: Choose a code
Ja_raw: コードを選択します。

Keyword: Choix d une version 
Fr: Choisissez une version
En: choose a version
Ja: バージョンを選択します。
Fr_raw: Choisissez une version
En_raw: choose a version
Ja_raw: バージョンを選択します。

Keyword: Choix d'une version du code Aster
Fr: Choisissez une version Code Aster
En: Choose a version for code Aster
Ja: アスターのコードのバージョンを選択します。
Fr_raw: Choisissez une version Code Aster
En_raw: Choose a version for code Aster
Ja_raw: アスターのコードのバージョンを選択します。

Keyword: Choix d une version du code 
Fr: Choisissez une version pour
En: Choose a version for 
Ja: バージョンを選択します。
Fr_raw: Choisissez une version pour
En_raw: Choose a version for 
Ja_raw: バージョンを選択します。

Keyword: Choix unite %d 
Fr: Choix d'unité %d
En: Choice for unit %d
Ja: ユニット %d のための選択
Fr_raw: Choix d'unité %d
En_raw: Choice for unit %d
Ja_raw: ユニット %d のための選択

Keyword: Choix du code
Fr: Choix du code
En: Code's Choice
Ja: コードの選択
Fr_raw: Choix du code
En_raw: Code's Choice
Ja_raw: コードの選択

Keyword: Choix d'un fichier XML
Fr: Choix du fichier XML
En: Choice of XML file
Ja: XML ファイルの選択
Fr_raw: Choix du fichier XML
En_raw: Choice of XML file
Ja_raw: XML ファイルの選択

Keyword: Choix d'un fichier de poursuite
Fr: Choose poursuite file
En: Choose poursuite file
Ja: 連結ファイルを選択します
Fr_raw: Choose poursuite file
En_raw: Choose poursuite file
Ja_raw: 連結ファイルを選択します

Keyword: Target
Fr: Cible
En: Target
Ja: ターゲット
Fr_raw: Cible
En_raw: Target
Ja_raw: ターゲット

Keyword: Light
Fr: Clair
En: Clair
Ja: セントクレア
Fr_raw: Clair
En_raw: Clair
Ja_raw: セントクレア

Keyword: Class selector
Fr: Classe
En: Class
Ja: クラス
Fr_raw: Classe
En_raw: Class
Ja_raw: クラス

Keyword: Global classes and typedefs
Fr: Classes globales et définitions de types
En: Global classes and type definitions
Ja: グローバル クラスと型定義
Fr_raw: Classes globales et définitions de types
En_raw: Global classes and type definitions
Ja_raw: グローバル クラスと型定義

Keyword: Checked
Fr: Coché
En: Checked
Ja: チェックしています。
Fr_raw: Coché
En_raw: Checked
Ja_raw: チェックしています。

Keyword: Paste
Fr: Coller
En: Paste
Ja: 貼り付け
Fr_raw: Coller
En_raw: Paste
Ja_raw: 貼り付け

Keyword: Commande                   
Fr: Commande
En: Command
Ja: コマンド
Fr_raw: Commande
En_raw: Command
Ja_raw: コマンド

Keyword: La commande Include n a pas encore de fichier associe
Fr: Commande INCLUDE n'a aucun fichier associé
En: INCLUDE commande has no associated file
Ja: 含める commande に関連付けられているファイルがないです。
Fr_raw: Commande INCLUDE n'a aucun fichier associé
En_raw: INCLUDE commande has no associated file
Ja_raw: 含める commande に関連付けられているファイルがないです。

Keyword: <font size="+1">La commande POURSUITE requiert un nom de Fichier :</font>
Fr: Commande POURSUITE attend un nom de fichier :
En: POURSUITE command expects a file name : 
Ja: POURSUITE コマンドは、ファイル名を受け取ります。
Fr_raw: Commande POURSUITE attend un nom de fichier :
En_raw: POURSUITE command expects a file name : 
Ja_raw: POURSUITE コマンドは、ファイル名を受け取ります。

Keyword: SGML command
Fr: Commande SGML
En: Commande SGML
Ja: Commande SGML
Fr_raw: Commande SGML
En_raw: Commande SGML
Ja_raw: Commande SGML

Keyword: External command
Fr: Commande externe
En: External command
Ja: 外部コマンド
Fr_raw: Commande externe
En_raw: External command
Ja_raw: 外部コマンド

Keyword: Comment
Fr: Commentaire
En: Comment
Ja: コメント
Fr_raw: Commentaire
En_raw: Comment
Ja_raw: コメント

Keyword: C comment
Fr: Commentaire C
En: Comment C
Ja: C のコメント
Fr_raw: Commentaire C
En_raw: Comment C
Ja_raw: C のコメント

Keyword: JavaDoc style C comment
Fr: Commentaire C de style JavaDoc
En: JavaDoc comment style C
Ja: JavaDoc コメント スタイル C
Fr_raw: Commentaire C de style JavaDoc
En_raw: JavaDoc comment style C
Ja_raw: JavaDoc コメント スタイル C

Keyword: C++ comment
Fr: Commentaire C++
En: Comment C
Ja: C のコメント
Fr_raw: Commentaire C++
En_raw: Comment C
Ja_raw: C のコメント

Keyword: JavaDoc style C++ comment
Fr: Commentaire C++ de style JavaDoc
En: JavaDoc comment style C
Ja: JavaDoc コメント スタイル C
Fr_raw: Commentaire C++ de style JavaDoc
En_raw: JavaDoc comment style C
Ja_raw: JavaDoc コメント スタイル C

Keyword: HTML comment
Fr: Commentaire HTML
En: HTML comment
Ja: HTML のコメント
Fr_raw: Commentaire HTML
En_raw: HTML comment
Ja_raw: HTML のコメント

Keyword: JavaScript comment
Fr: Commentaire JavaScript
En: Comment JavaScript
Ja: コメント java スクリプトの設定
Fr_raw: Commentaire JavaScript
En_raw: Comment JavaScript
Ja_raw: コメント java スクリプトの設定

Keyword: ASP JavaScript comment
Fr: Commentaire JavaScript ASP
En: Comment JavaScript ASP
Ja: コメント JavaScript ASP
Fr_raw: Commentaire JavaScript ASP
En_raw: Comment JavaScript ASP
Ja_raw: コメント JavaScript ASP

Keyword: JavaDoc style ASP JavaScript comment
Fr: Commentaire JavaScript ASP de style JavaDoc
En: Comment JavaScript ASP style JavaDoc
Ja: コメント JavaScript ASP スタイル JavaDoc
Fr_raw: Commentaire JavaScript ASP de style JavaDoc
En_raw: Comment JavaScript ASP style JavaDoc
Ja_raw: コメント JavaScript ASP スタイル JavaDoc

Keyword: JavaDoc style JavaScript comment
Fr: Commentaire JavaScript de style JavaDoc
En: Comment JavaScript style JavaDoc
Ja: コメント JavaScript スタイル JavaDoc
Fr_raw: Commentaire JavaScript de style JavaDoc
En_raw: Comment JavaScript style JavaDoc
Ja_raw: コメント JavaScript スタイル JavaDoc

Keyword: PHP comment
Fr: Commentaire PHP
En: Comment PHP
Ja: PHP のコメント
Fr_raw: Commentaire PHP
En_raw: Comment PHP
Ja_raw: PHP のコメント

Keyword: Python comment
Fr: Commentaire Python
En: Comment Python
Ja: コメント Python
Fr_raw: Commentaire Python
En_raw: Comment Python
Ja_raw: コメント Python

Keyword: ASP Python comment
Fr: Commentaire Python ASP
En: Comment Python ASP
Ja: コメント Python ASP
Fr_raw: Commentaire Python ASP
En_raw: Comment Python ASP
Ja_raw: コメント Python ASP

Keyword: SGML comment
Fr: Commentaire SGML
En: SGML comment
Ja: SGML コメント
Fr_raw: Commentaire SGML
En_raw: SGML comment
Ja_raw: SGML コメント

Keyword: SQL*Plus comment
Fr: Commentaire SQL*Plus
En: Comment SQL * more
Ja: コメント SQL * 詳細
Fr_raw: Commentaire SQL*Plus
En_raw: Comment SQL * more
Ja_raw: コメント SQL * 詳細

Keyword: VBScript comment
Fr: Commentaire VBScript
En: Comment VBScript
Ja: コメント VBScript
Fr_raw: Commentaire VBScript
En_raw: Comment VBScript
Ja_raw: コメント VBScript

Keyword: ASP VBScript comment
Fr: Commentaire VBScript ASP
En: Commentaire VBScript ASP
Ja: コメントはまだありません VBScript ASP
Fr_raw: Commentaire VBScript ASP
En_raw: Commentaire VBScript ASP
Ja_raw: コメントはまだありません VBScript ASP

Keyword: ASP X-Code comment
Fr: Commentaire X-Code ASP
En: Comment X-Code ASP
Ja: コメント X コード ASP
Fr_raw: Commentaire X-Code ASP
En_raw: Comment X-Code ASP
Ja_raw: コメント X コード ASP

Keyword: Line comment
Fr: Commentaire de ligne
En: Comment by line
Ja: 行をコメントします。
Fr_raw: Commentaire de ligne
En_raw: Comment by line
Ja_raw: 行をコメントします。

Keyword: JavaScript line comment
Fr: Commentaire de ligne JavaScript
En: Line comment JavaScript
Ja: 行コメント java スクリプトの設定
Fr_raw: Commentaire de ligne JavaScript
En_raw: Line comment JavaScript
Ja_raw: 行コメント java スクリプトの設定

Keyword: ASP JavaScript line comment
Fr: Commentaire de ligne JavaScript ASP
En: Line comment JavaScript ASP
Ja: 行コメント JavaScript ASP
Fr_raw: Commentaire de ligne JavaScript ASP
En_raw: Line comment JavaScript ASP
Ja_raw: 行コメント JavaScript ASP

Keyword: PHP line comment
Fr: Commentaire de ligne PHP
En: PHP line comment
Ja: PHP 行コメント
Fr_raw: Commentaire de ligne PHP
En_raw: PHP line comment
Ja_raw: PHP 行コメント

Keyword: Commentaire supprime
Fr: Commentaire est supprimé
En: comment is deleted
Ja: コメントは削除されます。
Fr_raw: Commentaire est supprimé
En_raw: comment is deleted
Ja_raw: コメントは削除されます。

Keyword: JavaDoc style comment
Fr: Commentaire style JavaDoc
En: Comment style JavaDoc
Ja: JavaDoc コメント スタイル
Fr_raw: Commentaire style JavaDoc
En_raw: Comment style JavaDoc
Ja_raw: JavaDoc コメント スタイル

Keyword: Commentaire
Fr: Commentaires
En: Comment
Ja: コメント
Fr_raw: Commentaires
En_raw: Comment
Ja_raw: コメント

Keyword: Widget center
Fr: Composant central
En: Central component
Ja: 中央コンポーネント
Fr_raw: Composant central
En_raw: Central component
Ja_raw: 中央コンポーネント

Keyword: Widget border
Fr: Composant de frontière
En: Component of border
Ja: コンポーネントの境界線
Fr_raw: Composant de frontière
En_raw: Component of border
Ja_raw: コンポーネントの境界線

Keyword: Nommage du concept effectue
Fr: Concept nommé
En: Concept named
Ja: という概念
Fr_raw: Concept nommé
En_raw: Concept named
Ja_raw: という概念

Keyword: Configurer une Version
Fr: Configuration de la version
En: Version Configuration
Ja: バージョン構成
Fr_raw: Configuration de la version
En_raw: Version Configuration
Ja_raw: バージョン構成

Keyword: Configurer les répertoires
Fr: Configuration de répertoires
En: Directories configuration
Ja: ディレクトリ構成
Fr_raw: Configuration de répertoires
En_raw: Directories configuration
Ja_raw: ディレクトリ構成

Keyword: KEEP_WORKING_FILES
Fr: Conserver les fichiers temporaires
En: To keep working files
Ja: 一時ファイルを保持します。
Fr_raw: Conserver les fichiers temporaires
En_raw: To keep working files
Ja_raw: 一時ファイルを保持します。

Keyword: HEXABLOCK_TITLE
Fr: Construction d'une hypothèse
En: Hypothesis Construction
Ja: 仮説の構築
Fr_raw: Construction d'une hypothèse
En_raw: Hypothesis Construction
Ja_raw: 仮説の構築

Keyword: Hexotic_3D_TITLE
Fr: Construction de l'hypothèse
En: Hypothesis Construction
Ja: 仮定の構成
Fr_raw: Construction de l'hypothèse
En_raw: Hypothesis Construction
Ja_raw: 仮定の構成

Keyword: Wrap search
Fr: Continuer la recherche
En: Continue searching
Ja: 検索を続ける
Fr_raw: Continuer la recherche
En_raw: Continue searching
Ja_raw: 検索を続ける

Keyword: GEOM_WIRE
Fr: Contour
En: Wire
Ja: ワイヤー
Fr_raw: Contour
En_raw: Wire
Ja_raw: ワイヤー

Keyword: Convert selection to upper case
Fr: Conversion de la ligne courante en majuscules
En: The current line uppercase conversion
Ja: 現在の行の大文字変換
Fr_raw: Conversion de la ligne courante en majuscules
En_raw: The current line uppercase conversion
Ja_raw: 現在の行の大文字変換

Keyword: Convert selection to lower case
Fr: Conversion de la ligne courante en minuscules
En: Conversion of the current line to lowercase
Ja: 現在の行の小文字への変換
Fr_raw: Conversion de la ligne courante en minuscules
En_raw: Conversion of the current line to lowercase
Ja_raw: 現在の行の小文字への変換

Keyword: Copier
Fr: Copie
En: Copy
Ja: コピー
Fr_raw: Copie
En_raw: Copy
Ja_raw: コピー

Keyword: Copie refusee pour ce type d objet
Fr: Copie rejetée : type d'objet incorrect
En: Copy rejected : bad object type
Ja: 拒否されたコピー: 不正なオブジェクト型
Fr_raw: Copie rejetée : type d'objet incorrect
En_raw: Copy rejected : bad object type
Ja_raw: 拒否されたコピー: 不正なオブジェクト型

Keyword: Copy current line
Fr: Copier la ligne courante
En: Copy the current line
Ja: 現在の行をコピーします。
Fr_raw: Copier la ligne courante
En_raw: Copy the current line
Ja_raw: 現在の行をコピーします。

Keyword: Copy selection
Fr: Copier la sélection
En: Copy the selection
Ja: 選択範囲をコピーします。
Fr_raw: Copier la sélection
En_raw: Copy the selection
Ja_raw: 選択範囲をコピーします。

Keyword: Coroutines, i/o and system facilities
Fr: Coroutines, i/o et fonctions système
En: Coroutines, i/o, and system functions
Ja: コルーチン、i/o、およびシステム関数
Fr_raw: Coroutines, i/o et fonctions système
En_raw: Coroutines, i/o, and system functions
Ja_raw: コルーチン、i/o、およびシステム関数

Keyword: Single Color
Fr: Couleur unique
En: Single color
Ja: 単色
Fr_raw: Couleur unique
En_raw: Single color
Ja_raw: 単色

Keyword: Colors
Fr: Couleurs
En: Colors
Ja: 色
Fr_raw: Couleurs
En_raw: Colors
Ja_raw: 色

Keyword: Base colors
Fr: Couleurs de base
En: Basic colors
Ja: 基本的な色
Fr_raw: Couleurs de base
En_raw: Basic colors
Ja_raw: 基本的な色

Keyword: Additional colors
Fr: Couleurs supplémentaires
En: Additional colors
Ja: 追加の色
Fr_raw: Couleurs supplémentaires
En_raw: Additional colors
Ja_raw: 追加の色

Keyword: Couper
Fr: Coupe
En: Cut
Ja: カット
Fr_raw: Coupe
En_raw: Cut
Ja_raw: カット

Keyword: Cut Edge
Fr: Couper arêtes
En: Cut edges
Ja: エッジをカットします。
Fr_raw: Couper arêtes
En_raw: Cut edges
Ja_raw: エッジをカットします。

Keyword: Cut current line
Fr: Couper la ligne courante
En: Cut the current line
Ja: 現在の行をカットします。
Fr_raw: Couper la ligne courante
En_raw: Cut the current line
Ja_raw: 現在の行をカットします。

Keyword: Cut selection
Fr: Couper la sélection
En: Cut the selection
Ja: 選択範囲を切り取る
Fr_raw: Couper la sélection
En_raw: Cut the selection
Ja_raw: 選択範囲を切り取る

Keyword: Cut edge
Fr: Couper les arêtes
En: Cut edges
Ja: エッジをカットします。
Fr_raw: Couper les arêtes
En_raw: Cut edges
Ja_raw: エッジをカットします。

Keyword: Group Construction
Fr: Création d'un groupe
En: Creation of a group
Ja: グループの作成
Fr_raw: Création d'un groupe
En_raw: Creation of a group
Ja_raw: グループの作成

Keyword: Vertex Construction
Fr: Création d'un sommet
En: Creation of a Summit
Ja: サミットの作成
Fr_raw: Création d'un sommet
En_raw: Creation of a Summit
Ja_raw: サミットの作成

Keyword: Law Construction
Fr: Création d'une loi
En: Creation of a law
Ja: 法律の作成
Fr_raw: Création d'une loi
En_raw: Creation of a law
Ja_raw: 法律の作成

Keyword: VERTEX UPDATE/CONSTRUCTION
Fr: Création/Mise à jour d'un sommet
En: Vertext Update/Construction
Ja: サミットの作成/更新
Fr_raw: Création/Mise à jour d'un sommet
En_raw: Vertext Update/Construction
Ja_raw: サミットの作成/更新

Keyword: Make Cylinder
Fr: Créer cylindre
En: Create cylinder
Ja: 円柱を作成します。
Fr_raw: Créer cylindre
En_raw: Create cylinder
Ja_raw: 円柱を作成します。

Keyword: Make Cylinders
Fr: Créer cylindres
En: Create cylinders
Ja: シリンダーを作成します。
Fr_raw: Créer cylindres
En_raw: Create cylinders
Ja_raw: シリンダーを作成します。

Keyword: TO_ADD_NODES
Fr: Créer de nouveaux nœuds
En: To create new nodes
Ja: 新しいノードを作成します。
Fr_raw: Créer de nouveaux nœuds
En_raw: To create new nodes
Ja_raw: 新しいノードを作成します。

Keyword: Make cylinders
Fr: Créer des cylindres
En: Create cylinders
Ja: シリンダーを作成します。
Fr_raw: Créer des cylindres
En_raw: Create cylinders
Ja_raw: シリンダーを作成します。

Keyword: Make pipes
Fr: Créer des tuyaux
En: Create pipe
Ja: パイプを作成します。
Fr_raw: Créer des tuyaux
En_raw: Create pipe
Ja_raw: パイプを作成します。

Keyword: Make Grid
Fr: Créer grille
En: Create grid
Ja: グリッドを作成します。
Fr_raw: Créer grille
En_raw: Create grid
Ja_raw: グリッドを作成します。

Keyword: Make Hemisphere
Fr: Créer hémisphère
En: Create hemisphere
Ja: 半球を作成します。
Fr_raw: Créer hémisphère
En_raw: Create hemisphere
Ja_raw: 半球を作成します。

Keyword: Create sub-views
Fr: Créer les sous-vues
En: Creating subviews
Ja: サブビューを作成します。
Fr_raw: Créer les sous-vues
En_raw: Creating subviews
Ja_raw: サブビューを作成します。

Keyword: Make symmetry
Fr: Créer par symétrie
En: Create by symmetry
Ja: 対称性による作成します。
Fr_raw: Créer par symétrie
En_raw: Create by symmetry
Ja_raw: 対称性による作成します。

Keyword: Make transformation
Fr: Créer par transformation
En: Creating through transformation
Ja: 変換によって作成します。
Fr_raw: Créer par transformation
En_raw: Creating through transformation
Ja_raw: 変換によって作成します。

Keyword: Make Pipe
Fr: Créer tuyau
En: Create pipe
Ja: パイプを作成します。
Fr_raw: Créer tuyau
En_raw: Create pipe
Ja_raw: パイプを作成します。

Keyword: Make Pipes
Fr: Créer tuyaux
En: Create pipe
Ja: パイプを作成します。
Fr_raw: Créer tuyaux
En_raw: Create pipe
Ja_raw: パイプを作成します。

Keyword: Create a cylinder
Fr: Créer un cylindre
En: Create a cylinder
Ja: 円柱を作成
Fr_raw: Créer un cylindre
En_raw: Create a cylinder
Ja_raw: 円柱を作成

Keyword: Create a new document
Fr: Créer un document
En: Create a document
Ja: ドキュメントを作成します。
Fr_raw: Créer un document
En_raw: Create a document
Ja_raw: ドキュメントを作成します。

Keyword: Create an hexahedron
Fr: Créer un hexaèdre
En: Create a hexahedron
Ja: 直方体を作成します。
Fr_raw: Créer un hexaèdre
En_raw: Create a hexahedron
Ja_raw: 直方体を作成します。

Keyword: Create a new cylinder
Fr: Créer un nouveau cylindre
En: Create a new cylinder
Ja: 新しい円柱を作成します。
Fr_raw: Créer un nouveau cylindre
En_raw: Create a new cylinder
Ja_raw: 新しい円柱を作成します。

Keyword: Create a new hexahedron
Fr: Créer un nouveau hexaèdre
En: Create a new hexahedron
Ja: 新しい直方体を作成します。
Fr_raw: Créer un nouveau hexaèdre
En_raw: Create a new hexahedron
Ja_raw: 新しい直方体を作成します。

Keyword: Create a new quadrangle
Fr: Créer un nouveau quadrangle
En: Create a new quadrangle
Ja: 新しい四角形を作成します。
Fr_raw: Créer un nouveau quadrangle
En_raw: Create a new quadrangle
Ja_raw: 新しい四角形を作成します。

Keyword: Create a new vertex
Fr: Créer un nouveau sommet
En: Create a new high
Ja: 新しい高を作成します。
Fr_raw: Créer un nouveau sommet
En_raw: Create a new high
Ja_raw: 新しい高を作成します。

Keyword: Create a new pipe
Fr: Créer un nouveau tuyau
En: Create a new hose
Ja: 新しいホースを作成します。
Fr_raw: Créer un nouveau tuyau
En_raw: Create a new hose
Ja_raw: 新しいホースを作成します。

Keyword: Create a new vector
Fr: Créer un nouveau vecteur
En: Create a new vector
Ja: 新しいベクトルを作成します。
Fr_raw: Créer un nouveau vecteur
En_raw: Create a new vector
Ja_raw: 新しいベクトルを作成します。

Keyword: Create a quadrangle
Fr: Créer un quadrangle
En: Create a quadrangle
Ja: 四角形を作成します。
Fr_raw: Créer un quadrangle
En_raw: Create a quadrangle
Ja_raw: 四角形を作成します。

Keyword: Create a vertex
Fr: Créer un sommet
En: Create a vertex
Ja: 頂点を作成します。
Fr_raw: Créer un sommet
En_raw: Create a vertex
Ja_raw: 頂点を作成します。

Keyword: Create a pipe
Fr: Créer un tuyau
En: Create a pipe
Ja: パイプを作成します。
Fr_raw: Créer un tuyau
En_raw: Create a pipe
Ja_raw: パイプを作成します。

Keyword: Create a vector
Fr: Créer un vecteur
En: Create a vector
Ja: ベクトルを作成
Fr_raw: Créer un vecteur
En_raw: Create a vector
Ja_raw: ベクトルを作成

Keyword: Make Symmetry
Fr: Créer un élément par symétrie
En: Create an element with symmetry
Ja: 対称性を持つ要素を作成します。
Fr_raw: Créer un élément par symétrie
En_raw: Create an element with symmetry
Ja_raw: 対称性を持つ要素を作成します。

Keyword: Make Transformation
Fr: Créer un élément par transformation
En: Create a new item by transformation
Ja: 変換して新しいアイテムを作成します。
Fr_raw: Créer un élément par transformation
En_raw: Create a new item by transformation
Ja_raw: 変換して新しいアイテムを作成します。

Keyword: Create an edge
Fr: Créer une arête
En: Create An Edge
Ja: エッジを作成
Fr_raw: Créer une arête
En_raw: Create An Edge
Ja_raw: エッジを作成

Keyword: Make a grid
Fr: Créer une grille
En: Create a grid
Ja: グリッドを作成します。
Fr_raw: Créer une grille
En_raw: Create a grid
Ja_raw: グリッドを作成します。

Keyword: Make an hemisphere
Fr: Créer une hémisphère
En: Create a hemisphere
Ja: 半球を作成します。
Fr_raw: Créer une hémisphère
En_raw: Create a hemisphere
Ja_raw: 半球を作成します。

Keyword: Create a new edge
Fr: Créer une nouvelle arête
En: Create a new edge
Ja: 新しいエッジを作成します。
Fr_raw: Créer une nouvelle arête
En_raw: Create a new edge
Ja_raw: 新しいエッジを作成します。

Keyword: Ctrl+E
Fr: Ctrl S
En: Ctrl+S
Ja: Ctrl キーと S
Fr_raw: Ctrl S
En_raw: Ctrl+S
Ja_raw: Ctrl キーと S

Keyword: CYLINDER
Fr: Cylindre
En: Cylinder
Ja: Cylinder
Fr_raw: Cylindre
En_raw: Cylinder
Ja_raw: Cylinder

Keyword: TREE_ITEM_CYLINDER
Fr: Cylindres
En: Cylinders
Ja: シリンダー
Fr_raw: Cylindres
En_raw: Cylinders
Ja_raw: シリンダー

Keyword: Scroll view down one line
Fr: Decendre la vue d'une ligne
En: Association the sight of a line
Ja: ライン視力協会
Fr_raw: Decendre la vue d'une ligne
En_raw: Association the sight of a line
Ja_raw: ライン視力協会

Keyword: Midlight
Fr: Demi-clair
En: Demi-Clair
Ja: デミ クレール
Fr_raw: Demi-clair
En_raw: Demi-Clair
Ja_raw: デミ クレール

Keyword: Directive
Fr: Directive
En: 
Ja: 
Fr_raw: Directive
En_raw: 
Ja_raw: 

Keyword: Arrange views
Fr: Disposer les vues
En: Have views
Ja: 借景します。
Fr_raw: Disposer les vues
En_raw: Have views
Ja_raw: 借景します。

Keyword: Split horizontally
Fr: Diviser horisontalement
En: Split horisontalement
Ja: Horisontalement を分割します。
Fr_raw: Diviser horisontalement
En_raw: Split horisontalement
Ja_raw: Horisontalement を分割します。

Keyword: Split horizontally
Fr: Diviser horizontalement
En: Split horizontally
Ja: Horisontalement を分割します。
Fr_raw: Diviser horizontalement
En_raw: Split horizontally
Ja_raw: Horisontalement を分割します。

Keyword: Split the active window on two horizontal parts
Fr: Diviser la fenêtre actuelle en deux parties horizontales
En: Split the current window into two horizontal parts
Ja: 現在のウィンドウを 2つに水平分割
Fr_raw: Diviser la fenêtre actuelle en deux parties horizontales
En_raw: Split the current window into two horizontal parts
Ja_raw: 現在のウィンドウを 2つに水平分割

Keyword: Split the active window on two vertical parts
Fr: Diviser la fenêtre actuelle en deux parties verticales
En: Split the current window into two vertical parts
Ja: 現在のウィンドウを２つに上下分割
Fr_raw: Diviser la fenêtre actuelle en deux parties verticales
En_raw: Split the current window into two vertical parts
Ja_raw: 現在のウィンドウを２つに上下分割

Keyword: Split vertically
Fr: Diviser verticalement
En: Split vertically
Ja: 垂直方向に分割します。
Fr_raw: Diviser verticalement
En_raw: Split vertically
Ja_raw: 垂直方向に分割します。

Keyword: Document
Fr: Document
En: 
Ja: 
Fr_raw: Document
En_raw: 
Ja_raw: 

Keyword: Double-quoted here document
Fr: Document intégré guillemets doubles
En: Integrated document quotation
Ja: 統合された文書の引用
Fr_raw: Document intégré guillemets doubles
En_raw: Integrated document quotation
Ja_raw: 統合された文書の引用

Keyword: Single-quoted here document
Fr: Document intégré guillemets simples
En: Integrated document quotes
Ja: 統合された文書の引用
Fr_raw: Document intégré guillemets simples
En_raw: Integrated document quotes
Ja_raw: 統合された文書の引用

Keyword: Backtick here document
Fr: Document intégré quotes inverses
En: Integrated document reverse quotes
Ja: 逆クオートの統合されたドキュメント
Fr_raw: Document intégré quotes inverses
En_raw: Integrated document reverse quotes
Ja_raw: 逆クオートの統合されたドキュメント

Keyword: Hexotic_SD_MODE_1
Fr: Domaine unique
En: Single domain
Ja: 1 つのドメイン
Fr_raw: Domaine unique
En_raw: Single domain
Ja_raw: 1 つのドメイン

Keyword: Le dossier n'existe pas.
Fr: Dossier n'existe pas.
En: Folder does not exist.
Ja: フォルダーが存在しません。
Fr_raw: Dossier n'existe pas.
En_raw: Folder does not exist.
Ja_raw: フォルダーが存在しません。

Keyword: Dossier de sauvegarde par defaut
Fr: Dossier par défaut
En: Default folder
Ja: 既定のフォルダー
Fr_raw: Dossier par défaut
En_raw: Default folder
Ja_raw: 既定のフォルダー

Keyword: GEOM_DX
Fr: Dx
En: Dx
Ja: Dx
Fr_raw: Dx
En_raw: Dx
Ja_raw: Dx

Keyword: GEOM_DY
Fr: Dy
En: Dy
Ja: Dy
Fr_raw: Dy
En_raw: Dy
Ja_raw: Dy

Keyword: GEOM_DZ
Fr: Dz
En: Dz
Ja: Dz
Fr_raw: Dz
En_raw: Dz
Ja_raw: Dz

Keyword: Début 
Fr: Début
En: Beginning
Ja: 初め
Fr_raw: Début
En_raw: Beginning
Ja_raw: 初め

Keyword: Start of an ASP fragment
Fr: Début de block ASP
En: Start of block ASP
Ja: ASP のブロックの開始
Fr_raw: Début de block ASP
En_raw: Start of block ASP
Ja_raw: ASP のブロックの開始

Keyword: Start of an ASP fragment with @
Fr: Début de block ASP avec @
En: Start of block ASP with @.
Ja: 開始ブロックと ASP @。
Fr_raw: Début de block ASP avec @
En_raw: Start of block ASP with @.
Ja_raw: 開始ブロックと ASP @。

Keyword: Start of a JavaScript fragment
Fr: Début de block JavaScript
En: Start of block JavaScript
Ja: Java スクリプトの設定をブロックの先頭
Fr_raw: Début de block JavaScript
En_raw: Start of block JavaScript
Ja_raw: Java スクリプトの設定をブロックの先頭

Keyword: Start of an ASP JavaScript fragment
Fr: Début de block JavaScript ASP
En: Start of block JavaScript ASP
Ja: Java スクリプトの設定 ASP ブロックの開始
Fr_raw: Début de block JavaScript ASP
En_raw: Start of block JavaScript ASP
Ja_raw: Java スクリプトの設定 ASP ブロックの開始

Keyword: Start of a PHP fragment
Fr: Début de block PHP
En: Start of block PHP
Ja: PHP ブロックの開始
Fr_raw: Début de block PHP
En_raw: Start of block PHP
Ja_raw: PHP ブロックの開始

Keyword: Start of a Python fragment
Fr: Début de block Python
En: Start of block Python
Ja: Python のブロックの開始
Fr_raw: Début de block Python
En_raw: Start of block Python
Ja_raw: Python のブロックの開始

Keyword: Start of an ASP Python fragment
Fr: Début de block Python ASP
En: Start of block Python ASP
Ja: ブロック Python ASP の開始
Fr_raw: Début de block Python ASP
En_raw: Start of block Python ASP
Ja_raw: ブロック Python ASP の開始

Keyword: Start of a VBScript fragment
Fr: Début de block VBScript
En: Start of block VBScript
Ja: VBScript ブロックの開始
Fr_raw: Début de block VBScript
En_raw: Start of block VBScript
Ja_raw: VBScript ブロックの開始

Keyword: Start of an ASP VBScript fragment
Fr: Début de block VBScript ASP
En: Start of block VBScript ASP
Ja: ブロック VBScript ASP の開始
Fr_raw: Début de block VBScript ASP
En_raw: Start of block VBScript ASP
Ja_raw: ブロック VBScript ASP の開始

Keyword: Start of an XML fragment
Fr: Début de block XML
En: Start of block XML
Ja: XML ブロックの開始
Fr_raw: Début de block XML
En_raw: Start of block XML
Ja_raw: XML ブロックの開始

Keyword: Decommenter
Fr: Décommentez
En: uncomment
Ja: コメントを解除します
Fr_raw: Décommentez
En_raw: uncomment
Ja_raw: コメントを解除します

Keyword: Decommente la commande 
Fr: Décommentez la commande
En: uncomment the command
Ja: コマンドのコメントを解除します。
Fr_raw: Décommentez la commande
En_raw: uncomment the command
Ja_raw: コマンドのコメントを解除します。

Keyword: Disconnect
Fr: Déconnecter
En: Unload
Ja: アンロード
Fr_raw: Déconnecter
En_raw: Unload
Ja_raw: アンロード

Keyword: Disconnect edges, vertexes or quadrangles
Fr: Déconnecter des arêtes, des sommets ou des quadrangles
En: Disconnect the edges, vertices or the quadrangles
Ja: エッジ、頂点または四角形を切断します。
Fr_raw: Déconnecter des arêtes, des sommets ou des quadrangles
En_raw: Disconnect the edges, vertices or the quadrangles
Ja_raw: エッジ、頂点または四角形を切断します。

Keyword: User defined 1
Fr: Définition utilisateur 1
En: User 1 definition
Ja: ユーザー 1 の定義
Fr_raw: Définition utilisateur 1
En_raw: User 1 definition
Ja_raw: ユーザー 1 の定義

Keyword: User defined 2
Fr: Définition utilisateur 2
En: User 2 definition
Ja: ユーザー 2 の定義
Fr_raw: Définition utilisateur 2
En_raw: User 2 definition
Ja_raw: ユーザー 2 の定義

Keyword: User defined 3
Fr: Définition utilisateur 3
En: User 3 definition
Ja: 3 ユーザー定義
Fr_raw: Définition utilisateur 3
En_raw: User 3 definition
Ja_raw: 3 ユーザー定義

Keyword: User defined 4
Fr: Définition utilisateur 4
En: Definition 4 user
Ja: ユーザー定義 4
Fr_raw: Définition utilisateur 4
En_raw: Definition 4 user
Ja_raw: ユーザー定義 4

Keyword: Here document delimiter
Fr: Délimiteur de texte intégré (cat <<EOF....EOF)
En: Integrated text qualifier (cat lt; EOF...)EOF)
Ja: 統合されたテキスト修飾子 (猫 &lt; EOF...)EOF)
Fr_raw: Délimiteur de texte intégré (cat <<EOF....EOF)
En_raw: Integrated text qualifier (cat &lt; EOF...)EOF)
Ja_raw: 統合されたテキスト修飾子 (猫 &lt; EOF...)EOF)
En_Option_Text: (&l)

Keyword: Move right one character
Fr: Déplacement d'un caractère vers la droite
En: Move one character to the right
Ja: 1 文字右へ移動します。
Fr_raw: Déplacement d'un caractère vers la droite
En_raw: Move one character to the right
Ja_raw: 1 文字右へ移動します。

Keyword: Move left one character
Fr: Déplacement d'un caractère vers la gauche
En: Move one character to the left
Ja: 1 文字左へ移動します。
Fr_raw: Déplacement d'un caractère vers la gauche
En_raw: Move one character to the left
Ja_raw: 1 文字左へ移動します。

Keyword: Move right one word
Fr: Déplacement d'un mot vers la droite
En: Move one word to the right
Ja: 1 単語右に移動します。
Fr_raw: Déplacement d'un mot vers la droite
En_raw: Move one word to the right
Ja_raw: 1 単語右に移動します。

Keyword: Move left one word
Fr: Déplacement d'un mot vers la gauche
En: Move one word to the left
Ja: 1 単語左に移動します。
Fr_raw: Déplacement d'un mot vers la gauche
En_raw: Move one word to the left
Ja_raw: 1 単語左に移動します。

Keyword: Move down one paragraph
Fr: Déplacement d'un paragraphe vers le bas
En: Moving a paragraph down
Ja: 段落を下に移動
Fr_raw: Déplacement d'un paragraphe vers le bas
En_raw: Moving a paragraph down
Ja_raw: 段落を下に移動

Keyword: Move up one paragraph
Fr: Déplacement d'un paragraphe vers le haut
En: Displacement of a paragraph to the top
Ja: 最上部に段落の変位
Fr_raw: Déplacement d'un paragraphe vers le haut
En_raw: Displacement of a paragraph to the top
Ja_raw: 最上部に段落の変位

Keyword: Move down one line
Fr: Déplacement d'une ligne vers le bas
En: Displacement of a line down
Ja: ダウン ラインの変位
Fr_raw: Déplacement d'une ligne vers le bas
En_raw: Displacement of a line down
Ja_raw: ダウン ラインの変位

Keyword: Move up one line
Fr: Déplacement d'une ligne vers le haut
En: Displacement of a line upwards
Ja: 上向きの線の変位
Fr_raw: Déplacement d'une ligne vers le haut
En_raw: Displacement of a line upwards
Ja_raw: 上向きの線の変位

Keyword: Move down one page
Fr: Déplacement d'une page vers le bas
En: Moving a page down
Ja: ページを下に移動
Fr_raw: Déplacement d'une page vers le bas
En_raw: Moving a page down
Ja_raw: ページを下に移動

Keyword: Move up one page
Fr: Déplacement d'une page vers le haut
En: Moving a page up
Ja: ページを上に移動
Fr_raw: Déplacement d'une page vers le haut
En_raw: Moving a page up
Ja_raw: ページを上に移動

Keyword: Move right one word part
Fr: Déplacement d'une part de mot vers la droite
En: Moving a part of Word to the right
Ja: 単語の一部を右に移動
Fr_raw: Déplacement d'une part de mot vers la droite
En_raw: Moving a part of Word to the right
Ja_raw: 単語の一部を右に移動

Keyword: Move left one word part
Fr: Déplacement d'une part de mot vers la gauche
En: Moving a part of Word to the left
Ja: 単語の一部を左に移動します
Fr_raw: Déplacement d'une part de mot vers la gauche
En_raw: Moving a part of Word to the left
Ja_raw: 単語の一部を左に移動します

Keyword: Disabled
Fr: Désactivé
En: Disabled
Ja: 無効
Fr_raw: Désactivé
En_raw: Disabled
Ja_raw: 無効

Keyword: Replier/Deplier
Fr: Développer/réduire
En: Expand/Collapse
Ja: 展開/折りたたみ
Fr_raw: Développer/réduire
En_raw: Expand/Collapse
Ja_raw: 展開/折りたたみ

Keyword: ERREUR
Fr: ERREUR
En: ERROR
Ja: エラー
Fr_raw: ERREUR
En_raw: ERROR
Ja_raw: エラー

Keyword: ERREUR! Une forme de la source du\n                               type WAVEFORM_CONSTANT ou WAVEFORM_SINUS est attendue.
Fr: ERREUR ! type de source doit être WAVEFORM_CONSTANT ou WAVEFORM_SINUS.
En: ERROR! source's type must be WAVEFORM_CONSTANT or WAVEFORM_SINUS.
Ja: エラー ！ソースの型は、WAVEFORM_CONSTANT または WAVEFORM_SINUS でなければなりません。
Fr_raw: ERREUR ! type de source doit être WAVEFORM_CONSTANT ou WAVEFORM_SINUS.
En_raw: ERROR! source's type must be WAVEFORM_CONSTANT or WAVEFORM_SINUS.
Ja_raw: エラー ！ソースの型は、WAVEFORM_CONSTANT または WAVEFORM_SINUS でなければなりません。

Keyword: Erreur a l'evaluation :\n %s
Fr: ERRO lorsque loadind : %s
En: Erro when loadind :\n%s
Ja: 無名とき加: %s
Fr_raw: ERRO lorsque loadind : %s
En_raw: Erro when loadind :\n%s
Ja_raw: 無名とき加: %s

Keyword: Color scale
Fr: Echelle de couleurs
En: Color scale
Ja: カラー スケール
Fr_raw: Echelle de couleurs
En_raw: Color scale
Ja_raw: カラー スケール

Keyword: Edition
Fr: Edit
En: Edit
Ja: 編集
Fr_raw: Edit
En_raw: Edit
Ja_raw: 編集

Keyword: Delete current character
Fr: Effacement du caractère courant
En: Erase the current character
Ja: 現在の文字を消去します。
Fr_raw: Effacement du caractère courant
En_raw: Erase the current character
Ja_raw: 現在の文字を消去します。

Keyword: Clear
Fr: Effacer
En: Delete
Ja: 削除
Fr_raw: Effacer
En_raw: Delete
Ja_raw: 削除

Keyword: Delete line to left
Fr: Effacer la partie gauche de la ligne
En: Remove the left side of the line
Ja: 行の左側を削除します。
Fr_raw: Effacer la partie gauche de la ligne
En_raw: Remove the left side of the line
Ja_raw: 行の左側を削除します。

Keyword: Widget effect
Fr: Effet des composants
En: Effect of components
Ja: 成分の影響
Fr_raw: Effet des composants
En_raw: Effect of components
Ja_raw: 成分の影響

Keyword: Eficas n a pas reussi a copier l objet
Fr: Eficas impossible de copier cet objet
En: Eficas cannot copy this object
Ja: Eficas はこのオブジェクトをコピーできません。
Fr_raw: Eficas impossible de copier cet objet
En_raw: Eficas cannot copy this object
Ja_raw: Eficas はこのオブジェクトをコピーできません。

Keyword: EFICAS ne sait pas convertir le JDC selon le format %s 
Fr: Eficas n'est pas capable de convertir des JDC avec format %s
En: Eficas is not able to convert JDC with format %s
Ja: Eficas は JDC %s の形式を変換することがないです。
Fr_raw: Eficas n'est pas capable de convertir des JDC avec format %s
En_raw: Eficas is not able to convert JDC with format %s
Ja_raw: Eficas は JDC %s の形式を変換することがないです。

Keyword: EFICAS ne sait pas ouvrir ce type de fichier
Fr: Eficas n'est pas en mesure d'ouvrir le type de ce fichier
En: Eficas is not able to open this file's type
Ja: Eficas はこのファイル タイプを開くことができません。
Fr_raw: Eficas n'est pas en mesure d'ouvrir le type de ce fichier
En_raw: Eficas is not able to open this file's type
Ja_raw: Eficas はこのファイル タイプを開くことができません。

Keyword: EFICAS ne sait pas ouvrir le type de fichier %s
Fr: Eficas n'est pas en mesure d'ouvrir le type de ce fichier : %s
En: Eficas is not able to open this file's type : %s
Ja: Eficas はこのファイル タイプを開くことができません: %s
Fr_raw: Eficas n'est pas en mesure d'ouvrir le type de ce fichier : %s
En_raw: Eficas is not able to open this file's type : %s
Ja_raw: Eficas はこのファイル タイプを開くことができません: %s

Keyword: Eficas ne peut pas traiter plusieurs instructions\n                                                 sur la meme ligne : %s
Fr: Eficas n'est pas en mesure de convertir plus d'une commande par ligne : %s
En: Eficas is not able to convert more than one command per line: %s
Ja: Eficas は 1 行につき 1 つ以上のコマンドに変換することができません: %s
Fr_raw: Eficas n'est pas en mesure de convertir plus d'une commande par ligne : %s
En_raw: Eficas is not able to convert more than one command per line: %s
Ja_raw: Eficas は 1 行につき 1 つ以上のコマンドに変換することができません: %s

Keyword: EFICAS ne sait pas convertir ce JDC
Fr: Eficas ne peut pas convertir le JDC
En: Eficas is unable to convert JDC
Ja: Eficas は JDC を変換することができます。
Fr_raw: Eficas ne peut pas convertir le JDC
En_raw: Eficas is unable to convert JDC
Ja_raw: Eficas は JDC を変換することができます。

Keyword: TREE_ITEM_ELEMENT
Fr: Eléments
En: Elements
Ja: 要素
Fr_raw: Eléments
En_raw: Elements
Ja_raw: 要素

Keyword: TREE_ITEM_CROSSELEMENT
Fr: Eléments de croix
En: Cross Elements
Ja: 十字架の要素
Fr_raw: Eléments de croix
En_raw: Cross Elements
Ja_raw: 十字架の要素

Keyword: Stack remaining views in the last area
Fr: Empiler les vues restantes dans la dernière zone
En: Stack the remaining views in the last area
Ja: スタックの最後のエリアで、残りのビュー
Fr_raw: Empiler les vues restantes dans la dernière zone
En_raw: Stack the remaining views in the last area
Ja_raw: スタックの最後のエリアで、残りのビュー

Keyword: Header
Fr: En-tête
En: Header
Ja: ヘッダー
Fr_raw: En-tête
En_raw: Header
Ja_raw: ヘッダー

Keyword: Fin Fonction %s
Fr: EndFunction %s
En: end function %s
Ja: 関数 %s を終了します。
Fr_raw: EndFunction %s
En_raw: end function %s
Ja_raw: 関数 %s を終了します。

Keyword: HEXABLOCK_ENF_VER_REMOVE
Fr: Enlever le sommet
En: Remove vertex
Ja: 頂点を削除します。
Fr_raw: Enlever le sommet
En_raw: Remove vertex
Ja_raw: 頂点を削除します。

Keyword: Repertoire de sauvegarde :
Fr: Enregistre le répertoire :
En: Save directory :
Ja: 保存ディレクトリ。
Fr_raw: Enregistre le répertoire :
En_raw: Save directory :
Ja_raw: 保存ディレクトリ。

Keyword: Save Document
Fr: Enregistrer
En: Save
Ja: 保存
Fr_raw: Enregistrer
En_raw: Save
Ja_raw: 保存

Keyword: Dossier de sauvegarde :
Fr: Enregistrer dans le répertoire :
En: Save in directory:
Ja: ディレクトリに保存します。
Fr_raw: Enregistrer dans le répertoire :
En_raw: Save in directory:
Ja_raw: ディレクトリに保存します。

Keyword: Enregistrer sous
Fr: Enregistrer en tant que
En: Save as
Ja: 名前を付けてを保存します。
Fr_raw: Enregistrer en tant que
En_raw: Save as
Ja_raw: 名前を付けてを保存します。

Keyword: Save the document
Fr: Enregistrer le document
En: Save the document
Ja: ドキュメントを保存します。
Fr_raw: Enregistrer le document
En_raw: Save the document
Ja_raw: ドキュメントを保存します。

Keyword: Save HexaBlock Document
Fr: Enregistrer le document HexaBlock
En: Save the document HexaBlock
Ja: HexaBlock ドキュメントを保存します。
Fr_raw: Enregistrer le document HexaBlock
En_raw: Save the document HexaBlock
Ja_raw: HexaBlock ドキュメントを保存します。

Keyword: &Sauvegarder
Fr: Enregistrer(S)
En: Save
Ja: 保存
Fr_raw: Enregistrer(&S)
En_raw: &Save
Ja_raw: 保存(&S)
Fr_Option_Text: (&S)
En_Option_Text: (&S)
Ja_Option_Text: (&S)

Keyword: Sauvegarde du Fichier
Fr: Enregistrez le fichier
En: save file
Ja: ファイルを保存します。
Fr_raw: Enregistrez le fichier
En_raw: save file
Ja_raw: ファイルを保存します。

Keyword: Entity
Fr: Entité
En: Entity
Ja: エンティティ
Fr_raw: Entité
En_raw: Entity
Ja_raw: エンティティ

Keyword: SGML special entity
Fr: Entité SGML spéciale
En: Special SGML entity
Ja: 特別な SGML のエンティティ
Fr_raw: Entité SGML spéciale
En_raw: Special SGML entity
Ja_raw: 特別な SGML のエンティティ

Keyword: Entite inconnue ou interdite :%s
Fr: Entité inconnue ou non pris en charge : %s
En: Unknown or unsupported entity : %s
Ja: 不明なまたはサポートされていないエンティティ: %s
Fr_raw: Entité inconnue ou non pris en charge : %s
En_raw: Unknown or unsupported entity : %s
Ja_raw: 不明なまたはサポートされていないエンティティ: %s

Keyword: Entite inconnue ou interdite :%s. Elle est ignoree
Fr: Entité inconnue ou non pris en charge: % s. ignoré
En: Unknown or unsupported entity : %s. ignored
Ja: 不明なまたはサポートされていないエンティティ: %s は無視されます
Fr_raw: Entité inconnue ou non pris en charge: % s. ignoré
En_raw: Unknown or unsupported entity : %s. ignored
Ja_raw: 不明なまたはサポートされていないエンティティ: %s は無視されます

Keyword: Entrez 
Fr: Entrez
En: enter
Ja: 入力してください。
Fr_raw: Entrez
En_raw: enter
Ja_raw: 入力してください。

Keyword: Entrez entre 
Fr: Entrez entre
En: enter between 
Ja: 間を入力してください。
Fr_raw: Entrez entre
En_raw: enter between 
Ja_raw: 間を入力してください。

Keyword: Saisir Valeur
Fr: Entrez la valeur
En: Enter Value
Ja: 値を入力します
Fr_raw: Entrez la valeur
En_raw: Enter Value
Ja_raw: 値を入力します

Keyword: Entrer un nom de parametre
Fr: Entrez le nom d'un paramètre
En: Enter a parameter's name
Ja: パラメーターの名前を入力してください。
Fr_raw: Entrez le nom d'un paramètre
En_raw: Enter a parameter's name
Ja_raw: パラメーターの名前を入力してください。

Keyword: Veuillez entrer le complexe sous forme aster ou sous forme python
Fr: Entrez un complexe
En: enter a complex
Ja: 複雑なを入力してください。
Fr_raw: Entrez un complexe
En_raw: enter a complex
Ja_raw: 複雑なを入力してください。

Keyword: Champ non rempli
Fr: Entrez une valeur
En: enter a value
Ja: 値を入力します。
Fr_raw: Entrez une valeur
En_raw: enter a value
Ja_raw: 値を入力します。

Keyword: Hexotic_ENTRY
Fr: Entry
En: Entry
Ja: エントリ
Fr_raw: Entry
En_raw: Entry
Ja_raw: エントリ

Keyword: ERR_ERROR
Fr: Erreur
En: Error
Ja: エラー
Fr_raw: Erreur
En_raw: Error
Ja_raw: エラー

Keyword: Erreur ! Erreur !
Fr: Erreur !
En: Error!
Ja: エラー ！
Fr_raw: Erreur !
En_raw: Error!
Ja_raw: エラー ！

Keyword: Erreur - mclist inexistante : %s
Fr: Erreur - mclist n'existe pas : %s
En: Error - mclist does not exist : %s
Ja: エラー - mclist は存在しません: %s
Fr_raw: Erreur - mclist n'existe pas : %s
En_raw: Error - mclist does not exist : %s
Ja_raw: エラー - mclist は存在しません: %s

Keyword: SGML error
Fr: Erreur SGML
En: Erreur SGML
Ja: Erreur SGML
Fr_raw: Erreur SGML
En_raw: Erreur SGML
Ja_raw: Erreur SGML

Keyword: Erreur rencontree dans recherche_enfants : %s
Fr: Erreur dans recherche_enfants : %s
En: Error in recherche_enfants : %s
Ja: Recherche_enfants のエラー: %s
Fr_raw: Erreur dans recherche_enfants : %s
En_raw: Error in recherche_enfants : %s
Ja_raw: Recherche_enfants のエラー: %s

Keyword: JavaDoc keyword error
Fr: Erreur de mot-clé JavaDoc
En: Error keyword JavaDoc
Ja: キーワード error JavaDoc
Fr_raw: Erreur de mot-clé JavaDoc
En_raw: Error keyword JavaDoc
Ja_raw: キーワード error JavaDoc

Keyword: Erreur fatale au chargement d'un fichier
Fr: Erreur fatale lors du chargement de fichier
En: Fatal error when loading file
Ja: 致命的なエラーが発生するファイルの読み込み
Fr_raw: Erreur fatale lors du chargement de fichier
En_raw: Fatal error when loading file
Ja_raw: 致命的なエラーが発生するファイルの読み込み

Keyword: Erreur fatale au chargement du fichier Include
Fr: Erreur fatale lors du chargement de fichier INCLUDE
En: Fatal error when loading INCLUDE file
Ja: インクルード ファイルを読み込むときの致命的エラー
Fr_raw: Erreur fatale lors du chargement de fichier INCLUDE
En_raw: Fatal error when loading INCLUDE file
Ja_raw: インクルード ファイルを読み込むときの致命的エラー

Keyword: Erreur interne
Fr: Erreur interne
En: Internal error
Ja: 内部エラー
Fr_raw: Erreur interne
En_raw: Internal error
Ja_raw: 内部エラー

Keyword: Erreur dans la creation du mot-cle : %s
Fr: Erreur lors de la création de %s
En: Error when creating %s
Ja: %S を作成するときのエラー
Fr_raw: Erreur lors de la création de %s
En_raw: Error when creating %s
Ja_raw: %S を作成するときのエラー

Keyword: Erreur lors de l'evaluation du fichier poursuite
Fr: Erreur lors de la création de fichier secondaire (poursuite)
En: Error when creating secondary (poursuite) file
Ja: セカンダリ (poursuite) ファイルを作成するときのエラー
Fr_raw: Erreur lors de la création de fichier secondaire (poursuite)
En_raw: Error when creating secondary (poursuite) file
Ja_raw: セカンダリ (poursuite) ファイルを作成するときのエラー

Keyword: Erreur a la generation
Fr: Erreur lors de la génération
En: Error when generating
Ja: エラーを生成するとき
Fr_raw: Erreur lors de la génération
En_raw: Error when generating
Ja_raw: エラーを生成するとき

Keyword: Erreur a la lecture du fichier de configuration %s 
Fr: Erreur lors de la lecture de fichier de configuration
En: Error when reading configuration file
Ja: 構成ファイルの読み取り時のエラー
Fr_raw: Erreur lors de la lecture de fichier de configuration
En_raw: Error when reading configuration file
Ja_raw: 構成ファイルの読み取り時のエラー

Keyword: Erreur lors de l'evaluation du fichier inclus
Fr: Erreur lors de la lecture du fichier « include »
En: Error when reading the 'include' file
Ja: '' を含むファイルの読み取り時のエラー
Fr_raw: Erreur lors de la lecture du fichier « include »
En_raw: Error when reading the 'include' file
Ja_raw: '' を含むファイルの読み取り時のエラー

Keyword: Erreur - mot cle facteur de nom : %s
Fr: Error - keyword "mot-clef facteur" nammed : %s
En: Error - keyword "mot-clef facteur" nammed : %s
Ja: エラー - キーワード「キーワード要因」nammed: %s
Fr_raw: Error - keyword "mot-clef facteur" nammed : %s
En_raw: Error - keyword "mot-clef facteur" nammed : %s
Ja_raw: エラー - キーワード「キーワード要因」nammed: %s

Keyword: Horizontal spacing
Fr: Espacement horizontal
En: Horizontal spacing
Ja: 水平方向の間隔
Fr_raw: Espacement horizontal
En_raw: Horizontal spacing
Ja_raw: 水平方向の間隔

Keyword: Vertical spacing
Fr: Espacement vertical
En: Vertical spacing
Ja: 垂直方向の間隔
Fr_raw: Espacement vertical
En_raw: Vertical spacing
Ja_raw: 垂直方向の間隔

Keyword: Stretch
Fr: Etiré
En: Etiré
Ja: 伸縮
Fr_raw: Etiré
En_raw: Etiré
Ja_raw: 伸縮

Keyword: Corps de FORMULE invalide
Fr: Expression non valide pour la FORMULE
En: Invalid expression for FORMULE
Ja: フォーミュラの式が無効です。
Fr_raw: Expression non valide pour la FORMULE
En_raw: Invalid expression for FORMULE
Ja_raw: フォーミュラの式が無効です。

Keyword: Regular expression
Fr: Expression régulière
En: Regular expression
Ja: 正規表現
Fr_raw: Expression régulière
En_raw: Regular expression
Ja_raw: 正規表現

Keyword: JavaScript regular expression
Fr: Expression régulière JavaScript
En: JavaScript regular expression
Ja: JavaScript の正規表現
Fr_raw: Expression régulière JavaScript
En_raw: JavaScript regular expression
Ja_raw: JavaScript の正規表現

Keyword: ASP JavaScript regular expression
Fr: Expression régulière JavaScript ASP
En: Regular expression JavaScript ASP
Ja: Java スクリプトの設定 ASP の正規表現
Fr_raw: Expression régulière JavaScript ASP
En_raw: Regular expression JavaScript ASP
Ja_raw: Java スクリプトの設定 ASP の正規表現

Keyword: Extend selection right one character
Fr: Extension de la sélection d'un caractère vers la droite
En: Extension of the selection of one character to the right
Ja: 右に 1 文字の選択範囲の拡張
Fr_raw: Extension de la sélection d'un caractère vers la droite
En_raw: Extension of the selection of one character to the right
Ja_raw: 右に 1 文字の選択範囲の拡張

Keyword: Extend selection left one character
Fr: Extension de la sélection d'un caractère vers la gauche
En: Extension of the selection of one character to the left
Ja: 左に 1 文字の選択範囲の拡張
Fr_raw: Extension de la sélection d'un caractère vers la gauche
En_raw: Extension of the selection of one character to the left
Ja_raw: 左に 1 文字の選択範囲の拡張

Keyword: Extend selection right one word
Fr: Extension de la sélection d'un mot vers la droite
En: Extension of the selection of one word to the right
Ja: 1 つの単語を右に選択範囲の拡張
Fr_raw: Extension de la sélection d'un mot vers la droite
En_raw: Extension of the selection of one word to the right
Ja_raw: 1 つの単語を右に選択範囲の拡張

Keyword: Extend selection left one word
Fr: Extension de la sélection d'un mot vers la gauche
En: Extension of the selection of one word to the left
Ja: 左に 1 つの単語の選択範囲の拡張
Fr_raw: Extension de la sélection d'un mot vers la gauche
En_raw: Extension of the selection of one word to the left
Ja_raw: 左に 1 つの単語の選択範囲の拡張

Keyword: Extend selection down one paragraph
Fr: Extension de la sélection d'un paragraphe vers le bas
En: Extension of the selection of a paragraph down
Ja: ダウン段落の選択範囲の拡張
Fr_raw: Extension de la sélection d'un paragraphe vers le bas
En_raw: Extension of the selection of a paragraph down
Ja_raw: ダウン段落の選択範囲の拡張

Keyword: Extend selection up one paragraph
Fr: Extension de la sélection d'un paragraphe vers le haut
En: Extension of the selection of a paragraph to the top
Ja: 先頭に段落の選択範囲の拡張
Fr_raw: Extension de la sélection d'un paragraphe vers le haut
En_raw: Extension of the selection of a paragraph to the top
Ja_raw: 先頭に段落の選択範囲の拡張

Keyword: Extend selection down one line
Fr: Extension de la sélection d'une ligne vers le bas
En: Extension of the selection of a row down
Ja: 下の行の選択範囲の拡張
Fr_raw: Extension de la sélection d'une ligne vers le bas
En_raw: Extension of the selection of a row down
Ja_raw: 下の行の選択範囲の拡張

Keyword: Extend selection up one line
Fr: Extension de la sélection d'une ligne vers le haut
En: Extension of the selection of a line upwards
Ja: 上の行の選択範囲の拡張
Fr_raw: Extension de la sélection d'une ligne vers le haut
En_raw: Extension of the selection of a line upwards
Ja_raw: 上の行の選択範囲の拡張

Keyword: Extend selection down one page
Fr: Extension de la sélection d'une page vers le bas
En: Extension of the selection of a page down
Ja: ページの下の選択範囲の拡張
Fr_raw: Extension de la sélection d'une page vers le bas
En_raw: Extension of the selection of a page down
Ja_raw: ページの下の選択範囲の拡張

Keyword: Extend selection up one page
Fr: Extension de la sélection d'une page vers le haut
En: Extension of the selection of a page up
Ja: ページ上の選択範囲の拡張
Fr_raw: Extension de la sélection d'une page vers le haut
En_raw: Extension of the selection of a page up
Ja_raw: ページ上の選択範囲の拡張

Keyword: Extend selection right one word part
Fr: Extension de la sélection d'une part de mot vers la droite
En: Extension of the selection of Word to the right
Ja: 右に単語を選択範囲の拡張
Fr_raw: Extension de la sélection d'une part de mot vers la droite
En_raw: Extension of the selection of Word to the right
Ja_raw: 右に単語を選択範囲の拡張

Keyword: Extend selection left one word part
Fr: Extension de la sélection d'une part de mot vers la gauche
En: Extension of the selection of Word to the left
Ja: 左側の単語の選択の拡張機能
Fr_raw: Extension de la sélection d'une part de mot vers la gauche
En_raw: Extension of the selection of Word to the left
Ja_raw: 左側の単語の選択の拡張機能

Keyword: Extend rectangular selection right one character
Fr: Extension de la sélection rectangulaire d'un caractère vers la droite
En: Extension of the rectangular selection of one character to the right
Ja: 右に 1 文字の矩形の選択範囲の拡張
Fr_raw: Extension de la sélection rectangulaire d'un caractère vers la droite
En_raw: Extension of the rectangular selection of one character to the right
Ja_raw: 右に 1 文字の矩形の選択範囲の拡張

Keyword: Extend rectangular selection left one character
Fr: Extension de la sélection rectangulaire d'un caractère vers la gauche
En: Extension of the rectangular selection of one character to the left
Ja: 1 つの文字を左に矩形の選択範囲の拡張
Fr_raw: Extension de la sélection rectangulaire d'un caractère vers la gauche
En_raw: Extension of the rectangular selection of one character to the left
Ja_raw: 1 つの文字を左に矩形の選択範囲の拡張

Keyword: Extend rectangular selection down one line
Fr: Extension de la sélection rectangulaire d'une ligne vers le bas
En: Extension of the rectangular selection of a line down
Ja: ダウン ラインの矩形の選択範囲の拡張
Fr_raw: Extension de la sélection rectangulaire d'une ligne vers le bas
En_raw: Extension of the rectangular selection of a line down
Ja_raw: ダウン ラインの矩形の選択範囲の拡張

Keyword: Extend rectangular selection up one line
Fr: Extension de la sélection rectangulaire d'une ligne vers le haut
En: Extension of the rectangular selection of a line upwards
Ja: ライン上の矩形の選択範囲の拡張
Fr_raw: Extension de la sélection rectangulaire d'une ligne vers le haut
En_raw: Extension of the rectangular selection of a line upwards
Ja_raw: ライン上の矩形の選択範囲の拡張

Keyword: Extend rectangular selection down one page
Fr: Extension de la sélection rectangulaire d'une page vers le bas
En: Extension of the rectangular selection of a page down
Ja: ページ下の矩形の選択範囲の拡張
Fr_raw: Extension de la sélection rectangulaire d'une page vers le bas
En_raw: Extension of the rectangular selection of a page down
Ja_raw: ページ下の矩形の選択範囲の拡張

Keyword: Extend rectangular selection up one page
Fr: Extension de la sélection rectangulaire d'une page vers le haut
En: Extension of the rectangular selection of a page up
Ja: ページ上の矩形の選択範囲の拡張
Fr_raw: Extension de la sélection rectangulaire d'une page vers le haut
En_raw: Extension of the rectangular selection of a page up
Ja_raw: ページ上の矩形の選択範囲の拡張

Keyword: Parameter expansion
Fr: Extension de paramètre
En: Parameter extension
Ja: パラメーターの拡張
Fr_raw: Extension de paramètre
En_raw: Parameter extension
Ja_raw: パラメーターの拡張

Keyword: Prism quadrangles
Fr: Extruder des quadrangles
En: Extrude quadrangles
Ja: 四角形の押し出し
Fr_raw: Extruder des quadrangles
En_raw: Extrude quadrangles
Ja_raw: 四角形の押し出し

Keyword: Prism Quadrangles
Fr: Extruder quadrangles
En: Extrude Quadrangles
Ja: 四角形の押出機
Fr_raw: Extruder quadrangles
En_raw: Extrude Quadrangles
Ja_raw: 四角形の押出機

Keyword: Execution
Fr: Exécutez
En: Run
Ja: 実行
Fr_raw: Exécutez
En_raw: Run
Ja_raw: 実行

Keyword: GEOM_FACE
Fr: Face
En: Face
Ja: Face
Fr_raw: Face
En_raw: Face
Ja_raw: Face

Keyword: GEOMFACE
Fr: Face Geom
En: Geom Face
Ja: 顔 Geom
Fr_raw: Face Geom
En_raw: Geom Face
Ja_raw: 顔 Geom

Keyword: Faux
Fr: Faux
En: False
Ja: False
Fr_raw: Faux
En_raw: False
Ja_raw: False

Keyword: Window
Fr: Fenêtre
En: Window
Ja: ウィンドウ
Fr_raw: Fenêtre
En_raw: Window
Ja_raw: ウィンドウ

Keyword: File dialog
Fr: Fenêtre de dialogue de fichiers
En: File dialog window
Ja: ファイル ダイアログ ウィンドウ
Fr_raw: Fenêtre de dialogue de fichiers
En_raw: File dialog window
Ja_raw: ファイル ダイアログ ウィンドウ

Keyword: MainWindow
Fr: Fenêtre principale
En: Main Window
Ja: メイン ウィンドウ
Fr_raw: Fenêtre principale
En_raw: Main Window
Ja_raw: メイン ウィンドウ

Keyword: &Close
Fr: Fermer
En: Close(F)
Ja: 閉じる
Fr_raw: &Fermer
En_raw: Close(&F)
Ja_raw: 閉じる(&F)
Fr_Option_Text: (&F)
En_Option_Text: (&F)
Ja_Option_Text: (&F)

Keyword: Close remaining views
Fr: Fermer les vues restantes
En: Close the remaining views
Ja: 残りのビューを閉じる
Fr_raw: Fermer les vues restantes
En_raw: Close the remaining views
Ja_raw: 残りのビューを閉じる

Keyword: Fichier
Fr: Fichier
En: File
Ja: ファイル
Fr_raw: Fichier
En_raw: File
Ja_raw: ファイル

Keyword: Le fichier <b>%s</b> est deja ouvert.
Fr: Fichier <b>%s</b> est déjà ouvert.
En: File  <b>%s</b> is already open.
Ja: ファイル<b>%s</b>は既に開いています。
Fr_raw: Fichier <b>%s</b> est déjà ouvert.
En_raw: File  <b>%s</b> is already open.
Ja_raw: ファイル<b>%s</b>は既に開いています。

Keyword: Fichier Include
Fr: Fichier INCLUDE
En: INCLUDE File
Ja: インクルード ファイル
Fr_raw: Fichier INCLUDE
En_raw: INCLUDE File
Ja_raw: インクルード ファイル

Keyword: Fichier Catalogue 
Fr: Fichier catalogue
En: Catalog File
Ja: カタログ ファイル
Fr_raw: Fichier catalogue
En_raw: Catalog File
Ja_raw: カタログ ファイル

Keyword: Fichier pour unite 
Fr: Fichier d'unité
En: File for unit 
Ja: ユニット用のファイル
Fr_raw: Fichier d'unité
En_raw: File for unit 
Ja_raw: ユニット用のファイル

Keyword: Fichier catalogue (chemin complet) :
Fr: Fichier de catalogue (chemin complet) :
En: Catalog File (complete path):
Ja: カタログ ファイル (完全なパス):
Fr_raw: Fichier de catalogue (chemin complet) :
En_raw: Catalog File (complete path):
Ja_raw: カタログ ファイル (完全なパス):

Keyword: Fichier Résultat
Fr: Fichier de résultat
En: Result File
Ja: 結果ファイル
Fr_raw: Fichier de résultat
En_raw: Result File
Ja_raw: 結果ファイル

Keyword: Fichier Inc
Fr: Fichier include
En: Include File
Ja: インクルード ファイル
Fr_raw: Fichier include
En_raw: Include File
Ja_raw: インクルード ファイル

Keyword: Le Fichier  n existe pas. Voulez-vous supprimer cette version ?
Fr: Fichier n'existe pas. N'yoy veux supprimer cette version ?
En: File does not exist. Do yoy want to suppress this version ?
Ja: ファイルが存在しません。このバージョンを抑制する必要は前年同期比？
Fr_raw: Fichier n'existe pas. N'yoy veux supprimer cette version ?
En_raw: File does not exist. Do yoy want to suppress this version ?
Ja_raw: ファイルが存在しません。このバージョンを抑制する必要は前年同期比？

Keyword: Fichier modifie  : %s
Fr: Fichier se modifie : %s
En: File is modifies : %s
Ja: ファイルが変更されます: %s
Fr_raw: Fichier se modifie : %s
En_raw: File is modifies : %s
Ja_raw: ファイルが変更されます: %s

Keyword: Fichier Source
Fr: Fichier source
En: Source File
Ja: ソース ファイル
Fr_raw: Fichier source
En_raw: Source File
Ja_raw: ソース ファイル

Keyword: Fichier Traduit : %s\n\n
Fr: Fichier traduit : %s
En: Translated file : %s
Ja: 翻訳済みファイル: %s
Fr_raw: Fichier traduit : %s
En_raw: Translated file : %s
Ja_raw: 翻訳済みファイル: %s

Keyword: &Fichier
Fr: Fichier(F)
En: File
Ja: ファイル
Fr_raw: Fichier(&F)
En_raw: &File
Ja_raw: ファイル(&F)
Fr_Option_Text: (&F)
En_Option_Text: (&F)
Ja_Option_Text: (&F)

Keyword: XML_FILES_FILTER
Fr: Fichiers XML
En: XML Files
Ja: XML ファイル
Fr_raw: Fichiers XML
En_raw: XML Files
Ja_raw: XML ファイル

Keyword: XML-Files (*.xml);;All Files (*)
Fr: Fichiers XML (*.xml);;Tous les fichiers (*)
En: XML files (*.xml);All files (*)
Ja: XML ファイル (*.xml);すべてのファイル (*)
Fr_raw: Fichiers XML (*.xml);;Tous les fichiers (*)
En_raw: XML files (*.xml);All files (*)
Ja_raw: XML ファイル (*.xml);すべてのファイル (*)

Keyword: Images Files (*.bmp *.png *.jpg *.jpeg *.gif *.tiff)
Fr: Fichiers images (*.bmp *.png *.jpg *.jpeg *.gif *.tiff)
En: Image (*.bmp *.png *.jpg *.jpeg *.gif, *.TIFF) files
Ja: ファイル (*.bmp *.png *.jpg *.jpeg *.gif、※ .tiff)
Fr_raw: Fichiers images (*.bmp *.png *.jpg *.jpeg *.gif *.tiff)
En_raw: Image (*.bmp *.png *.jpg *.jpeg *.gif, *.TIFF) files
Ja_raw: ファイル (*.bmp *.png *.jpg *.jpeg *.gif、※ .tiff)

Keyword: Le fichier ne sera pas sauvegarde.
Fr: Fichiers ne seront pas enregistrées.
En: File will not be saved.
Ja: ファイルは保存されません。
Fr_raw: Fichiers ne seront pas enregistrées.
En_raw: File will not be saved.
Ja_raw: ファイルは保存されません。

Keyword: Filtre
Fr: Filtre
En: Filter
Ja: フィルター
Fr_raw: Filtre
En_raw: Filter
Ja_raw: フィルター

Keyword: End of an XML fragment
Fr: Fin de block XML
En: End of block XML
Ja: XML ブロックの終わり
Fr_raw: Fin de block XML
En_raw: End of block XML
Ja_raw: XML ブロックの終わり

Keyword: Basic functions
Fr: Fonctions de base
En: Basic functions
Ja: 基本的な機能
Fr_raw: Fonctions de base
En_raw: Basic functions
Ja_raw: 基本的な機能

Keyword: Predefined functions
Fr: Fonctions prédéfinies
En: Predefined functions
Ja: 定義済みの関数
Fr_raw: Fonctions prédéfinies
En_raw: Predefined functions
Ja_raw: 定義済みの関数

Keyword: String, table and maths functions
Fr: Fonctions sur les chaines, tables et fonctions math
En: Functions on strings, tables and functions math
Ja: 文字列、テーブルおよび関数の数学上の関数
Fr_raw: Fonctions sur les chaines, tables et fonctions math
En_raw: Functions on strings, tables and functions math
Ja_raw: 文字列、テーブルおよび関数の数学上の関数

Keyword: Dark
Fr: Foncé
En: Dark
Ja: 暗い
Fr_raw: Foncé
En_raw: Dark
Ja_raw: 暗い

Keyword: Format de sortie : %s, non supporte
Fr: Format non pris en charge %s
En: Unsupported format  %s
Ja: サポートされていないフォーマット %s
Fr_raw: Format non pris en charge %s
En_raw: Unsupported format  %s
Ja_raw: サポートされていないフォーマット %s

Keyword: Definition Formule
Fr: Formule
En: Formula
Ja: 数式
Fr_raw: Formule
En_raw: Formula
Ja_raw: 数式

Keyword: LEVEL_STRONG
Fr: Fort
En: Strong
Ja: 砦
Fr_raw: Fort
En_raw: Strong
Ja_raw: 砦

Keyword: Forward
Fr: Foward
En: Foward
Ja: フォワード
Fr_raw: Foward
En_raw: Foward
Ja_raw: フォワード

Keyword: Border bottom
Fr: Frontière de dessous
En: Bottom border
Ja: 下罫線
Fr_raw: Frontière de dessous
En_raw: Bottom border
Ja_raw: 下罫線

Keyword: Tab border bottom
Fr: Frontière de dessous de l'onglet
En: Border of the tab below
Ja: タブを下の枠線
Fr_raw: Frontière de dessous de l'onglet
En_raw: Border of the tab below
Ja_raw: タブを下の枠線

Keyword: Border top
Fr: Frontière de dessus
En: Top border
Ja: 上罫線
Fr_raw: Frontière de dessus
En_raw: Top border
Ja_raw: 上罫線

Keyword: Tab border top
Fr: Frontière de dessus de l'onglet
En: Top of the tab border
Ja: タブの境界線の上部
Fr_raw: Frontière de dessus de l'onglet
En_raw: Top of the tab border
Ja_raw: タブの境界線の上部

Keyword: Anti-aliased borders
Fr: Frontières anticrénelées
En: Aliased borders
Ja: Anticrenelees 罫線
Fr_raw: Frontières anticrénelées
En_raw: Aliased borders
Ja_raw: Anticrenelees 罫線

Keyword: Merge
Fr: Fusionner
En: Merge
Ja: 差し込み印刷
Fr_raw: Fusionner
En_raw: Merge
Ja_raw: 差し込み印刷

Keyword: B
Fr: G
En: G
Ja: B　(太字)
Fr_raw: G
En_raw: G
Ja_raw: B　(太字)

Keyword: GEOMSHAPE
Fr: Geométrie
En: Geom Shape
Ja: Geométrie
Fr_raw: Geométrie
En_raw: Geom Shape
Ja_raw: Geométrie

Keyword: UNKNOWN_GEOMETRY
Fr: Geométrie inconnue!
En: Unknown Geometry!
Ja: 不明なジオメトリは ！
Fr_raw: Geométrie inconnue!
En_raw: Unknown Geometry!
Ja_raw: 不明なジオメトリは ！

Keyword: GRAPHICS_VIEW_TITLE
Fr: Graphique scène:%M - visualisation:%V
En: Graphics scene:%M - viewer:%V
Ja: グラフの段階: %M - 可視化: %V
Fr_raw: Graphique scène:%M - visualisation:%V
En_raw: Graphics scene:%M - viewer:%V
Ja_raw: グラフの段階: %M - 可視化: %V

Keyword: GROUP
Fr: Groupe
En: Group
Ja: グループ
Fr_raw: Groupe
En_raw: Group
Ja_raw: グループ

Keyword: GROUP REMOVED
Fr: Groupe supprimé
En: Group removed
Ja: 削除されたグループ
Fr_raw: Groupe supprimé
En_raw: Group removed
Ja_raw: 削除されたグループ

Keyword: TREE_ITEM_GROUP
Fr: Groupes
En: Groups
Ja: グループ
Fr_raw: Groupes
En_raw: Groups
Ja_raw: グループ

Keyword: Hexotic_IGNORE_RIDGES
Fr: Générer des maillages lisses sans crête
En: Generate smooth meshes no ridges
Ja: 尾根のない滑らかなメッシュを生成します。
Fr_raw: Générer des maillages lisses sans crête
En_raw: Generate smooth meshes no ridges
Ja_raw: 尾根のない滑らかなメッシュを生成します。

Keyword: Hexotic_SD_MODE_4
Fr: Géométries "non-manifold"
En: Non-manifold geometries
Ja: ジオメトリ「マニホールド」
Fr_raw: Géométries "non-manifold"
En_raw: Non-manifold geometries
Ja_raw: ジオメトリ「マニホールド」

Keyword: TREE_ITEM_EXPSHAPE
Fr: Géométries explicites
En: Explicit geometries
Ja: 明示的なジオメトリ
Fr_raw: Géométries explicites
En_raw: Explicit geometries
Ja_raw: 明示的なジオメトリ

Keyword: TREE_ITEM_IMPSHAPE
Fr: Géométries implicites
En: Implicit geometries
Ja: 暗黙的なジオメトリ
Fr_raw: Géométries implicites
En_raw: Implicit geometries
Ja_raw: 暗黙的なジオメトリ

Keyword: HEXABLOCK_HYPOTHESIS
Fr: HEXABLOCK
En: HEXABLOCK
Ja: HEXABLOCK
Fr_raw: HEXABLOCK
En_raw: HEXABLOCK
Ja_raw: HEXABLOCK

Keyword: HTML default
Fr: HTML par défaut
En: Default HTML
Ja: 既定の HTML
Fr_raw: HTML par défaut
En_raw: Default HTML
Ja_raw: 既定の HTML

Keyword: Hash
Fr: Hashage
En: Hashage
Ja: Hashage
Fr_raw: Hashage
En_raw: Hashage
Ja_raw: Hashage

Keyword: HEXA_INFO
Fr: HexaBlock
En: HexaBlock
Ja: HexaBlock
Fr_raw: HexaBlock
En_raw: HexaBlock
Ja_raw: HexaBlock

Keyword: HEXA
Fr: Hexaèdre
En: Hexahedron
Ja: 六面体
Fr_raw: Hexaèdre
En_raw: Hexahedron
Ja_raw: 六面体

Keyword: TREE_ITEM_HEXA
Fr: Hexaèdres
En: Hexahedra
Ja: 六面体
Fr_raw: Hexaèdres
En_raw: Hexahedra
Ja_raw: 六面体

Keyword: Hexotic_3D_HYPOTHESIS
Fr: Hexotic 3D
En: Hexotic 3D
Ja: Hexotic 3D
Fr_raw: Hexotic 3D
En_raw: Hexotic 3D
Ja_raw: Hexotic 3D

Keyword: Horizontal
Fr: Horizontal
En: 
Ja: 
Fr_raw: Horizontal
En_raw: 
Ja_raw: 

Keyword: I
Fr: I
En: 
Ja: 
Fr_raw: I
En_raw: 
Ja_raw: 

Keyword: ID selector
Fr: ID
En: ID
Ja: ID
Fr_raw: ID
En_raw: ID
Ja_raw: ID

Keyword: Predefined identifiers
Fr: Identifiants prédéfinis
En: Predefined IDs
Ja: 定義済みの Id
Fr_raw: Identifiants prédéfinis
En_raw: Predefined IDs
Ja_raw: 定義済みの Id

Keyword: Identifier
Fr: Identificateur
En: Identifier
Ja: 識別子
Fr_raw: Identificateur
En_raw: Identifier
Ja_raw: 識別子

Keyword: Python identifier
Fr: Identificateur Python
En: Python identifier
Ja: Python 識別子
Fr_raw: Identificateur Python
En_raw: Python identifier
Ja_raw: Python 識別子

Keyword: ASP Python identifier
Fr: Identificateur Python ASP
En: Identificateur Python ASP
Ja: Identificateur パイソン ASP
Fr_raw: Identificateur Python ASP
En_raw: Identificateur Python ASP
Ja_raw: Identificateur パイソン ASP

Keyword: VBScript identifier
Fr: Identificateur VBScript
En: Identificateur VBScript
Ja: Identificateur VBScript
Fr_raw: Identificateur VBScript
En_raw: Identificateur VBScript
Ja_raw: Identificateur VBScript

Keyword: ASP VBScript identifier
Fr: Identificateur VBScript ASP
En: Identificateur VBScript ASP
Ja: Identificateur VBScript ASP
Fr_raw: Identificateur VBScript ASP
En_raw: Identificateur VBScript ASP
Ja_raw: Identificateur VBScript ASP

Keyword: Directory \"%1\" can't be created because file with the same name exist
Fr: Il est impossible de créer le répertoire \"%1\" parce qu'un fichier avec ce nom existe déjà
En: It is impossible to create the directory \"%1\ ' because a file with this name already exists"
Ja: \"%1\" ディレクトリを作成することが可能である "この名前のファイルが既に存在するため"
Fr_raw: Il est impossible de créer le répertoire \"%1\" parce qu'un fichier avec ce nom existe déjà
En_raw: It is impossible to create the directory \"%1\ ' because a file with this name already exists"
Ja_raw: \"%1\" ディレクトリを作成することが可能である "この名前のファイルが既に存在するため"

Keyword: un fichier de commandes doit etre defini avant une poursuite %s
Fr: Il faut définir le fichier de commandes principal avant un fichier secondaire (poursuite) %s
En: You have to define principal commands file before a secondary (poursuite) file %s
Ja: セカンダリ (poursuite) ファイル %s の前に主なコマンド ファイルを定義する必要があります。
Fr_raw: Il faut définir le fichier de commandes principal avant un fichier secondaire (poursuite) %s
En_raw: You have to define principal commands file before a secondary (poursuite) file %s
Ja_raw: セカンダリ (poursuite) ファイル %s の前に主なコマンド ファイルを定義する必要があります。

Keyword: un fichier de commandes doit etre defini avant un include %s
Fr: Il faut définir le fichier de commandes principales incluent avant %s
En: You have to define principal commands file before include %s
Ja: 主なコマンド ファイルを定義する必要がある前に %s があります
Fr_raw: Il faut définir le fichier de commandes principales incluent avant %s
En_raw: You have to define principal commands file before include %s
Ja_raw: 主なコマンド ファイルを定義する必要がある前に %s があります

Keyword: HEXABLOCK_PERMISSION_DENIED
Fr: Il n'est pas possible d'écrire dans le répertoire
En: Working directory is not writable
Ja: ディレクトリを作成することはできません。
Fr_raw: Il n'est pas possible d'écrire dans le répertoire
En_raw: Working directory is not writable
Ja_raw: ディレクトリを作成することはできません。

Keyword: Image
Fr: Image
En: 
Ja: 
Fr_raw: Image
En_raw: 
Ja_raw: 

Keyword: Important
Fr: Important
En: 
Ja: 
Fr_raw: Important
En_raw: 
Ja_raw: 

Keyword: &Importer
Fr: Importer(I)
En: Import
Ja: インポート
Fr_raw: Importer(&I)
En_raw: &Import
Ja_raw: インポート(&I)
Fr_Option_Text: (&I)
En_Option_Text: (&I)
Ja_Option_Text: (&I)

Keyword: La PDF de la loi ne peut pas etre affichee.
Fr: Impossible d'afficher la loi s PDF.
En: unable to display law's PDF.
Ja: 法律を表示することができるのではない PDF。
Fr_raw: Impossible d'afficher la loi s PDF.
En_raw: unable to display law's PDF.
Ja_raw: 法律を表示することができるのではない PDF。

Keyword: Impossibilite d'afficher le Fichier
Fr: Impossible d'afficher le fichier
En: Unable to display file
Ja: ファイルを表示することができません。
Fr_raw: Impossible d'afficher le fichier
En_raw: Unable to display file
Ja_raw: ファイルを表示することができません。

Keyword: CANNOT ADD LAW
Fr: Impossible d'ajouter la loi
En: Cannot add law
Ja: 行為を追加することはできません。
Fr_raw: Impossible d'ajouter la loi
En_raw: Cannot add law
Ja_raw: 行為を追加することはできません。

Keyword: CANNOT ADD CYLINDER
Fr: Impossible d'ajouter le cylindre
En: Cannot add cylinder
Ja: シリンダーを追加できません。
Fr_raw: Impossible d'ajouter le cylindre
En_raw: Cannot add cylinder
Ja_raw: シリンダーを追加できません。

Keyword: CANNOT ADD GROUP
Fr: Impossible d'ajouter le groupe
En: Cannot add group
Ja: グループを追加できません。
Fr_raw: Impossible d'ajouter le groupe
En_raw: Cannot add group
Ja_raw: グループを追加できません。

Keyword: Impossible d ajouter la commande
Fr: Impossible d'ajouter le mot clé (commande)
En: unable to add the keyword (commande)
Ja: キーワード (commande) を追加することができません。
Fr_raw: Impossible d'ajouter le mot clé (commande)
En_raw: unable to add the keyword (commande)
Ja_raw: キーワード (commande) を追加することができません。

Keyword: CANNOT ADD PIPE
Fr: Impossible d'ajouter le tuyau
En: Cannot add pipe
Ja: パイプを追加することはできません。
Fr_raw: Impossible d'ajouter le tuyau
En_raw: Cannot add pipe
Ja_raw: パイプを追加することはできません。

Keyword: CANNOT SET PROPAGATION
Fr: Impossible d'appliquer la propagation
En: Cannot set propagation
Ja: 普及を適用できません。
Fr_raw: Impossible d'appliquer la propagation
En_raw: Cannot set propagation
Ja_raw: 普及を適用できません。

Keyword: CANNOT MAKE EDGE ASSOCIATION
Fr: Impossible d'associer les arêtes
En: Cannot make edge association
Ja: エッジを関連付けることができません。
Fr_raw: Impossible d'associer les arêtes
En_raw: Cannot make edge association
Ja_raw: エッジを関連付けることができません。

Keyword: CANNOT MAKE QUAD ASSOCIATION
Fr: Impossible d'associer les faces
En: Cannot make quad association
Ja: 顔を関連付けることはできません。
Fr_raw: Impossible d'associer les faces
En_raw: Cannot make quad association
Ja_raw: 顔を関連付けることはできません。

Keyword: CANNOT MAKE VERTEX ASSOCIATION
Fr: Impossible d'associer les sommets
En: Cannot make vertex association
Ja: サミットを関連付けることができません。
Fr_raw: Impossible d'associer les sommets
En_raw: Cannot make vertex association
Ja_raw: サミットを関連付けることができません。

Keyword: CANNOT MAKE QUAD REVOLUTION
Fr: Impossible d'effectuer la révolution
En: Cannot make revolution
Ja: 革命を実行できません。
Fr_raw: Impossible d'effectuer la révolution
En_raw: Cannot make revolution
Ja_raw: 革命を実行できません。

Keyword: CANNOT PRISM QUAD(S)
Fr: Impossible d'extruder le(s) quadrangle(s)
En: Cannot extrude quadrangle(s)
Ja: 四角形 （s） を押し出すことができません。
Fr_raw: Impossible d'extruder le(s) quadrangle(s)
En_raw: Cannot extrude quadrangle(s)
Ja_raw: 四角形 （s） を押し出すことができません。

Keyword: Execution impossible 
Fr: Impossible d'exécuter
En: Unable to execute
Ja: 実行できません。
Fr_raw: Impossible d'exécuter
En_raw: Unable to execute
Ja_raw: 実行できません。

Keyword: impossible d executer la methode 
Fr: Impossible d'exécuter la fonction
En: unable to excute the fonction 
Ja: すばやく、fonction をできません。
Fr_raw: Impossible d'exécuter la fonction
En_raw: unable to excute the fonction 
Ja_raw: すばやく、fonction をできません。

Keyword: impossible d'ouvrir 
Fr: Impossible d'ouvrir
En: unable to open
Ja: 開けません。
Fr_raw: Impossible d'ouvrir
En_raw: unable to open
Ja_raw: 開けません。

Keyword: Impossible d'ouvrir le fichier %s
Fr: Impossible d'ouvrir le fichier %s
En: unable to open file %s
Ja: ファイル %s を開けません。
Fr_raw: Impossible d'ouvrir le fichier %s
En_raw: unable to open file %s
Ja_raw: ファイル %s を開けません。

Keyword: Impossible d'ouvrir le fichier : %s
Fr: Impossible d'ouvrir le fichier : %s
En: unable to open file: %s
Ja: ファイルを開けません: %s
Fr_raw: Impossible d'ouvrir le fichier : %s
En_raw: unable to open file: %s
Ja_raw: ファイルを開けません: %s

Keyword: Impossible d'importer le catalogue 
Fr: Impossible de charger le catalogue
En: unable to load catalog
Ja: カタログを読み込めませんでした。
Fr_raw: Impossible de charger le catalogue
En_raw: unable to load catalog
Ja_raw: カタログを読み込めませんでした。

Keyword: CANNOT BUILD EDGE
Fr: Impossible de construire l'arête
En: Cannot build edge
Ja: 端をビルドできません。
Fr_raw: Impossible de construire l'arête
En_raw: Cannot build edge
Ja_raw: 端をビルドできません。

Keyword: CANNOT BUILD HEXA
Fr: Impossible de construire l'hexaèdre
En: Cannot build hexahedra
Ja: 六面体をビルドできません。
Fr_raw: Impossible de construire l'hexaèdre
En_raw: Cannot build hexahedra
Ja_raw: 六面体をビルドできません。

Keyword: CANNOT BUILD QUAD
Fr: Impossible de construire le quadrangle
En: Cannot build quadrangle
Ja: 四角形をビルドできません。
Fr_raw: Impossible de construire le quadrangle
En_raw: Cannot build quadrangle
Ja_raw: 四角形をビルドできません。

Keyword: Le fichier de commande n'a pas pu etre converti pour etre editable par Eficas\n\n
Fr: Impossible de convertir le fichier .comm afin de l'ouvrir avec Eficas
En: unable to convert .comm file in order to open it with Eficas
Ja: .comm ファイル Eficas を開くために変換できません。
Fr_raw: Impossible de convertir le fichier .comm afin de l'ouvrir avec Eficas
En_raw: unable to convert .comm file in order to open it with Eficas
Ja_raw: .comm ファイル Eficas を開くために変換できません。

Keyword: Impossible de convertir le fichier Python qui doit contenir des erreurs.\n\n                                  On retourne le fichier non converti. Prevenir la maintenance.\n\n %s
Fr: Impossible de convertir le fichier. Il contient probablement erreur demande eficas équipes %s
En: Unable to translate the file. it probably contains mistake\nask eficas team\n%s
Ja: ファイルを変換できません。それはおそらく間違いが含まれています eficas チーム %s を求める
Fr_raw: Impossible de convertir le fichier. Il contient probablement erreur demande eficas équipes %s
En_raw: Unable to translate the file. it probably contains mistake\nask eficas team\n%s
Ja_raw: ファイルを変換できません。それはおそらく間違いが含まれています eficas チーム %s を求める

Keyword: Copie impossible
Fr: Impossible de copier
En: unable to copy
Ja: コピーできません。
Fr_raw: Impossible de copier
En_raw: unable to copy
Ja_raw: コピーできません。

Keyword: Copie impossible a cet endroit
Fr: Impossible de copier ici
En: unable to copy here
Ja: ここにコピーすることができません。
Fr_raw: Impossible de copier ici
En_raw: unable to copy here
Ja_raw: ここにコピーすることができません。

Keyword: CANNOT CUT EDGE
Fr: Impossible de couper l'arête
En: Cannot cut edge
Ja: エッジをカットすることはできません。
Fr_raw: Impossible de couper l'arête
En_raw: Cannot cut edge
Ja_raw: エッジをカットすることはできません。

Keyword: CANNOT MAKE RIND
Fr: Impossible de créer l'hémisphère
En: Cannot make hemisphere
Ja: 半球を作成できません。
Fr_raw: Impossible de créer l'hémisphère
En_raw: Cannot make hemisphere
Ja_raw: 半球を作成できません。

Keyword: CANNOT MAKE GRID
Fr: Impossible de créer la grille
En: Cannot make grid
Ja: グリッドを作成することができません。
Fr_raw: Impossible de créer la grille
En_raw: Cannot make grid
Ja_raw: グリッドを作成することができません。

Keyword: CANNOT MAKE CYLINDER
Fr: Impossible de créer le cylindre
En: Cannot make cylinder
Ja: シリンダーを作成できません。
Fr_raw: Impossible de créer le cylindre
En_raw: Cannot make cylinder
Ja_raw: シリンダーを作成できません。

Keyword: Impossible de construire le jeu de commandes correspondant au fichier
Fr: Impossible de créer le jdc correspondant au fichier
En: unable to create the jdc corresponding to the file
Ja: ファイルに対応する jdc を作成できません。
Fr_raw: Impossible de créer le jdc correspondant au fichier
En_raw: unable to create the jdc corresponding to the file
Ja_raw: ファイルに対応する jdc を作成できません。

Keyword: Creation du repertoire %s impossible\n Verifiez vos droits d'acces
Fr: Impossible de créer le répertoire : Vérifiez vos droits d'accès
En: Unable to create directory : check your access rights
Ja: ディレクトリを作成できません: アクセス権を確認してください
Fr_raw: Impossible de créer le répertoire : Vérifiez vos droits d'accès
En_raw: Unable to create directory : check your access rights
Ja_raw: ディレクトリを作成できません: アクセス権を確認してください

Keyword: CANNOT MAKE PIPE
Fr: Impossible de créer le tuyau
En: Cannot make pipe
Ja: パイプを作成できません。
Fr_raw: Impossible de créer le tuyau
En_raw: Cannot make pipe
Ja_raw: パイプを作成できません。

Keyword: CANNOT BUILD VECTOR
Fr: Impossible de créer le vecteur
En: Cannot build vector
Ja: ベクトルを作成することはできません。
Fr_raw: Impossible de créer le vecteur
En_raw: Cannot build vector
Ja_raw: ベクトルを作成することはできません。

Keyword: CANNOT MAKE CYLINDERS
Fr: Impossible de créer les cylindres
En: Cannot make cylinders
Ja: シリンダーを作成できません。
Fr_raw: Impossible de créer les cylindres
En_raw: Cannot make cylinders
Ja_raw: シリンダーを作成できません。

Keyword: CANNOT MAKE PIPES
Fr: Impossible de créer les tuyaux
En: Cannot make pipes
Ja: パイプを作成できません。
Fr_raw: Impossible de créer les tuyaux
En_raw: Cannot make pipes
Ja_raw: パイプを作成できません。

Keyword: CANNOT DISCONNECT
Fr: Impossible de déconnecter
En: Cannot disconnect
Ja: 接続を切断できません。
Fr_raw: Impossible de déconnecter
En_raw: Cannot disconnect
Ja_raw: 接続を切断できません。

Keyword: CANNOT MERGE
Fr: Impossible de fusionner
En: Cannot merge
Ja: マージすることはできません。
Fr_raw: Impossible de fusionner
En_raw: Cannot merge
Ja_raw: マージすることはできません。

Keyword: CANNOT JOIN QUAD(S)
Fr: Impossible de joindre les quadrangles
En: Cannot join quadrangle(s)
Ja: 四角形の上側を添付することはできません。
Fr_raw: Impossible de joindre les quadrangles
En_raw: Cannot join quadrangle(s)
Ja_raw: 四角形の上側を添付することはできません。

Keyword: lecture du fichier impossible :
Fr: Impossible de lire le fichier :
En: unable to read file :
Ja: ファイルを読み取れません。
Fr_raw: Impossible de lire le fichier :
En_raw: unable to read file :
Ja_raw: ファイルを読み取れません。

Keyword: Impossible de relire le fichier %s\n 
Fr: Impossible de lire le fichier : %s
En: unable to read file : %s\n
Ja: ファイルを読み取れません: %s
Fr_raw: Impossible de lire le fichier : %s
En_raw: unable to read file : %s\n
Ja_raw: ファイルを読み取れません: %s

Keyword: Impossible de lire le fichier : Format inconnu
Fr: Impossible de lire le fichier : format non pris en charge
En: Unable to read file : unsupported format
Ja: ファイルを読み取れません: サポートされていないフォーマット
Fr_raw: Impossible de lire le fichier : format non pris en charge
En_raw: Unable to read file : unsupported format
Ja_raw: ファイルを読み取れません: サポートされていないフォーマット

Keyword: CANNOT REPLACE HEXA
Fr: Impossible de remplacer l'hexaèdre
En: Cannot replace hexahedra
Ja: 六面体を置き換えることができません。
Fr_raw: Impossible de remplacer l'hexaèdre
En_raw: Cannot replace hexahedra
Ja_raw: 六面体を置き換えることができません。

Keyword: Une formule ne peut retourner une valeur de type : %s
Fr: Impossible de retourner une valeur du type : %s
En: impossible to return a value of type : %s
Ja: 型の値を返すことは不可能: %s
Fr_raw: Impossible de retourner une valeur du type : %s
En_raw: impossible to return a value of type : %s
Ja_raw: 型の値を返すことは不可能: %s

Keyword: CANNOT MAKE TRANSFORMATION
Fr: Impossible de réaliser la symétrie
En: Cannot make symmetry
Ja: 対称性を達成することは不可能
Fr_raw: Impossible de réaliser la symétrie
En_raw: Cannot make symmetry
Ja_raw: 対称性を達成することは不可能

Keyword: CANNOT MAKE TRANSFORMATION
Fr: Impossible de réaliser la transformation
En: Cannot make transformation
Ja: 対称性を達成することは不可能
Fr_raw: Impossible de réaliser la transformation
En_raw: Cannot make transformation
Ja_raw: 対称性を達成することは不可能

Keyword: CANNOT REMOVE %1
Fr: Impossible de supprimer %1
En: Cannot remove %1
Ja: %1 を削除できませんでした。
Fr_raw: Impossible de supprimer %1
En_raw: Cannot remove %1
Ja_raw: %1 を削除できませんでした。

Keyword: Impossible de supprimer ce mot-clef
Fr: Impossible de supprimer ce mot clé
En: unable to delete this keyword
Ja: このキーワードを削除することができません。
Fr_raw: Impossible de supprimer ce mot clé
En_raw: unable to delete this keyword
Ja_raw: このキーワードを削除することができません。

Keyword: CANNOT REMOVE HEXA
Fr: Impossible de supprimer l'hexaèdre
En: Cannot remove hexahedra
Ja: 六面体を削除できません。
Fr_raw: Impossible de supprimer l'hexaèdre
En_raw: Cannot remove hexahedra
Ja_raw: 六面体を削除できません。

Keyword: Impossible de supprimer un mot-cle obligatoire 
Fr: Impossible de supprimer la clé obligatoire
En: mandatory keyword cannot be deleted
Ja: 必須キーワードを削除できません。
Fr_raw: Impossible de supprimer la clé obligatoire
En_raw: mandatory keyword cannot be deleted
Ja_raw: 必須キーワードを削除できません。

Keyword: CANNOT REMOVE LAW
Fr: Impossible de supprimer la loi
En: Cannot remove law
Ja: 行為を削除できません。
Fr_raw: Impossible de supprimer la loi
En_raw: Cannot remove law
Ja_raw: 行為を削除できません。

Keyword: CANNOT REMOVE GROUP
Fr: Impossible de supprimer le groupe
En: Cannot remove group
Ja: グループを削除することはできません。
Fr_raw: Impossible de supprimer le groupe
En_raw: Cannot remove group
Ja_raw: グループを削除することはできません。

Keyword: Impossible de supprimer un mot-clef obligatoire 
Fr: Impossible de supprimer un mot clé obligatoire
En: unable to delete a mandatory keyword
Ja: 必須キーワードを削除することができません。
Fr_raw: Impossible de supprimer un mot clé obligatoire
En_raw: unable to delete a mandatory keyword
Ja_raw: 必須キーワードを削除することができません。

Keyword: Impossible de transferer les fichiers requis dans : %s
Fr: Impossible de transférer des fichiers à: %s
En: unable to transfer files to : %s
Ja: ファイルを転送することができません: %s
Fr_raw: Impossible de transférer des fichiers à: %s
En_raw: unable to transfer files to : %s
Ja_raw: ファイルを転送することができません: %s

Keyword: impossible de trouver la commande  
Fr: Impossible de trouver la commande
En: unable to find command
Ja: コマンドが見つかりません。
Fr_raw: Impossible de trouver la commande
En_raw: unable to find command
Ja_raw: コマンドが見つかりません。

Keyword: Impossible de trouver le fichier correspondant a l'unite 
Fr: Impossible de trouver le fichier correspondant à l'unité
En: unable to find file corresponding to unit
Ja: ユニットに対応するファイルが見つかりません。
Fr_raw: Impossible de trouver le fichier correspondant à l'unité
En_raw: unable to find file corresponding to unit
Ja_raw: ユニットに対応するファイルが見つかりません。

Keyword: Impossible de réaliser la vérification de la formule
Fr: Impossible de vérifier la formule
En: unable to verify formula
Ja: 数式を確認することができません。
Fr_raw: Impossible de vérifier la formule
En_raw: unable to verify formula
Ja_raw: 数式を確認することができません。

Keyword: LEVEL_NONE
Fr: Inactif
En: None
Ja: 非アクティブ
Fr_raw: Inactif
En_raw: None
Ja_raw: 非アクティブ

Keyword: Inclined
Fr: Incliné
En: Inclined
Ja: 傾斜
Fr_raw: Incliné
En_raw: Inclined
Ja_raw: 傾斜

Keyword: Indent one level
Fr: Indentation d'un niveau
En: Indentation of a level
Ja: レベルのインデント
Fr_raw: Indentation d'un niveau
En_raw: Indentation of a level
Ja_raw: レベルのインデント

Keyword: Enter new name:
Fr: Indiquer un nouveau nom:
En: Specify a new name:
Ja: 新しい名前を指定します。
Fr_raw: Indiquer un nouveau nom:
En_raw: Specify a new name:
Ja_raw: 新しい名前を指定します。

Keyword: MODEL_INFO
Fr: Info du model
En: Model Information
Ja: 情報モデル
Fr_raw: Info du model
En_raw: Model Information
Ja_raw: 情報モデル

Keyword: Quad Information
Fr: Information du quadrangle
En: Quadrangle information
Ja: 四角形の情報
Fr_raw: Information du quadrangle
En_raw: Quadrangle information
Ja_raw: 四角形の情報

Keyword: Edge Information
Fr: Information sur l'arête
En: Information on the edge
Ja: 端に情報
Fr_raw: Information sur l'arête
En_raw: Information on the edge
Ja_raw: 端に情報

Keyword: Hexahedron Information
Fr: Information sur l'hexaèdre
En: Information on the hexahedron
Ja: については、直方体
Fr_raw: Information sur l'hexaèdre
En_raw: Information on the hexahedron
Ja_raw: については、直方体

Keyword: Propagation Information
Fr: Information sur la propagation
En: Information on the spread
Ja: 展開に関する情報
Fr_raw: Information sur la propagation
En_raw: Information on the spread
Ja_raw: 展開に関する情報

Keyword: Cylinder Information
Fr: Information sur le cylindre
En: Information on the cylinder
Ja: シリンダーに関する情報
Fr_raw: Information sur le cylindre
En_raw: Information on the cylinder
Ja_raw: シリンダーに関する情報

Keyword: Group Information
Fr: Information sur le groupe
En: Information on the Group
Ja: グループに関する情報
Fr_raw: Information sur le groupe
En_raw: Information on the Group
Ja_raw: グループに関する情報

Keyword: Pipe Information
Fr: Information sur le tuyau
En: Information on the pipe
Ja: パイプに関する情報
Fr_raw: Information sur le tuyau
En_raw: Information on the pipe
Ja_raw: パイプに関する情報

Keyword: Vector Information
Fr: Information sur le vecteur
En: The vector information
Ja: ベクトル情報
Fr_raw: Information sur le vecteur
En_raw: The vector information
Ja_raw: ベクトル情報

Keyword: Pre-processor block
Fr: Instructions de pré-processing
En: Pre-processing instructions
Ja: 事前処理命令
Fr_raw: Instructions de pré-processing
En_raw: Pre-processing instructions
Ja_raw: 事前処理命令

Keyword: Insere un commentaire apres la commande 
Fr: Insérer un commentaire après la commande
En: insert a comment after the command
Ja: コマンドの後にコメントを挿入します。
Fr_raw: Insérer un commentaire après la commande
En_raw: insert a comment after the command
Ja_raw: コマンドの後にコメントを挿入します。

Keyword: Insere un commentaire avant la commande 
Fr: Insérer un commentaire avant la commande
En: insert a comment before the command
Ja: コメントを挿入するコマンドの前に
Fr_raw: Insérer un commentaire avant la commande
En_raw: insert a comment before the command
Ja_raw: コメントを挿入するコマンドの前に

Keyword: Insere un parametre
Fr: Insérez un paramètre
En: insert a parameter
Ja: パラメーターを挿入します。
Fr_raw: Insérez un paramètre
En_raw: insert a parameter
Ja_raw: パラメーターを挿入します。

Keyword: Insere un parametre avant la commande 
Fr: Insérez un paramètre avant la commande
En: insert a parameter before the commande
Ja: 前に、commande パラメーターを挿入します。
Fr_raw: Insérez un paramètre avant la commande
En_raw: insert a parameter before the commande
Ja_raw: 前に、commande パラメーターを挿入します。

Keyword:  jdc %(v_1)s manque fichier comm\n                                dans section %(v_2)s
Fr: JDC %s (v1) n'a pas de fichier .comm en ligne de commande %s (v_2)
En: jdc %(v1)s does not have .comm file in command line %(v_2)s
Ja: 日本国土開発 (v1) %s コマンドライン %s (v_2) .comm ファイルを持っていません。
Fr_raw: JDC %s (v1) n'a pas de fichier .comm en ligne de commande %s (v_2)
En_raw: jdc %(v1)s does not have .comm file in command line %(v_2)s
Ja_raw: 日本国土開発 (v1) %s コマンドライン %s (v_2) .comm ファイルを持っていません。

Keyword: jdc %(v_1)s, le fichier de commandes\n                                %(v_2)s n'existe pas
Fr: JDC %s (v1), .comm fichier %s (v_2) ne va pas se terminer
En: jdc %(v1)s , .comm file  %(v_2)s does not exit
Ja: 日本国土開発 (v1) %s .comm ファイル %s (v_2) は終了しません
Fr_raw: JDC %s (v1), .comm fichier %s (v_2) ne va pas se terminer
En_raw: jdc %(v1)s , .comm file  %(v_2)s does not exit
Ja_raw: 日本国土開発 (v1) %s .comm ファイル %s (v_2) は終了しません

Keyword:  jdc %(v_1)s\n                                   fichier include %(v_2)s, %(v_3)s\n                                   n'existe pas
Fr: JDC %s (v_1) incluent le fichier %s (v_2), (v_3) %s n'existe pas
En: jdc %(v_1)s                         include file  %(v_2)s, %(v_3)s does not exist
Ja: 日本国土開発 (v_1) %s ほかファイル %s (v_2)、(v_3) %s が存在しません
Fr_raw: JDC %s (v_1) incluent le fichier %s (v_2), (v_3) %s n'existe pas
En_raw: jdc %(v_1)s                         include file  %(v_2)s, %(v_3)s does not exist
Ja_raw: 日本国土開発 (v_1) %s ほかファイル %s (v_2)、(v_3) %s が存在しません

Keyword: jdc %(v_1)s, le fichier\n                                      de commandes %(v_2)s n'existe pas
Fr: JDC %s (v_1): .comm (v_2) %s n'existe pas
En: jdc %(v_1)s : .comm  %(v_2)s does not exist
Ja: 日本国土開発 (v_1) %s: .comm (v_2) %s が存在しません
Fr_raw: JDC %s (v_1): .comm (v_2) %s n'existe pas
En_raw: jdc %(v_1)s : .comm  %(v_2)s does not exist
Ja_raw: 日本国土開発 (v_1) %s: .comm (v_2) %s が存在しません

Keyword:  jdc %(v_1)s manque\n                                      fichier comm dans section %(v_2)s
Fr: JDC %s (v_1): .comm n'est pas donné pour %s (v_2)
En: jdc %(v_1)s : .comm is not given for %(v_2)s
Ja: 日本国土開発 (v_1) %s: %s (v_2) .comm が与えられていません。
Fr_raw: JDC %s (v_1): .comm n'est pas donné pour %s (v_2)
En_raw: jdc %(v_1)s : .comm is not given for %(v_2)s
Ja_raw: 日本国土開発 (v_1) %s: %s (v_2) .comm が与えられていません。

Keyword:  jdc %s manque option jdc dans section jdc
Fr: JDC %s n'a pas d'option de jdc dans la ligne de commande
En: jdc %s does not have jdc option in command line
Ja: jdc %s コマンド ・ ラインで jdc のオプションを持っていません。
Fr_raw: JDC %s n'a pas d'option de jdc dans la ligne de commande
En_raw: jdc %s does not have jdc option in command line
Ja_raw: jdc %s コマンド ・ ラインで jdc のオプションを持っていません。

Keyword: le JDC doit contenir un et un seul composant
Fr: JDC doit comporter une composante unique
En: JDC must contains a single componant
Ja: 日本国土開発にはする必要があります 1 つのコンポーネントが含まれています
Fr_raw: JDC doit comporter une composante unique
En_raw: JDC must contains a single componant
Ja_raw: 日本国土開発にはする必要があります 1 つのコンポーネントが含まれています

Keyword: le JDC doit etre sauvegarde avant execution
Fr: JDC doit être enregistrée avant course
En: JDC has to be saved before run
Ja: 日本国土開発を実行する前に保存するには
Fr_raw: JDC doit être enregistrée avant course
En_raw: JDC has to be saved before run
Ja_raw: 日本国土開発を実行する前に保存するには

Keyword: le JDC doit etre valide pour une execution MAP
Fr: JDC doit être valide avant course
En: JDC has to be valid before run
Ja: JDC は実行する前に有効である必要があります。
Fr_raw: JDC doit être valide avant course
En_raw: JDC has to be valid before run
Ja_raw: JDC は実行する前に有効である必要があります。

Keyword: Fichiers JDC (*.comm);;Tous les Fichiers (*)
Fr: JDC fichiers (*.comm);Tous les Files(*)
En: JDC Files (*.comm);;All Files(*)
Ja: 日本国土開発ファイル (*.comm);すべての Files(*)
Fr_raw: JDC fichiers (*.comm);Tous les Files(*)
En_raw: JDC Files (*.comm);;All Files(*)
Ja_raw: 日本国土開発ファイル (*.comm);すべての Files(*)

Keyword: Fichiers JDC  (*.comm);;Tous les Fichiers (*)
Fr: JDC files(*.comm) ; Tous les FIles(*)
En: JDC files(*.comm);; All FIles(*)
Ja: 日本国土開発 files(*.comm);すべての FIles(*)
Fr_raw: JDC files(*.comm) ; Tous les FIles(*)
En_raw: JDC files(*.comm);; All FIles(*)
Ja_raw: 日本国土開発 files(*.comm);すべての FIles(*)

Keyword: Fichiers .comm (*.comm);;Tous les  Fichiers (*)
Fr: JDC.comm(*.comm) ;Tous les Files(*)
En: JDC .comm(*.comm);;All Files(*)
Ja: 日本国土開発.comm(*.comm);すべての Files(*)
Fr_raw: JDC.comm(*.comm) ;Tous les Files(*)
En_raw: JDC .comm(*.comm);;All Files(*)
Ja_raw: 日本国土開発.comm(*.comm);すべての Files(*)

Keyword: ASP JavaScript default
Fr: JavaScript ASP par défaut
En: Default ASP JavaScript
Ja: 既定 ASP java スクリプトの設定
Fr_raw: JavaScript ASP par défaut
En_raw: Default ASP JavaScript
Ja_raw: 既定 ASP java スクリプトの設定

Keyword: JavaScript default
Fr: JavaScript par défaut
En: Default JavaScript
Ja: デフォルト java スクリプトの設定
Fr_raw: JavaScript par défaut
En_raw: Default JavaScript
Ja_raw: デフォルト java スクリプトの設定

Keyword: Join quadrangles
Fr: Joindre des quadrangles
En: Join the quadrangles
Ja: 四角形を結合します。
Fr_raw: Joindre des quadrangles
En_raw: Join the quadrangles
Ja_raw: 四角形を結合します。

Keyword: Join quadrangles with hexahedra
Fr: Joindre des quadrangles par des hexaèdres
En: Join quadrangles by the hexahedral
Ja: 四角形、六面体による参加します。
Fr_raw: Joindre des quadrangles par des hexaèdres
En_raw: Join quadrangles by the hexahedral
Ja_raw: 四角形、六面体による参加します。

Keyword: Join Quadrangles
Fr: Joindre quadrangles
En: Join quadrangles
Ja: 四角形を結合します。
Fr_raw: Joindre quadrangles
En_raw: Join quadrangles
Ja_raw: 四角形を結合します。

Keyword: ADD_SHAPE_FAILED
Fr: L'ajout de la géométrie a échoué!
En: Add geometry failed!
Ja: ジオメトリの追加が失敗しました!
Fr_raw: L'ajout de la géométrie a échoué!
En_raw: Add geometry failed!
Ja_raw: ジオメトリの追加が失敗しました!

Keyword: Location \"%1\" doesn't point to file
Fr: L'emplacement \"%1\" ne pointe sur aucun fichier
En: Location \"%1\" does point to any file "
Ja: 場所 \"%1\"は任意のファイルを指しています。
Fr_raw: L'emplacement \"%1\" ne pointe sur aucun fichier
En_raw: Location \"%1\" does point to any file "
Ja_raw: 場所 \"%1\"は任意のファイルを指しています。

Keyword: Location \"%1\" doesn't point to directory
Fr: L'emplacement \"%1\" ne pointe sur aucun répertoire
En: Location \"%1\" does point to any directory "
Ja: 場所 \"%1\"はディレクトリに指定できません。"
Fr_raw: L'emplacement \"%1\" ne pointe sur aucun répertoire
En_raw: Location \"%1\" does point to any directory "
Ja_raw: 場所 \"%1\"はディレクトリに指定できません。"

Keyword: ABOUT_LICENSE
Fr: LGPL
En: LGPL
Ja: GNU LGPL
Fr_raw: LGPL
En_raw: LGPL
Ja_raw: GNU LGPL

Keyword: 
Fr: LTR
En: LTR
Ja: LTR
Fr_raw: LTR
En_raw: LTR
Ja_raw: LTR

Keyword: Valeur Acceptee
Fr: La valeur est acceptée
En: Value is accepted
Ja: 値は受け入れられます
Fr_raw: La valeur est acceptée
En_raw: Value is accepted
Ja_raw: 値は受け入れられます

Keyword: Valeur du mot-clef enregistree
Fr: La valeur est enregistrée
En: Value is registred
Ja: 値が登録
Fr_raw: La valeur est enregistrée
En_raw: Value is registred
Ja_raw: 値が登録

Keyword: Path \"%1\" already exist in the list
Fr: Le chemin \"%1\" existe déjà dans la liste
En: The path \"%1\" already exists in the list "
Ja: パス \"%1\"はリストに既に存在する」
Fr_raw: Le chemin \"%1\" existe déjà dans la liste
En_raw: The path \"%1\" already exists in the list "
Ja_raw: パス \"%1\"はリストに既に存在する」

Keyword: Path \"%1\" doesn't exist. Add it to list anyway?
Fr: Le chemin \"%1\" n'existe pas. Faut-il l'ajouter dans la liste?
En: The path \"%1\" does not exist. " Should we add it to the list?
Ja: パス \"%1\"は存在しません"。私たちはそれをリストに追加する必要がありますか
Fr_raw: Le chemin \"%1\" n'existe pas. Faut-il l'ajouter dans la liste?
En_raw: The path \"%1\" does not exist. " Should we add it to the list?
Ja_raw: パス \"%1\"は存在しません"。私たちはそれをリストに追加する必要がありますか

Keyword: Un fichier de nom %s existe deja : impossible de creer un repertoire de meme nom
Fr: Le fichier %s existe déjà : impossible de créer un répertoire portant le même nom
En: File %s already exists : unable to create a directory with the same name
Ja: ファイル %s は既に存在します: 同じ名前を持つディレクトリを作成することができません
Fr_raw: Le fichier %s existe déjà : impossible de créer un répertoire portant le même nom
En_raw: File %s already exists : unable to create a directory with the same name
Ja_raw: ファイル %s は既に存在します: 同じ名前を持つディレクトリを作成することができません

Keyword: File \"%1\" already exist. Do you want to overwrite it?
Fr: Le fichier \"%1\" existe déjà. Voulez-vous l'écraser ?
En: The file \"%1\" already exists. " Do you want to overwrite it?
Ja: ファイル \"%1\"は既に存在します"。それを上書きしますか。
Fr_raw: Le fichier \"%1\" existe déjà. Voulez-vous l'écraser ?
En_raw: The file \"%1\" already exists. " Do you want to overwrite it?
Ja_raw: ファイル \"%1\"は既に存在します"。それを上書きしますか。

Keyword: File \"%1\" does not exist
Fr: Le fichier \"%1\" n'existe pas
En: The file \"%1\" does not exist "
Ja: ファイル \"%1\"存在しない"
Fr_raw: Le fichier \"%1\" n'existe pas
En_raw: The file \"%1\" does not exist "
Ja_raw: ファイル \"%1\"存在しない"

Keyword: Fichier Modifie
Fr: Le fichier est modifié
En: File is modified
Ja: ファイルが変更されます。
Fr_raw: Le fichier est modifié
En_raw: File is modified
Ja_raw: ファイルが変更されます。

Keyword: File name not specified
Fr: Le nom du fichier n'est pas indiqué
En: The file name is not indicated
Ja: ファイル名が示されていません。
Fr_raw: Le nom du fichier n'est pas indiqué
En_raw: The file name is not indicated
Ja_raw: ファイル名が示されていません。

Keyword: Directory \"%1\" not empty. Do you want to remove all files in this directory?
Fr: Le répertoire \"%1\" n'est pas vide. Voulez-vous supprimer tous les fichiers dans ce répertoire?
En: The \"%1\ directory" is not empty. " Delete all files in this directory?
Ja: \"%1\" ディレクトリの中は空ではありません。このディレクトリ内のすべてのファイルを削除しますか。
Fr_raw: Le répertoire \"%1\" n'est pas vide. Voulez-vous supprimer tous les fichiers dans ce répertoire?
En_raw: The \"%1\ directory" is not empty. " Delete all files in this directory?
Ja_raw: \"%1\" ディレクトリの中は空ではありません。このディレクトリ内のすべてのファイルを削除しますか。

Keyword: Directory \"%1\" does not exist
Fr: Le répertoire \"%1\" n'existe pas
En: The \"%1\ directory" does not exist "
Ja: \"%1\" ディレクトリ」は存在しない」
Fr_raw: Le répertoire \"%1\" n'existe pas
En_raw: The \"%1\ directory" does not exist "
Ja_raw: \"%1\" ディレクトリ」は存在しない」

Keyword: Lecteur PDF
Fr: Lecteur de PDF
En: PDF reader
Ja: PDF リーダー
Fr_raw: Lecteur de PDF
En_raw: PDF reader
Ja_raw: PDF リーダー

Keyword: Link
Fr: Lien
En: Link
Ja: リンク
Fr_raw: Lien
En_raw: Link
Ja_raw: リンク

Keyword: Visited link
Fr: Lien visité
En: Visited link
Ja: 訪問済みリンク
Fr_raw: Lien visité
En_raw: Visited link
Ja_raw: 訪問済みリンク

Keyword: Added line
Fr: Ligne ajoutée
En: Line added
Ja: 行の追加
Fr_raw: Ligne ajoutée
En_raw: Line added
Ja_raw: 行の追加

Keyword: Comment line
Fr: Ligne commentée
En: Line commented
Ja: 行コメント
Fr_raw: Ligne commentée
En_raw: Line commented
Ja_raw: 行コメント

Keyword: Removed line
Fr: Ligne supprimée
En: Line deleted
Ja: 行の削除
Fr_raw: Ligne supprimée
En_raw: Line deleted
Ja_raw: 行の削除

Keyword: Lines
Fr: Lignes
En: Lines
Ja: ライン
Fr_raw: Lignes
En_raw: Lines
Ja_raw: ライン

Keyword: Lire les Pdf
Fr: Lire Pdf
En: Read Pdf
Ja: Pdf を読む
Fr_raw: Lire Pdf
En_raw: Read Pdf
Ja_raw: Pdf を読む

Keyword: Views List
Fr: Liste des vues
En: List of views
Ja: ビューの一覧
Fr_raw: Liste des vues
En_raw: List of views
Ja_raw: ビューの一覧

Keyword: LAW
Fr: Loi
En: Law
Ja: 法
Fr_raw: Loi
En_raw: Law
Ja_raw: 法

Keyword: LAW REMOVED
Fr: Loi supprimée
En: Law removed
Ja: 削除法
Fr_raw: Loi supprimée
En_raw: Law removed
Ja_raw: 削除法

Keyword: TREE_ITEM_LAW
Fr: Lois
En: Laws
Ja: 法律
Fr_raw: Lois
En_raw: Laws
Ja_raw: 法律

Keyword:  TXM de longueur entre 
Fr: Longueur de TXM devrait se situer entre
En: TXM's length should be  between  
Ja: TXM の長さの間でなければなりません
Fr_raw: Longueur de TXM devrait se situer entre
En_raw: TXM's length should be  between  
Ja_raw: TXM の長さの間でなければなりません

Keyword:  pour la somme des cles A et B 
Fr: Lorsque vous ajoutez A et B
En: when you add A and B
Ja: 追加すると、A と B
Fr_raw: Lorsque vous ajoutez A et B
En_raw: when you add A and B
Ja_raw: 追加すると、A と B

Keyword: LEVEL_LIGHT
Fr: Léger
En: Light
Ja: 光
Fr_raw: Léger
En_raw: Light
Ja_raw: 光

Keyword: MP      : Module                                                 Phase
Fr: MP : Module                                                 Phase
En: MP : Module                                                 Phase
Ja: MP : Module                                                 Phase
Fr_raw: MP : Module                                                 Phase
En_raw: MP : Module                                                 Phase
Ja_raw: MP : Module                                                 Phase

Keyword: Mesh
Fr: Maillage
En: Mesh
Ja: メッシュ
Fr_raw: Maillage
En_raw: Mesh
Ja_raw: メッシュ

Keyword: HEXABLOCK_TO_MESH_HOLES
Fr: Mailler les trous
En: To mesh holes
Ja: メッシュの穴
Fr_raw: Mailler les trous
En_raw: To mesh holes
Ja_raw: メッシュの穴

Keyword: Répertoire d'accès aux matériaux :
Fr: Materiaux Directory :
En: Materiaux Directory :
Ja: 材料ディレクトリ:
Fr_raw: Materiaux Directory :
En_raw: Materiaux Directory :
Ja_raw: 材料ディレクトリ:

Keyword: Bad directive
Fr: Mauvaise directive
En: Bad directive
Ja: 悪いディレクティブ
Fr_raw: Mauvaise directive
En_raw: Bad directive
Ja_raw: 悪いディレクティブ

Keyword: L'attribut 'max' doit etre un entier : 
Fr: Max doit être un entier :
En: max must be an integer :
Ja: 最大整数でなければなりません。
Fr_raw: Max doit être un entier :
En_raw: max must be an integer :
Ja_raw: 最大整数でなければなりません。

Keyword: MEGABYTE
Fr: Megabytes
En: Megabytes
Ja: メガバイト
Fr_raw: Megabytes
En_raw: Megabytes
Ja_raw: メガバイト

Keyword: Highlight widgets
Fr: Mettre en valeur les composants
En: Highlight components
Ja: コンポーネントをハイライト表示します。
Fr_raw: Mettre en valeur les composants
En_raw: Highlight components
Ja_raw: コンポーネントをハイライト表示します。

Keyword: Attention! fichier change hors EFICAS
Fr: Mise en garde ! ce fichier a été modifié Eficas extérieur
En: Warning ! this file was modified outside Eficas
Ja: 警告 ！このファイルが変更された外部 Eficas
Fr_raw: Mise en garde ! ce fichier a été modifié Eficas extérieur
En_raw: Warning ! this file was modified outside Eficas
Ja_raw: 警告 ！このファイルが変更された外部 Eficas

Keyword: Sub-views Layout
Fr: Mise en page des sous-vues
En: Layout of the subviews
Ja: サブビューのレイアウト
Fr_raw: Mise en page des sous-vues
En_raw: Layout of the subviews
Ja_raw: サブビューのレイアウト

Keyword: Views Layout
Fr: Mise en page des vues
En: Layout views
Ja: レイアウト ビュー
Fr_raw: Mise en page des vues
En_raw: Layout views
Ja_raw: レイアウト ビュー

Keyword: Hexotic_SUBDOMAIN_MESH_MODE
Fr: Mode de maillage des sous-domaines
En: Sub-domains mesh mode
Ja: サブドメインのメッシュ サイズのモード
Fr_raw: Mode de maillage des sous-domaines
En_raw: Sub-domains mesh mode
Ja_raw: サブドメインのメッシュ サイズのモード

Keyword: Group Modification
Fr: Modification d'un groupe
En: Editing a group
Ja: グループの編集
Fr_raw: Modification d'un groupe
En_raw: Editing a group
Ja_raw: グループの編集

Keyword: Vertex Modification
Fr: Modification d'un sommet
En: Modification of a Summit
Ja: サミットの変更
Fr_raw: Modification d'un sommet
En_raw: Modification of a Summit
Ja_raw: サミットの変更

Keyword: Law Modification
Fr: Modification de la loi
En: Amendment of the law
Ja: 法の改正
Fr_raw: Modification de la loi
En_raw: Amendment of the law
Ja_raw: 法の改正

Keyword: Propagation Modification
Fr: Modification de la propagation
En: Modification of the spread
Ja: スプレッドの変更
Fr_raw: Modification de la propagation
En_raw: Modification of the spread
Ja_raw: スプレッドの変更

Keyword: Change background
Fr: Modifier l'arrière plan
En: Change the background
Ja: 背景を変更します。
Fr_raw: Modifier l'arrière plan
En_raw: Change the background
Ja_raw: 背景を変更します。

Keyword: Model
Fr: Modèle
En: Model
Ja: モデル
Fr_raw: Modèle
En_raw: Model
Ja_raw: モデル

Keyword: Patrons
Fr: Modèles
En: Patterns
Ja: パターン
Fr_raw: Modèles
En_raw: Patterns
Ja_raw: パターン

Keyword: MNU_FITRECT
Fr: Montrer l'encadré
En: Fit Area
Ja: [表示] ボックス
Fr_raw: Montrer l'encadré
En_raw: Fit Area
Ja_raw: [表示] ボックス

Keyword: MNU_FITALL
Fr: Montrer tout
En: Fit All
Ja: すべて表示します。
Fr_raw: Montrer tout
En_raw: Fit All
Ja_raw: すべて表示します。

Keyword: Tile
Fr: Mosaïque
En: Mosaic
Ja: モザイク
Fr_raw: Mosaïque
En_raw: Mosaic
Ja_raw: モザイク

Keyword: Tile horizontally
Fr: Mosaïque horizontale
En: Tile horizontally
Ja: 水平方向に並べて表示
Fr_raw: Mosaïque horizontale
En_raw: Tile horizontally
Ja_raw: 水平方向に並べて表示

Keyword: Tile vertically
Fr: Mosaïque verticale
En: Tile Vertically
Ja: 垂直方向のモザイク
Fr_raw: Mosaïque verticale
En_raw: Tile Vertically
Ja_raw: 垂直方向のモザイク

Keyword: JavaScript word
Fr: Mot JavaScript
En: Word JavaScript
Ja: Java スクリプトの設定を word します。
Fr_raw: Mot JavaScript
En_raw: Word JavaScript
Ja_raw: Java スクリプトの設定を word します。

Keyword: ASP JavaScript word
Fr: Mot JavaScript ASP
En: Mot JavaScript ASP
Ja: Mot JavaScript ASP
Fr_raw: Mot JavaScript ASP
En_raw: Mot JavaScript ASP
Ja_raw: Mot JavaScript ASP

Keyword: Mot-clef %s supprime 
Fr: Mot clé %s est supprimé
En: Keyword %s is deleted
Ja: キーワード %s が削除されます。
Fr_raw: Mot clé %s est supprimé
En_raw: Keyword %s is deleted
Ja_raw: キーワード %s が削除されます。

Keyword: Mot-cle %s supprime
Fr: Mot clé supprimée
En: Keyword deleted
Ja: キーワードの削除
Fr_raw: Mot clé supprimée
En_raw: Keyword deleted
Ja_raw: キーワードの削除

Keyword: Keyword
Fr: Mot-clé
En: Keyword
Ja: キーワード
Fr_raw: Mot-clé
En_raw: Keyword
Ja_raw: キーワード

Keyword: JavaDoc keyword
Fr: Mot-clé JavaDoc
En: Keyword JavaDoc
Ja: キーワードの JavaDoc
Fr_raw: Mot-clé JavaDoc
En_raw: Keyword JavaDoc
Ja_raw: キーワードの JavaDoc

Keyword: JavaScript keyword
Fr: Mot-clé JavaScript
En: Tag JavaScript
Ja: JavaScript タグ
Fr_raw: Mot-clé JavaScript
En_raw: Tag JavaScript
Ja_raw: JavaScript タグ

Keyword: ASP JavaScript keyword
Fr: Mot-clé JavaScript ASP 
En: Keyword JavaScript ASP
Ja: キーワード JavaScript ASP
Fr_raw: Mot-clé JavaScript ASP 
En_raw: Keyword JavaScript ASP
Ja_raw: キーワード JavaScript ASP

Keyword: PHP keyword
Fr: Mot-clé PHP
En: Keyword PHP
Ja: PHP のキーワード
Fr_raw: Mot-clé PHP
En_raw: Keyword PHP
Ja_raw: PHP のキーワード

Keyword: Python keyword
Fr: Mot-clé Python
En: Keyword Python
Ja: キーワード Python
Fr_raw: Mot-clé Python
En_raw: Keyword Python
Ja_raw: キーワード Python

Keyword: ASP Python keyword
Fr: Mot-clé Python ASP
En: Keyword Python ASP
Ja: キーワード Python ASP
Fr_raw: Mot-clé Python ASP
En_raw: Keyword Python ASP
Ja_raw: キーワード Python ASP

Keyword: SQL*Plus keyword
Fr: Mot-clé SQL*Plus
En: SQL keyword * more
Ja: SQL キーワード * 詳細
Fr_raw: Mot-clé SQL*Plus
En_raw: SQL keyword * more
Ja_raw: SQL キーワード * 詳細

Keyword: VBScript keyword
Fr: Mot-clé VBScript
En: Keyword VBScript
Ja: VBScript キーワード
Fr_raw: Mot-clé VBScript
En_raw: Keyword VBScript
Ja_raw: VBScript キーワード

Keyword: ASP VBScript keyword
Fr: Mot-clé VBScript ASP 
En: Keyword VBScript ASP
Ja: キーワードの VBScript ASP
Fr_raw: Mot-clé VBScript ASP 
En_raw: Keyword VBScript ASP
Ja_raw: キーワードの VBScript ASP

Keyword: Mid
Fr: Moyen
En: Moderate
Ja: 普通
Fr_raw: Moyen
En_raw: Moderate
Ja_raw: 普通

Keyword: LEVEL_MEDIUM
Fr: Moyen (standard)
En: Medium (standard)
Ja: (標準) の方法
Fr_raw: Moyen (standard)
En_raw: Medium (standard)
Ja_raw: (標準) の方法

Keyword: Hexotic_MAX_MEMORY
Fr: Mémoire maximum (MB)
En: Max memory (MB)
Ja: 最大メモリ (MB)
Fr_raw: Mémoire maximum (MB)
En_raw: Max memory (MB)
Ja_raw: 最大メモリ (MB)

Keyword: Python function or method name
Fr: Méthode ou fonction Python
En: Python function or method
Ja: Python 関数またはメソッド
Fr_raw: Méthode ou fonction Python
En_raw: Python function or method
Ja_raw: Python 関数またはメソッド

Keyword: ASP Python function or method name
Fr: Méthode ou fonction Python ASP
En: Method or function Python ASP
Ja: メソッドまたは関数 Python ASP
Fr_raw: Méthode ou fonction Python ASP
En_raw: Method or function Python ASP
Ja_raw: メソッドまたは関数 Python ASP

Keyword: Hexotic_HEXES_MAX_LEVEL
Fr: Nb. des hexagones: niveau max
En: Nb. Hexes Max Level
Ja: 六角形の nb に登録: 最大レベル
Fr_raw: Nb. des hexagones: niveau max
En_raw: Nb. Hexes Max Level
Ja_raw: 六角形の nb に登録: 最大レベル

Keyword: Hexotic_HEXES_MIN_LEVEL
Fr: Nb. des hexagones: niveau min
En: Nb. Hexes Min Level
Ja: 六角形の nb に登録: レベル分
Fr_raw: Nb. des hexagones: niveau min
En_raw: Nb. Hexes Min Level
Ja_raw: 六角形の nb に登録: レベル分

Keyword: HEXABLOCK_OPTIMIZATIOL_LEVEL
Fr: Niveau d'optimisation
En: Optimization level
Ja: 最適化のレベル
Fr_raw: Niveau d'optimisation
En_raw: Optimization level
Ja_raw: 最適化のレベル

Keyword: VERBOSE_LEVEL
Fr: Niveau de verbosité
En: Verbose level
Ja: 詳細レベル
Fr_raw: Niveau de verbosité
En_raw: Verbose level
Ja_raw: 詳細レベル

Keyword: Hexotic_INPUT_LEVEL
Fr: Niveaux de subdivision
En: Subdivision levels
Ja: 細分化のレベル
Fr_raw: Niveaux de subdivision
En_raw: Subdivision levels
Ja_raw: 細分化のレベル

Keyword: GEOM_RESULT_NAME_LBL
Fr: Nom
En: Name
Ja: 名前
Fr_raw: Nom
En_raw: Name
Ja_raw: 名前

Keyword: Class name
Fr: Nom de classe
En: Name of class
Ja: クラスの名前
Fr_raw: Nom de classe
En_raw: Name of class
Ja_raw: クラスの名前

Keyword: Python class name
Fr: Nom de classe Python
En: Python class name
Ja: Python のクラス名
Fr_raw: Nom de classe Python
En_raw: Python class name
Ja_raw: Python のクラス名

Keyword: ASP Python class name
Fr: Nom de classe Python ASP
En: Name of class Python ASP
Ja: クラス Python ASP の名前
Fr_raw: Nom de classe Python ASP
En_raw: Name of class Python ASP
Ja_raw: クラス Python ASP の名前

Keyword: Nommer Concept
Fr: Nom de concept
En: Concept Name
Ja: 概念名
Fr_raw: Nom de concept
En_raw: Concept Name
Ja_raw: 概念名

Keyword: Function or method name
Fr: Nom de méthode ou de fonction
En: Method or function name
Ja: メソッドまたは関数の名前
Fr_raw: Nom de méthode ou de fonction
En_raw: Method or function name
Ja_raw: メソッドまたは関数の名前

Keyword: <u>Nom du concept :</u>
Fr: Nom du concept
En: Concept's Name
Ja: 概念の名前
Fr_raw: Nom du concept
En_raw: Concept's Name
Ja_raw: 概念の名前

Keyword: Nom de concept deja defini : %s
Fr: Nom du concept %s est déjà existant
En: Concept's name %s is already existing
Ja: 概念の名前 %s が既に存在します。
Fr_raw: Nom du concept %s est déjà existant
En_raw: Concept's name %s is already existing
Ja_raw: 概念の名前 %s が既に存在します。

Keyword: Un concept de nom %s existe déjà !
Fr: Nom du concept %s existe déjà !
En: Concept's name %s is already existing!
Ja: 概念の名前 %s が既に存在する ！
Fr_raw: Nom du concept %s existe déjà !
En_raw: Concept's name %s is already existing!
Ja_raw: 概念の名前 %s が既に存在する ！

Keyword: File name
Fr: Nom du fichier
En: Name of the file
Ja: ファイルの名前
Fr_raw: Nom du fichier
En_raw: Name of the file
Ja_raw: ファイルの名前

Keyword: GEOM_RESULT_NAME_GRP
Fr: Nom du résultat
En: Result name
Ja: 結果の名前
Fr_raw: Nom du résultat
En_raw: Result name
Ja_raw: 結果の名前

Keyword: Nommage du concept refuse : un concept de meme nom existe deja
Fr: Nom est refusée : concept déjà existant
En: Name is refused : already existing concept
Ja: 名前は拒否されます既に既存の概念。
Fr_raw: Nom est refusée : concept déjà existant
En_raw: Name is refused : already existing concept
Ja_raw: 名前は拒否されます既に既存の概念。

Keyword: Number
Fr: Nombre
En: Number
Ja: 番号
Fr_raw: Nombre
En_raw: Number
Ja_raw: 番号

Keyword: HTML number
Fr: Nombre HTML
En: Number HTML
Ja: HTML 番号
Fr_raw: Nombre HTML
En_raw: Number HTML
Ja_raw: HTML 番号

Keyword: JavaScript number
Fr: Nombre JavaScript
En: JavaScript number
Ja: Java スクリプトの設定数
Fr_raw: Nombre JavaScript
En_raw: JavaScript number
Ja_raw: Java スクリプトの設定数

Keyword: ASP JavaScript number
Fr: Nombre JavaScript ASP
En: JavaScript ASP number
Ja: Java スクリプトの設定 ASP 番号
Fr_raw: Nombre JavaScript ASP
En_raw: JavaScript ASP number
Ja_raw: Java スクリプトの設定 ASP 番号

Keyword: PHP number
Fr: Nombre PHP
En: Number PHP
Ja: PHP の数
Fr_raw: Nombre PHP
En_raw: Number PHP
Ja_raw: PHP の数

Keyword: Python number
Fr: Nombre Python
En: Many Python
Ja: 多くの Python
Fr_raw: Nombre Python
En_raw: Many Python
Ja_raw: 多くの Python

Keyword: ASP Python number
Fr: Nombre Python ASP
En: Nombre Python ASP
Ja: ノンブレ Python ASP
Fr_raw: Nombre Python ASP
En_raw: Nombre Python ASP
Ja_raw: ノンブレ Python ASP

Keyword: VBScript number
Fr: Nombre VBScript
En: Nombre VBScript
Ja: ノンブレ VBScript
Fr_raw: Nombre VBScript
En_raw: Nombre VBScript
Ja_raw: ノンブレ VBScript

Keyword: ASP VBScript number
Fr: Nombre VBScript ASP
En: Nombre VBScript ASP
Ja: ノンブレ VBScript ASP
Fr_raw: Nombre VBScript ASP
En_raw: Nombre VBScript ASP
Ja_raw: ノンブレ VBScript ASP

Keyword: Hexotic_NB_PROC
Fr: Nombre de process
En: Number of threads
Ja: プロセスの数
Fr_raw: Nombre de process
En_raw: Number of threads
Ja_raw: プロセスの数

Keyword: &No
Fr: Non
En: No(N)
Ja: いいえ
Fr_raw: &Non
En_raw: No(&N)
Ja_raw: いいえ(&N)
Fr_Option_Text: (&N)
En_Option_Text: (&N)
Ja_Option_Text: (&N)

Keyword: Format pas implémenté : %s
Fr: Non implémenté fromat
En: Not implemented fromat
Ja: テキスト形は実装されていません
Fr_raw: Non implémenté fromat
En_raw: Not implemented fromat
Ja_raw: テキスト形は実装されていません

Keyword: Type de valeur non supportee par le format ini :%(nom)s\n%(exception)s
Fr: Non prise en charge de type de valeur pour .ini format % (mon) s % (exception)
En: Unsupported type of value for .ini format %(nom)s\n%(exception)s
Ja: .Ini 形式 （nom） s (例外) %s の値のサポートされていない型
Fr_raw: Non prise en charge de type de valeur pour .ini format % (mon) s % (exception)
En_raw: Unsupported type of value for .ini format %(nom)s\n%(exception)s
Ja_raw: .Ini 形式 （nom） s (例外) %s の値のサポートされていない型

Keyword: &Non
Fr: Non(N)
En: No
Ja: いいえ
Fr_raw: Non(&N)
En_raw: &No
Ja_raw: いいえ(&N)
Fr_Option_Text: (&N)
En_Option_Text: (&N)
Ja_Option_Text: (&N)

Keyword: New Document
Fr: Nouveau
En: New
Ja: 新規作成
Fr_raw: Nouveau
En_raw: New
Ja_raw: 新規作成

Keyword: Nouvel Include
Fr: Nouveau inclure
En: New Include
Ja: 作成する新しいインクルードします。
Fr_raw: Nouveau inclure
En_raw: New Include
Ja_raw: 作成する新しいインクルードします。

Keyword: Nouvelle Commande
Fr: Nouvelle commande
En: New Command
Ja: 新しいコマンド
Fr_raw: Nouvelle commande
En_raw: New Command
Ja_raw: 新しいコマンド

Keyword: &Nouveau
Fr: Nouvelle(N)
En: New
Ja: 新規作成
Fr_raw: Nouvelle(&N)
En_raw: &New
Ja_raw: 新規作成(&N)
Fr_Option_Text: (&N)
En_Option_Text: (&N)
Ja_Option_Text: (&N)

Keyword: TREE_ITEM_CLOUD_OF_POINT
Fr: Nuage de points
En: Cloud of points
Ja: ポイント雲
Fr_raw: Nuage de points
En_raw: Cloud of points
Ja_raw: ポイント雲

Keyword: &OK
Fr: OK
En: 
Ja: 
Fr_raw: &OK
En_raw: 
Ja_raw: 
Fr_Option_Text: (&O)

Keyword: Valider et fermer
Fr: OK et fermer
En: Ok and Close
Ja: Ok し、閉じる
Fr_raw: OK et fermer
En_raw: Ok and Close
Ja_raw: Ok し、閉じる

Keyword: L'objet %(v_1)s ne peut  etre un fils de %(v_2)s
Fr: Objet %s (v_1) ne peut pas être un enfant pour %s (v_2)
En: Object %(v_1)s can not be a child for %(v_2)s
Ja: オブジェクト %s (v_1) (v_2) %s の子をすることはできません。
Fr_raw: Objet %s (v_1) ne peut pas être un enfant pour %s (v_2)
En_raw: Object %(v_1)s can not be a child for %(v_2)s
Ja_raw: オブジェクト %s (v_1) (v_2) %s の子をすることはできません。

Keyword: L'objet %s ne peut pas etre repete
Fr: Objet %s ne peut pas être répété
En: Object %s can not be repeated
Ja: オブジェクト %s を繰り返すことはできません。
Fr_raw: Objet %s ne peut pas être répété
En_raw: Object %s can not be repeated
Ja_raw: オブジェクト %s を繰り返すことはできません。

Keyword: L'objet %s ne peut pas etre ajoute
Fr: Objet %s ne peut être ajouter
En: Object %s cannot be add
Ja: オブジェクト %s を追加できません。
Fr_raw: Objet %s ne peut être ajouter
En_raw: Object %s cannot be add
Ja_raw: オブジェクト %s を追加できません。

Keyword: Objects, CSG and appearance
Fr: Objets, CSG et apparence
En: Objects, CSG and appearance
Ja: オブジェクト、CSG および外観
Fr_raw: Objets, CSG et apparence
En_raw: Objects, CSG and appearance
Ja_raw: オブジェクト、CSG および外観

Keyword: &OK
Fr: Ok(O)
En: Ok
Ja: Ok
Fr_raw: Ok(&O)
En_raw: &Ok
Ja_raw: Ok(&O)
Fr_Option_Text: (&O)
En_Option_Text: (&O)
Ja_Option_Text: (&O)

Keyword: Shadow
Fr: Ombre
En: Shadow
Ja: シャドウ
Fr_raw: Ombre
En_raw: Shadow
Ja_raw: シャドウ

Keyword: TEXT_OPTION
Fr: Option comme texte
En: Option as text
Ja: テキスト オプション
Fr_raw: Option comme texte
En_raw: Option as text
Ja_raw: テキスト オプション

Keyword: Parametrage
Fr: Options
En: Options
Ja: オプション
Fr_raw: Options
En_raw: Options
Ja_raw: オプション

Keyword: GEOM_PUBLISH_RESULT_GRP
Fr: Options avancées
En: Advanced options
Ja: 高度なオプション
Fr_raw: Options avancées
En_raw: Advanced options
Ja_raw: 高度なオプション

Keyword: Options Map
Fr: Options de carte
En: Map options
Ja: マップ オプション
Fr_raw: Options de carte
En_raw: Map options
Ja_raw: マップ オプション

Keyword: Options Aster
Fr: Options de l'aster
En: Aster Options
Ja: Aster オプション
Fr_raw: Options de l'aster
En_raw: Aster Options
Ja_raw: Aster オプション

Keyword: Operator
Fr: Opérateur
En: Operator
Ja: 演算子
Fr_raw: Opérateur
En_raw: Operator
Ja_raw: 演算子

Keyword: PHP operator
Fr: Opérateur PHP
En: Operator PHP
Ja: 演算子 PHP
Fr_raw: Opérateur PHP
En_raw: Operator PHP
Ja_raw: 演算子 PHP

Keyword: Python operator
Fr: Opérateur Python
En: Operator Python
Ja: Python 演算子
Fr_raw: Opérateur Python
En_raw: Operator Python
Ja_raw: Python 演算子

Keyword: ASP Python operator
Fr: Opérateur Python ASP
En: Operator Python ASP
Ja: Python 演算子 ASP
Fr_raw: Opérateur Python ASP
En_raw: Operator Python ASP
Ja_raw: Python 演算子 ASP

Keyword: L'opérateur retourne un concept de type :
Fr: Opérateur renvoie à un concept de type :
En: Operator returns a concept of type :
Ja: 演算子は、型の概念を返します。
Fr_raw: Opérateur renvoie à un concept de type :
En_raw: Operator returns a concept of type :
Ja_raw: 演算子は、型の概念を返します。

Keyword: Operateur reentrant et concept existant trouve
Fr: Opérateur « redevient » et le concept existe
En: Operator 're-entrant' and concept exists
Ja: 演算子 '入' と概念が存在します。
Fr_raw: Opérateur « redevient » et le concept existe
En_raw: Operator 're-entrant' and concept exists
Ja_raw: 演算子 '入' と概念が存在します。

Keyword: LBL_TOOLBAR_LABEL
Fr: Opérations de visualisation
En: View Operations
Ja: 表示操作
Fr_raw: Opérations de visualisation
En_raw: View Operations
Ja_raw: 表示操作

Keyword: Ou
Fr: Ou
En: Or
Ja: または
Fr_raw: Ou
En_raw: Or
Ja_raw: または

Keyword: &Yes
Fr: Oui
En: Yes(O)
Ja: はい
Fr_raw: &Oui
En_raw: Yes(&O)
Ja_raw: はい(&O)
Fr_Option_Text: (&O)
En_Option_Text: (&O)
Ja_Option_Text: (&O)

Keyword: &Oui
Fr: Oui(Y)
En: Yes
Ja: はい
Fr_raw: Oui(&Y)
En_raw: &Yes
Ja_raw: はい(&Y)
Fr_Option_Text: (&Y)
En_Option_Text: (&Y)
Ja_Option_Text: (&Y)

Keyword: Load Document
Fr: Ouvrir
En: Open
Ja: 開く
Fr_raw: Ouvrir
En_raw: Open
Ja_raw: 開く

Keyword: Open file
Fr: Ouvrir le fichier
En: Open file
Ja: ファイルを開く
Fr_raw: Ouvrir le fichier
En_raw: Open file
Ja_raw: ファイルを開く

Keyword: Load a document
Fr: Ouvrir un document
En: Open a document
Ja: 文書を開く
Fr_raw: Ouvrir un document
En_raw: Open a document
Ja_raw: 文書を開く

Keyword: Open HexaBlock Document
Fr: Ouvrir un document HexaBlock
En: Open a document HexaBlock
Ja: HexaBlock ドキュメントを開く
Fr_raw: Ouvrir un document HexaBlock
En_raw: Open a document HexaBlock
Ja_raw: HexaBlock ドキュメントを開く

Keyword: &Ouvrir
Fr: Ouvrir(O)
En: Open
Ja: 開く
Fr_raw: Ouvrir(&O)
En_raw: &Open
Ja_raw: 開く(&O)
Fr_Option_Text: (&O)
En_Option_Text: (&O)
Ja_Option_Text: (&O)

Keyword: Lecteur Pdf :
Fr: PDF Reader
En: Pdf Reader
Ja: Pdf リーダー
Fr_raw: PDF Reader
En_raw: Pdf Reader
Ja_raw: Pdf リーダー

Keyword: PDF de la loi
Fr: PDF de droit
En: law's PDF
Ja: 法律の PDF
Fr_raw: PDF de droit
En_raw: law's PDF
Ja_raw: 法律の PDF

Keyword: PDF de la loi : 
Fr: PDF du droit :
En: PDF for the law : 
Ja: 法律のための PDF：
Fr_raw: PDF du droit :
En_raw: PDF for the law : 
Ja_raw: 法律のための PDF：

Keyword: PHP default
Fr: PHP par défaut
En: PHP by default
Ja: デフォルトでは PHP
Fr_raw: PHP par défaut
En_raw: PHP by default
Ja_raw: デフォルトでは PHP

Keyword: POD
Fr: POD
En: 
Ja: 
Fr_raw: POD
En_raw: 
Ja_raw: 

Keyword: POD verbatim
Fr: POD verbatim
En: 
Ja: 
Fr_raw: POD verbatim
En_raw: 
Ja_raw: 

Keyword: MNU_GLOBALPAN_VIEW
Fr: Panoramique Globale
En: Global Pan
Ja: 全体的なパン
Fr_raw: Panoramique Globale
En_raw: Global Pan
Ja_raw: 全体的なパン

Keyword: Default
Fr: Par défaut
En: By default
Ja: 既定では
Fr_raw: Par défaut
En_raw: By default
Ja_raw: 既定では

Keyword: Repertoire De Sauvegarde 
Fr: Par défaut répertoire d'enregistrement
En: Default save directory
Ja: 既定のディレクトリを保存します。
Fr_raw: Par défaut répertoire d'enregistrement
En_raw: Default save directory
Ja_raw: 既定のディレクトリを保存します。

Keyword: HEXABLOCK_STD_ARGS
Fr: Paramètres
En: Parameters
Ja: パラメーター
Fr_raw: Paramètres
En_raw: Parameters
Ja_raw: パラメーター

Keyword: Parametres Eficas
Fr: Paramètres Eficas
En: Eficas Parameters
Ja: Eficas のパラメーター
Fr_raw: Paramètres Eficas
En_raw: Eficas Parameters
Ja_raw: Eficas のパラメーター

Keyword: Propagation Setting
Fr: Paramètres de la propagation
En: Parameters of the propagation
Ja: 伝搬パラメーター
Fr_raw: Paramètres de la propagation
En_raw: Parameters of the propagation
Ja_raw: 伝搬パラメーター

Keyword: &Parametres
Fr: Paramètres(P)
En: Parameters
Ja: パラメーター
Fr_raw: Paramètres(&P)
En_raw: &Parameters
Ja_raw: パラメーター(&P)
Fr_Option_Text: (&P)
En_Option_Text: (&P)
Ja_Option_Text: (&P)

Keyword: Browse...
Fr: Parcourir...
En: Browse...
Ja: 参照.
Fr_raw: Parcourir...
En_raw: Browse...
Ja_raw: 参照.

Keyword: Aucun catalogue trouve
Fr: Pas de catalogue
En: No catalog
Ja: ないカタログ
Fr_raw: Pas de catalogue
En_raw: No catalog
Ja_raw: ないカタログ

Keyword: Pas de catalogue defini pour le code 
Fr: Pas de catalogue pour ce code
En: No catalog for this code
Ja: このコードのないカタログ
Fr_raw: Pas de catalogue pour ce code
En_raw: No catalog for this code
Ja_raw: このコードのないカタログ

Keyword: Pas de difference entre le fichier origine et le fichier traduit
Fr: Pas de différence entre le primaire et le fichier traduit
En: No difference between the primary file and the translated file
Ja: プライマリ ファイルと翻訳済みファイルとの間の差
Fr_raw: Pas de différence entre le primaire et le fichier traduit
En_raw: No difference between the primary file and the translated file
Ja_raw: プライマリ ファイルと翻訳済みファイルとの間の差

Keyword: Not implemented yet
Fr: Pas encore disponible
En: Not yet available
Ja: まだ利用できません。
Fr_raw: Pas encore disponible
En_raw: Not yet available
Ja_raw: まだ利用できません。

Keyword: Custom
Fr: Personnalisé
En: Custom
Ja: カスタム
Fr_raw: Personnalisé
En_raw: Custom
Ja_raw: カスタム

Keyword: Unknown pseudo-class
Fr: Peudo-classe inconnue
En: Peudo-class unknown
Ja: Peudo クラス未知
Fr_raw: Peudo-classe inconnue
En_raw: Peudo-class unknown
Ja_raw: Peudo クラス未知

Keyword: Handle
Fr: Poignée
En: Handle
Ja: ハンドル
Fr_raw: Poignée
En_raw: Handle
Ja_raw: ハンドル

Keyword: Pointer
Fr: Pointeur
En: Pointer
Ja: ポインター
Fr_raw: Pointeur
En_raw: Pointer
Ja_raw: ポインター

Keyword: HEXABLOCK_ENFORCED_VERTICES
Fr: Points de passage
En: Enforced vertices
Ja: 交差点
Fr_raw: Points de passage
En_raw: Enforced vertices
Ja_raw: 交差点

Keyword: Position
Fr: Position
En: 
Ja: 
Fr_raw: Position
En_raw: 
Ja_raw: 

Keyword: Fichier Poursuite
Fr: Poursuite File
En: Poursuite File
Ja: 連続ファイル
Fr_raw: Poursuite File
En_raw: Poursuite File
Ja_raw: 連続ファイル

Keyword: First parameter of an SGML command
Fr: Premier paramètre de commande SGML
En: First command SGML parameter
Ja: 最初のコマンドの SGML のパラメーター
Fr_raw: Premier paramètre de commande SGML
En_raw: First command SGML parameter
Ja_raw: 最初のコマンドの SGML のパラメーター

Keyword: First parameter comment of an SGML command
Fr: Premier paramètre de commentaire de commande SGML
En: First command SGML comment parameter
Ja: 最初のコマンド SGML コメント パラメーター
Fr_raw: Premier paramètre de commentaire de commande SGML
En_raw: First command SGML comment parameter
Ja_raw: 最初のコマンド SGML コメント パラメーター

Keyword: Suivant
Fr: Prochaine
En: Next
Ja: 次
Fr_raw: Prochaine
En_raw: Next
Ja_raw: 次

Keyword: SQL*Plus prompt
Fr: Prompt SQL*Plus
En: Prompt SQL * more
Ja: SQL プロンプト * 詳細
Fr_raw: Prompt SQL*Plus
En_raw: Prompt SQL * more
Ja_raw: SQL プロンプト * 詳細

Keyword: PROPAGATION
Fr: Propagation
En: Propagation
Ja: スプレッド
Fr_raw: Propagation
En_raw: Propagation
Ja_raw: スプレッド

Keyword: TREE_ITEM_PROPAGATION
Fr: Propagations
En: Propagations
Ja: 伝搬
Fr_raw: Propagations
En_raw: Propagations
Ja_raw: 伝搬

Keyword: Set Propagation
Fr: Propager loi
En: Spread law
Ja: 拡散法
Fr_raw: Propager loi
En_raw: Spread law
Ja_raw: 拡散法

Keyword: Set propagation
Fr: Propager une loi de discrétisation
En: Propagate an act of discretization
Ja: 分離の行為を伝播します。
Fr_raw: Propager une loi de discrétisation
En_raw: Propagate an act of discretization
Ja_raw: 分離の行為を伝播します。

Keyword: PROPERTIES
Fr: Properties
En: Properties
Ja: プロパティ
Fr_raw: Properties
En_raw: Properties
Ja_raw: プロパティ

Keyword: CSS1 property
Fr: Propriété CSS1
En: CSS1 property
Ja: CSS1 プロパティ
Fr_raw: Propriété CSS1
En_raw: CSS1 property
Ja_raw: CSS1 プロパティ

Keyword: CSS2 property
Fr: Propriété CSS2
En: CSS2 property
Ja: CSS2 のプロパティ
Fr_raw: Propriété CSS2
En_raw: CSS2 property
Ja_raw: CSS2 のプロパティ

Keyword: CSS3 property
Fr: Propriété CSS2 {3 ?}
En: CSS2 property {3?}
Ja: CSS2 のプロパティ {3?}
Fr_raw: Propriété CSS2 {3 ?}
En_raw: CSS2 property {3?}
Ja_raw: CSS2 のプロパティ {3?}

Keyword: Unknown property
Fr: Propriété inconnue
En: Unknown property
Ja: 不明なプロパティ
Fr_raw: Propriété inconnue
En_raw: Unknown property
Ja_raw: 不明なプロパティ

Keyword: Sub-views Properties
Fr: Propriétés des sous-vues
En: Properties of subviews
Ja: サブビューのプロパティ
Fr_raw: Propriétés des sous-vues
En_raw: Properties of subviews
Ja_raw: サブビューのプロパティ

Keyword: SALOME style preferences
Fr: Préférences de style Salomé
En: Salome style preferences
Ja: サロメのスタイルの設定
Fr_raw: Préférences de style Salomé
En_raw: Salome style preferences
Ja_raw: サロメのスタイルの設定

Keyword: Preprocessor
Fr: Préprocessing
En: Préprocessing
Ja: Préprocessing
Fr_raw: Préprocessing
En_raw: Préprocessing
Ja_raw: Préprocessing

Keyword: GEOM_PREVIEW
Fr: Prévisualiser
En: Preview
Ja: プレビュー
Fr_raw: Prévisualiser
En_raw: Preview
Ja_raw: プレビュー

Keyword: Pseudo-class
Fr: Pseudo-classe
En: Pseudo-class
Ja: 擬似クラス
Fr_raw: Pseudo-classe
En_raw: Pseudo-class
Ja_raw: 擬似クラス

Keyword: ASP Python default
Fr: Python ASP par défaut
En: Python default ASP
Ja: Python 既定 ASP
Fr_raw: Python ASP par défaut
En_raw: Python default ASP
Ja_raw: Python 既定 ASP

Keyword: Python default
Fr: Python par défaut
En: Default Python
Ja: デフォルトの Python
Fr_raw: Python par défaut
En_raw: Default Python
Ja_raw: デフォルトの Python

Keyword: Coller
Fr: Pâte
En: Paste
Ja: 貼り付け
Fr_raw: Pâte
En_raw: Paste
Ja_raw: 貼り付け

Keyword: QT Assistant n est pas installe 
Fr: QT assistant n'est pas installé
En: QT assistant is not installed
Ja: QT アシスタントがインストールされていません。
Fr_raw: QT assistant n'est pas installé
En_raw: QT assistant is not installed
Ja_raw: QT アシスタントがインストールされていません。

Keyword: QUAD
Fr: Quadrangle
En: Quadrangle
Ja: 四角形
Fr_raw: Quadrangle
En_raw: Quadrangle
Ja_raw: 四角形

Keyword: TREE_ITEM_QUAD
Fr: Quadrangles
En: Quadrangles
Ja: 四角形
Fr_raw: Quadrangles
En_raw: Quadrangles
Ja_raw: 四角形

Keyword: Table grid
Fr: Quadrillage du tableau
En: Table grid
Ja: テーブル グリッド
Fr_raw: Quadrillage du tableau
En_raw: Table grid
Ja_raw: テーブル グリッド

Keyword: &Quitter
Fr: Quitter(E)
En: Exit
Ja: 終了
Fr_raw: Quitter(&E)
En_raw: &Exit
Ja_raw: 終了(&E)
Fr_Option_Text: (&E)
En_Option_Text: (&E)
Ja_Option_Text: (&E)

Keyword: Backticks
Fr: Quotes inverses
En: Quotes inverses
Ja: 逆を引用符します。
Fr_raw: Quotes inverses
En_raw: Quotes inverses
Ja_raw: 逆を引用符します。

Keyword: S
Fr: R
En: R
Ja: R
Fr_raw: R
En_raw: R
Ja_raw: R

Keyword: RI   : Réel                                                  Imaginaire
Fr: RI: Partie imaginaire de partie réelle
En: RI : Real Part                                             Imaginary Part
Ja: RI: 実部虚部
Fr_raw: RI: Partie imaginaire de partie réelle
En_raw: RI : Real Part                                             Imaginary Part
Ja_raw: RI: 実部虚部

Keyword: Arranges the windows as overlapping tiles
Fr: Ranger les fenêtres en les superposant
En: Store windows by superimposing
Ja: 重畳によるレンジャー Windows
Fr_raw: Ranger les fenêtres en les superposant
En_raw: Store windows by superimposing
Ja_raw: 重畳によるレンジャー Windows

Keyword: Arranges the windows as nonoverlapping horizontal tiles
Fr: Ranger les fenêtres en mosaïque horizontale
En: Store Windows Tile horizontally
Ja: ウィンドウを左右に並べて表示
Fr_raw: Ranger les fenêtres en mosaïque horizontale
En_raw: Store Windows Tile horizontally
Ja_raw: ウィンドウを左右に並べて表示

Keyword: Arranges the windows as nonoverlapping vertical tiles
Fr: Ranger les fenêtres en mosaïque verticale
En: Store the vertical tiling windows
Ja: ウィンドウを上下に並べて表示
Fr_raw: Ranger les fenêtres en mosaïque verticale
En_raw: Store the vertical tiling windows
Ja_raw: ウィンドウを上下に並べて表示

Keyword: Arranges the windows as nonoverlapping tiles
Fr: Ranger les fenêtres sans les superposer
En: Store windows without superimpose them
Ja: レンジャー Windows なしそれらオーバーレイ
Fr_raw: Ranger les fenêtres sans les superposer
En_raw: Store windows without superimpose them
Ja_raw: レンジャー Windows なしそれらオーバーレイ

Keyword: Quick
Fr: Rapide
En: Fast
Ja: クイック
Fr_raw: Rapide
En_raw: Fast
Ja_raw: クイック

Keyword: Rapport de Validation
Fr: Rapport de validation
En: Validation Report
Ja: 検証レポート
Fr_raw: Rapport de validation
En_raw: Validation Report
Ja_raw: 検証レポート

Keyword:  Rechercher dans l'arbre d'etude
Fr: Rechercher dans l'arbre de JdC
En: Find in JdC Tree
Ja: 日本国土開発ツリー内を検索します。
Fr_raw: Rechercher dans l'arbre de JdC
En_raw: Find in JdC Tree
Ja_raw: 日本国土開発ツリー内を検索します。

Keyword: DSC_FITSELECT
Fr: Redimensionner la scène pour montrer la sélection.
En: Fit area of selection within the view frame
Ja: 選択対象を表示するステージのサイズを変更します。
Fr_raw: Redimensionner la scène pour montrer la sélection.
En_raw: Fit area of selection within the view frame
Ja_raw: 選択対象を表示するステージのサイズを変更します。

Keyword: DSC_FITALL
Fr: Redimensionner la scène pour montrer tous les objets 
En: Fit all objects inside the view frame
Ja: すべてのオブジェクトを表示するステージのサイズを変更します。
Fr_raw: Redimensionner la scène pour montrer tous les objets 
En_raw: Fit all objects inside the view frame
Ja_raw: すべてのオブジェクトを表示するステージのサイズを変更します。

Keyword: DSC_FITRECT
Fr: Redimensionner la scène pour ne montrer que sa partie choisie par l'encadré
En: Fit area within the view frame
Ja: 彼の党をボックスで選択を表示するには、ステージのサイズを変更します。
Fr_raw: Redimensionner la scène pour ne montrer que sa partie choisie par l'encadré
En_raw: Fit area within the view frame
Ja_raw: 彼の党をボックスで選択を表示するには、ステージのサイズを変更します。

Keyword: DSC_PAN_VIEW
Fr: Redimensionner la vue
En: Pan the view
Ja: ビューのサイズを変更します。
Fr_raw: Redimensionner la vue
En_raw: Pan the view
Ja_raw: ビューのサイズを変更します。

Keyword: Redo last command
Fr: Refaire la dernière commande
En: Redo the last command
Ja: 最後のコマンドをやり直し
Fr_raw: Refaire la dernière commande
En_raw: Redo the last command
Ja_raw: 最後のコマンドをやり直し

Keyword: Scroll view up one line
Fr: Remonter la vue d'une ligne
En: Back view of a line
Ja: 行の背面図
Fr_raw: Remonter la vue d'une ligne
En_raw: Back view of a line
Ja_raw: 行の背面図

Keyword: REMOVE_IMAGES
Fr: Remove image(s)
En: Remove image(s)
Ja: 画像を削除します。
Fr_raw: Remove image(s)
En_raw: Remove image(s)
Ja_raw: 画像を削除します。

Keyword: Replace Hexahedron
Fr: Remplacer hexaèdre
En: Replace hexahedron
Ja: 直方体を置き換える
Fr_raw: Remplacer hexaèdre
En_raw: Replace hexahedron
Ja_raw: 直方体を置き換える

Keyword: Replace hexahedron
Fr: Remplacer un hexaèdre
En: Replace a hexahedron
Ja: 六面体というを置き換える
Fr_raw: Remplacer un hexaèdre
En_raw: Replace a hexahedron
Ja_raw: 六面体というを置き換える

Keyword: &Ecraser
Fr: Remplacer(R)
En: Replace
Ja: 置換
Fr_raw: Remplacer(&R)
En_raw: &Replace
Ja_raw: 置換(&R)
Fr_Option_Text: (&R)
En_Option_Text: (&R)
Ja_Option_Text: (&R)

Keyword: Rename
Fr: Renommer
En: Rename
Ja: 名前変更
Fr_raw: Renommer
En_raw: Rename
Ja_raw: 名前変更

Keyword: MNU_RESET_VIEW
Fr: Restaurer
En: Reset
Ja: 復元
Fr_raw: Restaurer
En_raw: Reset
Ja_raw: 復元

Keyword: DSC_RESET_VIEW
Fr: Restaurer le point de vue
En: Reset view point
Ja: ビューのポイントを復元します。
Fr_raw: Restaurer le point de vue
En_raw: Reset view point
Ja_raw: ビューのポイントを復元します。

Keyword: Back
Fr: Retour
En: Return
Ja: 戻り値
Fr_raw: Retour
En_raw: Return
Ja_raw: 戻り値

Keyword: &Recents
Fr: Récemment ouvert(R)
En: Recently open
Ja: 最近オープンしました。
Fr_raw: Récemment ouvert(&R)
En_raw: &Recently open
Ja_raw: 最近オープンしました。(&R)
Fr_Option_Text: (&R)
En_Option_Text: (&R)
Ja_Option_Text: (&R)

Keyword: Most Recently Used
Fr: Récemment utilisés
En: Recently used
Ja: 最近使用したファイル
Fr_raw: Récemment utilisés
En_raw: Recently used
Ja_raw: 最近使用したファイル

Keyword: GEOM_RESTORE_SUB_SHAPES
Fr: Récupérer les groupes et les sous-objets
En: Set presentation parameters and sub-shapes from arguments
Ja: グループとサブオブジェクトを取得します。
Fr_raw: Récupérer les groupes et les sous-objets
En_raw: Set presentation parameters and sub-shapes from arguments
Ja_raw: グループとサブオブジェクトを取得します。

Keyword: Répertoire
Fr: Répertoire
En: Directory
Ja: ディレクトリ
Fr_raw: Répertoire
En_raw: Directory
Ja_raw: ディレクトリ

Keyword: Repertoire de Documentation 
Fr: Répertoire de documentation
En: Documentation Directory
Ja: ドキュメント ディレクトリ
Fr_raw: Répertoire de documentation
En_raw: Documentation Directory
Ja_raw: ドキュメント ディレクトリ

Keyword: Repertoire d'acces à la documentation :
Fr: Répertoire de documentation :
En: Documentation Directory : 
Ja: ドキュメントのディレクトリ:
Fr_raw: Répertoire de documentation :
En_raw: Documentation Directory : 
Ja_raw: ドキュメントのディレクトリ:

Keyword: Répertoire d'installation de  code_Aster :
Fr: Répertoire de l'aster :
En: Aster Directory :
Ja: Aster ディレクトリ:
Fr_raw: Répertoire de l'aster :
En_raw: Aster Directory :
Ja_raw: Aster ディレクトリ:

Keyword: Répertoire d'installation des codes MAP :
Fr: Répertoire de la carte :
En: MAP Directory :
Ja: マップ ディレクトリ:
Fr_raw: Répertoire de la carte :
En_raw: MAP Directory :
Ja_raw: マップ ディレクトリ:

Keyword: WORKING_DIR
Fr: Répertoire de travail
En: Working directory
Ja: 作業ディレクトリ
Fr_raw: Répertoire de travail
En_raw: Working directory
Ja_raw: 作業ディレクトリ

Keyword: Répertoire d'accès au catalogue :
Fr: Répertoire du catalogue :
En: Catalog Directory :
Ja: カタログ ディレクトリ:
Fr_raw: Répertoire du catalogue :
En_raw: Catalog Directory :
Ja_raw: カタログ ディレクトリ:

Keyword: Le Repertoire  n existe pas.
Fr: Répertoire n'existe pas.
En: directory does not exist.
Ja: ディレクトリが存在しません。
Fr_raw: Répertoire n'existe pas.
En_raw: directory does not exist.
Ja_raw: ディレクトリが存在しません。

Keyword: Quad Revolution
Fr: Révolution
En: Revolution
Ja: Revolution
Fr_raw: Révolution
En_raw: Revolution
Ja_raw: Revolution

Keyword: U
Fr: S
En: S
Ja: U　(下線)
Fr_raw: S
En_raw: S
Ja_raw: U　(下線)

Keyword: Entrer un float SVP
Fr: S'il vous plaît, entrez un flotteur
En: Please, enter a float
Ja: 浮動小数点数を入力してください。
Fr_raw: S'il vous plaît, entrez un flotteur
En_raw: Please, enter a float
Ja_raw: 浮動小数点数を入力してください。

Keyword: Entrer un float inferieur a 
Fr: S'il vous plaît, entrez un flotteur, inférieur à
En: Please, enter a float, lower than
Ja: 浮動小数点数より低いを入力してください。
Fr_raw: S'il vous plaît, entrez un flotteur, inférieur à
En_raw: Please, enter a float, lower than
Ja_raw: 浮動小数点数より低いを入力してください。

Keyword: Entrer un float superieur a 
Fr: S'il vous plaît, entrez un flotteur, plus élevé que
En: Please, enter a float, higher than
Ja: 浮動小数点数より高いを入力してください。
Fr_raw: S'il vous plaît, entrez un flotteur, plus élevé que
En_raw: Please, enter a float, higher than
Ja_raw: 浮動小数点数より高いを入力してください。

Keyword: entrer une seule valeur SVP
Fr: S'il vous plaît, entrez une seule valeur
En: Please, enter a single value
Ja: 1 つの値を入力してください。
Fr_raw: S'il vous plaît, entrez une seule valeur
En_raw: Please, enter a single value
Ja_raw: 1 つの値を入力してください。

Keyword: SGML default
Fr: SGML par défaut
En: Default SGML
Ja: 既定の SGML
Fr_raw: SGML par défaut
En_raw: Default SGML
Ja_raw: 既定の SGML

Keyword: APP_NAME
Fr: Salome-Meca
En: Salome-Meca
Ja: Salome-Meca
Fr_raw: Salome-Meca
En_raw: Salome-Meca
Ja_raw: Salome-Meca

Keyword: Save file
Fr: Sauvegarder le fichier
En: Save the file
Ja: ファイルを保存します。
Fr_raw: Sauvegarder le fichier
En_raw: Save the file
Ja_raw: ファイルを保存します。

Keyword: MNU_DUMP_VIEW
Fr: Sauver la scène
En: Dump
Ja: シーンを保存します。
Fr_raw: Sauver la scène
En_raw: Dump
Ja_raw: シーンを保存します。

Keyword: DSC_DUMP_VIEW
Fr: Sauver la scène actuelle au fichier image
En: Saves the active view in the image file
Ja: 現在のシーンのイメージ ファイルに保存します。
Fr_raw: Sauver la scène actuelle au fichier image
En_raw: Saves the active view in the image file
Ja_raw: 現在のシーンのイメージ ファイルに保存します。

Keyword: Scalar
Fr: Scalaire
En: Scalar
Ja: スカラー
Fr_raw: Scalaire
En_raw: Scalar
Ja_raw: スカラー

Keyword: Custom schema
Fr: Schéma personnalisé
En: Custom schema
Ja: カスタマイズされたスキーマ
Fr_raw: Schéma personnalisé
En_raw: Custom schema
Ja_raw: カスタマイズされたスキーマ

Keyword: Secondary keywords and identifiers
Fr: Seconds mots-clés et identificateurs
En: Seconds keywords and identifiers
Ja: 秒のキーワードと識別子
Fr_raw: Seconds mots-clés et identificateurs
En_raw: Seconds keywords and identifiers
Ja_raw: 秒のキーワードと識別子

Keyword: Section
Fr: Section
En: 
Ja: 
Fr_raw: Section
En_raw: 
Ja_raw: 

Keyword: Data section
Fr: Section de données
En: Data section
Ja: データ セクション
Fr_raw: Section de données
En_raw: Data section
Ja_raw: データ セクション

Keyword: SEND_BACKWARD
Fr: Send backward
En: Send backward
Ja: 背面へ移動
Fr_raw: Send backward
En_raw: Send backward
Ja_raw: 背面へ移動

Keyword: SEND_TO_BACK
Fr: Send to back
En: Send to back
Ja: 最背面へ移動
Fr_raw: Send to back
En_raw: Send to back
Ja_raw: 最背面へ移動

Keyword: Case sensitive
Fr: Sensible à la casse
En: Case sensitive
Ja: 大文字小文字を区別
Fr_raw: Sensible à la casse
En_raw: Case sensitive
Ja_raw: 大文字小文字を区別

Keyword: Hexotic_SHARP_ANGLE_THRESHOLD
Fr: Seuil d'un angle aigu en degrés
En: Sharp angle threshold in degrees
Ja: 鋭角度のしきい値
Fr_raw: Seuil d'un angle aigu en degrés
En_raw: Sharp angle threshold in degrees
Ja_raw: 鋭角度のしきい値

Keyword: GEOM_SOLID
Fr: Solide
En: Solid
Ja: ソリッド
Fr_raw: Solide
En_raw: Solid
Ja_raw: ソリッド

Keyword: VERTEX
Fr: Sommet
En: Vertex
Ja: Vertex
Fr_raw: Sommet
En_raw: Vertex
Ja_raw: Vertex

Keyword: GEOMPOINT
Fr: Sommet Geom
En: Geom Vertex
Ja: サミット Geom
Fr_raw: Sommet Geom
En_raw: Geom Vertex
Ja_raw: サミット Geom

Keyword: TREE_ITEM_VERTEX
Fr: Sommets
En: Vertices
Ja: Vertexes
Fr_raw: Sommets
En_raw: Vertices
Ja_raw: Vertexes

Keyword: Quitter
Fr: Sortie
En: Exit
Ja: 終了
Fr_raw: Sortie
En_raw: Exit
Ja_raw: 終了

Keyword: Sub-view
Fr: Sous-vue
En: Subview
Ja: サブビュー
Fr_raw: Sous-vue
En_raw: Subview
Ja_raw: サブビュー

Keyword: Special
Fr: Spécial
En: Special
Ja: 特別です
Fr_raw: Spécial
En_raw: Special
Ja_raw: 特別です

Keyword: LEVEL_STANDARDPLUS
Fr: Standard+
En: Standard+
Ja: 標準
Fr_raw: Standard+
En_raw: Standard+
Ja_raw: 標準

Keyword: Substitution
Fr: Substitution
En: 
Ja: 
Fr_raw: Substitution
En_raw: 
Ja_raw: 

Keyword: Delete current line
Fr: Suppression de la ligne courante
En: Deleting the current row
Ja: 現在の行を削除します。
Fr_raw: Suppression de la ligne courante
En_raw: Deleting the current row
Ja_raw: 現在の行を削除します。

Keyword: Delete line to right
Fr: Suppression de la partie droite de la ligne
En: Removal of the right side of the line
Ja: 行の右側の除去
Fr_raw: Suppression de la partie droite de la ligne
En_raw: Removal of the right side of the line
Ja_raw: 行の右側の除去

Keyword: CLEAR_ASSOCIATIONS
Fr: Suppression des associations
En: Clear associations
Ja: 関連付けの削除
Fr_raw: Suppression des associations
En_raw: Clear associations
Ja_raw: 関連付けの削除

Keyword: Delete previous character
Fr: Suppression du dernier caractère
En: Deleting the last character
Ja: 最後の文字を削除します。
Fr_raw: Suppression du dernier caractère
En_raw: Deleting the last character
Ja_raw: 最後の文字を削除します。

Keyword: Delete word to right
Fr: Suppression du mot de droite
En: Deleting the right word
Ja: 右の単語を削除します。
Fr_raw: Suppression du mot de droite
En_raw: Deleting the right word
Ja_raw: 右の単語を削除します。

Keyword: Delete word to left
Fr: Suppression du mot de gauche
En: Deletion of the left Word
Ja: 左の単語を削除
Fr_raw: Suppression du mot de gauche
En_raw: Deletion of the left Word
Ja_raw: 左の単語を削除

Keyword: Hexotic_REMOVE
Fr: Supprimer
En: Remove
Ja: 削除
Fr_raw: Supprimer
En_raw: Remove
Ja_raw: 削除

Keyword: Remove hexahedra
Fr: Supprimer des hexaèdres
En: Delete a hexahedral
Ja: 削除、六面体
Fr_raw: Supprimer des hexaèdres
En_raw: Delete a hexahedral
Ja_raw: 削除、六面体

Keyword: Remove Group
Fr: Supprimer groupe
En: Delete Group
Ja: グループの削除
Fr_raw: Supprimer groupe
En_raw: Delete Group
Ja_raw: グループの削除

Keyword: Remove Hexahedra
Fr: Supprimer hexaèdres
En: Delete hexahedral
Ja: 六面体の削除
Fr_raw: Supprimer hexaèdres
En_raw: Delete hexahedral
Ja_raw: 六面体の削除

Keyword: NO_INITIAL_CENTRAL_POINT
Fr: Supprimer le point central initial
En: To remove initial central point
Ja: 元の中心点を削除します。
Fr_raw: Supprimer le point central initial
En_raw: To remove initial central point
Ja_raw: 元の中心点を削除します。

Keyword: Remove theme %1?
Fr: Supprimer le thème %1?
En: Delete the %1 theme?
Ja: %1 のテーマを削除しますか。
Fr_raw: Supprimer le thème %1?
En_raw: Delete the %1 theme?
Ja_raw: %1 のテーマを削除しますか。

Keyword: Delete user theme
Fr: Supprimer le thème utilisateur
En: Delete the user theme
Ja: ユーザーのテーマを削除します。
Fr_raw: Supprimer le thème utilisateur
En_raw: Delete the user theme
Ja_raw: ユーザーのテーマを削除します。

Keyword: Remove Law
Fr: Supprimer loi
En: Delete law
Ja: 法律を削除します。
Fr_raw: Supprimer loi
En_raw: Delete law
Ja_raw: 法律を削除します。

Keyword: CLEAR_ALL_ASSOCIATIONS_ON
Fr: Supprimer toutes les associations sur les
En: Clear all associations on
Ja: すべての関連付けを削除するのには
Fr_raw: Supprimer toutes les associations sur les
En_raw: Clear all associations on
Ja_raw: すべての関連付けを削除するのには

Keyword: Remove a group
Fr: Supprimer un groupe
En: Delete a group
Ja: グループを削除します。
Fr_raw: Supprimer un groupe
En_raw: Delete a group
Ja_raw: グループを削除します。

Keyword: Remove a law
Fr: Supprimer une loi
En: Remove a law
Ja: 法律を削除します。
Fr_raw: Supprimer une loi
En_raw: Remove a law
Ja_raw: 法律を削除します。

Keyword: &Supprimer
Fr: Supprimer(D)
En: Delete
Ja: 削除
Fr_raw: Supprimer(&D)
En_raw: &Delete
Ja_raw: 削除(&D)
Fr_Option_Text: (&D)
En_Option_Text: (&D)
Ja_Option_Text: (&D)

Keyword: Supprimer\nVersion :
Fr: Supprimez la Version :
En: Delete\nVersion:
Ja: バージョンを削除します。
Fr_raw: Supprimez la Version :
En_raw: Delete\nVersion:
Ja_raw: バージョンを削除します。

Keyword: supprime le mot clef 
Fr: Supprimez le mot clé
En: delete keyword
Ja: キーワードを削除します。
Fr_raw: Supprimez le mot clé
En_raw: delete keyword
Ja_raw: キーワードを削除します。

Keyword: Highlight
Fr: Surligner
En: Highlight
Ja: ハイライト
Fr_raw: Surligner
En_raw: Highlight
Ja_raw: ハイライト

Keyword: Symbol
Fr: Symbole
En: Symbol
Ja: シンボル
Fr_raw: Symbole
En_raw: Symbol
Ja_raw: シンボル

Keyword: JavaScript symbol
Fr: Symbole JavaScript
En: Symbol JavaScript
Ja: シンボル java スクリプトの設定
Fr_raw: Symbole JavaScript
En_raw: Symbol JavaScript
Ja_raw: シンボル java スクリプトの設定

Keyword: ASP JavaScript symbol
Fr: Symbole JavaScript ASP
En: Symbol JavaScript ASP
Ja: Java スクリプトの設定 ASP をシンボルします。
Fr_raw: Symbole JavaScript ASP
En_raw: Symbol JavaScript ASP
Ja_raw: Java スクリプトの設定 ASP をシンボルします。

Keyword: DSC_GLOBALPAN_VIEW
Fr: Sélection d'un nouveau centre de la vue
En: Selection of a new center of the view
Ja: 新しいセンター ビューの選択
Fr_raw: Sélection d'un nouveau centre de la vue
En_raw: Selection of a new center of the view
Ja_raw: 新しいセンター ビューの選択

Keyword: Sélectionner
Fr: Sélectionnez
En: Select
Ja: 選択
Fr_raw: Sélectionnez
En_raw: Select
Ja_raw: 選択

Keyword: Choisir le dossier
Fr: Sélectionnez le répertoire :
En: Select directory:
Ja: ディレクトリを選択します。
Fr_raw: Sélectionnez le répertoire :
En_raw: Select directory:
Ja_raw: ディレクトリを選択します。

Keyword: Hexotic_SEL_SHAPE
Fr: Sélectionnez un objet géométrique
En: Select a shape
Ja: 幾何学的なオブジェクトを選択します
Fr_raw: Sélectionnez un objet géométrique
En_raw: Select a shape
Ja_raw: 幾何学的なオブジェクトを選択します

Keyword: Veuillez selectionner une commande, un parametre, un commentaire ou une macro
Fr: Sélectionnez une commande ; un paramètre, un commentaire ou une macro
En: select a command; a parameter, a comment or a macro
Ja: 選択コマンド;パラメーター、コメントまたはマクロ
Fr_raw: Sélectionnez une commande ; un paramètre, un commentaire ou une macro
En_raw: select a command; a parameter, a comment or a macro
Ja_raw: 選択コマンド;パラメーター、コメントまたはマクロ

Keyword: Sélection de valeurs
Fr: Sélections de valeurs
En: Values Selections
Ja: 値の選択
Fr_raw: Sélections de valeurs
En_raw: Values Selections
Ja_raw: 値の選択

Keyword: Repertoire Open TURNS 
Fr: TOURS Open Directory
En: Open TURNS Directory
Ja: 開いているターン ディレクトリ
Fr_raw: TOURS Open Directory
En_raw: Open TURNS Directory
Ja_raw: 開いているターン ディレクトリ

Keyword: Répertoire d'installation d'Open TURNS :
Fr: TOURS Open Directory :
En: Open TURNS Directory :
Ja: 開いているターン ディレクトリ:
Fr_raw: TOURS Open Directory :
En_raw: Open TURNS Directory :
Ja_raw: 開いているターン ディレクトリ:

Keyword: Symbol table
Fr: Table de symboles
En: Symbol table
Ja: シンボル テーブル
Fr_raw: Table de symboles
En_raw: Symbol table
Ja_raw: シンボル テーブル

Keyword: Array
Fr: Tableau
En: Table
Ja: テーブル
Fr_raw: Tableau
En_raw: Table
Ja_raw: テーブル

Keyword: Tag %s non-defini. Ceci est un bogue interne. en informer les developpeurs.
Fr: Tag %s non défini. Demandez l'équipe developpeurs.
En: Tag %s not defined. Ask developpeurs team.
Ja: タグ %s は定義されていません。Developpeurs チームに質問します。
Fr_raw: Tag %s non défini. Demandez l'équipe developpeurs.
En_raw: Tag %s not defined. Ask developpeurs team.
Ja_raw: タグ %s は定義されていません。Developpeurs チームに質問します。

Keyword: HEXABLOCK_ENF_VER_SIZE_COLUMN
Fr: Taille
En: Size
Ja: サイズ
Fr_raw: Taille
En_raw: Size
Ja_raw: サイズ

Keyword: Slider handle size
Fr: Taille de poignée de la barre de défilement
En: Handle to the scroll bar height
Ja: スクロール バーのハンドルのサイズ
Fr_raw: Taille de poignée de la barre de défilement
En_raw: Handle to the scroll bar height
Ja_raw: スクロール バーのハンドルのサイズ

Keyword: Splitter handle size
Fr: Taille de poignée du diviseur
En: Grip of the divisor size
Ja: 除数サイズのハンドル
Fr_raw: Taille de poignée du diviseur
En_raw: Grip of the divisor size
Ja_raw: 除数サイズのハンドル

Keyword: INIT_MEMORY_SIZE
Fr: Taille initiale de la mémoire
En: Initial memory size
Ja: 初期メモリのサイズ、
Fr_raw: Taille initiale de la mémoire
En_raw: Initial memory size
Ja_raw: 初期メモリのサイズ、

Keyword: Hexotic_MAX_SIZE
Fr: Taille max
En: Max size
Ja: 最大サイズ
Fr_raw: Taille max
En_raw: Max size
Ja_raw: 最大サイズ

Keyword: MAX_MEMORY_SIZE
Fr: Taille maximale de la mémoire
En: Maximum memory size
Ja: 最大メモリ サイズ
Fr_raw: Taille maximale de la mémoire
En_raw: Maximum memory size
Ja_raw: 最大メモリ サイズ

Keyword: Hexotic_MIN_SIZE
Fr: Taille min
En: Min size
Ja: サイズ分
Fr_raw: Taille min
En_raw: Min size
Ja_raw: サイズ分

Keyword: HEXABLOCK_ENF_VER_SIZE_LABEL
Fr: Taille:
En: Size:
Ja: サイズ:
Fr_raw: Taille:
En_raw: Size:
Ja_raw: サイズ:

Keyword: Hexotic_INPUT_SIZE
Fr: Tailles
En: Sizes
Ja: サイズ
Fr_raw: Tailles
En_raw: Sizes
Ja_raw: サイズ

Keyword: TEST_CROP_OPERATOR
Fr: Test Crop operator
En: Test Crop operator
Ja: 作物、テスト オペレーター
Fr_raw: Test Crop operator
En_raw: Test Crop operator
Ja_raw: 作物、テスト オペレーター

Keyword: TEST_FUSE_OPERATOR
Fr: Test Fuse operator
En: Test Fuse operator
Ja: ヒューズ、テスト オペレーター
Fr_raw: Test Fuse operator
En_raw: Test Fuse operator
Ja_raw: ヒューズ、テスト オペレーター

Keyword: Text
Fr: Texte
En: Text
Ja: テキスト
Fr_raw: Texte
En_raw: Text
Ja_raw: テキスト

Keyword: Tooltip text
Fr: Texte d'infobulle
En: ToolTip text
Ja: ツールヒント テキスト
Fr_raw: Texte d'infobulle
En_raw: ToolTip text
Ja_raw: ツールヒント テキスト

Keyword: Window text
Fr: Texte de la fenêtre
En: Window text
Ja: ウィンドウ テキスト
Fr_raw: Texte de la fenêtre
En_raw: Window text
Ja_raw: ウィンドウ テキスト

Keyword: Button text
Fr: Texte du bouton
En: Button text
Ja: ボタンのテキスト
Fr_raw: Texte du bouton
En_raw: Button text
Ja_raw: ボタンのテキスト

Keyword: Highlighted text
Fr: Texte surligné
En: Text highlighted
Ja: テキストを強調表示
Fr_raw: Texte surligné
En_raw: Text highlighted
Ja_raw: テキストを強調表示

Keyword: Bright text
Fr: Texte éclairé
En: Illuminated text
Ja: ライトアップされたテキスト
Fr_raw: Texte éclairé
En_raw: Illuminated text
Ja_raw: ライトアップされたテキスト

Keyword: Header
Fr: Titre
En: Title
Ja: タイトル
Fr_raw: Titre
En_raw: Title
Ja_raw: タイトル

Keyword: Tous les Fichiers (*);;Fichiers JDC  (*.comm);;
Fr: Tous les Files(*) ;JDC Files(*.comm)
En: All Files(*);;JDC Files(*.comm)
Ja: すべての Files(*);日本国土開発 Files(*.comm)
Fr_raw: Tous les Files(*) ;JDC Files(*.comm)
En_raw: All Files(*);;JDC Files(*.comm)
Ja_raw: すべての Files(*);日本国土開発 Files(*.comm)

Keyword: ALL_FILES_FILTER
Fr: Tous les fichiers
En: All files
Ja: すべてのファイル
Fr_raw: Tous les fichiers
En_raw: All files
Ja_raw: すべてのファイル

Keyword: Tous les  Fichiers (*)
Fr: Tous les fichiers (*)
En: All files (*)
Ja: すべてのファイル (*)
Fr_raw: Tous les fichiers (*)
En_raw: All files (*)
Ja_raw: すべてのファイル (*)

Keyword: All files (*.*)
Fr: Tous les fichiers (*.*)
En: All Files (*.*)
Ja: すべてのファイル (*. *)
Fr_raw: Tous les fichiers (*.*)
En_raw: All Files (*.*)
Ja_raw: すべてのファイル (*. *)

Keyword: Fermer tout
Fr: Tout fermer
En: Close all
Ja: すべて閉じる
Fr_raw: Tout fermer
En_raw: Close all
Ja_raw: すべて閉じる

Keyword: Perform transformation
Fr: Transformer un élément
En: Turn an item
Ja: アイテムを有効に
Fr_raw: Transformer un élément
En_raw: Turn an item
Ja_raw: アイテムを有効に

Keyword: Perform Transformation
Fr: Transformer élément
En: Transform element
Ja: 要素を変換します。
Fr_raw: Transformer élément
En_raw: Transform element
Ja_raw: 要素を変換します。

Keyword: Transparency
Fr: Transparence
En: Transparency
Ja: 透明度
Fr_raw: Transparence
En_raw: Transparency
Ja_raw: 透明度

Keyword: Tri Alpha
Fr: Tri alpha
En: alpha sort
Ja: アルファベット順に並べ替える
Fr_raw: Tri alpha
En_raw: alpha sort
Ja_raw: アルファベット順に並べ替える

Keyword: Rechercher dans le JDC
Fr: Trouver dans le JDC
En: Find in JDC
Ja: JDC を検索します。
Fr_raw: Trouver dans le JDC
En_raw: Find in JDC
Ja_raw: JDC を検索します。

Keyword: Les tuples ne sont pas supportes pour le format ini :%s 
Fr: Tuple ne sont pas autorisés pour format ini : wkŠ
En: Tuple are not allowed for format ini : ùs
Ja: 形式の ini 組は許可されていません: ùs
Fr_raw: Tuple ne sont pas autorisés pour format ini : wkŠ
En_raw: Tuple are not allowed for format ini : ùs
Ja_raw: 形式の ini 組は許可されていません: ùs

Keyword: PIPE
Fr: Tuyau
En: Pipe
Ja: Pipe
Fr_raw: Tuyau
En_raw: Pipe
Ja_raw: Pipe

Keyword: TREE_ITEM_PIPE
Fr: Tuyaux
En: Pipes
Ja: パイプ
Fr_raw: Tuyaux
En_raw: Pipes
Ja_raw: パイプ

Keyword: Type
Fr: Type
En: 
Ja: 
Fr_raw: Type
En_raw: 
Ja_raw: 

Keyword: <u>Type du concept :</u>
Fr: Type du concept
En: Concept's Type
Ja: 概念の種類
Fr_raw: Type du concept
En_raw: Concept's Type
Ja_raw: 概念の種類

Keyword: Types, modifiers and items
Fr: Types, modifieurs et éléments
En: Types, modifiers, and elements
Ja: 型、修飾子、および要素
Fr_raw: Types, modifieurs et éléments
En_raw: Types, modifiers, and elements
Ja_raw: 型、修飾子、および要素

Keyword: UUID
Fr: UUID
En: 
Ja: 
Fr_raw: UUID
En_raw: 
Ja_raw: 

Keyword: FEM_CORRECTION
Fr: Utiliser correction FEM
En: To use FEM correction
Ja: 使用 fix GEF
Fr_raw: Utiliser correction FEM
En_raw: To use FEM correction
Ja_raw: 使用 fix GEF

Keyword: RECOVERY_VERSION
Fr: Utiliser la version de restauration des frontières
En: To use boundary recovery version
Ja: バージョン境界の復元を使用します。
Fr_raw: Utiliser la version de restauration des frontières
En_raw: To use boundary recovery version
Ja_raw: バージョン境界の復元を使用します。

Keyword: ASP VBScript default
Fr: VBScript ASP par défaut
En: Default ASP VBScript
Ja: 既定 ASP VBScript
Fr_raw: VBScript ASP par défaut
En_raw: Default ASP VBScript
Ja_raw: 既定 ASP VBScript

Keyword: VBScript default
Fr: VBScript par défaut
En: Default VBScript
Ja: 既定の VBScript
Fr_raw: VBScript par défaut
En_raw: Default VBScript
Ja_raw: 既定の VBScript

Keyword: <font size="+1">Valeur</font>
Fr: Valeur
En: Value
Ja: 値
Fr_raw: Valeur
En_raw: Value
Ja_raw: 値

Keyword: Unquoted HTML value
Fr: Valeur HTML sans guillemets
En: HTML value without quotes
Ja: 引用符なしの HTML 値
Fr_raw: Valeur HTML sans guillemets
En_raw: HTML value without quotes
Ja_raw: 引用符なしの HTML 値

Keyword: Valeur Parametre
Fr: Valeur du paramètre
En: Parameter's value
Ja: パラメーターの値
Fr_raw: Valeur du paramètre
En_raw: Parameter's value
Ja_raw: パラメーターの値

Keyword: Default value
Fr: Valeur par défaut
En: Default value
Ja: 既定値
Fr_raw: Valeur par défaut
En_raw: Default value
Ja_raw: 既定値

Keyword: <u><font size="+1">Valeur(s) actuelle(s)</font></u>
Fr: Valeur réelle (s)
En: Actual value(s)
Ja: 実際の値
Fr_raw: Valeur réelle (s)
En_raw: Actual value(s)
Ja_raw: 実際の値

Keyword: Valeur selectionnee : 
Fr: Valeur sélectionnée :
En: Selected value :
Ja: 選択した値:
Fr_raw: Valeur sélectionnée :
En_raw: Selected value :
Ja_raw: 選択した値:

Keyword: Concept/Valeur           
Fr: Valeur/concept
En: Concept/Value
Ja: コンセプト/値
Fr_raw: Valeur/concept
En_raw: Concept/Value
Ja_raw: コンセプト/値

Keyword: Valider
Fr: Valider
En: Validate
Ja: 検証
Fr_raw: Valider
En_raw: Validate
Ja_raw: 検証

Keyword: validation de la saisie
Fr: Valider l'entrée
En: Validate input
Ja: 入力を検証します。
Fr_raw: Valider l'entrée
En_raw: Validate input
Ja_raw: 入力を検証します。

Keyword: &Valider
Fr: Valider(V)
En: Validate
Ja: 検証
Fr_raw: Valider(&V)
En_raw: &Validate
Ja_raw: 検証(&V)
Fr_Option_Text: (&V)
En_Option_Text: (&V)
Ja_Option_Text: (&V)

Keyword: Variable
Fr: Variable
En: 
Ja: 
Fr_raw: Variable
En_raw: 
Ja_raw: 

Keyword: PHP variable
Fr: Variable PHP
En: Variable PHP
Ja: 変数 PHP
Fr_raw: Variable PHP
En_raw: Variable PHP
Ja_raw: 変数 PHP

Keyword: PHP double-quoted variable
Fr: Variable PHP (guillemets doubles)
En: PHP (double quote) variable
Ja: (二重引用符) PHP 変数
Fr_raw: Variable PHP (guillemets doubles)
En_raw: PHP (double quote) variable
Ja_raw: (二重引用符) PHP 変数

Keyword: VECTOR
Fr: Vecteur
En: Vector
Ja: Vector
Fr_raw: Vecteur
En_raw: Vector
Ja_raw: Vector

Keyword: TREE_ITEM_VECTOR
Fr: Vecteurs
En: Vectors
Ja: ベクトル
Fr_raw: Vecteurs
En_raw: Vectors
Ja_raw: ベクトル

Keyword: Hexotic_VERBOSITY
Fr: Verbosité
En: Verbosity
Ja: 詳細
Fr_raw: Verbosité
En_raw: Verbosity
Ja_raw: 詳細

Keyword: version 
Fr: Version
En: version
Ja: バージョン
Fr_raw: Version
En_raw: version
Ja_raw: バージョン

Keyword: ABOUT_VERSION
Fr: Version 2014.1
En: Version 2014.1
Ja: バージョン 2014.1
Fr_raw: Version 2014.1
En_raw: Version 2014.1
Ja_raw: バージョン 2014.1

Keyword: Veuillez choisir un code :
Fr: Veuillez choisir un code :
En: Please, choose a code :
Ja: コードを選択してください。
Fr_raw: Veuillez choisir un code :
En_raw: Please, choose a code :
Ja_raw: コードを選択してください。

Keyword: PLEASE SELECT A PROPAGATION
Fr: Veuillez choisir une propagation
En: Please select a propagation
Ja: スプレッドを選択してください。
Fr_raw: Veuillez choisir une propagation
En_raw: Please select a propagation
Ja_raw: スプレッドを選択してください。

Keyword: Le champ Catalogue  doit etre rempli
Fr: Vous devez entrer la valeur de « catalogue »
En: You must enter 'catalog' value
Ja: 'カタログ' の値を入力する必要があります。
Fr_raw: Vous devez entrer la valeur de « catalogue »
En_raw: You must enter 'catalog' value
Ja_raw: 'カタログ' の値を入力する必要があります。

Keyword: Veuillez selectionner un seul objet : la copie se fera apres le noeud selectionne
Fr: Vous devez sélectionner un seul objet : copie se fera après le nœud sélectionné
En: You have to select a single object : copy will be done after the selected node
Ja: 1 つのオブジェクトを選択する必要がある： コピーは、選択したノードの後に行われる
Fr_raw: Vous devez sélectionner un seul objet : copie se fera après le nœud sélectionné
En_raw: You have to select a single object : copy will be done after the selected node
Ja_raw: 1 つのオブジェクトを選択する必要がある： コピーは、選択したノードの後に行われる

Keyword: Vrai
Fr: Vrai
En: True
Ja: 真
Fr_raw: Vrai
En_raw: True
Ja_raw: 真

Keyword: Visualisation Include Materiau
Fr: Vue inclure doué
En: View Include Materiau
Ja: ビューに含める Materiau
Fr_raw: Vue inclure doué
En_raw: View Include Materiau
Ja_raw: ビューに含める Materiau

Keyword: HEXABLOCK_ENF_VER_X_COLUMN
Fr: X
En: X
Ja: X
Fr_raw: X
En_raw: X
Ja_raw: X

Keyword: HEXABLOCK_ENF_VER_X_LABEL
Fr: X:
En: X:
Ja: X:
Fr_raw: X:
En_raw: X:
Ja_raw: X:

Keyword: HEXABLOCK_ENF_VER_Y_COLUMN
Fr: Y
En: Y
Ja: そこ
Fr_raw: Y
En_raw: Y
Ja_raw: そこ

Keyword: HEXABLOCK_ENF_VER_Y_LABEL
Fr: Y:
En: Y:
Ja: Y:
Fr_raw: Y:
En_raw: Y:
Ja_raw: Y:

Keyword: HEXABLOCK_ENF_VER_Z_COLUMN
Fr: Z
En: Z
Ja: Z
Fr_raw: Z
En_raw: Z
Ja_raw: Z

Keyword: HEXABLOCK_ENF_VER_Z_LABEL
Fr: Z:
En: Z:
Ja: Z:
Fr_raw: Z:
En_raw: Z:
Ja_raw: Z:

Keyword: DSC_ZOOM_VIEW
Fr: Zoom
En: Zoom the view
Ja: ズーム
Fr_raw: Zoom
En_raw: Zoom the view
Ja_raw: ズーム

Keyword: Zoom out
Fr: Zoom arrière
En: Zoom out
Ja: ズーム アウト
Fr_raw: Zoom arrière
En_raw: Zoom out
Ja_raw: ズーム アウト

Keyword: Zoom in
Fr: Zoom avant
En: Zoom
Ja: ズーム
Fr_raw: Zoom avant
En_raw: Zoom
Ja_raw: ズーム

Keyword: [ Current ]
Fr: [ Actuel ]
En: [Current]
Ja: [現在]
Fr_raw: [ Actuel ]
En_raw: [Current]
Ja_raw: [現在]

Keyword: [ Default ]
Fr: [ Défaut ]
En: [Default]
Ja: [既定値]
Fr_raw: [ Défaut ]
En_raw: [Default]
Ja_raw: [既定値]

Keyword:  n'est pas du bon type
Fr: a pas un type valide
En: has not a valid type
Ja: 無効な型には
Fr_raw: a pas un type valide
En_raw: has not a valid type
Ja_raw: 無効な型には

Keyword: affiche la distribution 
Fr: afficher distribution
En: display distribution
Ja: 分布を表示します。
Fr_raw: afficher distribution
En_raw: display distribution
Ja_raw: 分布を表示します。

Keyword: Visualisation Fichier 
Fr: afficher le fichier
En: view file
Ja: ファイルの表示
Fr_raw: afficher le fichier
En_raw: view file
Ja_raw: ファイルの表示

Keyword: Retour Chariot dans une sone de saisie permet de vérifier la validité de la valeur saisie.
Fr: afin de vérifier la validité d'une valeur de widget, retour chariot de la presse.
En: in order to verify the validity of a widget value, press carriage return.
Ja: ウィジェット値の妥当性を検証するために押してキャリッジ リターンします。
Fr_raw: afin de vérifier la validité d'une valeur de widget, retour chariot de la presse.
En_raw: in order to verify the validity of a widget value, press carriage return.
Ja_raw: ウィジェット値の妥当性を検証するために押してキャリッジ リターンします。

Keyword: Aide specifique 
Fr: aide du code
En: code's help
Ja: コードのヘルプ
Fr_raw: aide du code
En_raw: code's help
Ja_raw: コードのヘルプ

Keyword: alphabétique
Fr: alphabétique
En: alphabetic
Ja: アルファベット順
Fr_raw: alphabétique
En_raw: alphabetic
Ja_raw: アルファベット順

Keyword: apres
Fr: après
En: after
Ja: 後
Fr_raw: après
En_raw: after
Ja_raw: 後

Keyword: Argument(s) invalide(s) pour une FORMULE
Fr: arguments ne sont pas valides pour la FORMULE
En: arguments are not valid for FORMULE
Ja: フォーミュラの無効な引数
Fr_raw: arguments ne sont pas valides pour la FORMULE
En_raw: arguments are not valid for FORMULE
Ja_raw: フォーミュラの無効な引数

Keyword: Pas de nom donne a la FORMULE
Fr: aucun nom donné
En: no name given
Ja: 与えられた名前のないです。
Fr_raw: aucun nom donné
En_raw: no name given
Ja_raw: 与えられた名前のないです。

Keyword: Le type de la valeur retournee n'est pas specifie
Fr: aucun type n'est spécifié pour la valeur de retour
En: no type is specified for the return value
Ja: 戻り値の型が指定されていません
Fr_raw: aucun type n'est spécifié pour la valeur de retour
En_raw: no type is specified for the return value
Ja_raw: 戻り値の型が指定されていません

Keyword: Aide Indisponible
Fr: aucune aide disponible
En: no help avalaible
Ja: ないヘルプ avalaible
Fr_raw: aucune aide disponible
En_raw: no help avalaible
Ja_raw: ないヘルプ avalaible

Keyword: Aucune documentation n'est associee a ce noeud
Fr: aucune documentation n'est disponible pour ce nœud
En: no documentation is available for this node
Ja: このノードに使用できるドキュメントはありません。
Fr_raw: aucune documentation n'est disponible pour ce nœud
En_raw: no documentation is available for this node
Ja_raw: このノードに使用できるドキュメントはありません。

Keyword: Les doublons ne sont pas permis
Fr: aucune reproduction n'est autorisée
En: no duplication is allowed
Ja: 重複は許可されていません
Fr_raw: aucune reproduction n'est autorisée
En_raw: no duplication is allowed
Ja_raw: 重複は許可されていません

Keyword: Pas de valeur entree
Fr: aucune valeur donnée
En: no given value
Ja: 特定の値ではありません。
Fr_raw: aucune valeur donnée
En_raw: no given value
Ja_raw: 特定の値ではありません。

Keyword: Pas de valeur selectionnee
Fr: aucune valeur sélectionnée
En: no selected value
Ja: 選択した値
Fr_raw: aucune valeur sélectionnée
En_raw: no selected value
Ja_raw: 選択した値

Keyword: Aucune variable connue
Fr: aucune variable connue
En: no known variable
Ja: ない既知の変数
Fr_raw: aucune variable connue
En_raw: no known variable
Ja_raw: ない既知の変数

Keyword: avant
Fr: avant
En: before
Ja: 前に
Fr_raw: avant
En_raw: before
Ja_raw: 前に

Keyword:  avec le catalogue 
Fr: avec catalogue
En: with catalog  
Ja: カタログ
Fr_raw: avec catalogue
En_raw: with catalog  
Ja_raw: カタログ

Keyword: longueur de la chaine entre
Fr: betwwen longueur de la chaîne
En: string's length betwwen
Ja: 文字列の長さ betwwen
Fr_raw: betwwen longueur de la chaîne
En_raw: string's length betwwen
Ja_raw: 文字列の長さ betwwen

Keyword: Le cardinal de la liste doit etre compris entre 
Fr: cardinalisty de la liste doit être comprise entre
En: list's cardinalisty should be between 
Ja: リストの cardinalisty の間でなければなりません
Fr_raw: cardinalisty de la liste doit être comprise entre
En_raw: list's cardinalisty should be between 
Ja_raw: リストの cardinalisty の間でなければなりません

Keyword: La cardinalite n'est pas correcte, la derniere valeur est ignoree
Fr: cardinalité incorrecte : la dernière valeur est ignorée
En: incorrect cardinality : the last value is ignored
Ja: 不正な基数: 最後の値は無視されます
Fr_raw: cardinalité incorrecte : la dernière valeur est ignorée
En_raw: incorrect cardinality : the last value is ignored
Ja_raw: 不正な基数: 最後の値は無視されます

Keyword: Tri Cata
Fr: cata sort
En: cata sort
Ja: Cata は出てくる
Fr_raw: cata sort
En_raw: cata sort
Ja_raw: Cata は出てくる

Keyword: ce noeud
Fr: ce nœud
En: this node
Ja: このノード
Fr_raw: ce nœud
En_raw: this node
Ja_raw: このノード

Keyword: chaines de caracteres
Fr: chaînes
En: strings
Ja: 文字列
Fr_raw: chaînes
En_raw: strings
Ja_raw: 文字列

Keyword: le nombre de colonne n est pas egal a 
Fr: columns'number n'est pas égal à
En: columns'number is not equal to 
Ja: columns'number と等しくないです。
Fr_raw: columns'number n'est pas égal à
En_raw: columns'number is not equal to 
Ja_raw: columns'number と等しくないです。

Keyword: Commande %s supprimee
Fr: commande %s est supprimé
En: command %s is deleted
Ja: コマンド %s が削除されます。
Fr_raw: commande %s est supprimé
En_raw: command %s is deleted
Ja_raw: コマンド %s が削除されます。

Keyword: Objet commande commentarisé invalide
Fr: commande commentée non valide
En: invalid commented command
Ja: 無効なコメント コマンド
Fr_raw: commande commentée non valide
En_raw: invalid commented command
Ja_raw: 無効なコメント コマンド

Keyword: le fichier de commandes %s n'existe pas
Fr: commandes fichier %s n'existe pas
En: commands file %s does not exist
Ja: コマンド ファイル %s が存在しません
Fr_raw: commandes fichier %s n'existe pas
En_raw: commands file %s does not exist
Ja_raw: コマンド ファイル %s が存在しません

Keyword: commente le noeud 
Fr: commenter ce nœud
En: comment this node
Ja: このノードをコメントします。
Fr_raw: commenter ce nœud
En_raw: comment this node
Ja_raw: このノードをコメントします。

Keyword: complexes
Fr: complexe
En: complex
Ja: 複雑です
Fr_raw: complexe
En_raw: complex
Ja_raw: 複雑です

Keyword: include mal defini %s
Fr: comprendre n'est pas correct %s
En: include is not correct %s
Ja: 含めるは正しい %s ではありません
Fr_raw: comprendre n'est pas correct %s
En_raw: include is not correct %s
Ja_raw: 含めるは正しい %s ではありません

Keyword: concept %(inst_name)s de type %(class_name)s
Fr: concept %s (inst_name) de type %s (class_name)
En: concept %(inst_name)s of type  %(class_name)s
Ja: 型 %s (class_name) の概念 (inst_name) %s
Fr_raw: concept %s (inst_name) de type %s (class_name)
En_raw: concept %(inst_name)s of type  %(class_name)s
Ja_raw: 型 %s (class_name) の概念 (inst_name) %s

Keyword: Concept cree
Fr: concept créé
En: concept created
Ja: 作成の概念
Fr_raw: concept créé
En_raw: concept created
Ja_raw: 作成の概念

Keyword: Nom de concept deja defini 
Fr: concept déjà défini
En: already defined concept
Ja: 定義済みの概念
Fr_raw: concept déjà défini
En_raw: already defined concept
Ja_raw: 定義済みの概念

Keyword:  Nom de concept deja  defini : 
Fr: concept déjà défini :
En: already defined concept :
Ja: 既に定義されている概念:
Fr_raw: concept déjà défini :
En_raw: already defined concept :
Ja_raw: 既に定義されている概念:

Keyword: Concept deja existant et de mauvais type
Fr: concept déjà existant de type non pris en charge
En: already existing concept of not supported type
Ja: サポートされていない種類の既に既存の概念
Fr_raw: concept déjà existant de type non pris en charge
En_raw: already existing concept of not supported type
Ja_raw: サポートされていない種類の既に既存の概念

Keyword: Concept existant
Fr: concept existant deja
En: allready existing concept
Ja: 既存の概念を出回っ
Fr_raw: concept existant deja
En_raw: allready existing concept
Ja_raw: 既存の概念を出回っ

Keyword: un concept de meme nom existe deja
Fr: concept existe déjà
En: concept already exists
Ja: 概念は既に存在します。
Fr_raw: concept existe déjà
En_raw: concept already exists
Ja_raw: 概念は既に存在します。

Keyword: contient des valeurs non paires
Fr: contient des valeurs non encore
En: contains non even values
Ja: 以外にも値が含まれています
Fr_raw: contient des valeurs non encore
En_raw: contains non even values
Ja_raw: 以外にも値が含まれています

Keyword:  contient des valeurs hors des choix possibles: 
Fr: contient des valeurs unallowed :
En: contains unallowed values :
Ja: unallowed 値が含まれています。
Fr_raw: contient des valeurs unallowed :
En_raw: contains unallowed values :
Ja_raw: unallowed 値が含まれています。

Keyword: GEOM_COORDINATES
Fr: coordonnées
En: coordinates
Ja: 座標
Fr_raw: coordonnées
En_raw: coordinates
Ja_raw: 座標

Keyword: Copie refusee
Fr: copie rejetée
En: rejected copy
Ja: 拒否されたコピー
Fr_raw: copie rejetée
En_raw: rejected copy
Ja_raw: 拒否されたコピー

Keyword: de type 
Fr: de type
En: of type 
Ja: 型の
Fr_raw: de type
En_raw: of type 
Ja_raw: 型の

Keyword: Type d'objet non prevu : %s
Fr: devrait ne pas de type d'objet : %s
En: object type not expected : %s
Ja: 予期しない型のオブジェクト: %s
Fr_raw: devrait ne pas de type d'objet : %s
En_raw: object type not expected : %s
Ja_raw: 予期しない型のオブジェクト: %s

Keyword:  devrait etre comprise entre 
Fr: devrait être dans l'intervalle de
En: should be in interval of 
Ja: 間隔でする必要があります。
Fr_raw: devrait être dans l'intervalle de
En_raw: should be in interval of 
Ja_raw: 間隔でする必要があります。

Keyword: affiche dans Geom les elements de structure
Fr: diplay SE en Geom
En: diplay SE in Geom
Ja: Geom の diplay SE
Fr_raw: diplay SE en Geom
En_raw: diplay SE in Geom
Ja_raw: Geom の diplay SE

Keyword: Doc
Fr: doc
En: doc
Ja: doc
Fr_raw: doc
En_raw: doc
Ja_raw: doc

Keyword: L'attribut 'docu' doit etre une chaine de caracteres
Fr: docu doit être une chaîne
En: docu must be a string
Ja: ドキュメンタリーは文字列である必要があります。
Fr_raw: docu doit être une chaîne
En_raw: docu must be a string
Ja_raw: ドキュメンタリーは文字列である必要があります。

Keyword: Documentation
Fr: documentation
En: documentation
Ja: ドキュメント
Fr_raw: documentation
En_raw: documentation
Ja_raw: ドキュメント

Keyword: documentation sur la commande 
Fr: documentation de la commande
En: command's documentation
Ja: コマンドのマニュアル
Fr_raw: documentation de la commande
En_raw: command's documentation
Ja_raw: コマンドのマニュアル

Keyword: Documentation Vide
Fr: documentation vide
En: empty documentation
Ja: 空のドキュメント
Fr_raw: documentation vide
En_raw: empty documentation
Ja_raw: 空のドキュメント

Keyword:  devrait etre de type  
Fr: doit être de type
En: should be of type 
Ja: 型である必要があります。
Fr_raw: doit être de type
En_raw: should be of type 
Ja_raw: 型である必要があります。

Keyword:  doit etre inferieur a 
Fr: doit être inférieure à
En: must be below  
Ja: 以下にする必要があります。
Fr_raw: doit être inférieure à
En_raw: must be below  
Ja_raw: 以下にする必要があります。

Keyword:  doit être inférieur a 
Fr: doit être plus bas que
En: must be lowest than
Ja: 低い必要があります。
Fr_raw: doit être plus bas que
En_raw: must be lowest than
Ja_raw: 低い必要があります。

Keyword: verifier que c'est une chaine
Fr: doit être une chaîne
En: must be a string
Ja: 文字列である必要があります。
Fr_raw: doit être une chaîne
En_raw: must be a string
Ja_raw: 文字列である必要があります。

Keyword:  devrait etre de longueur inferieure a 
Fr: doivent avoir une longueur inférieure à
En: should have a length less than 
Ja: 長さを持っている必要があります未満
Fr_raw: doivent avoir une longueur inférieure à
En_raw: should have a length less than 
Ja_raw: 長さを持っている必要があります未満

Keyword:  devrait etre de longueur superieure a 
Fr: doivent avoir une longueur supérieure à
En: should have a length higher than 
Ja: 高い長さがあります。
Fr_raw: doivent avoir une longueur supérieure à
En_raw: should have a length higher than 
Ja_raw: 高い長さがあります。

Keyword: enleve l occurence selectionnee
Fr: découper la valeur sélectionnée
En: cut out the selected value
Ja: 選択した値をカットします。
Fr_raw: découper la valeur sélectionnée
En_raw: cut out the selected value
Ja_raw: 選択した値をカットします。

Keyword: Definition d'un parametre
Fr: définit un paramètre
En: defines a parameter
Ja: パラメーターを定義します
Fr_raw: définit un paramètre
En_raw: defines a parameter
Ja_raw: パラメーターを定義します

Keyword: Debut Fonction %s
Fr: démarrer la fonction %s
En: start function %s
Ja: 関数 %s を開始します。
Fr_raw: démarrer la fonction %s
En_raw: start function %s
Ja_raw: 関数 %s を開始します。

Keyword: Deplacement refuse
Fr: déménagement a rejeté
En: move rejected
Ja: この動きを拒絶
Fr_raw: déménagement a rejeté
En_raw: move rejected
Ja_raw: この動きを拒絶

Keyword: Deplacement refuse entre 2 fichiers. Seule la copie est autorisee 
Fr: déménagement a rejeté. aucun mouvement entre deux fichiers : une seule copie est disponible
En: move rejected. no move between two files : only copy is available
Ja: この動きを拒絶します。ない 2 つのファイル間を移動： だけのコピーが利用できます。
Fr_raw: déménagement a rejeté. aucun mouvement entre deux fichiers : une seule copie est disponible
En_raw: move rejected. no move between two files : only copy is available
Ja_raw: この動きを拒絶します。ない 2 つのファイル間を移動： だけのコピーが利用できます。

Keyword: Répertoire de sauvegarde par défaut :
Fr: enregistrement répertoire par défaut :
En: default save directory :
Ja: 既定の保存ディレクトリ:
Fr_raw: enregistrement répertoire par défaut :
En_raw: default save directory :
Ja_raw: 既定の保存ディレクトリ:

Keyword: sauvegarde
Fr: enregistrer
En: save
Ja: 保存
Fr_raw: enregistrer
En_raw: save
Ja_raw: 保存

Keyword: entiers
Fr: entier
En: integer
Ja: 整数
Fr_raw: entier
En_raw: integer
Ja_raw: 整数

Keyword: Erreur
Fr: erreur
En: error
Ja: エラー
Fr_raw: erreur
En_raw: error
Ja_raw: エラー

Keyword: Erreurs fatales
Fr: erreur fatale
En: fatale error
Ja: ファタル エラー
Fr_raw: erreur fatale
En_raw: fatale error
Ja_raw: ファタル エラー

Keyword: Erreur fatale au chargement de %s
Fr: erreur fatale lors du chargement de %s
En: fatal error when loading %s
Ja: %s をロードするときの致命的エラー
Fr_raw: erreur fatale lors du chargement de %s
En_raw: fatal error when loading %s
Ja_raw: %s をロードするときの致命的エラー

Keyword: Erreur dans la recherche des  args de la commande :
Fr: erreur lors de la commande de l'argument de recherche :
En: error when searching argument's command :
Ja: 引数のコマンドを検索するときのエラー:
Fr_raw: erreur lors de la commande de l'argument de recherche :
En_raw: error when searching argument's command :
Ja_raw: 引数のコマンドを検索するときのエラー:

Keyword: Erreur dans la recherche  du nom de la commande : 
Fr: erreur lors de la recherche le nom de la commande :
En: error when searching command's name :
Ja: コマンドの名前を検索するときのエラー:
Fr_raw: erreur lors de la recherche le nom de la commande :
En_raw: error when searching command's name :
Ja_raw: コマンドの名前を検索するときのエラー:

Keyword: espace
Fr: espace
En: space
Ja: スペース
Fr_raw: espace
En_raw: space
Ja_raw: スペース

Keyword: Espace de travail
Fr: espace de travail
En: work space
Ja: 作業スペース
Fr_raw: espace de travail
En_raw: work space
Ja_raw: 作業スペース

Keyword:  est un doublon
Fr: est dupliqué
En: is duplicated
Ja: 重複します。
Fr_raw: est dupliqué
En_raw: is duplicated
Ja_raw: 重複します。

Keyword:   n'est pas un index valide pour append_brother
Fr: est ne pas corriger - pas possible de « append_brother »
En: is not correct - no possible "append_brother"
Ja: 正しくない - ない可能性"append_brother"
Fr_raw: est ne pas corriger - pas possible de « append_brother »
En_raw: is not correct - no possible "append_brother"
Ja_raw: 正しくない - ない可能性"append_brother"

Keyword:  est attendu.
Fr: est prévu.
En: is expected.
Ja: 期待されます。
Fr_raw: est prévu.
En_raw: is expected.
Ja_raw: 期待されます。

Keyword:  est un nom valide pour une FORMULE
Fr: est un nom valide pour la FORMULE
En: is a valid name for FORMULE
Ja: フォーミュラの有効な名前です。
Fr_raw: est un nom valide pour la FORMULE
En_raw: is a valid name for FORMULE
Ja_raw: フォーミュラの有効な名前です。

Keyword:  et 
Fr: et
En:  and 
Ja: と
Fr_raw: et
En_raw:  and 
Ja_raw: と

Keyword: expression n est pas de la forme a+bj
Fr: expression n'est pas comme un bj
En: expression is not as a+bj
Ja: 式が、bj としてではないです。
Fr_raw: expression n'est pas comme un bj
En_raw: expression is not as a+bj
Ja_raw: 式が、bj としてではないです。

Keyword: expression invalide
Fr: expression non-valables
En: unvalid expression
Ja: 鉱床式
Fr_raw: expression non-valables
En_raw: unvalid expression
Ja_raw: 鉱床式

Keyword: expression valide
Fr: expression valide
En: valid expression
Ja: 有効な式
Fr_raw: expression valide
En_raw: valid expression
Ja_raw: 有効な式

Keyword: Corps de FORMULE valide
Fr: expression valide pour la FORMULE
En: valid expression for FORMULE
Ja: フォーミュラの有効な式
Fr_raw: expression valide pour la FORMULE
En_raw: valid expression for FORMULE
Ja_raw: フォーミュラの有効な式

Keyword: Mauvaise execution 
Fr: exécution incorrecte
En: uncorrect run
Ja: 不正解の実行
Fr_raw: exécution incorrecte
En_raw: uncorrect run
Ja_raw: 不正解の実行

Keyword: Le fichier %s contient une commande INCLUDE\n
Fr: fichier %s contient une commande INCLUDE
En: file %s contains an INCLUDE command
Ja: ファイル %s は、INCLUDE コマンドの実行が含まれています
Fr_raw: fichier %s contient une commande INCLUDE
En_raw: file %s contains an INCLUDE command
Ja_raw: ファイル %s は、INCLUDE コマンドの実行が含まれています

Keyword: Le fichier %s contient une commande POURSUITE\n
Fr: fichier %s contient une commande POURSUITE
En: file %s contains a POURSUITE command
Ja: ファイル %s には POURSUITE コマンドが含まれています
Fr_raw: fichier %s contient une commande POURSUITE
En_raw: file %s contains a POURSUITE command
Ja_raw: ファイル %s には POURSUITE コマンドが含まれています

Keyword: Le fichier <b>%(v_1)s</b> n'a pu etre sauvegarde. <br>Raison : %(v_2)s
Fr: fichier <b>%s (v_1)</b> n'a pas été enregistré.
En: file <b>%(v_1)s</b> was not saved
Ja: ファイル<b>%s (v_1)</b>は保存されませんでした。
Fr_raw: fichier <b>%s (v_1)</b> n'a pas été enregistré.
En_raw: file <b>%(v_1)s</b> was not saved
Ja_raw: ファイル<b>%s (v_1)</b>は保存されませんでした。

Keyword: Le fichier <b>%s</b> existe deja.
Fr: fichier <b>%s</b> existe déjà.
En: file  <b>%s</b> already exists.
Ja: ファイル<b>%s</b>は既に存在します。
Fr_raw: fichier <b>%s</b> existe déjà.
En_raw: file  <b>%s</b> already exists.
Ja_raw: ファイル<b>%s</b>は既に存在します。

Keyword: Fichier modifie  :
Fr: fichier a été modifié :
En: file was modified :
Ja: ファイルが変更された：
Fr_raw: fichier a été modifié :
En_raw: file was modified :
Ja_raw: ファイルが変更された：

Keyword: fichier decrivant une etude
Fr: fichier contenant une étude
En: file containing a study
Ja: 研究を含むファイル
Fr_raw: fichier contenant une étude
En_raw: file containing a study
Ja_raw: 研究を含むファイル

Keyword: Le fichier contient une commande MODEL\n
Fr: fichier contient la commande du modèle
En: file contains MODEL command 
Ja: ファイルには、MODEL コマンドが含まれています
Fr_raw: fichier contient la commande du modèle
En_raw: file contains MODEL command 
Ja_raw: ファイルには、MODEL コマンドが含まれています

Keyword: Fichier de donnees
Fr: fichier de données
En: data file
Ja: データ ファイル
Fr_raw: fichier de données
En_raw: data file
Ja_raw: データ ファイル

Keyword: le fichier doit contenir une unique variable de sortie
Fr: fichier doit déclarer une variable de sortie unique
En: file must declare a single output variable
Ja: ファイルは 1 つの出力変数を宣言する必要があります。
Fr_raw: fichier doit déclarer une variable de sortie unique
En_raw: file must declare a single output variable
Ja_raw: ファイルは 1 つの出力変数を宣言する必要があります。

Keyword: Fichier Duplique
Fr: fichier est dupliqué
En: file is duplicated
Ja: ファイルを複製します。
Fr_raw: fichier est dupliqué
En_raw: file is duplicated
Ja_raw: ファイルを複製します。

Keyword: Fichier introuvable
Fr: fichier inconnu
En: unknown file 
Ja: 不明なファイル
Fr_raw: fichier inconnu
En_raw: unknown file 
Ja_raw: 不明なファイル

Keyword: fichier modifie
Fr: fichier mis à jour
En: file updated 
Ja: ファイルが更新されました
Fr_raw: fichier mis à jour
En_raw: file updated 
Ja_raw: ファイルが更新されました

Keyword: Le fichier n est pas defini
Fr: fichier n'est pas défini
En: file is not defined
Ja: ファイルが定義されていません
Fr_raw: fichier n'est pas défini
En_raw: file is not defined
Ja_raw: ファイルが定義されていません

Keyword: Fichier invalide
Fr: fichier non valide
En: invalid file
Ja: 無効なファイル
Fr_raw: fichier non valide
En_raw: invalid file
Ja_raw: 無効なファイル

Keyword: Fichier invalide %s
Fr: fichier non valide %s
En: invalid file %s
Ja: ファイル %s が無効です。
Fr_raw: fichier non valide %s
En_raw: invalid file %s
Ja_raw: ファイル %s が無効です。

Keyword: Le contenu de ce fichier ne sera pas pris en compte\n
Fr: fichier sera ignoré
En: file will be ignored\n
Ja: ファイルは無視されます。
Fr_raw: fichier sera ignoré
En_raw: file will be ignored\n
Ja_raw: ファイルは無視されます。

Keyword: Fichier selectionne
Fr: fichier sélectionné
En: file selected
Ja: 選択したファイル
Fr_raw: fichier sélectionné
En_raw: file selected
Ja_raw: 選択したファイル

Keyword: Fin 
Fr: fin
En: end
Ja: 終了
Fr_raw: fin
En_raw: end
Ja_raw: 終了

Keyword: reels
Fr: flotteurs
En: floats
Ja: 浮動小数点数
Fr_raw: flotteurs
En_raw: floats
Ja_raw: 浮動小数点数

Keyword: Format pas implemente : %s
Fr: format : %s non implémenté
En: format : %s not implemented
Ja: 形式: %s は実装されていません
Fr_raw: format : %s non implémenté
En_raw: format : %s not implemented
Ja_raw: 形式: %s は実装されていません

Keyword: La formule passee à l'interpreteur doit etre sous forme de tuple
Fr: formule doit être écrit dans le tuple
En: formula must be written as tuple
Ja: 数式が組として書かれなければなりません。
Fr_raw: formule doit être écrit dans le tuple
En_raw: formula must be written as tuple
Ja_raw: 数式が組として書かれなければなりません。

Keyword: La liste des arguments d'une formule doit etre entre parentheses : parenthese ouvrante manquante
Fr: formule prévoit une liste d'arguments : Aucune parenthèse gauche
En: formula expects a list of arguments : no left parenthesis
Ja: 数式の引数のリストを受け取る: ない左かっこ
Fr_raw: formule prévoit une liste d'arguments : Aucune parenthèse gauche
En_raw: formula expects a list of arguments : no left parenthesis
Ja_raw: 数式の引数のリストを受け取る: ない左かっこ

Keyword: La liste des arguments d'une formule doit etre entre parentheses : parenthese fermante manquante
Fr: formule prévoit une liste d'arguments : aucun droit parenthes
En: formula expects a list of arguments : no right parenthes
Ja: 数式の引数のリストを受け取る: ない右 parenthes
Fr_raw: formule prévoit une liste d'arguments : aucun droit parenthes
En_raw: formula expects a list of arguments : no right parenthes
Ja_raw: 数式の引数のリストを受け取る: ない右 parenthes

Keyword: Graphique
Fr: graphique
En: graphic
Ja: グラフィック
Fr_raw: graphique
En_raw: graphic
Ja_raw: グラフィック

Keyword: Gérer les versions
Fr: gérer les versions
En: manage versions
Ja: バージョンを管理します。
Fr_raw: gérer les versions
En_raw: manage versions
Ja_raw: バージョンを管理します。

Keyword: Importer Tout
Fr: importer toutes les valeurs
En: import all values
Ja: すべての値をインポートします。
Fr_raw: importer toutes les valeurs
En_raw: import all values
Ja_raw: すべての値をインポートします。

Keyword: Import du fichier de Configuration
Fr: importer un fichier de configuration
En: import configuration file
Ja: 構成ファイルをインポートします。
Fr_raw: importer un fichier de configuration
En_raw: import configuration file
Ja_raw: 構成ファイルをインポートします。

Keyword: Impossible reconstruire commande\n
Fr: incapable de construire la commande
En: unable to construct command
Ja: コマンドを構築できません。
Fr_raw: incapable de construire la commande
En_raw: unable to construct command
Ja_raw: コマンドを構築できません。

Keyword: Nommage impossible %s
Fr: incapables de nommer %s
En: unable to name %s
Ja: %s の名前にできません。
Fr_raw: incapables de nommer %s
En_raw: unable to name %s
Ja_raw: %s の名前にできません。

Keyword: Le fichier include contient des erreurs %s\n 
Fr: inclure fichier contient des erreurs %s
En: include file contains errors %s\n
Ja: 含めるファイルにエラー %s
Fr_raw: inclure fichier contient des erreurs %s
En_raw: include file contains errors %s\n
Ja_raw: 含めるファイルにエラー %s

Keyword: L'include doit etre correctement initialise pour etre visualise
Fr: inclure fichier doit être correcte
En: include file must be correct
Ja: 含めるファイルが正しいする必要があります
Fr_raw: inclure fichier doit être correcte
En_raw: include file must be correct
Ja_raw: 含めるファイルが正しいする必要があります

Keyword: Include vide
Fr: inclure fichier est vide
En: include file is empty
Ja: 含めるファイルは空です
Fr_raw: inclure fichier est vide
En_raw: include file is empty
Ja_raw: 含めるファイルは空です

Keyword: Le fichier INCLUDE n est pas defini
Fr: inclure fichier n'est pas défini
En: include file is not defined
Ja: 含めるファイルが定義されていません
Fr_raw: inclure fichier n'est pas défini
En_raw: include file is not defined
Ja_raw: 含めるファイルが定義されていません

Keyword: le fichier include %s n'existe pas
Fr: inclure fichier n'existe pas
En: include file does not exist
Ja: 含めるファイルが存在しません。
Fr_raw: inclure fichier n'existe pas
En_raw: include file does not exist
Ja_raw: 含めるファイルが存在しません。

Keyword: Entite inconnue ou interdite : %s. Elle est ignoree
Fr: inconnu ou non pris en charge entité: % s. ignoré
En: unkown ou unsupported entity : %s. ignored
Ja: 不明な ou エンティティはサポートされていません: %s は無視されます
Fr_raw: inconnu ou non pris en charge entité: % s. ignoré
En_raw: unkown ou unsupported entity : %s. ignored
Ja_raw: 不明な ou エンティティはサポートされていません: %s は無視されます

Keyword: Insere un parametre apres la commande 
Fr: inserrt un paramètre après la commande
En: inserrt a parameter after the command
Ja: inserrt コマンドの後のパラメーター
Fr_raw: inserrt un paramètre après la commande
En_raw: inserrt a parameter after the command
Ja_raw: inserrt コマンドの後のパラメーター

Keyword: valeur valide
Fr: la valeur est valide
En: value is valid
Ja: 値は有効です。
Fr_raw: la valeur est valide
En_raw: value is valid
Ja_raw: 値は有効です。

Keyword:  le fichier jdc %s n'existe pas
Fr: le fichier %s n'existe pas
En: file %s does not exist
Ja: ファイル %s は存在しません
Fr_raw: le fichier %s n'existe pas
En_raw: file %s does not exist
Ja_raw: ファイル %s は存在しません

Keyword: Le fichier %s n a pas ete sauvegarde.
Fr: le fichier %s n'était pas justifiée.
En: file %s was not saved.
Ja: ファイル %s を保存できませんでした。
Fr_raw: le fichier %s n'était pas justifiée.
En_raw: file %s was not saved.
Ja_raw: ファイル %s を保存できませんでした。

Keyword: Ce fichier ne sera pas pris en compte\nLe fichier associe n'est pas defini
Fr: le fichier est ignoré : fichier associé n'est pas défini
En: the file is ignored : associated file is not defined
Ja: ファイルは無視されます: 関連付けられたファイルが定義されていません
Fr_raw: le fichier est ignoré : fichier associé n'est pas défini
En_raw: the file is ignored : associated file is not defined
Ja_raw: ファイルは無視されます: 関連付けられたファイルが定義されていません

Keyword: Ce fichier ne sera pas pris en compte\n %s
Fr: le fichier est ignorée %s
En: the file is ignored\n%s
Ja: ファイルは無視 %s です。
Fr_raw: le fichier est ignorée %s
En_raw: the file is ignored\n%s
Ja_raw: ファイルは無視 %s です。

Keyword: le fichier poursuite %s n'existe pas
Fr: le fichier secondaire (poursuite) n'existe pas
En: the secondary (poursuite) file does not exist
Ja: セカンダリ (poursuite) ファイルが存在しません。
Fr_raw: le fichier secondaire (poursuite) n'existe pas
En_raw: the secondary (poursuite) file does not exist
Ja_raw: セカンダリ (poursuite) ファイルが存在しません。

Keyword: Le contenu de ce fichier ne sera pas pris en compte\n %s
Fr: le fichier sera ignoré : %s
En: the file will be ignored :\n%s
Ja: ファイルは無視されます: %s
Fr_raw: le fichier sera ignoré : %s
En_raw: the file will be ignored :\n%s
Ja_raw: ファイルは無視されます: %s

Keyword: Lecteur documentation
Fr: lecteur de documents
En: documentation reader
Ja: ドキュメント リーダー
Fr_raw: lecteur de documents
En_raw: documentation reader
Ja_raw: ドキュメント リーダー

Keyword: Argument(s) valide(s) pour une FORMULE
Fr: les arguments sont valides pour la FORMULE
En: arguments are valid for FORMULE
Ja: フォーミュラに有効な引数
Fr_raw: les arguments sont valides pour la FORMULE
En_raw: arguments are valid for FORMULE
Ja_raw: フォーミュラに有効な引数

Keyword: L'attribut 'statut' doit valoir 'o','f','c' ou 'd'
Fr: les valeurs pour les arguments de statut sont: « o », « f », « c » ou a '
En: values for statut arguments are : 'o','f','c' or 'd'
Ja: statut 引数の値: 'o'、'f'、'c' またはいた '
Fr_raw: les valeurs pour les arguments de statut sont: « o », « f », « c » ou a '
En_raw: values for statut arguments are : 'o','f','c' or 'd'
Ja_raw: statut 引数の値: 'o'、'f'、'c' またはいた '

Keyword: Valeurs Ajoutees
Fr: les valeurs sont ajoutées
En: values are added
Ja: 値が追加されます。
Fr_raw: les valeurs sont ajoutées
En_raw: values are added
Ja_raw: 値が追加されます。

Keyword: le nombre de ligne n est pas egal a 
Fr: lines'number n'est pas égal à
En: lines'number is not equal to 
Ja: lines'number と等しくないです。
Fr_raw: lines'number n'est pas égal à
En_raw: lines'number is not equal to 
Ja_raw: lines'number と等しくないです。

Keyword: liste 
Fr: liste
En: list
Ja: リスト
Fr_raw: liste
En_raw: list
Ja_raw: リスト

Keyword: La liste doit etre en ordre 
Fr: liste doit être ordored
En: list has to be ordored
Ja: ordored をする必要がありますリスト
Fr_raw: liste doit être ordored
En_raw: list has to be ordored
Ja_raw: ordored をする必要がありますリスト

Keyword: La liste ne comporte pas suffisament d elements : la cardinalite minimale est 
Fr: liste est trop court : longueur minimale est
En: list is too short : minimal length is 
Ja: リストはあまりにも短いです： 最小の長さです
Fr_raw: liste est trop court : longueur minimale est
En_raw: list is too short : minimal length is 
Ja_raw: リストはあまりにも短いです： 最小の長さです

Keyword: La liste comporte trop d elements : la cardinalite maximale est 
Fr: liste est trop longue : longueur maximale est
En: list is too long : maximal length is 
Ja: リストが長すぎます最大長は。
Fr_raw: liste est trop longue : longueur maximale est
En_raw: list is too long : maximal length is 
Ja_raw: リストが長すぎます最大長は。

Keyword: Localisation specifiee pour l'application.
Fr: localisation spécifiée pour l'application.
En: specified localization for the application.
Ja: アプリケーションのローカライズを指定。
Fr_raw: localisation spécifiée pour l'application.
En_raw: specified localization for the application.
Ja_raw: アプリケーションのローカライズを指定。

Keyword: Longueur de la chaine incorrecte
Fr: longueur de la chaîne n'est pas correcte
En: string's length is not correct
Ja: 文字列の長さが正しくありません。
Fr_raw: longueur de la chaîne n'est pas correcte
En_raw: string's length is not correct
Ja_raw: 文字列の長さが正しくありません。

Keyword: Longueur incorrecte
Fr: longueur incorrecte
En: incorrect length
Ja: 不適切な長さ
Fr_raw: longueur incorrecte
En_raw: incorrect length
Ja_raw: 不適切な長さ

Keyword:  n'est pas de la bonne longueur
Fr: longueur non valide est
En: has not a valid length
Ja: いない有効な長さを持っています
Fr_raw: longueur non valide est
En_raw: has not a valid length
Ja_raw: いない有効な長さを持っています

Keyword: La longueur doit etre comprise entre 
Fr: longueur pourrait être dans l'intervalle de
En: length sould be in interval of
Ja: 長さ今部屋の間隔にいます。
Fr_raw: longueur pourrait être dans l'intervalle de
En_raw: length sould be in interval of
Ja_raw: 長さ今部屋の間隔にいます。

Keyword:  ce groupe de maillage %s est associe a au moins un materiau  et au moins une source.
Fr: maille groupe %s est associé au moins un matériau et au moins une source.
En: mesh group %s is associated with at least one material and at least a source.
Ja: メッシュ グループ %s は少なくとも 1 つの材料と、少なくともソースに関連付けられます。
Fr_raw: maille groupe %s est associé au moins un matériau et au moins une source.
En_raw: mesh group %s is associated with at least one material and at least a source.
Ja_raw: メッシュ グループ %s は少なくとも 1 つの材料と、少なくともソースに関連付けられます。

Keyword: ce groupe de maillage %s  n'est associe a aucun materiau ou source.
Fr: maille groupe %s est associé à aucun matériel ou aucune source.
En: mesh group %s is associated with no material or no source.
Ja: メッシュ グループ %s は材料またはないソースに関連付けられません。
Fr_raw: maille groupe %s est associé à aucun matériel ou aucune source.
En_raw: mesh group %s is associated with no material or no source.
Ja_raw: メッシュ グループ %s は材料またはないソースに関連付けられません。

Keyword: Separateur
Fr: marqueur
En: marker
Ja: マーカー
Fr_raw: marqueur
En_raw: marker
Ja_raw: マーカー

Keyword: Mauvaise dimension de matrice
Fr: matrice n'a pas une taille correcte
En: matrix has not a correct size
Ja: マトリックスには、正しいサイズではなく
Fr_raw: matrice n'a pas une taille correcte
En_raw: matrix has not a correct size
Ja_raw: マトリックスには、正しいサイズではなく

Keyword: La matrice n'est pas une matrice %(n_lign)d sur %(n_col)d
Fr: matrice n'est pas un % (n_lign) d x d % (n_col) matrice
En: matrix is not a %(n_lign)d x %(n_col)d matrix
Ja: 行列がない (n_col) %d x %d (n_lign) 行列
Fr_raw: matrice n'est pas un % (n_lign) d x d % (n_col) matrice
En_raw: matrix is not a %(n_lign)d x %(n_col)d matrix
Ja_raw: 行列がない (n_col) %d x %d (n_lign) 行列

Keyword: Mauvaise Commande 
Fr: mauvaise commande
En: bad command
Ja: 不正なコマンド
Fr_raw: mauvaise commande
En_raw: bad command
Ja_raw: 不正なコマンド

Keyword: L'attribut 'min' doit etre un entier : 
Fr: min doit être un entier :
En: min must be an integer :
Ja: 分は、整数でなければなりません。
Fr_raw: min doit être un entier :
En_raw: min must be an integer :
Ja_raw: 分は、整数でなければなりません。

Keyword: Nombres d'occurrence min et max invalides :
Fr: min et max ne sont pas valides :
En: min and max are invalid:
Ja: min および max は無効です。
Fr_raw: min et max ne sont pas valides :
En_raw: min and max are invalid:
Ja_raw: min および max は無効です。

Keyword: Fichier patron %s n'existe pas.
Fr: modèle fichier %s n'existe pas.
En: pattern file %s does not exist.
Ja: パターン ファイル %s が存在しません。
Fr_raw: modèle fichier %s n'existe pas.
En_raw: pattern file %s does not exist.
Ja_raw: パターン ファイル %s が存在しません。

Keyword:  Le mot-cle %s est obligatoire.
Fr: mot clé obligatoire: %s.
En: mandatory keyword : %s.
Ja: 必須キーワード: %s。
Fr_raw: mot clé obligatoire: %s.
En_raw: mandatory keyword : %s.
Ja_raw: 必須キーワード: %s。

Keyword: valeur paire
Fr: même valeur
En: even value
Ja: 偶数値
Fr_raw: même valeur
En_raw: even value
Ja_raw: 偶数値

Keyword: n est pas correct
Fr: n'est pas correct
En: is not correct
Ja: 正しくないです。
Fr_raw: n'est pas correct
En_raw: is not correct
Ja_raw: 正しくないです。

Keyword:  est en dehors du domaine de validite [ 
Fr: n'est pas dans [
En: is not in [ 
Ja: ではないです。
Fr_raw: n'est pas dans [
En_raw: is not in [ 
Ja_raw: ではないです。

Keyword:  n'est pas d'un type autorise: 
Fr: n'est pas du type attendu :
En: is not of expected type : 
Ja: 予期された型はありません。
Fr_raw: n'est pas du type attendu :
En_raw: is not of expected type : 
Ja_raw: 予期された型はありません。

Keyword:   ne fait pas partie des choix possibles 
Fr: n'est pas un choix autorisé
En: is not an authorized choice 
Ja: 認可の選択ではないです。
Fr_raw: n'est pas un choix autorisé
En_raw: is not an authorized choice 
Ja_raw: 認可の選択ではないです。

Keyword:  n'est pas un fichier existant
Fr: n'est pas un fichier existant
En: is not an existing file
Ja: 既存のファイルではありません。
Fr_raw: n'est pas un fichier existant
En_raw: is not an existing file
Ja_raw: 既存のファイルではありません。

Keyword:  n'est pas un fichier valide
Fr: n'est pas un fichier valide.
En: is not a valid file.
Ja: 有効なファイルではありません。
Fr_raw: n'est pas un fichier valide.
En_raw: is not a valid file.
Ja_raw: 有効なファイルではありません。

Keyword:  n est pas un tuple de 
Fr: n'est pas un n-uplet
En: is not a tuple
Ja: タプルでないです。
Fr_raw: n'est pas un n-uplet
En_raw: is not a tuple
Ja_raw: タプルでないです。

Keyword:  n'est pas un nom valide pour une FORMULE
Fr: n'est pas un nom valide pour la FORMULE
En: is not a valide name for FORMULE
Ja: フォーミュラの valide 名ではありません。
Fr_raw: n'est pas un nom valide pour la FORMULE
En_raw: is not a valide name for FORMULE
Ja_raw: フォーミュラの valide 名ではありません。

Keyword:  n'est pas une chaine
Fr: n'est pas une chaîne
En: is not a string
Ja: 文字列でないです。
Fr_raw: n'est pas une chaîne
En_raw: is not a string
Ja_raw: 文字列でないです。

Keyword:  n'est pas une chaine de longueur comprise entre 
Fr: n'est pas une chaîne de longueur entre
En: is not a string of length between 
Ja: 間の長さの文字列ではないです。
Fr_raw: n'est pas une chaîne de longueur entre
En_raw: is not a string of length between 
Ja_raw: 間の長さの文字列ではないです。

Keyword:  n'est pas par valeurs decroissantes
Fr: n'est pas une liste décroissante
En: is not a decreasing list
Ja: 減少のリストではありません。
Fr_raw: n'est pas une liste décroissante
En_raw: is not a decreasing list
Ja_raw: 減少のリストではありません。

Keyword:  n'est pas par valeurs croissantes
Fr: n'est pas une liste sans cesse croissante
En: is not a increasing list
Ja: 増加のリストではありません。
Fr_raw: n'est pas une liste sans cesse croissante
En_raw: is not a increasing list
Ja_raw: 増加のリストではありません。

Keyword:  n'est pas un repertoire valide
Fr: n'est pas valide
En: is not a valid directory
Ja: 有効なディレクトリではありません。
Fr_raw: n'est pas valide
En_raw: is not a valid directory
Ja_raw: 有効なディレクトリではありません。

Keyword:  ne contient pas les elements obligatoires : 
Fr: ne contient pas de valeurs impératives :
En: does not contain mandatory values : 
Ja: 必須の値が含まれていません。
Fr_raw: ne contient pas de valeurs impératives :
En_raw: does not contain mandatory values : 
Ja_raw: 必須の値が含まれていません。

Keyword: niveau de debug
Fr: niveau de débogage
En: debug level
Ja: デバッグ レベル
Fr_raw: niveau de débogage
En_raw: debug level
Ja_raw: デバッグ レベル

Keyword: nom du code a utiliser
Fr: nom de code
En: code's name
Ja: コードの名前
Fr_raw: nom de code
En_raw: code's name
Ja_raw: コードの名前

Keyword: Nom de concept trop long (maxi 8 caracteres)
Fr: nom de concept trop long
En: concept name too long
Ja: 概念名が長すぎます
Fr_raw: nom de concept trop long
En_raw: concept name too long
Ja_raw: 概念名が長すぎます

Keyword: Un nom de fichier se terminant par
Fr: nom de fichier se terminant par
En: file name ending with 
Ja: 終わるファイル名
Fr_raw: nom de fichier se terminant par
En_raw: file name ending with 
Ja_raw: 終わるファイル名

Keyword: nom etude : %s
Fr: nom de l'étude : %s
En: study's name : %s
Ja: 研究の名前: %s
Fr_raw: nom de l'étude : %s
En_raw: study's name : %s
Ja_raw: 研究の名前: %s

Keyword: Un nom de concept doit etre un identificateur Python
Fr: nom du concept doit être un identificateur de python
En: concept's name must be a python identifier
Ja: 概念の名前 python 識別子である必要があります。
Fr_raw: nom du concept doit être un identificateur de python
En_raw: concept's name must be a python identifier
Ja_raw: 概念の名前 python 識別子である必要があります。

Keyword: nom du fichier de commandes
Fr: nom du fichier principal .comm
En: principal .comm file's name
Ja: プリンシパル .comm ファイル名
Fr_raw: nom du fichier principal .comm
En_raw: principal .comm file's name
Ja_raw: プリンシパル .comm ファイル名

Keyword: nom du fichier poursuite
Fr: nom du fichier secondaire (poursuite)
En: secondary (poursuite) file's name
Ja: セカンダリ (poursuite) ファイルの名前
Fr_raw: nom du fichier secondaire (poursuite)
En_raw: secondary (poursuite) file's name
Ja_raw: セカンダリ (poursuite) ファイルの名前

Keyword: Un nom de parametre ne peut depasser 8 caracteres
Fr: nom du paramètre ne peut pas dépasser 8 caractères
En: parameter's name can not exceed 8 characters
Ja: パラメーターの名前は 8 文字を超えることはできません。
Fr_raw: nom du paramètre ne peut pas dépasser 8 caractères
En_raw: parameter's name can not exceed 8 characters
Ja_raw: パラメーターの名前は 8 文字を超えることはできません。

Keyword: Un nom de FORMULE ne peut pas commencer par un chiffre
Fr: nom ne commence pas par un chiffre
En: name does not begin with a figure
Ja: 名前が数字で始まらない
Fr_raw: nom ne commence pas par un chiffre
En_raw: name does not begin with a figure
Ja_raw: 名前が数字で始まらない

Keyword: Un nom de FORMULE ne peut depasser 8 caracteres
Fr: nom trop long (8 caractères max.)
En: name too  long (8 characters max)
Ja: 名が長すぎます (最大 8 文字)
Fr_raw: nom trop long (8 caractères max.)
En_raw: name too  long (8 characters max)
Ja_raw: 名が長すぎます (最大 8 文字)

Keyword: Nombre incorrect d'arguments
Fr: nombre d'arguments incorrect
En: incorrect number of arguments
Ja: 引数の数が正しくありません。
Fr_raw: nombre d'arguments incorrect
En_raw: incorrect number of arguments
Ja_raw: 引数の数が正しくありません。

Keyword: Nombre incorrect d'arguments de 
Fr: nombre incorrect d'arguments pour
En: incorrect number of arguments for 
Ja: 引数の数が正しくありません。
Fr_raw: nombre incorrect d'arguments pour
En_raw: incorrect number of arguments for 
Ja_raw: 引数の数が正しくありません。

Keyword: Pas implemente
Fr: non implémenté
En: not implemented
Ja: 実装されていません
Fr_raw: non implémenté
En_raw: not implemented
Ja_raw: 実装されていません

Keyword: Type de valeur non supporte par le format pyth : n %(exception)s
Fr: non prise en charge de type de valeur
En: unsupported type of value
Ja: 値のサポートされていない型
Fr_raw: non prise en charge de type de valeur
En_raw: unsupported type of value
Ja_raw: 値のサポートされていない型

Keyword: La commande choisie sera ajoutée APRES la commande courante
Fr: nouvelle commande sera ajouté après commande actuelle
En: new command will be added AFTER current command
Ja: 新しいコマンドは、現在のコマンドの後追加されます。
Fr_raw: nouvelle commande sera ajouté après commande actuelle
En_raw: new command will be added AFTER current command
Ja_raw: 新しいコマンドは、現在のコマンドの後追加されます。

Keyword: Objet commentaire non valorise
Fr: objet de commentaire n'a aucune valeur
En: comment object has no value
Ja: コメント オブジェクトに値がないです。
Fr_raw: objet de commentaire n'a aucune valeur
En_raw: comment object has no value
Ja_raw: コメント オブジェクトに値がないです。

Keyword: Operateur reentrant mais concept non existant
Fr: opérateur « reentrant » mais la notion n'existe pas
En: operator 'reentrant' but concept does not exist
Ja: 演算子 'reentrant' が概念は存在しません
Fr_raw: opérateur « reentrant » mais la notion n'existe pas
En_raw: operator 'reentrant' but concept does not exist
Ja_raw: 演算子 'reentrant' が概念は存在しません

Keyword: l item doit etre valide
Fr: ordre du jour doit être valide
En: item must be valid
Ja: 項目が有効である必要があります。
Fr_raw: ordre du jour doit être valide
En_raw: item must be valid
Ja_raw: 項目が有効である必要があります。

Keyword: par groupe
Fr: par groupe
En: by group
Ja: グループによって
Fr_raw: par groupe
En_raw: by group
Ja_raw: グループによって

Keyword: Les noms de parametre doivent commencer par une lettre ou un souligne
Fr: parameters'name doit commencer par une lettre ou un « _ »
En: parameters'name must begin with a letter or '_'
Ja: parameters'name は、文字または '_' で始まる必要があります。
Fr_raw: parameters'name doit commencer par une lettre ou un « _ »
En_raw: parameters'name must begin with a letter or '_'
Ja_raw: parameters'name は、文字または '_' で始まる必要があります。

Keyword: Sélection de paramétres
Fr: parametre Selection
En: parametre Selection
Ja: パラメーターの選択
Fr_raw: parametre Selection
En_raw: parametre Selection
Ja_raw: パラメーターの選択

Keyword: Parametre
Fr: paramètre
En: parameter
Ja: パラメーター
Fr_raw: paramètre
En_raw: parameter
Ja_raw: パラメーター

Keyword: Pas de possibilite de personnalisation de la configuration 
Fr: pas disponible d'options de configuration
En: no options avalaible for configuration
Ja: 構成オプションはありません。
Fr_raw: pas disponible d'options de configuration
En_raw: no options avalaible for configuration
Ja_raw: 構成オプションはありません。

Keyword: Format %s non reconnu
Fr: pas prise en charge de format %s
En:  not supported format %s
Ja: 書式 %s はサポートされていません
Fr_raw: pas prise en charge de format %s
En_raw:  not supported format %s
Ja_raw: 書式 %s はサポートされていません

Keyword: Valeur du mot-clef non autorisee :
Fr: pas une valeur valide :
En: not a valid value : 
Ja: 有効な値ではなく:
Fr_raw: pas une valeur valide :
En_raw: not a valid value : 
Ja_raw: 有効な値ではなく:

Keyword: point-virgule
Fr: point virgule
En: semi-colon
Ja: セミコロン
Fr_raw: point virgule
En_raw: semi-colon
Ja_raw: セミコロン

Keyword:  pour 
Fr: pour
En: for
Ja: ため
Fr_raw: pour
En_raw: for
Ja_raw: ため

Keyword: Pb interne : impossible de supprimer cet objet
Fr: problème interne : impossible de supprimer l'objet
En: internal problem : unable to delete object
Ja: 内部エラー: オブジェクトを削除できません
Fr_raw: problème interne : impossible de supprimer l'objet
En_raw: internal problem : unable to delete object
Ja_raw: 内部エラー: オブジェクトを削除できません

Keyword: Pb interne : impossible de supprimer ce mot-cle
Fr: problème interne : impossible de supprimer le mot clé
En: internal problem : unable to delete keyword
Ja: 内部の問題： キーワードを削除することができません
Fr_raw: problème interne : impossible de supprimer le mot clé
En_raw: internal problem : unable to delete keyword
Ja_raw: 内部の問題： キーワードを削除することができません

Keyword: Il y a un pb a la Creation du XML
Fr: problème lors de la création XML
En: problem when creating XML
Ja: XML を作成するときの問題
Fr_raw: problème lors de la création XML
En_raw: problem when creating XML
Ja_raw: XML を作成するときの問題

Keyword: Il y a un pb a la Creation du STD
Fr: problème lors de la création de STD
En: problem when creating STD
Ja: STD を作成するときの問題
Fr_raw: problème lors de la création de STD
En_raw: problem when creating STD
Ja_raw: STD を作成するときの問題

Keyword: Retour-Chariot permet de vérifier que l'expression est valide.
Fr: retour chariot vous permet de vérifier la validité de l'expression.
En: carriage return allows you to verify expression validity.
Ja: キャリッジ リターン式の妥当性を検証することができます。
Fr_raw: retour chariot vous permet de vérifier la validité de l'expression.
En_raw: carriage return allows you to verify expression validity.
Ja_raw: キャリッジ リターン式の妥当性を検証することができます。

Keyword: @-rule
Fr: règle-@
En: rule-@.
Ja: ルール @。
Fr_raw: règle-@
En_raw: rule-@.
Ja_raw: ルール @。

Keyword: Restauration des parametres par defaut 
Fr: récupérer les paramètres par défaut
En: recover default parameters
Ja: 既定のパラメーターを回復します。
Fr_raw: récupérer les paramètres par défaut
En_raw: recover default parameters
Ja_raw: 既定のパラメーターを回復します。

Keyword: Un reel est attendu. 
Fr: s'attendre à un flotteur.
En: expect a float.
Ja: 浮動小数点数を期待します。
Fr_raw: s'attendre à un flotteur.
En_raw: expect a float.
Ja_raw: 浮動小数点数を期待します。

Keyword: Un objet de type %s est attendu 
Fr: s'attendre à un objet %s
En: expect a %s object
Ja: %s オブジェクトを期待します。
Fr_raw: s'attendre à un objet %s
En_raw: expect a %s object
Ja_raw: %s オブジェクトを期待します。

Keyword: Un repertoire est attendu.  
Fr: s'attendre à un répertoire.
En: expect a directory.
Ja: ディレクトリを期待します。
Fr_raw: s'attendre à un répertoire.
En_raw: expect a directory.
Ja_raw: ディレクトリを期待します。

Keyword: Une chaine de caracteres est attendue.  
Fr: s'attendre à une chaîne.
En: expect a string.
Ja: 文字列を期待します。
Fr_raw: s'attendre à une chaîne.
En_raw: expect a string.
Ja_raw: 文字列を期待します。

Keyword: un booleen est attendu
Fr: s'attendre à une valeur booléenne
En: expect a boolean
Ja: ブール値を期待します。
Fr_raw: s'attendre à une valeur booléenne
En_raw: expect a boolean
Ja_raw: ブール値を期待します。

Keyword: Supprimer
Fr: supprimer
En: delete
Ja: 削除
Fr_raw: supprimer
En_raw: delete
Ja_raw: 削除

Keyword: enleve l occurence selectionnee
Fr: supprimer la valut sélectionné
En: suppress the selected valut
Ja: 選択した valut を抑制します。
Fr_raw: supprimer la valut sélectionné
En_raw: suppress the selected valut
Ja_raw: 選択した valut を抑制します。

Keyword: Selection
Fr: sélection
En: selection
Ja: 選択
Fr_raw: sélection
En_raw: selection
Ja_raw: 選択

Keyword: le texte a analyser n'est pas celui d'une commande connue :\n                                         %(v_1)s %(v_2)s
Fr: texte en pas un ordre connu: %s (v_1) s % (version 2)
En: text in not a known command :\n %(v_1)s%(v-2)s
Ja: ない知られているコマンド テキスト: (v_1) s (v-2) %s
Fr_raw: texte en pas un ordre connu: %s (v_1) s % (version 2)
En_raw: text in not a known command :\n %(v_1)s%(v-2)s
Ja_raw: ない知られているコマンド テキスト: (v_1) s (v-2) %s

Keyword: le texte a analyser n'est pas celui d'une commande ou\n                                         d'un operateur : %s
Fr: texte n'est pas au format eficas : %s
En: text is not in eficas format : %s
Ja: テキストを eficas 形式ではありません: %s
Fr_raw: texte n'est pas au format eficas : %s
En_raw: text is not in eficas format : %s
Ja_raw: テキストを eficas 形式ではありません: %s

Keyword: le texte a analyser n'est pas celui d'une commande ou d'un operateur : 
Fr: texte n'existe aucun texte eficas :
En: text is no eficas text:
Ja: テキストには、eficas テキストがないです。
Fr_raw: texte n'existe aucun texte eficas :
En_raw: text is no eficas text:
Ja_raw: テキストには、eficas テキストがないです。

Keyword: toutes les donnees ne sont pas connues
Fr: toutes les données ne sont pas disponibles
En: all data are not available
Ja: すべてのデータは利用できません。
Fr_raw: toutes les données ne sont pas disponibles
En_raw: all data are not available
Ja_raw: すべてのデータは利用できません。

Keyword: Traduction
Fr: traduction
En: translation
Ja: 翻訳
Fr_raw: traduction
En_raw: translation
Ja_raw: 翻訳

Keyword: Traduire Fichier
Fr: traduction de fichier
En: file translation
Ja: ファイル変換
Fr_raw: traduction de fichier
En_raw: file translation
Ja_raw: ファイル変換

Keyword: Type de fichier non reconnu
Fr: type de fichier non pris en charge
En: unsupported file type
Ja: サポートされていないファイルの種類
Fr_raw: type de fichier non pris en charge
En_raw: unsupported file type
Ja_raw: サポートされていないファイルの種類

Keyword: Type non encore gere 
Fr: type inattendu
En: type unexpected 
Ja: 予期しない型
Fr_raw: type inattendu
En_raw: type unexpected 
Ja_raw: 予期しない型

Keyword: Type de base inconnu
Fr: type inconnu
En: unkown type
Ja: 不明な型
Fr_raw: type inconnu
En_raw: unkown type
Ja_raw: 不明な型

Keyword: traitement non-prevu
Fr: tâche inattendue
En: unexpected task
Ja: 予期しないタスク
Fr_raw: tâche inattendue
En_raw: unexpected task
Ja_raw: 予期しないタスク

Keyword: Une Matrice est attendue.  
Fr: un Matix est prévu.
En: a Matix is expected.
Ja: メイティックスは期待されます。
Fr_raw: un Matix est prévu.
En_raw: a Matix is expected.
Ja_raw: メイティックスは期待されます。

Keyword: Un complexe est attendu
Fr: un complexe devrait
En: a complex is expected
Ja: 複合体が期待されます。
Fr_raw: un complexe devrait
En_raw: a complex is expected
Ja_raw: 複合体が期待されます。

Keyword: Un entier est attendu.  
Fr: un entier est prévu.
En: an integer is expected.
Ja: 整数が期待されます。
Fr_raw: un entier est prévu.
En_raw: an integer is expected.
Ja_raw: 整数が期待されます。

Keyword: Un fichier est attendu.  
Fr: un fichier est attendu.
En: a file is expected.
Ja: ファイルが期待されます。
Fr_raw: un fichier est attendu.
En_raw: a file is expected.
Ja_raw: ファイルが期待されます。

Keyword: Impossible d'ouvrir le fichier : %s 
Fr: unanble pour ouvrir le fichier : %s
En: unanble to open file : %s
Ja: unanble ファイルを開きます: %s
Fr_raw: unanble pour ouvrir le fichier : %s
En_raw: unanble to open file : %s
Ja_raw: unanble ファイルを開きます: %s

Keyword: numero d'unite suivi du nom du fichier include
Fr: unité numéro et inclure le nom du fichier
En: unit number and include file's name
Ja: ユニット番号し、ファイル名を含める
Fr_raw: unité numéro et inclure le nom du fichier
En_raw: unit number and include file's name
Ja_raw: ユニット番号し、ファイル名を含める

Keyword: localisation de l'application, pour la traduction
Fr: utiliser pour la traduction de la demande
En: use for application translation
Ja: アプリケーションの翻訳を使用します。
Fr_raw: utiliser pour la traduction de la demande
En_raw: use for application translation
Ja_raw: アプリケーションの翻訳を使用します。

Keyword: utilisation : %prog [options]
Fr: utiliser: % prog [options]
En: use : %prog[options]
Ja: 使用: %prog [オプション]
Fr_raw: utiliser: % prog [options]
En_raw: use : %prog[options]
Ja_raw: 使用: %prog [オプション]

Keyword: valeur
Fr: valeur
En: value
Ja: 値
Fr_raw: valeur
En_raw: value
Ja_raw: 値

Keyword: La valeur :
Fr: valeur :
En: value : 
Ja: 値:
Fr_raw: valeur :
En_raw: value : 
Ja_raw: 値:

Keyword: Valeur correcte
Fr: valeur correcte
En: correct value
Ja: 正しい値
Fr_raw: valeur correcte
En_raw: correct value
Ja_raw: 正しい値

Keyword:  valeur dans l 'intervalle 
Fr: valeur dans l'intervalle
En: value in interval 
Ja: 間隔の値
Fr_raw: valeur dans l'intervalle
En_raw: value in interval 
Ja_raw: 間隔の値

Keyword: valeur de 
Fr: valeur de
En: value of 
Ja: 値
Fr_raw: valeur de
En_raw: value of 
Ja_raw: 値

Keyword: valeur d'instance de 
Fr: valeur de l'instance est
En: instance value is 
Ja: インスタンスの値が
Fr_raw: valeur de l'instance est
En_raw: instance value is 
Ja_raw: インスタンスの値が

Keyword: La valeur doit etre comprise entre 
Fr: valeur doit être dans l'intervalle de
En: value should be in interval of
Ja: 値の間隔でする必要があります。
Fr_raw: valeur doit être dans l'intervalle de
En_raw: value should be in interval of
Ja_raw: 値の間隔でする必要があります。

Keyword: La valeur saisie doit etre paire
Fr: valeur doit être une valeur même
En: value should be an even value
Ja: 値が偶数の値にする必要があります。
Fr_raw: valeur doit être une valeur même
En_raw: value should be an even value
Ja_raw: 値が偶数の値にする必要があります。

Keyword: valeur dans
Fr: valeur en
En: value in 
Ja: 内の値
Fr_raw: valeur en
En_raw: value in 
Ja_raw: 内の値

Keyword: valeur  obligatoire
Fr: valeur est obligatoire
En: value is mandatory 
Ja: この値は必須
Fr_raw: valeur est obligatoire
En_raw: value is mandatory 
Ja_raw: この値は必須

Keyword: Mauvaise Valeur
Fr: valeur incorrecte
En: uncorrect value
Ja: 不正解の値
Fr_raw: valeur incorrecte
En_raw: uncorrect value
Ja_raw: 不正解の値

Keyword: La valeur n'est pas dans la liste des choix possibles
Fr: valeur n'est pas autorisé
En: value is not allowed
Ja: 値は許可されていません
Fr_raw: valeur n'est pas autorisé
En_raw: value is not allowed
Ja_raw: 値は許可されていません

Keyword:  valeurs
Fr: valeurs
En: values
Ja:  values
Fr_raw: valeurs
En_raw: values
Ja_raw:  values

Keyword: validation de la saisie
Fr: valider l'entrée
En: validate input
Ja: 入力を検証します。
Fr_raw: valider l'entrée
En_raw: validate input
Ja_raw: 入力を検証します。

Keyword: variables séparées par des ","\n          par ex. : x,y,z
Fr: variables séparées avec «, » en tant que: x, y, z
En: variables  separated with ","\nas : x,y,z
Ja: 区切られた変数として「、」: x、y、z
Fr_raw: variables séparées avec «, » en tant que: x, y, z
En_raw: variables  separated with ","\nas : x,y,z
Ja_raw: 区切られた変数として「、」: x、y、z

Keyword: version de catalogue a utiliser
Fr: version du catalogue
En:  catalog's version
Ja: カタログのバージョン
Fr_raw: version du catalogue
En_raw:  catalog's version
Ja_raw: カタログのバージョン

Keyword: virgule
Fr: virgule
En: comma
Ja: コンマ
Fr_raw: virgule
En_raw: comma
Ja_raw: コンマ

Keyword: Votre fichier editeur sera ecrase.
Fr: votre propre editeur de fichier seront superposée.
En: your own file editeur will be overlayed.
Ja: あなた自身のファイル （オーバーレイされるでしょう。
Fr_raw: votre propre editeur de fichier seront superposée.
En_raw: your own file editeur will be overlayed.
Ja_raw: あなた自身のファイル （オーバーレイされるでしょう。

Keyword: Veuillez selectionner un objet a copier
Fr: vous devez sélectionner un objet à copier
En: you have to select an object to copy
Ja: コピーするオブジェクトを選択する必要があります。
Fr_raw: vous devez sélectionner un objet à copier
En_raw: you have to select an object to copy
Ja_raw: コピーするオブジェクトを選択する必要があります。

Keyword: probleme d environnement
Fr: vérifier votre environnement
En: check your environment
Ja: あなたの環境を確認します。
Fr_raw: vérifier votre environnement
En_raw: check your environment
Ja_raw: あなたの環境を確認します。

Keyword: L environnement doit etre en QT4
Fr: vérifier votre environnement QT (QT4 est requis)
En: check your QT environment (QT4 is required)
Ja: （QT4 が必要）、QT の環境を確認してください。
Fr_raw: vérifier votre environnement QT (QT4 est requis)
En_raw: check your QT environment (QT4 is required)
Ja_raw: （QT4 が必要）、QT の環境を確認してください。

Keyword: L'attribut 'fr' doit etre une chaine de caracteres
Fr: « fr » doit être une chaîne
En: 'fr' must be a string
Ja: '金曜日' は文字列である必要があります。
Fr_raw: « fr » doit être une chaîne
En_raw: 'fr' must be a string
Ja_raw: '金曜日' は文字列である必要があります。

Keyword: Edit
Fr: Éditer
En: Edit
Ja: 編集
Fr_raw: Éditer
En_raw: Edit
Ja_raw: 編集

Keyword: l element 
Fr: élément
En: element
Ja: 要素
Fr_raw: élément
En_raw: element
Ja_raw: 要素

Keyword: item invalide
Fr: élément non valide
En: invalid item
Ja: 無効な項目
Fr_raw: élément non valide
En_raw: invalid item
Ja_raw: 無効な項目

::
Keyword: GEOM_COORD_VALUE
Fr: 
En: 
Ja: 
Fr_raw: 
En_raw: 
Ja_raw: 

 and ::
Keyword:  et 
Fr: et
En:  and 
Ja: と
Fr_raw: et
En_raw:  and 
Ja_raw: と

 catalog's version::
Keyword: version de catalogue a utiliser
Fr: version du catalogue
En:  catalog's version
Ja: カタログのバージョン
Fr_raw: version du catalogue
En_raw:  catalog's version
Ja_raw: カタログのバージョン

 not supported format %s::
Keyword: Format %s non reconnu
Fr: pas prise en charge de format %s
En:  not supported format %s
Ja: 書式 %s はサポートされていません
Fr_raw: pas prise en charge de format %s
En_raw:  not supported format %s
Ja_raw: 書式 %s はサポートされていません

# Line commented::
Keyword: # comment line
Fr: # Ligne commentée
En: # Line commented
Ja: ＃ 行コメント
Fr_raw: # Ligne commentée
En_raw: # Line commented
Ja_raw: ＃ 行コメント

%(v_1)s include %(v_2)s : %(v_3)s::
Keyword: %(v_1)s include %(v_2)s : %(v_3)s
Fr: 
En: %(v_1)s include %(v_2)s : %(v_3)s
Ja: 
Fr_raw: 
En_raw: %(v_1)s include %(v_2)s : %(v_3)s
Ja_raw: 

%(v_1)ssecondary (poursuite) file  %(v_2)s ::
Keyword: %(v_1)s fichier poursuite: %(v_2)s
Fr: %(v_1)ssecondary (poursuite) file  %(v_2)s
En: %(v_1)ssecondary (poursuite) file  %(v_2)s 
Ja: (v_1) (続き) ssecondary ファイル (v_2) %s
Fr_raw: %(v_1)ssecondary (poursuite) file  %(v_2)s
En_raw: %(v_1)ssecondary (poursuite) file  %(v_2)s 
Ja_raw: (v_1) (続き) ssecondary ファイル (v_2) %s

%1: bad type selected choose a (e) %2.::
Keyword: %1: Bad type selected\nPlease select a %2.
Fr: %1 : Mauvais type sélectionné\nChoisissez un(e) %2.
En: %1: bad type selected choose a (e) %2.
Ja: %1: 選択されている種類が正しくありません (e) %2 を選択します。
Fr_raw: %1 : Mauvais type sélectionné\nChoisissez un(e) %2.
En_raw: %1: bad type selected choose a (e) %2.
Ja_raw: %1: 選択されている種類が正しくありません (e) %2 を選択します。

%d catalogs versions are available::
Keyword: %d versions du catalogue sont disponibles
Fr: %d catalogues sont disponibles
En: %d catalogs versions are available
Ja: %d 個のカタログ バージョンが利用可能
Fr_raw: %d catalogues sont disponibles
En_raw: %d catalogs versions are available
Ja_raw: %d 個のカタログ バージョンが利用可能

%d is not a valid  index for append-brother::
Keyword: %d n'est pas un index valide pour append_brother
Fr: %d n'est pas un index valide pour ajouter-frère
En: %d is not a valid  index for append-brother
Ja: %d は追加の兄弟のための有効なインデックスではありません。
Fr_raw: %d n'est pas un index valide pour ajouter-frère
En_raw: %d is not a valid  index for append-brother
Ja_raw: %d は追加の兄弟のための有効なインデックスではありません。

'fr' must be a string::
Keyword: L'attribut 'fr' doit etre une chaine de caracteres
Fr: « fr » doit être une chaîne
En: 'fr' must be a string
Ja: '金曜日' は文字列である必要があります。
Fr_raw: « fr » doit être une chaîne
En_raw: 'fr' must be a string
Ja_raw: '金曜日' は文字列である必要があります。

...::
Keyword: SELECT_DIR
Fr: ...
En: ...
Ja: ...
Fr_raw: ...
En_raw: ...
Ja_raw: ...

0 is not allowed as "Local size"::
Keyword: Hexotic_NULL_LOCAL_SIZE
Fr: 0 is not allowed as "Local size"
En: 0 is not allowed as "Local size"
Ja: 0 は「ローカル サイズ」として許可されていません
Fr_raw: 0 is not allowed as "Local size"
En_raw: 0 is not allowed as "Local size"
Ja_raw: 0 は「ローカル サイズ」として許可されていません

2014.1::
Keyword: APP_VERSION
Fr: 2014.1
En: 2014.1
Ja: 2014.1
Fr_raw: 2014.1
En_raw: 2014.1
Ja_raw: 2014.1

: no duplication is allowed::
Keyword: : pas de presence de doublon dans la liste
Fr: : aucune reproduction n'est autorisée
En: : no duplication is allowed
Ja: ： 重複は許可されていません
Fr_raw: : aucune reproduction n'est autorisée
En_raw: : no duplication is allowed
Ja_raw: ： 重複は許可されていません

<!DOCTYPE HTML PUBLIC "-//W3C//DTD HTML 4.0//EN" "http://www.w3.org/TR/REC-html40/strict.dtd"><html><head><meta name="qrichtext" content="1" /><style type="text/css">p, li { white-space: pre-wrap; }</style></head><body style=" font-family:'Sans Serif'; font-size:9pt; font-weight:400; font-style:normal;"><p align="center" style=" margin-top:12px; margin-bottom:12px; margin-left:0px; margin-right:0px; -qt-block-indent:0; text-indent:0px; font-size:large;"><span style=" font-size:11pt; font-weight:600;">No file is associated whith this Include command </span></p><p align="center" style=" margin-top:12px; margin-bottom:12px; margin-left:0px; margin-right:0px; -qt-block-indent:0; text-indent:0px; font-size:11pt; font-weight:600;"><span style=" font-size:large;">First, choose a unite number</span></p></body></html>::
Keyword: <!DOCTYPE HTML PUBLIC "-//W3C//DTD HTML 4.0//EN" "http://www.w3.org/TR/REC-html40/strict.dtd">\n<html><head><meta name="qrichtext" content="1" /><style type="text/css">\np, li { white-space: pre-wrap; }\n</style></head><body style=" font-family:'Sans Serif'; font-size:9pt; font-weight:400; font-style:normal;">\n<p align="center" style=" margin-top:12px; margin-bottom:12px; margin-left:0px; margin-right:0px; -qt-block-indent:0; text-indent:0px; font-size:large;"><span style=" font-size:11pt; font-weight:600;">La commande INCLUDE n'a pas de fichier associé. </span></p>\n<p align="center" style=" margin-top:12px; margin-bottom:12px; margin-left:0px; margin-right:0px; -qt-block-indent:0; text-indent:0px; font-size:11pt; font-weight:600;"><span style=" font-size:large;">Il faut d'abord choisir un numéro d'unité</span></p></body></html>
Fr: <!DOCTYPE HTML PUBLIC "-//W3C//DTD HTML 4.0//EN" "http://www.w3.org/TR/REC-html40/strict.dtd"><html><head><meta name="qrichtext" content="1"><style type="text/css">p, li { white-space: pre-wrap; }</style></head><body style=" font-family:'Sans Serif'; font-size:9pt; font-weight:400; font-style:normal;"><p align="center" style=" margin-top:12px; margin-bottom:12px; margin-left:0px; margin-right:0px; -qt-block-indent:0; text-indent:0px; font-size:large;"><span style=" font-size:11pt; font-weight:600;">Aucun fichier n'est associé à whith cette commande Include</span></p><p align="center" style=" margin-top:12px; margin-bottom:12px; margin-left:0px; margin-right:0px; -qt-block-indent:0; text-indent:0px; font-size:11pt; font-weight:600;"><span style=" font-size:large;">Tout d'abord, choisissez un nombre d'unite</span></p></body></html>
En: <!DOCTYPE HTML PUBLIC "-//W3C//DTD HTML 4.0//EN" "http://www.w3.org/TR/REC-html40/strict.dtd"><html><head><meta name="qrichtext" content="1" /><style type="text/css">p, li { white-space: pre-wrap; }</style></head><body style=" font-family:'Sans Serif'; font-size:9pt; font-weight:400; font-style:normal;"><p align="center" style=" margin-top:12px; margin-bottom:12px; margin-left:0px; margin-right:0px; -qt-block-indent:0; text-indent:0px; font-size:large;"><span style=" font-size:11pt; font-weight:600;">No file is associated whith this Include command </span></p><p align="center" style=" margin-top:12px; margin-bottom:12px; margin-left:0px; margin-right:0px; -qt-block-indent:0; text-indent:0px; font-size:11pt; font-weight:600;"><span style=" font-size:large;">First, choose a unite number</span></p></body></html>
Ja: <!DOCTYPE HTML PUBLIC "-//W3C//DTD HTML 4.0//EN" "http://www.w3.org/TR/REC-html40/strict.dtd"><html><head><meta name="qrichtext" content="1"><style type="text/css">p, li { white-space: pre-wrap; }</style></head><body style=" font-family:'Sans Serif'; font-size:9pt; font-weight:400; font-style:normal;"><p align="center" style=" margin-top:12px; margin-bottom:12px; margin-left:0px; margin-right:0px; -qt-block-indent:0; text-indent:0px; font-size:large;"><span style=" font-size:11pt; font-weight:600;">ないファイルは、関連付けられた whith この Include コマンドの実行</span></p><p align="center" style=" margin-top:12px; margin-bottom:12px; margin-left:0px; margin-right:0px; -qt-block-indent:0; text-indent:0px; font-size:11pt; font-weight:600;"><span style=" font-size:large;">最初に、結合の数を選択します</span></p></body></html>
Fr_raw: <!DOCTYPE HTML PUBLIC "-//W3C//DTD HTML 4.0//EN" "http://www.w3.org/TR/REC-html40/strict.dtd"><html><head><meta name="qrichtext" content="1"><style type="text/css">p, li { white-space: pre-wrap; }</style></head><body style=" font-family:'Sans Serif'; font-size:9pt; font-weight:400; font-style:normal;"><p align="center" style=" margin-top:12px; margin-bottom:12px; margin-left:0px; margin-right:0px; -qt-block-indent:0; text-indent:0px; font-size:large;"><span style=" font-size:11pt; font-weight:600;">Aucun fichier n'est associé à whith cette commande Include</span></p><p align="center" style=" margin-top:12px; margin-bottom:12px; margin-left:0px; margin-right:0px; -qt-block-indent:0; text-indent:0px; font-size:11pt; font-weight:600;"><span style=" font-size:large;">Tout d'abord, choisissez un nombre d'unite</span></p></body></html>
En_raw: <!DOCTYPE HTML PUBLIC "-//W3C//DTD HTML 4.0//EN" "http://www.w3.org/TR/REC-html40/strict.dtd"><html><head><meta name="qrichtext" content="1" /><style type="text/css">p, li { white-space: pre-wrap; }</style></head><body style=" font-family:'Sans Serif'; font-size:9pt; font-weight:400; font-style:normal;"><p align="center" style=" margin-top:12px; margin-bottom:12px; margin-left:0px; margin-right:0px; -qt-block-indent:0; text-indent:0px; font-size:large;"><span style=" font-size:11pt; font-weight:600;">No file is associated whith this Include command </span></p><p align="center" style=" margin-top:12px; margin-bottom:12px; margin-left:0px; margin-right:0px; -qt-block-indent:0; text-indent:0px; font-size:11pt; font-weight:600;"><span style=" font-size:large;">First, choose a unite number</span></p></body></html>
Ja_raw: <!DOCTYPE HTML PUBLIC "-//W3C//DTD HTML 4.0//EN" "http://www.w3.org/TR/REC-html40/strict.dtd"><html><head><meta name="qrichtext" content="1"><style type="text/css">p, li { white-space: pre-wrap; }</style></head><body style=" font-family:'Sans Serif'; font-size:9pt; font-weight:400; font-style:normal;"><p align="center" style=" margin-top:12px; margin-bottom:12px; margin-left:0px; margin-right:0px; -qt-block-indent:0; text-indent:0px; font-size:large;"><span style=" font-size:11pt; font-weight:600;">ないファイルは、関連付けられた whith この Include コマンドの実行</span></p><p align="center" style=" margin-top:12px; margin-bottom:12px; margin-left:0px; margin-right:0px; -qt-block-indent:0; text-indent:0px; font-size:11pt; font-weight:600;"><span style=" font-size:large;">最初に、結合の数を選択します</span></p></body></html>

<!DOCTYPE HTML PUBLIC "-//W3C//DTD HTML 4.0//EN" "http://www.w3.org/TR/REC-html40/strict.dtd"><html><head><meta name="qrichtext" content="1" /><style type="text/css">p, li { white-space: pre-wrap; }</style></head><body style=" font-family:'Sans Serif'; font-size:9pt; font-weight:400; font-style:normal;"><p align="center" style=" margin-top:12px; margin-bottom:12px; margin-left:0px; margin-right:0px; -qt-block-indent:0; text-indent:0px; font-size:x-large;"><span style=" font-size:x-large;">activ nodes are</span></p><p align="center" style=" margin-top:12px; margin-bottom:12px; margin-left:0px; margin-right:0px; -qt-block-indent:0; text-indent:0px; font-size:x-large;"><span style=" font-size:x-large;">between commands : DEBUT / FIN </span></p></body></html>::
Keyword: <!DOCTYPE HTML PUBLIC "-//W3C//DTD HTML 4.0//EN" "http://www.w3.org/TR/REC-html40/strict.dtd">\n<html><head><meta name="qrichtext" content="1" /><style type="text/css">\np, li { white-space: pre-wrap; }\n</style></head><body style=" font-family:'Sans Serif'; font-size:9pt; font-weight:400; font-style:normal;">\n<p align="center" style=" margin-top:12px; margin-bottom:12px; margin-left:0px; margin-right:0px; -qt-block-indent:0; text-indent:0px; font-size:x-large;"><span style=" font-size:x-large;">Seules les commandes placées</span></p>\n<p align="center" style=" margin-top:12px; margin-bottom:12px; margin-left:0px; margin-right:0px; -qt-block-indent:0; text-indent:0px; font-size:x-large;"><span style=" font-size:x-large;"> entre : DEBUT / FIN sont actives </span></p></body></html>
Fr: <!DOCTYPE HTML PUBLIC "-//W3C//DTD HTML 4.0//EN" "http://www.w3.org/TR/REC-html40/strict.dtd"><html><head><meta name="qrichtext" content="1"><style type="text/css">p, li { white-space: pre-wrap; }</style></head><body style=" font-family:'Sans Serif'; font-size:9pt; font-weight:400; font-style:normal;"><p align="center" style=" margin-top:12px; margin-bottom:12px; margin-left:0px; margin-right:0px; -qt-block-indent:0; text-indent:0px; font-size:x-large;"><span style=" font-size:x-large;">Activ nœuds sont</span></p><p align="center" style=" margin-top:12px; margin-bottom:12px; margin-left:0px; margin-right:0px; -qt-block-indent:0; text-indent:0px; font-size:x-large;"><span style=" font-size:x-large;">entre les commandes : DEBUT / FIN</span></p></body></html>
En: <!DOCTYPE HTML PUBLIC "-//W3C//DTD HTML 4.0//EN" "http://www.w3.org/TR/REC-html40/strict.dtd"><html><head><meta name="qrichtext" content="1" /><style type="text/css">p, li { white-space: pre-wrap; }</style></head><body style=" font-family:'Sans Serif'; font-size:9pt; font-weight:400; font-style:normal;"><p align="center" style=" margin-top:12px; margin-bottom:12px; margin-left:0px; margin-right:0px; -qt-block-indent:0; text-indent:0px; font-size:x-large;"><span style=" font-size:x-large;">activ nodes are</span></p><p align="center" style=" margin-top:12px; margin-bottom:12px; margin-left:0px; margin-right:0px; -qt-block-indent:0; text-indent:0px; font-size:x-large;"><span style=" font-size:x-large;">between commands : DEBUT / FIN </span></p></body></html>
Ja: <!DOCTYPE HTML PUBLIC "-//W3C//DTD HTML 4.0//EN" "http://www.w3.org/TR/REC-html40/strict.dtd"><html><head><meta name="qrichtext" content="1"><style type="text/css">p, li { white-space: pre-wrap; }</style></head><body style=" font-family:'Sans Serif'; font-size:9pt; font-weight:400; font-style:normal;"><p align="center" style=" margin-top:12px; margin-bottom:12px; margin-left:0px; margin-right:0px; -qt-block-indent:0; text-indent:0px; font-size:x-large;"><span style=" font-size:x-large;">activ ノードが</span></p><p align="center" style=" margin-top:12px; margin-bottom:12px; margin-left:0px; margin-right:0px; -qt-block-indent:0; text-indent:0px; font-size:x-large;"><span style=" font-size:x-large;">コマンドの間: デビュー/フィン</span></p></body></html>
Fr_raw: <!DOCTYPE HTML PUBLIC "-//W3C//DTD HTML 4.0//EN" "http://www.w3.org/TR/REC-html40/strict.dtd"><html><head><meta name="qrichtext" content="1"><style type="text/css">p, li { white-space: pre-wrap; }</style></head><body style=" font-family:'Sans Serif'; font-size:9pt; font-weight:400; font-style:normal;"><p align="center" style=" margin-top:12px; margin-bottom:12px; margin-left:0px; margin-right:0px; -qt-block-indent:0; text-indent:0px; font-size:x-large;"><span style=" font-size:x-large;">Activ nœuds sont</span></p><p align="center" style=" margin-top:12px; margin-bottom:12px; margin-left:0px; margin-right:0px; -qt-block-indent:0; text-indent:0px; font-size:x-large;"><span style=" font-size:x-large;">entre les commandes : DEBUT / FIN</span></p></body></html>
En_raw: <!DOCTYPE HTML PUBLIC "-//W3C//DTD HTML 4.0//EN" "http://www.w3.org/TR/REC-html40/strict.dtd"><html><head><meta name="qrichtext" content="1" /><style type="text/css">p, li { white-space: pre-wrap; }</style></head><body style=" font-family:'Sans Serif'; font-size:9pt; font-weight:400; font-style:normal;"><p align="center" style=" margin-top:12px; margin-bottom:12px; margin-left:0px; margin-right:0px; -qt-block-indent:0; text-indent:0px; font-size:x-large;"><span style=" font-size:x-large;">activ nodes are</span></p><p align="center" style=" margin-top:12px; margin-bottom:12px; margin-left:0px; margin-right:0px; -qt-block-indent:0; text-indent:0px; font-size:x-large;"><span style=" font-size:x-large;">between commands : DEBUT / FIN </span></p></body></html>
Ja_raw: <!DOCTYPE HTML PUBLIC "-//W3C//DTD HTML 4.0//EN" "http://www.w3.org/TR/REC-html40/strict.dtd"><html><head><meta name="qrichtext" content="1"><style type="text/css">p, li { white-space: pre-wrap; }</style></head><body style=" font-family:'Sans Serif'; font-size:9pt; font-weight:400; font-style:normal;"><p align="center" style=" margin-top:12px; margin-bottom:12px; margin-left:0px; margin-right:0px; -qt-block-indent:0; text-indent:0px; font-size:x-large;"><span style=" font-size:x-large;">activ ノードが</span></p><p align="center" style=" margin-top:12px; margin-bottom:12px; margin-left:0px; margin-right:0px; -qt-block-indent:0; text-indent:0px; font-size:x-large;"><span style=" font-size:x-large;">コマンドの間: デビュー/フィン</span></p></body></html>

<!DOCTYPE HTML PUBLIC "-//W3C//DTD HTML 4.0//EN" "http://www.w3.org/TR/REC-html40/strict.dtd"><html><head><meta name="qrichtext" content="1" /><style type="text/css">p, li { white-space: pre-wrap; }</style></head><body style=" font-family:'Sans Serif'; font-size:9pt; font-weight:400; font-style:normal;"><p style=" margin-top:0px; margin-bottom:0px; margin-left:0px; margin-right:0px; -qt-block-indent:0; text-indent:0px;"><span style=" font-size:11pt;">2 catalogs are available </span></p></body></html>::
Keyword: <!DOCTYPE HTML PUBLIC "-//W3C//DTD HTML 4.0//EN" "http://www.w3.org/TR/REC-html40/strict.dtd">\n<html><head><meta name="qrichtext" content="1" /><style type="text/css">\np, li { white-space: pre-wrap; }\n</style></head><body style=" font-family:'Sans Serif'; font-size:9pt; font-weight:400; font-style:normal;">\n<p style=" margin-top:0px; margin-bottom:0px; margin-left:0px; margin-right:0px; -qt-block-indent:0; text-indent:0px;"><span style=" font-size:11pt;">2 versions sont disponibles</span></p></body></html>
Fr: <!DOCTYPE HTML PUBLIC "-//W3C//DTD HTML 4.0//EN" "http://www.w3.org/TR/REC-html40/strict.dtd"><html><head><meta name="qrichtext" content="1"><style type="text/css">p, li { white-space: pre-wrap; }</style></head><body style=" font-family:'Sans Serif'; font-size:9pt; font-weight:400; font-style:normal;"><p style=" margin-top:0px; margin-bottom:0px; margin-left:0px; margin-right:0px; -qt-block-indent:0; text-indent:0px;"><span style=" font-size:11pt;">2 catalogues sont disponibles</span></p></body></html>
En: <!DOCTYPE HTML PUBLIC "-//W3C//DTD HTML 4.0//EN" "http://www.w3.org/TR/REC-html40/strict.dtd"><html><head><meta name="qrichtext" content="1" /><style type="text/css">p, li { white-space: pre-wrap; }</style></head><body style=" font-family:'Sans Serif'; font-size:9pt; font-weight:400; font-style:normal;"><p style=" margin-top:0px; margin-bottom:0px; margin-left:0px; margin-right:0px; -qt-block-indent:0; text-indent:0px;"><span style=" font-size:11pt;">2 catalogs are available </span></p></body></html>
Ja: <!DOCTYPE HTML PUBLIC "-//W3C//DTD HTML 4.0//EN" "http://www.w3.org/TR/REC-html40/strict.dtd"><html><head><meta name="qrichtext" content="1"><style type="text/css">p, li { white-space: pre-wrap; }</style></head><body style=" font-family:'Sans Serif'; font-size:9pt; font-weight:400; font-style:normal;"><p style=" margin-top:0px; margin-bottom:0px; margin-left:0px; margin-right:0px; -qt-block-indent:0; text-indent:0px;"><span style=" font-size:11pt;">2 カタログは利用できます。</span></p></body></html>
Fr_raw: <!DOCTYPE HTML PUBLIC "-//W3C//DTD HTML 4.0//EN" "http://www.w3.org/TR/REC-html40/strict.dtd"><html><head><meta name="qrichtext" content="1"><style type="text/css">p, li { white-space: pre-wrap; }</style></head><body style=" font-family:'Sans Serif'; font-size:9pt; font-weight:400; font-style:normal;"><p style=" margin-top:0px; margin-bottom:0px; margin-left:0px; margin-right:0px; -qt-block-indent:0; text-indent:0px;"><span style=" font-size:11pt;">2 catalogues sont disponibles</span></p></body></html>
En_raw: <!DOCTYPE HTML PUBLIC "-//W3C//DTD HTML 4.0//EN" "http://www.w3.org/TR/REC-html40/strict.dtd"><html><head><meta name="qrichtext" content="1" /><style type="text/css">p, li { white-space: pre-wrap; }</style></head><body style=" font-family:'Sans Serif'; font-size:9pt; font-weight:400; font-style:normal;"><p style=" margin-top:0px; margin-bottom:0px; margin-left:0px; margin-right:0px; -qt-block-indent:0; text-indent:0px;"><span style=" font-size:11pt;">2 catalogs are available </span></p></body></html>
Ja_raw: <!DOCTYPE HTML PUBLIC "-//W3C//DTD HTML 4.0//EN" "http://www.w3.org/TR/REC-html40/strict.dtd"><html><head><meta name="qrichtext" content="1"><style type="text/css">p, li { white-space: pre-wrap; }</style></head><body style=" font-family:'Sans Serif'; font-size:9pt; font-weight:400; font-style:normal;"><p style=" margin-top:0px; margin-bottom:0px; margin-left:0px; margin-right:0px; -qt-block-indent:0; text-indent:0px;"><span style=" font-size:11pt;">2 カタログは利用できます。</span></p></body></html>

<!DOCTYPE HTML PUBLIC "-//W3C//DTD HTML 4.0//EN" "http://www.w3.org/TR/REC-html40/strict.dtd"><html><head><meta name="qrichtext" content="1" /><style type="text/css">p, li { white-space: pre-wrap; }</style></head><body style=" font-family:'Sans Serif'; font-size:9pt; font-weight:400; font-style:normal;"><table style="-qt-table-type: root; margin-top:4px; margin-bottom:4px; margin-left:4px; margin-right:4px;"><tr><td style="border: none;"><p style=" margin-top:0px; margin-bottom:0px; margin-left:0px; margin-right:0px; -qt-block-indent:0; text-indent:0px;"><span style=" font-size:large;">Please, choose the one </span></p><p style=" margin-top:0px; margin-bottom:0px; margin-left:0px; margin-right:0px; -qt-block-indent:0; text-indent:0px;"><span style=" font-size:large;"> you want to use</span></p></td></tr></table></body></html>::
Keyword: <!DOCTYPE HTML PUBLIC "-//W3C//DTD HTML 4.0//EN" "http://www.w3.org/TR/REC-html40/strict.dtd">\n<html><head><meta name="qrichtext" content="1" /><style type="text/css">\np, li { white-space: pre-wrap; }\n</style></head><body style=" font-family:'Sans Serif'; font-size:9pt; font-weight:400; font-style:normal;">\n<table style="-qt-table-type: root; margin-top:4px; margin-bottom:4px; margin-left:4px; margin-right:4px;">\n<tr>\n<td style="border: none;">\n<p style=" margin-top:0px; margin-bottom:0px; margin-left:0px; margin-right:0px; -qt-block-indent:0; text-indent:0px;"><span style=" font-size:large;">Veuillez choisir celle avec laquelle</span></p>\n<p style=" margin-top:0px; margin-bottom:0px; margin-left:0px; margin-right:0px; -qt-block-indent:0; text-indent:0px;"><span style=" font-size:large;"> vous souhaitez travailler</span></p></td></tr></table></body></html>
Fr: <!DOCTYPE HTML PUBLIC "-//W3C//DTD HTML 4.0//EN" "http://www.w3.org/TR/REC-html40/strict.dtd"><html><head><meta name="qrichtext" content="1"><style type="text/css">p, li { white-space: pre-wrap; }</style></head><body style=" font-family:'Sans Serif'; font-size:9pt; font-weight:400; font-style:normal;"><table style="-qt-table-type: root; margin-top:4px; margin-bottom:4px; margin-left:4px; margin-right:4px;"><tr><td style="border: none;"><p style=" margin-top:0px; margin-bottom:0px; margin-left:0px; margin-right:0px; -qt-block-indent:0; text-indent:0px;"><span style=" font-size:large;">Veuillez choisir celui</span></p><p style=" margin-top:0px; margin-bottom:0px; margin-left:0px; margin-right:0px; -qt-block-indent:0; text-indent:0px;"><span style=" font-size:large;">vous souhaitez utiliser</span></p></td></tr></table></body></html>
En: <!DOCTYPE HTML PUBLIC "-//W3C//DTD HTML 4.0//EN" "http://www.w3.org/TR/REC-html40/strict.dtd"><html><head><meta name="qrichtext" content="1" /><style type="text/css">p, li { white-space: pre-wrap; }</style></head><body style=" font-family:'Sans Serif'; font-size:9pt; font-weight:400; font-style:normal;"><table style="-qt-table-type: root; margin-top:4px; margin-bottom:4px; margin-left:4px; margin-right:4px;"><tr><td style="border: none;"><p style=" margin-top:0px; margin-bottom:0px; margin-left:0px; margin-right:0px; -qt-block-indent:0; text-indent:0px;"><span style=" font-size:large;">Please, choose the one </span></p><p style=" margin-top:0px; margin-bottom:0px; margin-left:0px; margin-right:0px; -qt-block-indent:0; text-indent:0px;"><span style=" font-size:large;"> you want to use</span></p></td></tr></table></body></html>
Ja: <!DOCTYPE HTML PUBLIC "-//W3C//DTD HTML 4.0//EN" "http://www.w3.org/TR/REC-html40/strict.dtd"><html><head><meta name="qrichtext" content="1"><style type="text/css">p, li { white-space: pre-wrap; }</style></head><body style=" font-family:'Sans Serif'; font-size:9pt; font-weight:400; font-style:normal;"><table style="-qt-table-type: root; margin-top:4px; margin-bottom:4px; margin-left:4px; margin-right:4px;"><tr><td style="border: none;"><p style=" margin-top:0px; margin-bottom:0px; margin-left:0px; margin-right:0px; -qt-block-indent:0; text-indent:0px;"><span style=" font-size:large;">1 つを選択してください。</span></p><p style=" margin-top:0px; margin-bottom:0px; margin-left:0px; margin-right:0px; -qt-block-indent:0; text-indent:0px;"><span style=" font-size:large;">使用します。</span></p></td></tr></table></body></html>
Fr_raw: <!DOCTYPE HTML PUBLIC "-//W3C//DTD HTML 4.0//EN" "http://www.w3.org/TR/REC-html40/strict.dtd"><html><head><meta name="qrichtext" content="1"><style type="text/css">p, li { white-space: pre-wrap; }</style></head><body style=" font-family:'Sans Serif'; font-size:9pt; font-weight:400; font-style:normal;"><table style="-qt-table-type: root; margin-top:4px; margin-bottom:4px; margin-left:4px; margin-right:4px;"><tr><td style="border: none;"><p style=" margin-top:0px; margin-bottom:0px; margin-left:0px; margin-right:0px; -qt-block-indent:0; text-indent:0px;"><span style=" font-size:large;">Veuillez choisir celui</span></p><p style=" margin-top:0px; margin-bottom:0px; margin-left:0px; margin-right:0px; -qt-block-indent:0; text-indent:0px;"><span style=" font-size:large;">vous souhaitez utiliser</span></p></td></tr></table></body></html>
En_raw: <!DOCTYPE HTML PUBLIC "-//W3C//DTD HTML 4.0//EN" "http://www.w3.org/TR/REC-html40/strict.dtd"><html><head><meta name="qrichtext" content="1" /><style type="text/css">p, li { white-space: pre-wrap; }</style></head><body style=" font-family:'Sans Serif'; font-size:9pt; font-weight:400; font-style:normal;"><table style="-qt-table-type: root; margin-top:4px; margin-bottom:4px; margin-left:4px; margin-right:4px;"><tr><td style="border: none;"><p style=" margin-top:0px; margin-bottom:0px; margin-left:0px; margin-right:0px; -qt-block-indent:0; text-indent:0px;"><span style=" font-size:large;">Please, choose the one </span></p><p style=" margin-top:0px; margin-bottom:0px; margin-left:0px; margin-right:0px; -qt-block-indent:0; text-indent:0px;"><span style=" font-size:large;"> you want to use</span></p></td></tr></table></body></html>
Ja_raw: <!DOCTYPE HTML PUBLIC "-//W3C//DTD HTML 4.0//EN" "http://www.w3.org/TR/REC-html40/strict.dtd"><html><head><meta name="qrichtext" content="1"><style type="text/css">p, li { white-space: pre-wrap; }</style></head><body style=" font-family:'Sans Serif'; font-size:9pt; font-weight:400; font-style:normal;"><table style="-qt-table-type: root; margin-top:4px; margin-bottom:4px; margin-left:4px; margin-right:4px;"><tr><td style="border: none;"><p style=" margin-top:0px; margin-bottom:0px; margin-left:0px; margin-right:0px; -qt-block-indent:0; text-indent:0px;"><span style=" font-size:large;">1 つを選択してください。</span></p><p style=" margin-top:0px; margin-bottom:0px; margin-left:0px; margin-right:0px; -qt-block-indent:0; text-indent:0px;"><span style=" font-size:large;">使用します。</span></p></td></tr></table></body></html>

<Vide></Vide>::
Keyword: <Empty>
Fr: <Vide>
En: <Vide></Vide>
Ja: <Vide></Vide>
Fr_raw: <Vide>
En_raw: <Vide></Vide>
Ja_raw: <Vide></Vide>

<b> Name: </b>::
Keyword: <b> Nom: </b>
Fr: <b>Nom :</b>
En: <b> Name: </b>
Ja: <b>名前:</b>
Fr_raw: <b>Nom :</b>
En_raw: <b> Name: </b>
Ja_raw: <b>名前:</b>

<b> Value: </b>::
Keyword: <b> Valeur: </b>
Fr: <b>Valeur :</b>
En: <b> Value: </b>
Ja: <b>値:</b>
Fr_raw: <b>Valeur :</b>
En_raw: <b> Value: </b>
Ja_raw: <b>値:</b>

<b><u><p align="center">Possible values</p></u></b>::
Keyword: <b><u><p align="center">Valeurs possibles</p></u></b>
Fr: <b><u><p align="center">Valeurs possibles</p></u></b>
En: <b><u><p align="center">Possible values</p></u></b>
Ja: <b><u><p align="center">使用可能な値</p></u></b>
Fr_raw: <b><u><p align="center">Valeurs possibles</p></u></b>
En_raw: <b><u><p align="center">Possible values</p></u></b>
Ja_raw: <b><u><p align="center">使用可能な値</p></u></b>

<b><u><p align="center">Value: </p></u></b>::
Keyword: <b><u><p align="center">Valeur: </p></u></b>
Fr: <b><u><p align="center">Valeur :</p></u></b>
En: <b><u><p align="center">Value: </p></u></b>
Ja: <b><u><p align="center">値:</p></u></b>
Fr_raw: <b><u><p align="center">Valeur :</p></u></b>
En_raw: <b><u><p align="center">Value: </p></u></b>
Ja_raw: <b><u><p align="center">値:</p></u></b>

<b><u>Commands :</u></b>::
Keyword: <b><u>Commandes :</u></b>
Fr: <b><u>Commandes :</u></b>
En: <b><u>Commands :</u></b>
Ja: <b><u>コマンド:</u></b>
Fr_raw: <b><u>Commandes :</u></b>
En_raw: <b><u>Commands :</u></b>
Ja_raw: <b><u>コマンド:</u></b>

<font size="+1"> INCLUDE command expects an associated file name  :</font>::
Keyword: <font size="+1">La commande INCLUDE requiert un nom de Fichier :</font>
Fr: <font size=" 1">INCLUDE commande attend un nom de fichier associé :</font>
En: <font size="+1"> INCLUDE command expects an associated file name  :</font>
Ja: <font size=" 1">INCLUDE コマンドに関連付けられているファイル名を期待しています。</font>
Fr_raw: <font size=" 1">INCLUDE commande attend un nom de fichier associé :</font>
En_raw: <font size="+1"> INCLUDE command expects an associated file name  :</font>
Ja_raw: <font size=" 1">INCLUDE コマンドに関連付けられているファイル名を期待しています。</font>

<font size="+1"> concept name : </font>::
Keyword: <font size="+1"> Nom concept : </font>
Fr: <font size=" 1">nom du concept :</font>
En: <font size="+1"> concept name : </font>
Ja: <font size=" 1">概念名:</font>
Fr_raw: <font size=" 1">nom du concept :</font>
En_raw: <font size="+1"> concept name : </font>
Ja_raw: <font size=" 1">概念名:</font>

<font size="+1"><p align="center">Current object required a data which type is :</p></font>::
Keyword: <font size="+1"><p align="center">Structures de données du type\nrequis par l'objet courant :</p></font>
Fr: <font size=" 1"><p align="center">Objet courant requis un type de données :</p></font>
En: <font size="+1"><p align="center">Current object required a data which type is :</p></font>
Ja: <font size=" 1"><p align="center">現在のオブジェクトの種類がデータに必要な。</p></font>
Fr_raw: <font size=" 1"><p align="center">Objet courant requis un type de données :</p></font>
En_raw: <font size="+1"><p align="center">Current object required a data which type is :</p></font>
Ja_raw: <font size=" 1"><p align="center">現在のオブジェクトの種類がデータに必要な。</p></font>

<font size="+1"><u>Current object required a data which type is :</u></font>::
Keyword: <font size="+1"><u>Structures de données du type requis par l'objet courant </u></font>
Fr: <font size=" 1"><u>Objet courant requis un type de données :</u></font>
En: <font size="+1"><u>Current object required a data which type is :</u></font>
Ja: <font size=" 1"><u>現在のオブジェクトの種類がデータに必要な。</u></font>
Fr_raw: <font size=" 1"><u>Objet courant requis un type de données :</u></font>
En_raw: <font size="+1"><u>Current object required a data which type is :</u></font>
Ja_raw: <font size=" 1"><u>現在のオブジェクトの種類がデータに必要な。</u></font>

<font size="+1">CO object is expected</font>::
Keyword: <font size="+1">Un objet de type CO est attendu</font>
Fr: <font size=" 1">Objet CO est attendu</font>
En: <font size="+1">CO object is expected</font>
Ja: <font size=" 1">CO オブジェクトを期待します。</font>
Fr_raw: <font size=" 1">Objet CO est attendu</font>
En_raw: <font size="+1">CO object is expected</font>
Ja_raw: <font size=" 1">CO オブジェクトを期待します。</font>

<font size="+2">Complex : a+bj</font>::
Keyword: <font size="+2">Complexe de la forme : a+bj</font>
Fr: <font size=" 2">Complexe : un bj</font>
En: <font size="+2">Complex : a+bj</font>
Ja: <font size=" 2">Bj 複合体:</font>
Fr_raw: <font size=" 2">Complexe : un bj</font>
En_raw: <font size="+2">Complex : a+bj</font>
Ja_raw: <font size=" 2">Bj 複合体:</font>

<font size="+4" face="Helvetica"><b>=</b></font>::
Keyword: <font size="+4" face="Helvetica"><b>=</b></font>
Fr: 
En: <font size="+4" face="Helvetica"><b>=</b></font>
Ja: 
Fr_raw: 
En_raw: <font size="+4" face="Helvetica"><b>=</b></font>
Ja_raw: 

<h1><b>(</b></h1>::
Keyword: <h1><b>(</b></h1>
Fr: 
En: <h1><b>(</b></h1>
Ja: 
Fr_raw: 
En_raw: <h1><b>(</b></h1>
Ja_raw: 

<h1><b>)</b></h1>::
Keyword: <h1><b>)</b></h1>
Fr: 
En: <h1><b>)</b></h1>
Ja: 
Fr_raw: 
En_raw: <h1><b>)</b></h1>
Ja_raw: 

<h1><font size="+2">New concept name : </font></h1>::
Keyword: <h1><font size="+2">Nom du nouveau concept : </font></h1>
Fr: <h1><font size=" 2">Nouveau nom de concept :</font></h1>
En: <h1><font size="+2">New concept name : </font></h1>
Ja: <h1><font size=" 2">新しいコンセプトの名前:</font></h1>
Fr_raw: <h1><font size=" 2">Nouveau nom de concept :</font></h1>
En_raw: <h1><font size="+2">New concept name : </font></h1>
Ja_raw: <h1><font size=" 2">新しいコンセプトの名前:</font></h1>

<h3><p align="center"><u><b>Arguments</b></u></p></h3>::
Keyword: <h3><p align="center"><u><b>Arguments</b></u></p></h3>
Fr: 
En: <h3><p align="center"><u><b>Arguments</b></u></p></h3>
Ja: 
Fr_raw: 
En_raw: <h3><p align="center"><u><b>Arguments</b></u></p></h3>
Ja_raw: 

<h3><p align="center"><u><b>Available Keywords</b></u></p></h3>::
Keyword: <h3><p align="center"><u><b>Mots Clefs Permis</b></u></p></h3>
Fr: <h3><p align="center"><u><b>Mots-clés disponibles</b></u></p></h3>
En: <h3><p align="center"><u><b>Available Keywords</b></u></p></h3>
Ja: <h3><p align="center"><u><b>使用可能なキーワード</b></u></p></h3>
Fr_raw: <h3><p align="center"><u><b>Mots-clés disponibles</b></u></p></h3>
En_raw: <h3><p align="center"><u><b>Available Keywords</b></u></p></h3>
Ja_raw: <h3><p align="center"><u><b>使用可能なキーワード</b></u></p></h3>

<h3><p align="center"><u><b>Expression</b></u></p></h3>::
Keyword: <h3><p align="center"><u><b>Expression</b></u></p></h3>
Fr: 
En: <h3><p align="center"><u><b>Expression</b></u></p></h3>
Ja: 
Fr_raw: 
En_raw: <h3><p align="center"><u><b>Expression</b></u></p></h3>
Ja_raw: 

<h3><p align="center"><u><b>Formula's name</b></u></p></h3>::
Keyword: <h3><p align="center"><u><b>Nom de la formule</b></u></p></h3>
Fr: <h3><p align="center"><u><b>Nom de la formule</b></u></p></h3>
En: <h3><p align="center"><u><b>Formula's name</b></u></p></h3>
Ja: <h3><p align="center"><u><b>数式の名前</b></u></p></h3>
Fr_raw: <h3><p align="center"><u><b>Nom de la formule</b></u></p></h3>
En_raw: <h3><p align="center"><u><b>Formula's name</b></u></p></h3>
Ja_raw: <h3><p align="center"><u><b>数式の名前</b></u></p></h3>

<h3><p align="center"><u><b>Rules</b></u></p></h3>::
Keyword: <h3><p align="center"><u><b>Règles</b></u></p></h3>
Fr: <h3><p align="center"><u><b>Règles</b></u></p></h3>
En: <h3><p align="center"><u><b>Rules</b></u></p></h3>
Ja: <h3><p align="center"><u><b>ルール</b></u></p></h3>
Fr_raw: <h3><p align="center"><u><b>Règles</b></u></p></h3>
En_raw: <h3><p align="center"><u><b>Rules</b></u></p></h3>
Ja_raw: <h3><p align="center"><u><b>ルール</b></u></p></h3>

<html><head/><body><p align="center"><span style=" font-size:16pt;">selected node</span></p><p align="center"><span style=" font-size:16pt;">is not an activ node</span></p></body></html>::
Keyword: <html><head/><body><p align="center"><span style=" font-size:16pt;">Le noeud sélectionné</span></p><p align="center"><span style=" font-size:16pt;">ne correspond pas à un objet actif</span></p></body></html>
Fr: <html><head></head><body><p align="center"><span style=" font-size:16pt;">nœud sélectionné</span></p><p align="center"><span style=" font-size:16pt;">n'est pas un nœud d'activ</span></p></body></html>
En: <html><head/><body><p align="center"><span style=" font-size:16pt;">selected node</span></p><p align="center"><span style=" font-size:16pt;">is not an activ node</span></p></body></html>
Ja: <html><head></head><body><p align="center"><span style=" font-size:16pt;">選択されているノード</span></p><p align="center"><span style=" font-size:16pt;">アクティブ ノードではないです。</span></p></body></html>
Fr_raw: <html><head></head><body><p align="center"><span style=" font-size:16pt;">nœud sélectionné</span></p><p align="center"><span style=" font-size:16pt;">n'est pas un nœud d'activ</span></p></body></html>
En_raw: <html><head/><body><p align="center"><span style=" font-size:16pt;">selected node</span></p><p align="center"><span style=" font-size:16pt;">is not an activ node</span></p></body></html>
Ja_raw: <html><head></head><body><p align="center"><span style=" font-size:16pt;">選択されているノード</span></p><p align="center"><span style=" font-size:16pt;">アクティブ ノードではないです。</span></p></body></html>

<html><head><meta name="qrichtext" content="1" /><style type="text/css">p, li { white-space: pre-wrap; }</style></head><body style=" font-family:'Sans Serif'; font-size:9pt; font-weight:400; font-style:normal;"><table border="0" style="-qt-table-type: root; margin-top:4px; margin-bottom:4px; margin-left:4px; margin-right:4px;"><tr><td style="border: none;"><p style="-qt-paragraph-type:empty; margin-top:0px; margin-bottom:0px; margin-left:0px; margin-right:0px; -qt-block-indent:0; text-indent:0px;"></p><p style="-qt-paragraph-type:empty; margin-top:0px; margin-bottom:0px; margin-left:0px; margin-right:0px; -qt-block-indent:0; text-indent:0px;"></p><p align="center" style=" margin-top:0px; margin-bottom:0px; margin-left:0px; margin-right:0px; -qt-block-indent:0; text-indent:0px;"><span style=" font-size:12pt; font-weight:600;">selected node</span></p><p align="center" style=" margin-top:0px; margin-bottom:0px; margin-left:0px; margin-right:0px; -qt-block-indent:0; text-indent:0px;"><span style=" font-size:12pt; font-weight:600;">is not </span></p><p align="center" style=" margin-top:0px; margin-bottom:0px; margin-left:0px; margin-right:0px; -qt-block-indent:0; text-indent:0px;"><span style=" font-size:12pt; font-weight:600;">an activ node</span></p></td></tr></table></body></html>::
Keyword: <!DOCTYPE HTML PUBLIC "-//W3C//DTD HTML 4.0//EN" "http://www.w3.org/TR/REC-html40/strict.dtd">\n<html><head><meta name="qrichtext" content="1" /><style type="text/css">\np, li { white-space: pre-wrap; }\n</style></head><body style=" font-family:'Sans Serif'; font-size:9pt; font-weight:400; font-style:normal;">\n<table border="0" style="-qt-table-type: root; margin-top:4px; margin-bottom:4px; margin-left:4px; margin-right:4px;">\n<tr>\n<td style="border: none;">\n<p style="-qt-paragraph-type:empty; margin-top:0px; margin-bottom:0px; margin-left:0px; margin-right:0px; -qt-block-indent:0; text-indent:0px;"></p>\n<p style="-qt-paragraph-type:empty; margin-top:0px; margin-bottom:0px; margin-left:0px; margin-right:0px; -qt-block-indent:0; text-indent:0px;"></p>\n<p align="center" style=" margin-top:0px; margin-bottom:0px; margin-left:0px; margin-right:0px; -qt-block-indent:0; text-indent:0px;"><span style=" font-size:12pt; font-weight:600;">Le noeud selectionné</span></p>\n<p align="center" style=" margin-top:0px; margin-bottom:0px; margin-left:0px; margin-right:0px; -qt-block-indent:0; text-indent:0px;"><span style=" font-size:12pt; font-weight:600;">ne correspond pas</span></p>\n<p align="center" style=" margin-top:0px; margin-bottom:0px; margin-left:0px; margin-right:0px; -qt-block-indent:0; text-indent:0px;"><span style=" font-size:12pt; font-weight:600;">à un noeud actif</span></p></td></tr></table></body></html>
Fr: <html><head><meta name="qrichtext" content="1"><style type="text/css">p, li { white-space: pre-wrap; }</style></head><body style=" font-family:'Sans Serif'; font-size:9pt; font-weight:400; font-style:normal;"><table border="0" style="-qt-table-type: root; margin-top:4px; margin-bottom:4px; margin-left:4px; margin-right:4px;"><tr><td style="border: none;"><p style="-qt-paragraph-type:empty; margin-top:0px; margin-bottom:0px; margin-left:0px; margin-right:0px; -qt-block-indent:0; text-indent:0px;"><p style="-qt-paragraph-type:empty; margin-top:0px; margin-bottom:0px; margin-left:0px; margin-right:0px; -qt-block-indent:0; text-indent:0px;"><p align="center" style=" margin-top:0px; margin-bottom:0px; margin-left:0px; margin-right:0px; -qt-block-indent:0; text-indent:0px;"><span style=" font-size:12pt; font-weight:600;">nœud sélectionné</span></p><p align="center" style=" margin-top:0px; margin-bottom:0px; margin-left:0px; margin-right:0px; -qt-block-indent:0; text-indent:0px;"><span style=" font-size:12pt; font-weight:600;">n'est pas</span></p><p align="center" style=" margin-top:0px; margin-bottom:0px; margin-left:0px; margin-right:0px; -qt-block-indent:0; text-indent:0px;"><span style=" font-size:12pt; font-weight:600;">un nœud d'activ</span></p></td></tr></table></body></html>
En: <html><head><meta name="qrichtext" content="1" /><style type="text/css">p, li { white-space: pre-wrap; }</style></head><body style=" font-family:'Sans Serif'; font-size:9pt; font-weight:400; font-style:normal;"><table border="0" style="-qt-table-type: root; margin-top:4px; margin-bottom:4px; margin-left:4px; margin-right:4px;"><tr><td style="border: none;"><p style="-qt-paragraph-type:empty; margin-top:0px; margin-bottom:0px; margin-left:0px; margin-right:0px; -qt-block-indent:0; text-indent:0px;"></p><p style="-qt-paragraph-type:empty; margin-top:0px; margin-bottom:0px; margin-left:0px; margin-right:0px; -qt-block-indent:0; text-indent:0px;"></p><p align="center" style=" margin-top:0px; margin-bottom:0px; margin-left:0px; margin-right:0px; -qt-block-indent:0; text-indent:0px;"><span style=" font-size:12pt; font-weight:600;">selected node</span></p><p align="center" style=" margin-top:0px; margin-bottom:0px; margin-left:0px; margin-right:0px; -qt-block-indent:0; text-indent:0px;"><span style=" font-size:12pt; font-weight:600;">is not </span></p><p align="center" style=" margin-top:0px; margin-bottom:0px; margin-left:0px; margin-right:0px; -qt-block-indent:0; text-indent:0px;"><span style=" font-size:12pt; font-weight:600;">an activ node</span></p></td></tr></table></body></html>
Ja: <html><head><meta name="qrichtext" content="1"><style type="text/css">p, li { white-space: pre-wrap; }</style></head><body style=" font-family:'Sans Serif'; font-size:9pt; font-weight:400; font-style:normal;"><table border="0" style="-qt-table-type: root; margin-top:4px; margin-bottom:4px; margin-left:4px; margin-right:4px;"><tr><td style="border: none;"><p style="-qt-paragraph-type:empty; margin-top:0px; margin-bottom:0px; margin-left:0px; margin-right:0px; -qt-block-indent:0; text-indent:0px;"><p style="-qt-paragraph-type:empty; margin-top:0px; margin-bottom:0px; margin-left:0px; margin-right:0px; -qt-block-indent:0; text-indent:0px;"><p align="center" style=" margin-top:0px; margin-bottom:0px; margin-left:0px; margin-right:0px; -qt-block-indent:0; text-indent:0px;"><span style=" font-size:12pt; font-weight:600;">選択されているノード</span></p><p align="center" style=" margin-top:0px; margin-bottom:0px; margin-left:0px; margin-right:0px; -qt-block-indent:0; text-indent:0px;"><span style=" font-size:12pt; font-weight:600;">ありません。</span></p><p align="center" style=" margin-top:0px; margin-bottom:0px; margin-left:0px; margin-right:0px; -qt-block-indent:0; text-indent:0px;"><span style=" font-size:12pt; font-weight:600;">activ ノード</span></p></td></tr></table></body></html>
Fr_raw: <html><head><meta name="qrichtext" content="1"><style type="text/css">p, li { white-space: pre-wrap; }</style></head><body style=" font-family:'Sans Serif'; font-size:9pt; font-weight:400; font-style:normal;"><table border="0" style="-qt-table-type: root; margin-top:4px; margin-bottom:4px; margin-left:4px; margin-right:4px;"><tr><td style="border: none;"><p style="-qt-paragraph-type:empty; margin-top:0px; margin-bottom:0px; margin-left:0px; margin-right:0px; -qt-block-indent:0; text-indent:0px;"><p style="-qt-paragraph-type:empty; margin-top:0px; margin-bottom:0px; margin-left:0px; margin-right:0px; -qt-block-indent:0; text-indent:0px;"><p align="center" style=" margin-top:0px; margin-bottom:0px; margin-left:0px; margin-right:0px; -qt-block-indent:0; text-indent:0px;"><span style=" font-size:12pt; font-weight:600;">nœud sélectionné</span></p><p align="center" style=" margin-top:0px; margin-bottom:0px; margin-left:0px; margin-right:0px; -qt-block-indent:0; text-indent:0px;"><span style=" font-size:12pt; font-weight:600;">n'est pas</span></p><p align="center" style=" margin-top:0px; margin-bottom:0px; margin-left:0px; margin-right:0px; -qt-block-indent:0; text-indent:0px;"><span style=" font-size:12pt; font-weight:600;">un nœud d'activ</span></p></td></tr></table></body></html>
En_raw: <html><head><meta name="qrichtext" content="1" /><style type="text/css">p, li { white-space: pre-wrap; }</style></head><body style=" font-family:'Sans Serif'; font-size:9pt; font-weight:400; font-style:normal;"><table border="0" style="-qt-table-type: root; margin-top:4px; margin-bottom:4px; margin-left:4px; margin-right:4px;"><tr><td style="border: none;"><p style="-qt-paragraph-type:empty; margin-top:0px; margin-bottom:0px; margin-left:0px; margin-right:0px; -qt-block-indent:0; text-indent:0px;"></p><p style="-qt-paragraph-type:empty; margin-top:0px; margin-bottom:0px; margin-left:0px; margin-right:0px; -qt-block-indent:0; text-indent:0px;"></p><p align="center" style=" margin-top:0px; margin-bottom:0px; margin-left:0px; margin-right:0px; -qt-block-indent:0; text-indent:0px;"><span style=" font-size:12pt; font-weight:600;">selected node</span></p><p align="center" style=" margin-top:0px; margin-bottom:0px; margin-left:0px; margin-right:0px; -qt-block-indent:0; text-indent:0px;"><span style=" font-size:12pt; font-weight:600;">is not </span></p><p align="center" style=" margin-top:0px; margin-bottom:0px; margin-left:0px; margin-right:0px; -qt-block-indent:0; text-indent:0px;"><span style=" font-size:12pt; font-weight:600;">an activ node</span></p></td></tr></table></body></html>
Ja_raw: <html><head><meta name="qrichtext" content="1"><style type="text/css">p, li { white-space: pre-wrap; }</style></head><body style=" font-family:'Sans Serif'; font-size:9pt; font-weight:400; font-style:normal;"><table border="0" style="-qt-table-type: root; margin-top:4px; margin-bottom:4px; margin-left:4px; margin-right:4px;"><tr><td style="border: none;"><p style="-qt-paragraph-type:empty; margin-top:0px; margin-bottom:0px; margin-left:0px; margin-right:0px; -qt-block-indent:0; text-indent:0px;"><p style="-qt-paragraph-type:empty; margin-top:0px; margin-bottom:0px; margin-left:0px; margin-right:0px; -qt-block-indent:0; text-indent:0px;"><p align="center" style=" margin-top:0px; margin-bottom:0px; margin-left:0px; margin-right:0px; -qt-block-indent:0; text-indent:0px;"><span style=" font-size:12pt; font-weight:600;">選択されているノード</span></p><p align="center" style=" margin-top:0px; margin-bottom:0px; margin-left:0px; margin-right:0px; -qt-block-indent:0; text-indent:0px;"><span style=" font-size:12pt; font-weight:600;">ありません。</span></p><p align="center" style=" margin-top:0px; margin-bottom:0px; margin-left:0px; margin-right:0px; -qt-block-indent:0; text-indent:0px;"><span style=" font-size:12pt; font-weight:600;">activ ノード</span></p></td></tr></table></body></html>

<p align="center"><b><u>Rules :</u></b></p>::
Keyword: <p align="center"><b><u>Régles :</u></b></p>
Fr: <p align="center"><b><u>Règles :</u></b></p>
En: <p align="center"><b><u>Rules :</u></b></p>
Ja: <p align="center"><b><u>ルール:</u></b></p>
Fr_raw: <p align="center"><b><u>Règles :</u></b></p>
En_raw: <p align="center"><b><u>Rules :</u></b></p>
Ja_raw: <p align="center"><b><u>ルール:</u></b></p>

<p align="center"><font size="+1">In order to add a new occurence</font></p>::
Keyword: <p align="center"><font size="+1">Pour ajouter une autre occurrence</font></p>
Fr: <p align="center"><font size=" 1">Afin d'ajouter une nouvelle occurrence</font></p>
En: <p align="center"><font size="+1">In order to add a new occurence</font></p>
Ja: <p align="center"><font size=" 1">新しい出現を追加するのには</font></p>
Fr_raw: <p align="center"><font size=" 1">Afin d'ajouter une nouvelle occurrence</font></p>
En_raw: <p align="center"><font size="+1">In order to add a new occurence</font></p>
Ja_raw: <p align="center"><font size=" 1">新しい出現を追加するのには</font></p>

<p align="center"><font size="+1">of the keyword</font> </p>::
Keyword: <p align="center"><font size="+1">du mot clef-facteur</font> </p>
Fr: <p align="center"><font size=" 1">le mot clé</font> </p>
En: <p align="center"><font size="+1">of the keyword</font> </p>
Ja: <p align="center"><font size=" 1">キーワードの</font> </p>
Fr_raw: <p align="center"><font size=" 1">le mot clé</font> </p>
En_raw: <p align="center"><font size="+1">of the keyword</font> </p>
Ja_raw: <p align="center"><font size=" 1">キーワードの</font> </p>

<p align="center"><font size="+1">push this button</font> </p>::
Keyword: <p align="center"><font size="+1">cliquez ci-dessous</font> </p>
Fr: <p align="center"><font size=" 1">Appuyez sur cette touche</font> </p>
En: <p align="center"><font size="+1">push this button</font> </p>
Ja: <p align="center"><font size=" 1">このボタンを押す</font> </p>
Fr_raw: <p align="center"><font size=" 1">Appuyez sur cette touche</font> </p>
En_raw: <p align="center"><font size="+1">push this button</font> </p>
Ja_raw: <p align="center"><font size=" 1">このボタンを押す</font> </p>

<p align="center">AFFE</p>::
Keyword: <p align="center">AFFE</p>
Fr: 
En: <p align="center">AFFE</p>
Ja: 
Fr_raw: 
En_raw: <p align="center">AFFE</p>
Ja_raw: 

<u><b><p align="center">Parameter</p></b></u>::
Keyword: <u><b><p align="center">Parametre</p></b></u>
Fr: <u><b><p align="center">Paramètre</p></b></u>
En: <u><b><p align="center">Parameter</p></b></u>
Ja: <u><b><p align="center">パラメーター</p></b></u>
Fr_raw: <u><b><p align="center">Paramètre</p></b></u>
En_raw: <u><b><p align="center">Parameter</p></b></u>
Ja_raw: <u><b><p align="center">パラメーター</p></b></u>

<u><font size="+1">Actual Value(s) </font></u>::
Keyword: <u><font size="+1">Valeur(s) actuelle(s)</font></u>
Fr: <u><font size=" 1">Valeur réelle (s)</font></u>
En: <u><font size="+1">Actual Value(s) </font></u>
Ja: <u><font size=" 1">実際の値</font></u>
Fr_raw: <u><font size=" 1">Valeur réelle (s)</font></u>
En_raw: <u><font size="+1">Actual Value(s) </font></u>
Ja_raw: <u><font size=" 1">実際の値</font></u>

<u><font size="+1">Valid Values</font></u>::
Keyword: <u><font size="+1">Valeur(s) possibles(s)</font></u>
Fr: <u><font size=" 1">Valeurs valides</font></u>
En: <u><font size="+1">Valid Values</font></u>
Ja: <u><font size=" 1">有効な値</font></u>
Fr_raw: <u><font size=" 1">Valeurs valides</font></u>
En_raw: <u><font size="+1">Valid Values</font></u>
Ja_raw: <u><font size=" 1">有効な値</font></u>

Abort::
Keyword: &Abort
Fr: 
En: Abort
Ja: 
Fr_raw: 
En_raw: &Abort
Ja_raw: 
En_Option_Text: (&A)

Activate the Salomé style::
Keyword: Enable SALOME Style
Fr: Activer le style Salomé
En: Activate the Salomé style
Ja: サロメ スタイルを有効にします。
Fr_raw: Activer le style Salomé
En_raw: Activate the Salomé style
Ja_raw: サロメ スタイルを有効にします。

Actual value(s)::
Keyword: <u><font size="+1">Valeur(s) actuelle(s)</font></u>
Fr: Valeur réelle (s)
En: Actual value(s)
Ja: 実際の値
Fr_raw: Valeur réelle (s)
En_raw: Actual value(s)
Ja_raw: 実際の値

Add::
Keyword: &Ajouter
Fr: Ajouter(A)
En: Add
Ja: 追加
Fr_raw: Ajouter(&A)
En_raw: &Add
Ja_raw: 追加(&A)
Fr_Option_Text: (&A)
En_Option_Text: (&A)
Ja_Option_Text: (&A)

Add Act::
Keyword: Add Law
Fr: Ajouter loi
En: Add Act
Ja: 追加する行為
Fr_raw: Ajouter loi
En_raw: Add Act
Ja_raw: 追加する行為

Add Group::
Keyword: Add Group
Fr: Ajouter groupe
En: Add Group
Ja: グループを追加します。
Fr_raw: Ajouter groupe
En_raw: Add Group
Ja_raw: グループを追加します。

Add Keyword::
Keyword: Ajouter Mot-Clef
Fr: Ajouter un mot clé
En: Add Keyword
Ja: キーワードを追加します。
Fr_raw: Ajouter un mot clé
En_raw: Add Keyword
Ja_raw: キーワードを追加します。

Add Selection::
Keyword: Ajouter Selection
Fr: Ajouter sélection
En: Add Selection
Ja: 選択範囲を追加します。
Fr_raw: Ajouter sélection
En_raw: Add Selection
Ja_raw: 選択範囲を追加します。

Add Summit::
Keyword: Add Vertex
Fr: Ajouter sommet
En: Add Summit
Ja: サミットを追加します。
Fr_raw: Ajouter sommet
En_raw: Add Summit
Ja_raw: サミットを追加します。

Add a group::
Keyword: Add a group
Fr: Ajouter un groupe
En: Add a group
Ja: グループを追加します。
Fr_raw: Ajouter un groupe
En_raw: Add a group
Ja_raw: グループを追加します。

Add a law::
Keyword: Add a law
Fr: Ajouter une loi
En: Add a law
Ja: 法律を追加します。
Fr_raw: Ajouter une loi
En_raw: Add a law
Ja_raw: 法律を追加します。

Add cylinder::
Keyword: Add Cylinder
Fr: Ajouter cylindre
En: Add cylinder
Ja: シリンダーを追加します。
Fr_raw: Ajouter cylindre
En_raw: Add cylinder
Ja_raw: シリンダーを追加します。

Add edge::
Keyword: Add Edge
Fr: Ajouter arête
En: Add edge
Ja: エッジを追加します。
Fr_raw: Ajouter arête
En_raw: Add edge
Ja_raw: エッジを追加します。

Add enforced vertex::
Keyword: HEXABLOCK_ENF_VER_VERTEX
Fr: Ajoute un sommet forcée
En: Add enforced vertex
Ja: 適用された頂点を追加します。
Fr_raw: Ajoute un sommet forcée
En_raw: Add enforced vertex
Ja_raw: 適用された頂点を追加します。

Add geometry::
Keyword: ADD_SHAPE
Fr: Ajout d'une géométrie
En: Add geometry
Ja: ジオメトリの追加
Fr_raw: Ajout d'une géométrie
En_raw: Add geometry
Ja_raw: ジオメトリの追加

Add geometry failed!::
Keyword: ADD_SHAPE_FAILED
Fr: L'ajout de la géométrie a échoué!
En: Add geometry failed!
Ja: ジオメトリの追加が失敗しました!
Fr_raw: L'ajout de la géométrie a échoué!
En_raw: Add geometry failed!
Ja_raw: ジオメトリの追加が失敗しました!

Add hexahedron::
Keyword: Add Hexahedron
Fr: Ajouter hexaèdre
En: Add hexahedron
Ja: 直方体を追加します。
Fr_raw: Ajouter hexaèdre
En_raw: Add hexahedron
Ja_raw: 直方体を追加します。

Add image::
Keyword: ADD_IMAGE
Fr: Add image
En: Add image
Ja: 画像を追加します。
Fr_raw: Add image
En_raw: Add image
Ja_raw: 画像を追加します。

Add keyword::
Keyword: Ajouter Mot-Clef
Fr: Ajouter un mot clé
En: Add keyword
Ja: キーワードを追加します。
Fr_raw: Ajouter un mot clé
En_raw: Add keyword
Ja_raw: キーワードを追加します。

Add pipe::
Keyword: Add Pipe
Fr: Ajouter tuyau
En: Add pipe
Ja: 配管を追加します
Fr_raw: Ajouter tuyau
En_raw: Add pipe
Ja_raw: 配管を追加します

Add prefix to names of restored sub-shapes::
Keyword: GEOM_RSS_ADD_FREFIX
Fr: Ajouter un préfixe aux noms des sous-objets restaurés
En: Add prefix to names of restored sub-shapes
Ja: 復元されたサブオブジェクトの名前にプレフィックスを追加します。
Fr_raw: Ajouter un préfixe aux noms des sous-objets restaurés
En_raw: Add prefix to names of restored sub-shapes
Ja_raw: 復元されたサブオブジェクトの名前にプレフィックスを追加します。

Add quadrangle::
Keyword: Add Quadrangle
Fr: Ajouter quadrangle
En: Add quadrangle
Ja: 四角形を追加します。
Fr_raw: Ajouter quadrangle
En_raw: Add quadrangle
Ja_raw: 四角形を追加します。

Add vector::
Keyword: Add Vector
Fr: Ajouter vecteur
En: Add vector
Ja: ベクトルを加算します。
Fr_raw: Ajouter vecteur
En_raw: Add vector
Ja_raw: ベクトルを加算します。

Add\nVersion :::
Keyword: Ajouter\nVersion :
Fr: Ajouter la Version :
En: Add\nVersion :
Ja: バージョンを追加します。
Fr_raw: Ajouter la Version :
En_raw: Add\nVersion :
Ja_raw: バージョンを追加します。

Additional colors::
Keyword: Additional colors
Fr: Couleurs supplémentaires
En: Additional colors
Ja: 追加の色
Fr_raw: Couleurs supplémentaires
En_raw: Additional colors
Ja_raw: 追加の色

Advanced::
Keyword: HEXABLOCK_ADV_ARGS
Fr: Avancé
En: Advanced
Ja: 高度な
Fr_raw: Avancé
En_raw: Advanced
Ja_raw: 高度な

Advanced options::
Keyword: GEOM_PUBLISH_RESULT_GRP
Fr: Options avancées
En: Advanced options
Ja: 高度なオプション
Fr_raw: Options avancées
En_raw: Advanced options
Ja_raw: 高度なオプション

Aliased borders::
Keyword: Anti-aliased borders
Fr: Frontières anticrénelées
En: Aliased borders
Ja: Anticrenelees 罫線
Fr_raw: Frontières anticrénelées
En_raw: Aliased borders
Ja_raw: Anticrenelees 罫線

All Files (*.*)::
Keyword: All files (*.*)
Fr: Tous les fichiers (*.*)
En: All Files (*.*)
Ja: すべてのファイル (*. *)
Fr_raw: Tous les fichiers (*.*)
En_raw: All Files (*.*)
Ja_raw: すべてのファイル (*. *)

All Files(*);;JDC Files(*.comm)::
Keyword: Tous les Fichiers (*);;Fichiers JDC  (*.comm);;
Fr: Tous les Files(*) ;JDC Files(*.comm)
En: All Files(*);;JDC Files(*.comm)
Ja: すべての Files(*);日本国土開発 Files(*.comm)
Fr_raw: Tous les Files(*) ;JDC Files(*.comm)
En_raw: All Files(*);;JDC Files(*.comm)
Ja_raw: すべての Files(*);日本国土開発 Files(*.comm)

All files::
Keyword: ALL_FILES_FILTER
Fr: Tous les fichiers
En: All files
Ja: すべてのファイル
Fr_raw: Tous les fichiers
En_raw: All files
Ja_raw: すべてのファイル

All files (*)::
Keyword: Tous les  Fichiers (*)
Fr: Tous les fichiers (*)
En: All files (*)
Ja: すべてのファイル (*)
Fr_raw: Tous les fichiers (*)
En_raw: All files (*)
Ja_raw: すべてのファイル (*)

Allow sorting::
Keyword: Enable sorting
Fr: Autoriser le tri
En: Allow sorting
Ja: ソートを許可します。
Fr_raw: Autoriser le tri
En_raw: Allow sorting
Ja_raw: ソートを許可します。

Alpha Sort::
Keyword: Tri Alpha
Fr: Tri alpha
En: Alpha Sort
Ja: アルファベット順に並べ替える
Fr_raw: Tri alpha
En_raw: Alpha Sort
Ja_raw: アルファベット順に並べ替える

Alt+A::
Keyword: Alt+A
Fr: 
En: Alt+A
Ja: 
Fr_raw: 
En_raw: Alt+A
Ja_raw: 

Alt+D::
Keyword: Alt+S
Fr: Alt D
En: Alt+D
Ja: Alt キー D
Fr_raw: Alt D
En_raw: Alt+D
Ja_raw: Alt キー D

Alt+I::
Keyword: Alt+I
Fr: 
En: Alt+I
Ja: 
Fr_raw: 
En_raw: Alt+I
Ja_raw: 

Alt+P::
Keyword: Alt+P
Fr: 
En: Alt+P
Ja: 
Fr_raw: 
En_raw: Alt+P
Ja_raw: 

Amendment of the law::
Keyword: Law Modification
Fr: Modification de la loi
En: Amendment of the law
Ja: 法の改正
Fr_raw: Modification de la loi
En_raw: Amendment of the law
Ja_raw: 法の改正

Another text in tags::
Keyword: Other text in a tag
Fr: Autre texte dans les balises
En: Another text in tags
Ja: タグの別のテキスト
Fr_raw: Autre texte dans les balises
En_raw: Another text in tags
Ja_raw: タグの別のテキスト

Apply::
Keyword: Apply
Fr: Appliquer
En: Apply
Ja: 適用
Fr_raw: Appliquer
En_raw: Apply
Ja_raw: 適用

Apply and Close::
Keyword: Apply And Close
Fr: Appliquer et Fermer
En: Apply and Close
Ja: 適用して閉じる
Fr_raw: Appliquer et Fermer
En_raw: Apply and Close
Ja_raw: 適用して閉じる

Apply symmetry::
Keyword: Perform Symmetry
Fr: Appliquer symétrie
En: Apply symmetry
Ja: 対称性を適用します。
Fr_raw: Appliquer symétrie
En_raw: Apply symmetry
Ja_raw: 対称性を適用します。

Apply symmetry to an element::
Keyword: Perform symmetry
Fr: Appliquer une symétrie à un élément
En: Apply symmetry to an element
Ja: 対称性の要素に適用します。
Fr_raw: Appliquer une symétrie à un élément
En_raw: Apply symmetry to an element
Ja_raw: 対称性の要素に適用します。

Apply(A)::
Keyword: &Apply
Fr: Appliquer
En: Apply(A)
Ja: 適用
Fr_raw: &Appliquer
En_raw: Apply(&A)
Ja_raw: 適用(&A)
Fr_Option_Text: (&A)
En_Option_Text: (&A)
Ja_Option_Text: (&A)

Apply(p)::
Keyword: &Apply
Fr: Appliquer
En: Apply(p)
Ja: 適用
Fr_raw: A&ppliquer
En_raw: Apply(&p)
Ja_raw: 適用(&p)
Fr_Option_Text: (&p)
En_Option_Text: (&p)
Ja_Option_Text: (&p)

Assets::
Keyword: Active
Fr: Actif
En: Assets
Ja: 資産
Fr_raw: Actif
En_raw: Assets
Ja_raw: 資産

Assignment::
Keyword: Assignment
Fr: Affectation
En: Assignment
Ja: 割り当て
Fr_raw: Affectation
En_raw: Assignment
Ja_raw: 割り当て

Associate edges::
Keyword: Make Edge Association
Fr: Associer arêtes
En: Associate edges
Ja: エッジを関連付ける
Fr_raw: Associer arêtes
En_raw: Associate edges
Ja_raw: エッジを関連付ける

Associate of quadrangles::
Keyword: Make quad association
Fr: Associer des quadrangles
En: Associate of quadrangles
Ja: 四角形の准
Fr_raw: Associer des quadrangles
En_raw: Associate of quadrangles
Ja_raw: 四角形の准

Associate quadrangles::
Keyword: Make Quad Association
Fr: Associer quadrangles
En: Associate quadrangles
Ja: 四角形を関連付ける
Fr_raw: Associer quadrangles
En_raw: Associate quadrangles
Ja_raw: 四角形を関連付ける

Associate summits::
Keyword: Vertex Association
Fr: Associer sommets
En: Associate summits
Ja: サミットを関連付ける
Fr_raw: Associer sommets
En_raw: Associate summits
Ja_raw: サミットを関連付ける

Association the sight of a line::
Keyword: Scroll view down one line
Fr: Decendre la vue d'une ligne
En: Association the sight of a line
Ja: ライン視力協会
Fr_raw: Decendre la vue d'une ligne
En_raw: Association the sight of a line
Ja_raw: ライン視力協会

Aster Directory :::
Keyword: Répertoire d'installation de  code_Aster :
Fr: Répertoire de l'aster :
En: Aster Directory :
Ja: Aster ディレクトリ:
Fr_raw: Répertoire de l'aster :
En_raw: Aster Directory :
Ja_raw: Aster ディレクトリ:

Aster Options::
Keyword: Options Aster
Fr: Options de l'aster
En: Aster Options
Ja: Aster オプション
Fr_raw: Options de l'aster
En_raw: Aster Options
Ja_raw: Aster オプション

Attribute::
Keyword: Attribute
Fr: Attribut
En: Attribute
Ja: 属性
Fr_raw: Attribut
En_raw: Attribute
Ja_raw: 属性

Authorize invalid elements::
Keyword: Hexotic_INVALID_ELEMENTS
Fr: Autoriser des éléments invalides
En: Authorize invalid elements
Ja: 無効な要素を許可します。
Fr_raw: Autoriser des éléments invalides
En_raw: Authorize invalid elements
Ja_raw: 無効な要素を許可します。

Automatically activate the components::
Keyword: Auto raise widgets
Fr: Activer les composants automatiquement
En: Automatically activate the components
Ja: コンポーネントが自動的に有効にします。
Fr_raw: Activer les composants automatiquement
En_raw: Automatically activate the components
Ja_raw: コンポーネントが自動的に有効にします。

BAlpha::
Keyword: BAlpha
Fr: 
En: BAlpha
Ja: 
Fr_raw: 
En_raw: BAlpha
Ja_raw: 

Back::
Keyword: Back
Fr: 
En: Back
Ja: 
Fr_raw: 
En_raw: Back
Ja_raw: 

Back view of a line::
Keyword: Scroll view up one line
Fr: Remonter la vue d'une ligne
En: Back view of a line
Ja: 行の背面図
Fr_raw: Remonter la vue d'une ligne
En_raw: Back view of a line
Ja_raw: 行の背面図

Bad directive::
Keyword: Bad directive
Fr: Mauvaise directive
En: Bad directive
Ja: 悪いディレクティブ
Fr_raw: Mauvaise directive
En_raw: Bad directive
Ja_raw: 悪いディレクティブ

Base ToolTip::
Keyword: Tooltip base
Fr: Base d'infobulle
En: Base ToolTip
Ja: 基本のヒント
Fr_raw: Base d'infobulle
En_raw: Base ToolTip
Ja_raw: 基本のヒント

Base alternative::
Keyword: Alternate base
Fr: Base alternative
En: Base alternative
Ja: 代替の基本
Fr_raw: Base alternative
En_raw: Base alternative
Ja_raw: 代替の基本

Basic colors::
Keyword: Base colors
Fr: Couleurs de base
En: Basic colors
Ja: 基本的な色
Fr_raw: Couleurs de base
En_raw: Basic colors
Ja_raw: 基本的な色

Basic functions::
Keyword: Basic functions
Fr: Fonctions de base
En: Basic functions
Ja: 基本的な機能
Fr_raw: Fonctions de base
En_raw: Basic functions
Ja_raw: 基本的な機能

Beginning::
Keyword: Début 
Fr: Début
En: Beginning
Ja: 初め
Fr_raw: Début
En_raw: Beginning
Ja_raw: 初め

Block default SGML::
Keyword: SGML block default
Fr: Block SGML par défaut
En: Block default SGML
Ja: 既定の SGML をブロックします。
Fr_raw: Block SGML par défaut
En_raw: Block default SGML
Ja_raw: 既定の SGML をブロックします。

Block of comments::
Keyword: Comment block
Fr: Block de commentaires
En: Block of comments
Ja: コメントのブロック
Fr_raw: Block de commentaires
En_raw: Block of comments
Ja_raw: コメントのブロック

Border of the tab below::
Keyword: Tab border bottom
Fr: Frontière de dessous de l'onglet
En: Border of the tab below
Ja: タブを下の枠線
Fr_raw: Frontière de dessous de l'onglet
En_raw: Border of the tab below
Ja_raw: タブを下の枠線

Bottom border::
Keyword: Border bottom
Fr: Frontière de dessous
En: Bottom border
Ja: 下罫線
Fr_raw: Frontière de dessous
En_raw: Bottom border
Ja_raw: 下罫線

Bring forward::
Keyword: BRING_FORWARD
Fr: Bring forward
En: Bring forward
Ja: 前面へ移動
Fr_raw: Bring forward
En_raw: Bring forward
Ja_raw: 前面へ移動

Bring to front::
Keyword: BRING_TO_FRONT
Fr: Bring to front
En: Bring to front
Ja: 最前面へ移動
Fr_raw: Bring to front
En_raw: Bring to front
Ja_raw: 最前面へ移動

Browse...::
Keyword: Browse...
Fr: Parcourir...
En: Browse...
Ja: 参照.
Fr_raw: Parcourir...
En_raw: Browse...
Ja_raw: 参照.

Button::
Keyword: Button
Fr: Bouton
En: Button
Ja: ボタン
Fr_raw: Bouton
En_raw: Button
Ja_raw: ボタン

Button text::
Keyword: Button text
Fr: Texte du bouton
En: Button text
Ja: ボタンのテキスト
Fr_raw: Texte du bouton
En_raw: Button text
Ja_raw: ボタンのテキスト

Buttons::
Keyword: Buttons
Fr: Boutons
En: Buttons
Ja: ボタン
Fr_raw: Boutons
En_raw: Buttons
Ja_raw: ボタン

By default::
Keyword: Default
Fr: Par défaut
En: By default
Ja: 既定では
Fr_raw: Par défaut
En_raw: By default
Ja_raw: 既定では

COPYRIGHT (C) 2007 EDF RD::
Keyword: ABOUT_COPYRIGHT
Fr: COPYRIGHT (C) 2007 EDF RD(D)
En: COPYRIGHT (C) 2007 EDF RD
Ja: 著作権 (C) 2007年-2012 ECA/CASCADE\n\nCopyright (C) 2003年-2007年オープン カスケード、イーズ/JRC、LIP6、\nCEA/DEN を開くデン、EDF RD、シトロン、EDF R
Fr_raw: COPYRIGHT (C) 2007 EDF RD(&D)
En_raw: COPYRIGHT (C) 2007 EDF R&D
Ja_raw: 著作権 (C) 2007年-2012 ECA/CASCADE\n\nCopyright (C) 2003年-2007年オープン カスケード、イーズ/JRC、LIP6、\nCEA/DEN を開くデン、EDF RD、シトロン、EDF R(&D)
Fr_Option_Text: (&D)
En_Option_Text: (&D)
Ja_Option_Text: (&D)

CSS1 property::
Keyword: CSS1 property
Fr: Propriété CSS1
En: CSS1 property
Ja: CSS1 プロパティ
Fr_raw: Propriété CSS1
En_raw: CSS1 property
Ja_raw: CSS1 プロパティ

CSS2 property::
Keyword: CSS2 property
Fr: Propriété CSS2
En: CSS2 property
Ja: CSS2 のプロパティ
Fr_raw: Propriété CSS2
En_raw: CSS2 property
Ja_raw: CSS2 のプロパティ

CSS2 property {3?}::
Keyword: CSS3 property
Fr: Propriété CSS2 {3 ?}
En: CSS2 property {3?}
Ja: CSS2 のプロパティ {3?}
Fr_raw: Propriété CSS2 {3 ?}
En_raw: CSS2 property {3?}
Ja_raw: CSS2 のプロパティ {3?}

Calculate::
Keyword: Compute mesh
Fr: Calculer
En: Calculate
Ja: 計算します。
Fr_raw: Calculer
En_raw: Calculate
Ja_raw: 計算します。

Cancel::
Keyword: &Abandonner
Fr: Annuler(C)
En: Cancel
Ja: キャンセル
Fr_raw: Annuler(&C)
En_raw: &Cancel
Ja_raw: キャンセル(&C)
Fr_Option_Text: (&C)
En_Option_Text: (&C)
Ja_Option_Text: (&C)

Cancel(A)::
Keyword: &Cancel
Fr: Annuler
En: Cancel(A)
Ja: キャンセル
Fr_raw: &Annuler
En_raw: Cancel(&A)
Ja_raw: キャンセル(&A)
Fr_Option_Text: (&A)
En_Option_Text: (&A)
Ja_Option_Text: (&A)

Cannot add cylinder::
Keyword: CANNOT ADD CYLINDER
Fr: Impossible d'ajouter le cylindre
En: Cannot add cylinder
Ja: シリンダーを追加できません。
Fr_raw: Impossible d'ajouter le cylindre
En_raw: Cannot add cylinder
Ja_raw: シリンダーを追加できません。

Cannot add group::
Keyword: CANNOT ADD GROUP
Fr: Impossible d'ajouter le groupe
En: Cannot add group
Ja: グループを追加できません。
Fr_raw: Impossible d'ajouter le groupe
En_raw: Cannot add group
Ja_raw: グループを追加できません。

Cannot add law::
Keyword: CANNOT ADD LAW
Fr: Impossible d'ajouter la loi
En: Cannot add law
Ja: 行為を追加することはできません。
Fr_raw: Impossible d'ajouter la loi
En_raw: Cannot add law
Ja_raw: 行為を追加することはできません。

Cannot add pipe::
Keyword: CANNOT ADD PIPE
Fr: Impossible d'ajouter le tuyau
En: Cannot add pipe
Ja: パイプを追加することはできません。
Fr_raw: Impossible d'ajouter le tuyau
En_raw: Cannot add pipe
Ja_raw: パイプを追加することはできません。

Cannot build edge::
Keyword: CANNOT BUILD EDGE
Fr: Impossible de construire l'arête
En: Cannot build edge
Ja: 端をビルドできません。
Fr_raw: Impossible de construire l'arête
En_raw: Cannot build edge
Ja_raw: 端をビルドできません。

Cannot build hexahedra::
Keyword: CANNOT BUILD HEXA
Fr: Impossible de construire l'hexaèdre
En: Cannot build hexahedra
Ja: 六面体をビルドできません。
Fr_raw: Impossible de construire l'hexaèdre
En_raw: Cannot build hexahedra
Ja_raw: 六面体をビルドできません。

Cannot build quadrangle::
Keyword: CANNOT BUILD QUAD
Fr: Impossible de construire le quadrangle
En: Cannot build quadrangle
Ja: 四角形をビルドできません。
Fr_raw: Impossible de construire le quadrangle
En_raw: Cannot build quadrangle
Ja_raw: 四角形をビルドできません。

Cannot build vector::
Keyword: CANNOT BUILD VECTOR
Fr: Impossible de créer le vecteur
En: Cannot build vector
Ja: ベクトルを作成することはできません。
Fr_raw: Impossible de créer le vecteur
En_raw: Cannot build vector
Ja_raw: ベクトルを作成することはできません。

Cannot cut edge::
Keyword: CANNOT CUT EDGE
Fr: Impossible de couper l'arête
En: Cannot cut edge
Ja: エッジをカットすることはできません。
Fr_raw: Impossible de couper l'arête
En_raw: Cannot cut edge
Ja_raw: エッジをカットすることはできません。

Cannot disconnect::
Keyword: CANNOT DISCONNECT
Fr: Impossible de déconnecter
En: Cannot disconnect
Ja: 接続を切断できません。
Fr_raw: Impossible de déconnecter
En_raw: Cannot disconnect
Ja_raw: 接続を切断できません。

Cannot extrude quadrangle(s)::
Keyword: CANNOT PRISM QUAD(S)
Fr: Impossible d'extruder le(s) quadrangle(s)
En: Cannot extrude quadrangle(s)
Ja: 四角形 （s） を押し出すことができません。
Fr_raw: Impossible d'extruder le(s) quadrangle(s)
En_raw: Cannot extrude quadrangle(s)
Ja_raw: 四角形 （s） を押し出すことができません。

Cannot join quadrangle(s)::
Keyword: CANNOT JOIN QUAD(S)
Fr: Impossible de joindre les quadrangles
En: Cannot join quadrangle(s)
Ja: 四角形の上側を添付することはできません。
Fr_raw: Impossible de joindre les quadrangles
En_raw: Cannot join quadrangle(s)
Ja_raw: 四角形の上側を添付することはできません。

Cannot make cylinder::
Keyword: CANNOT MAKE CYLINDER
Fr: Impossible de créer le cylindre
En: Cannot make cylinder
Ja: シリンダーを作成できません。
Fr_raw: Impossible de créer le cylindre
En_raw: Cannot make cylinder
Ja_raw: シリンダーを作成できません。

Cannot make cylinders::
Keyword: CANNOT MAKE CYLINDERS
Fr: Impossible de créer les cylindres
En: Cannot make cylinders
Ja: シリンダーを作成できません。
Fr_raw: Impossible de créer les cylindres
En_raw: Cannot make cylinders
Ja_raw: シリンダーを作成できません。

Cannot make edge association::
Keyword: CANNOT MAKE EDGE ASSOCIATION
Fr: Impossible d'associer les arêtes
En: Cannot make edge association
Ja: エッジを関連付けることができません。
Fr_raw: Impossible d'associer les arêtes
En_raw: Cannot make edge association
Ja_raw: エッジを関連付けることができません。

Cannot make grid::
Keyword: CANNOT MAKE GRID
Fr: Impossible de créer la grille
En: Cannot make grid
Ja: グリッドを作成することができません。
Fr_raw: Impossible de créer la grille
En_raw: Cannot make grid
Ja_raw: グリッドを作成することができません。

Cannot make hemisphere::
Keyword: CANNOT MAKE RIND
Fr: Impossible de créer l'hémisphère
En: Cannot make hemisphere
Ja: 半球を作成できません。
Fr_raw: Impossible de créer l'hémisphère
En_raw: Cannot make hemisphere
Ja_raw: 半球を作成できません。

Cannot make pipe::
Keyword: CANNOT MAKE PIPE
Fr: Impossible de créer le tuyau
En: Cannot make pipe
Ja: パイプを作成できません。
Fr_raw: Impossible de créer le tuyau
En_raw: Cannot make pipe
Ja_raw: パイプを作成できません。

Cannot make pipes::
Keyword: CANNOT MAKE PIPES
Fr: Impossible de créer les tuyaux
En: Cannot make pipes
Ja: パイプを作成できません。
Fr_raw: Impossible de créer les tuyaux
En_raw: Cannot make pipes
Ja_raw: パイプを作成できません。

Cannot make quad association::
Keyword: CANNOT MAKE QUAD ASSOCIATION
Fr: Impossible d'associer les faces
En: Cannot make quad association
Ja: 顔を関連付けることはできません。
Fr_raw: Impossible d'associer les faces
En_raw: Cannot make quad association
Ja_raw: 顔を関連付けることはできません。

Cannot make revolution::
Keyword: CANNOT MAKE QUAD REVOLUTION
Fr: Impossible d'effectuer la révolution
En: Cannot make revolution
Ja: 革命を実行できません。
Fr_raw: Impossible d'effectuer la révolution
En_raw: Cannot make revolution
Ja_raw: 革命を実行できません。

Cannot make symmetry::
Keyword: CANNOT MAKE TRANSFORMATION
Fr: Impossible de réaliser la symétrie
En: Cannot make symmetry
Ja: 対称性を達成することは不可能
Fr_raw: Impossible de réaliser la symétrie
En_raw: Cannot make symmetry
Ja_raw: 対称性を達成することは不可能

Cannot make transformation::
Keyword: CANNOT MAKE TRANSFORMATION
Fr: Impossible de réaliser la transformation
En: Cannot make transformation
Ja: 対称性を達成することは不可能
Fr_raw: Impossible de réaliser la transformation
En_raw: Cannot make transformation
Ja_raw: 対称性を達成することは不可能

Cannot make vertex association::
Keyword: CANNOT MAKE VERTEX ASSOCIATION
Fr: Impossible d'associer les sommets
En: Cannot make vertex association
Ja: サミットを関連付けることができません。
Fr_raw: Impossible d'associer les sommets
En_raw: Cannot make vertex association
Ja_raw: サミットを関連付けることができません。

Cannot merge::
Keyword: CANNOT MERGE
Fr: Impossible de fusionner
En: Cannot merge
Ja: マージすることはできません。
Fr_raw: Impossible de fusionner
En_raw: Cannot merge
Ja_raw: マージすることはできません。

Cannot perform symmetry::
Keyword: CANNOT PERFORM SYMMETRY
Fr: Impossible de réaliser la symétrie
En: Cannot perform symmetry
Ja: 対称性を達成することは不可能
Fr_raw: Impossible de réaliser la symétrie
En_raw: Cannot perform symmetry
Ja_raw: 対称性を達成することは不可能

Cannot perform transformation::
Keyword: CANNOT PERFORM TRANSFORMATION
Fr: Impossible de réaliser la transformation
En: Cannot perform transformation
Ja: 対称性を達成することは不可能
Fr_raw: Impossible de réaliser la transformation
En_raw: Cannot perform transformation
Ja_raw: 対称性を達成することは不可能

Cannot remove %1::
Keyword: CANNOT REMOVE %1
Fr: Impossible de supprimer %1
En: Cannot remove %1
Ja: %1 を削除できませんでした。
Fr_raw: Impossible de supprimer %1
En_raw: Cannot remove %1
Ja_raw: %1 を削除できませんでした。

Cannot remove group::
Keyword: CANNOT REMOVE GROUP
Fr: Impossible de supprimer le groupe
En: Cannot remove group
Ja: グループを削除することはできません。
Fr_raw: Impossible de supprimer le groupe
En_raw: Cannot remove group
Ja_raw: グループを削除することはできません。

Cannot remove hexahedra::
Keyword: CANNOT REMOVE HEXA
Fr: Impossible de supprimer l'hexaèdre
En: Cannot remove hexahedra
Ja: 六面体を削除できません。
Fr_raw: Impossible de supprimer l'hexaèdre
En_raw: Cannot remove hexahedra
Ja_raw: 六面体を削除できません。

Cannot remove law::
Keyword: CANNOT REMOVE LAW
Fr: Impossible de supprimer la loi
En: Cannot remove law
Ja: 行為を削除できません。
Fr_raw: Impossible de supprimer la loi
En_raw: Cannot remove law
Ja_raw: 行為を削除できません。

Cannot replace hexahedra::
Keyword: CANNOT REPLACE HEXA
Fr: Impossible de remplacer l'hexaèdre
En: Cannot replace hexahedra
Ja: 六面体を置き換えることができません。
Fr_raw: Impossible de remplacer l'hexaèdre
En_raw: Cannot replace hexahedra
Ja_raw: 六面体を置き換えることができません。

Cannot set propagation::
Keyword: CANNOT SET PROPAGATION
Fr: Impossible d'appliquer la propagation
En: Cannot set propagation
Ja: 普及を適用できません。
Fr_raw: Impossible d'appliquer la propagation
En_raw: Cannot set propagation
Ja_raw: 普及を適用できません。

Case sensitive::
Keyword: Case sensitive
Fr: Sensible à la casse
En: Case sensitive
Ja: 大文字小文字を区別
Fr_raw: Sensible à la casse
En_raw: Case sensitive
Ja_raw: 大文字小文字を区別

Catalog Directory :::
Keyword: Répertoire d'accès au catalogue :
Fr: Répertoire du catalogue :
En: Catalog Directory :
Ja: カタログ ディレクトリ:
Fr_raw: Répertoire du catalogue :
En_raw: Catalog Directory :
Ja_raw: カタログ ディレクトリ:

Catalog File::
Keyword: Fichier Catalogue 
Fr: Fichier catalogue
En: Catalog File
Ja: カタログ ファイル
Fr_raw: Fichier catalogue
En_raw: Catalog File
Ja_raw: カタログ ファイル

Catalog File (complete path):::
Keyword: Fichier catalogue (chemin complet) :
Fr: Fichier de catalogue (chemin complet) :
En: Catalog File (complete path):
Ja: カタログ ファイル (完全なパス):
Fr_raw: Fichier de catalogue (chemin complet) :
En_raw: Catalog File (complete path):
Ja_raw: カタログ ファイル (完全なパス):

Cavities ignored::
Keyword: Hexotic_SD_MODE_2
Fr: Cavités ignorées
En: Cavities ignored
Ja: 虫歯は無視
Fr_raw: Cavités ignorées
En_raw: Cavities ignored
Ja_raw: 虫歯は無視

Cavities meshed::
Keyword: Hexotic_SD_MODE_3
Fr: Cavités maillées
En: Cavities meshed
Ja: 空洞メッシュ
Fr_raw: Cavités maillées
En_raw: Cavities meshed
Ja_raw: 空洞メッシュ

Central component::
Keyword: Widget center
Fr: Composant central
En: Central component
Ja: 中央コンポーネント
Fr_raw: Composant central
En_raw: Central component
Ja_raw: 中央コンポーネント

Centre::
Keyword: Center
Fr: Centre
En: Centre
Ja: センター
Fr_raw: Centre
En_raw: Centre
Ja_raw: センター

Chaine quotée (qw)::
Keyword: Quoted string (qw)
Fr: Chaine quotée (qw)
En: Chaine quotée (qw)
Ja: 始めたり quotée （井戸）
Fr_raw: Chaine quotée (qw)
En_raw: Chaine quotée (qw)
Ja_raw: 始めたり quotée （井戸）

Chaine quotée (qx)::
Keyword: Quoted string (qx)
Fr: Chaine quotée (qx)
En: Chaine quotée (qx)
Ja: 始めたり quotée (qx)
Fr_raw: Chaine quotée (qx)
En_raw: Chaine quotée (qx)
Ja_raw: 始めたり quotée (qx)

Change background...::
Keyword: CHANGE_BGCOLOR
Fr: Changer l'arrière-plan...
En: Change background...
Ja: 背景を変更する.
Fr_raw: Changer l'arrière-plan...
En_raw: Change background...
Ja_raw: 背景を変更する.

Change the background::
Keyword: Change background
Fr: Modifier l'arrière plan
En: Change the background
Ja: 背景を変更します。
Fr_raw: Modifier l'arrière plan
En_raw: Change the background
Ja_raw: 背景を変更します。

Character::
Keyword: Character
Fr: Caractère
En: Character
Ja: 文字
Fr_raw: Caractère
En_raw: Character
Ja_raw: 文字

Character string::
Keyword: String
Fr: Chaîne de caractères
En: Character string
Ja: 文字の文字列
Fr_raw: Chaîne de caractères
En_raw: Character string
Ja_raw: 文字の文字列

Characters::
Keyword: Font
Fr: Caractères
En: Characters
Ja: 文字
Fr_raw: Caractères
En_raw: Characters
Ja_raw: 文字

Checked::
Keyword: Checked
Fr: Coché
En: Checked
Ja: チェックしています。
Fr_raw: Coché
En_raw: Checked
Ja_raw: チェックしています。

Choice for unit %d::
Keyword: Choix unite %d 
Fr: Choix d'unité %d
En: Choice for unit %d
Ja: ユニット %d のための選択
Fr_raw: Choix d'unité %d
En_raw: Choice for unit %d
Ja_raw: ユニット %d のための選択

Choice of XML file::
Keyword: Choix d'un fichier XML
Fr: Choix du fichier XML
En: Choice of XML file
Ja: XML ファイルの選択
Fr_raw: Choix du fichier XML
En_raw: Choice of XML file
Ja_raw: XML ファイルの選択

Choose a code::
Keyword: Veuillez d abord choisir un code
Fr: Choisissez un code
En: Choose a code
Ja: コードを選択します。
Fr_raw: Choisissez un code
En_raw: Choose a code
Ja_raw: コードを選択します。

Choose a version for ::
Keyword: Choix d une version du code 
Fr: Choisissez une version pour
En: Choose a version for 
Ja: バージョンを選択します。
Fr_raw: Choisissez une version pour
En_raw: Choose a version for 
Ja_raw: バージョンを選択します。

Choose a version for code Aster::
Keyword: Choix d'une version du code Aster
Fr: Choisissez une version Code Aster
En: Choose a version for code Aster
Ja: アスターのコードのバージョンを選択します。
Fr_raw: Choisissez une version Code Aster
En_raw: Choose a version for code Aster
Ja_raw: アスターのコードのバージョンを選択します。

Choose file corresponding to unit ::
Keyword: Donnez le nom du fichier correspondant a l unite logique 
Fr: Choisissez le fichier correspondant à l'unité
En: Choose file corresponding to unit 
Ja: ユニットに対応するファイルを選択します
Fr_raw: Choisissez le fichier correspondant à l'unité
En_raw: Choose file corresponding to unit 
Ja_raw: ユニットに対応するファイルを選択します

Choose poursuite file::
Keyword: Choix d'un fichier de poursuite
Fr: Choose poursuite file
En: Choose poursuite file
Ja: 連結ファイルを選択します
Fr_raw: Choose poursuite file
En_raw: Choose poursuite file
Ja_raw: 連結ファイルを選択します

Choose the image::
Keyword: Select Picture
Fr: Choisir l'image
En: Choose the image
Ja: 画像を選択します。
Fr_raw: Choisir l'image
En_raw: Choose the image
Ja_raw: 画像を選択します。

Clair::
Keyword: Light
Fr: Clair
En: Clair
Ja: セントクレア
Fr_raw: Clair
En_raw: Clair
Ja_raw: セントクレア

Class::
Keyword: Class selector
Fr: Classe
En: Class
Ja: クラス
Fr_raw: Classe
En_raw: Class
Ja_raw: クラス

Clear all associations on::
Keyword: CLEAR_ALL_ASSOCIATIONS_ON
Fr: Supprimer toutes les associations sur les
En: Clear all associations on
Ja: すべての関連付けを削除するのには
Fr_raw: Supprimer toutes les associations sur les
En_raw: Clear all associations on
Ja_raw: すべての関連付けを削除するのには

Clear associations::
Keyword: CLEAR_ASSOCIATIONS
Fr: Suppression des associations
En: Clear associations
Ja: 関連付けの削除
Fr_raw: Suppression des associations
En_raw: Clear associations
Ja_raw: 関連付けの削除

Clear field::
Keyword: Field light
Fr: Champ clair
En: Clear field
Ja: クリア フィールド
Fr_raw: Champ clair
En_raw: Clear field
Ja_raw: クリア フィールド

Close::
Keyword: Close
Fr: Fermer
En: Close
Ja: 閉じる
Fr_raw: Fermer
En_raw: Close
Ja_raw: 閉じる

Close all::
Keyword: Fermer tout
Fr: Tout fermer
En: Close all
Ja: すべて閉じる
Fr_raw: Tout fermer
En_raw: Close all
Ja_raw: すべて閉じる

Close the remaining views::
Keyword: Close remaining views
Fr: Fermer les vues restantes
En: Close the remaining views
Ja: 残りのビューを閉じる
Fr_raw: Fermer les vues restantes
En_raw: Close the remaining views
Ja_raw: 残りのビューを閉じる

Close(F)::
Keyword: &Close
Fr: Fermer
En: Close(F)
Ja: 閉じる
Fr_raw: &Fermer
En_raw: Close(&F)
Ja_raw: 閉じる(&F)
Fr_Option_Text: (&F)
En_Option_Text: (&F)
Ja_Option_Text: (&F)

Closing tag::
Keyword: End of a tag
Fr: Balise fermante
En: Closing tag
Ja: 終了タグ
Fr_raw: Balise fermante
En_raw: Closing tag
Ja_raw: 終了タグ

Cloud of points::
Keyword: TREE_ITEM_CLOUD_OF_POINT
Fr: Nuage de points
En: Cloud of points
Ja: ポイント雲
Fr_raw: Nuage de points
En_raw: Cloud of points
Ja_raw: ポイント雲

Code's Choice::
Keyword: Choix du code
Fr: Choix du code
En: Code's Choice
Ja: コードの選択
Fr_raw: Choix du code
En_raw: Code's Choice
Ja_raw: コードの選択

Color scale::
Keyword: Color scale
Fr: Echelle de couleurs
En: Color scale
Ja: カラー スケール
Fr_raw: Echelle de couleurs
En_raw: Color scale
Ja_raw: カラー スケール

Colors::
Keyword: Colors
Fr: Couleurs
En: Colors
Ja: 色
Fr_raw: Couleurs
En_raw: Colors
Ja_raw: 色

Command::
Keyword: Commande                   
Fr: Commande
En: Command
Ja: コマンド
Fr_raw: Commande
En_raw: Command
Ja_raw: コマンド

Commande SGML::
Keyword: SGML command
Fr: Commande SGML
En: Commande SGML
Ja: Commande SGML
Fr_raw: Commande SGML
En_raw: Commande SGML
Ja_raw: Commande SGML

Comment::
Keyword: Commentaire
Fr: Commentaires
En: Comment
Ja: コメント
Fr_raw: Commentaires
En_raw: Comment
Ja_raw: コメント

Comment C::
Keyword: C comment
Fr: Commentaire C
En: Comment C
Ja: C のコメント
Fr_raw: Commentaire C
En_raw: Comment C
Ja_raw: C のコメント

Comment JavaScript::
Keyword: JavaScript comment
Fr: Commentaire JavaScript
En: Comment JavaScript
Ja: コメント java スクリプトの設定
Fr_raw: Commentaire JavaScript
En_raw: Comment JavaScript
Ja_raw: コメント java スクリプトの設定

Comment JavaScript ASP::
Keyword: ASP JavaScript comment
Fr: Commentaire JavaScript ASP
En: Comment JavaScript ASP
Ja: コメント JavaScript ASP
Fr_raw: Commentaire JavaScript ASP
En_raw: Comment JavaScript ASP
Ja_raw: コメント JavaScript ASP

Comment JavaScript ASP style JavaDoc::
Keyword: JavaDoc style ASP JavaScript comment
Fr: Commentaire JavaScript ASP de style JavaDoc
En: Comment JavaScript ASP style JavaDoc
Ja: コメント JavaScript ASP スタイル JavaDoc
Fr_raw: Commentaire JavaScript ASP de style JavaDoc
En_raw: Comment JavaScript ASP style JavaDoc
Ja_raw: コメント JavaScript ASP スタイル JavaDoc

Comment JavaScript style JavaDoc::
Keyword: JavaDoc style JavaScript comment
Fr: Commentaire JavaScript de style JavaDoc
En: Comment JavaScript style JavaDoc
Ja: コメント JavaScript スタイル JavaDoc
Fr_raw: Commentaire JavaScript de style JavaDoc
En_raw: Comment JavaScript style JavaDoc
Ja_raw: コメント JavaScript スタイル JavaDoc

Comment PHP::
Keyword: PHP comment
Fr: Commentaire PHP
En: Comment PHP
Ja: PHP のコメント
Fr_raw: Commentaire PHP
En_raw: Comment PHP
Ja_raw: PHP のコメント

Comment Python::
Keyword: Python comment
Fr: Commentaire Python
En: Comment Python
Ja: コメント Python
Fr_raw: Commentaire Python
En_raw: Comment Python
Ja_raw: コメント Python

Comment Python ASP::
Keyword: ASP Python comment
Fr: Commentaire Python ASP
En: Comment Python ASP
Ja: コメント Python ASP
Fr_raw: Commentaire Python ASP
En_raw: Comment Python ASP
Ja_raw: コメント Python ASP

Comment SQL * more::
Keyword: SQL*Plus comment
Fr: Commentaire SQL*Plus
En: Comment SQL * more
Ja: コメント SQL * 詳細
Fr_raw: Commentaire SQL*Plus
En_raw: Comment SQL * more
Ja_raw: コメント SQL * 詳細

Comment VBScript::
Keyword: VBScript comment
Fr: Commentaire VBScript
En: Comment VBScript
Ja: コメント VBScript
Fr_raw: Commentaire VBScript
En_raw: Comment VBScript
Ja_raw: コメント VBScript

Comment X-Code ASP::
Keyword: ASP X-Code comment
Fr: Commentaire X-Code ASP
En: Comment X-Code ASP
Ja: コメント X コード ASP
Fr_raw: Commentaire X-Code ASP
En_raw: Comment X-Code ASP
Ja_raw: コメント X コード ASP

Comment by line::
Keyword: Line comment
Fr: Commentaire de ligne
En: Comment by line
Ja: 行をコメントします。
Fr_raw: Commentaire de ligne
En_raw: Comment by line
Ja_raw: 行をコメントします。

Comment style JavaDoc::
Keyword: JavaDoc style comment
Fr: Commentaire style JavaDoc
En: Comment style JavaDoc
Ja: JavaDoc コメント スタイル
Fr_raw: Commentaire style JavaDoc
En_raw: Comment style JavaDoc
Ja_raw: JavaDoc コメント スタイル

Commentaire VBScript ASP::
Keyword: ASP VBScript comment
Fr: Commentaire VBScript ASP
En: Commentaire VBScript ASP
Ja: コメントはまだありません VBScript ASP
Fr_raw: Commentaire VBScript ASP
En_raw: Commentaire VBScript ASP
Ja_raw: コメントはまだありません VBScript ASP

Component of border::
Keyword: Widget border
Fr: Composant de frontière
En: Component of border
Ja: コンポーネントの境界線
Fr_raw: Composant de frontière
En_raw: Component of border
Ja_raw: コンポーネントの境界線

Concept::
Keyword: Concept
Fr: 
En: Concept
Ja: 
Fr_raw: 
En_raw: Concept
Ja_raw: 

Concept Name::
Keyword: Nommer Concept
Fr: Nom de concept
En: Concept Name
Ja: 概念名
Fr_raw: Nom de concept
En_raw: Concept Name
Ja_raw: 概念名

Concept named::
Keyword: Nommage du concept effectue
Fr: Concept nommé
En: Concept named
Ja: という概念
Fr_raw: Concept nommé
En_raw: Concept named
Ja_raw: という概念

Concept's Name::
Keyword: <u>Nom du concept :</u>
Fr: Nom du concept
En: Concept's Name
Ja: 概念の名前
Fr_raw: Nom du concept
En_raw: Concept's Name
Ja_raw: 概念の名前

Concept's Type::
Keyword: <u>Type du concept :</u>
Fr: Type du concept
En: Concept's Type
Ja: 概念の種類
Fr_raw: Type du concept
En_raw: Concept's Type
Ja_raw: 概念の種類

Concept's name %s is already existing::
Keyword: Nom de concept deja defini : %s
Fr: Nom du concept %s est déjà existant
En: Concept's name %s is already existing
Ja: 概念の名前 %s が既に存在します。
Fr_raw: Nom du concept %s est déjà existant
En_raw: Concept's name %s is already existing
Ja_raw: 概念の名前 %s が既に存在します。

Concept's name %s is already existing!::
Keyword: Un concept de nom %s existe déjà !
Fr: Nom du concept %s existe déjà !
En: Concept's name %s is already existing!
Ja: 概念の名前 %s が既に存在する ！
Fr_raw: Nom du concept %s existe déjà !
En_raw: Concept's name %s is already existing!
Ja_raw: 概念の名前 %s が既に存在する ！

Concept's type::
Keyword: TypeDuConcept
Fr: Type du concept
En: Concept's type
Ja: 概念の種類
Fr_raw: Type du concept
En_raw: Concept's type
Ja_raw: 概念の種類

Concept/Value::
Keyword: Concept/Valeur           
Fr: Valeur/concept
En: Concept/Value
Ja: コンセプト/値
Fr_raw: Valeur/concept
En_raw: Concept/Value
Ja_raw: コンセプト/値

Continue searching::
Keyword: Wrap search
Fr: Continuer la recherche
En: Continue searching
Ja: 検索を続ける
Fr_raw: Continuer la recherche
En_raw: Continue searching
Ja_raw: 検索を続ける

Conversion of the current line to lowercase::
Keyword: Convert selection to lower case
Fr: Conversion de la ligne courante en minuscules
En: Conversion of the current line to lowercase
Ja: 現在の行の小文字への変換
Fr_raw: Conversion de la ligne courante en minuscules
En_raw: Conversion of the current line to lowercase
Ja_raw: 現在の行の小文字への変換

Copy::
Keyword: Copier
Fr: Copie
En: Copy
Ja: コピー
Fr_raw: Copie
En_raw: Copy
Ja_raw: コピー

Copy rejected : bad object type::
Keyword: Copie refusee pour ce type d objet
Fr: Copie rejetée : type d'objet incorrect
En: Copy rejected : bad object type
Ja: 拒否されたコピー: 不正なオブジェクト型
Fr_raw: Copie rejetée : type d'objet incorrect
En_raw: Copy rejected : bad object type
Ja_raw: 拒否されたコピー: 不正なオブジェクト型

Copy the current line::
Keyword: Copy current line
Fr: Copier la ligne courante
En: Copy the current line
Ja: 現在の行をコピーします。
Fr_raw: Copier la ligne courante
En_raw: Copy the current line
Ja_raw: 現在の行をコピーします。

Copy the selection::
Keyword: Copy selection
Fr: Copier la sélection
En: Copy the selection
Ja: 選択範囲をコピーします。
Fr_raw: Copier la sélection
En_raw: Copy the selection
Ja_raw: 選択範囲をコピーします。

Coroutines, i/o, and system functions::
Keyword: Coroutines, i/o and system facilities
Fr: Coroutines, i/o et fonctions système
En: Coroutines, i/o, and system functions
Ja: コルーチン、i/o、およびシステム関数
Fr_raw: Coroutines, i/o et fonctions système
En_raw: Coroutines, i/o, and system functions
Ja_raw: コルーチン、i/o、およびシステム関数

Create An Edge::
Keyword: Create an edge
Fr: Créer une arête
En: Create An Edge
Ja: エッジを作成
Fr_raw: Créer une arête
En_raw: Create An Edge
Ja_raw: エッジを作成

Create a cylinder::
Keyword: Create a cylinder
Fr: Créer un cylindre
En: Create a cylinder
Ja: 円柱を作成
Fr_raw: Créer un cylindre
En_raw: Create a cylinder
Ja_raw: 円柱を作成

Create a document::
Keyword: Create a new document
Fr: Créer un document
En: Create a document
Ja: ドキュメントを作成します。
Fr_raw: Créer un document
En_raw: Create a document
Ja_raw: ドキュメントを作成します。

Create a grid::
Keyword: Make a grid
Fr: Créer une grille
En: Create a grid
Ja: グリッドを作成します。
Fr_raw: Créer une grille
En_raw: Create a grid
Ja_raw: グリッドを作成します。

Create a hemisphere::
Keyword: Make an hemisphere
Fr: Créer une hémisphère
En: Create a hemisphere
Ja: 半球を作成します。
Fr_raw: Créer une hémisphère
En_raw: Create a hemisphere
Ja_raw: 半球を作成します。

Create a hexahedron::
Keyword: Create an hexahedron
Fr: Créer un hexaèdre
En: Create a hexahedron
Ja: 直方体を作成します。
Fr_raw: Créer un hexaèdre
En_raw: Create a hexahedron
Ja_raw: 直方体を作成します。

Create a new cylinder::
Keyword: Create a new cylinder
Fr: Créer un nouveau cylindre
En: Create a new cylinder
Ja: 新しい円柱を作成します。
Fr_raw: Créer un nouveau cylindre
En_raw: Create a new cylinder
Ja_raw: 新しい円柱を作成します。

Create a new edge::
Keyword: Create a new edge
Fr: Créer une nouvelle arête
En: Create a new edge
Ja: 新しいエッジを作成します。
Fr_raw: Créer une nouvelle arête
En_raw: Create a new edge
Ja_raw: 新しいエッジを作成します。

Create a new hexahedron::
Keyword: Create a new hexahedron
Fr: Créer un nouveau hexaèdre
En: Create a new hexahedron
Ja: 新しい直方体を作成します。
Fr_raw: Créer un nouveau hexaèdre
En_raw: Create a new hexahedron
Ja_raw: 新しい直方体を作成します。

Create a new high::
Keyword: Create a new vertex
Fr: Créer un nouveau sommet
En: Create a new high
Ja: 新しい高を作成します。
Fr_raw: Créer un nouveau sommet
En_raw: Create a new high
Ja_raw: 新しい高を作成します。

Create a new hose::
Keyword: Create a new pipe
Fr: Créer un nouveau tuyau
En: Create a new hose
Ja: 新しいホースを作成します。
Fr_raw: Créer un nouveau tuyau
En_raw: Create a new hose
Ja_raw: 新しいホースを作成します。

Create a new item by transformation::
Keyword: Make Transformation
Fr: Créer un élément par transformation
En: Create a new item by transformation
Ja: 変換して新しいアイテムを作成します。
Fr_raw: Créer un élément par transformation
En_raw: Create a new item by transformation
Ja_raw: 変換して新しいアイテムを作成します。

Create a new quadrangle::
Keyword: Create a new quadrangle
Fr: Créer un nouveau quadrangle
En: Create a new quadrangle
Ja: 新しい四角形を作成します。
Fr_raw: Créer un nouveau quadrangle
En_raw: Create a new quadrangle
Ja_raw: 新しい四角形を作成します。

Create a new vector::
Keyword: Create a new vector
Fr: Créer un nouveau vecteur
En: Create a new vector
Ja: 新しいベクトルを作成します。
Fr_raw: Créer un nouveau vecteur
En_raw: Create a new vector
Ja_raw: 新しいベクトルを作成します。

Create a pipe::
Keyword: Create a pipe
Fr: Créer un tuyau
En: Create a pipe
Ja: パイプを作成します。
Fr_raw: Créer un tuyau
En_raw: Create a pipe
Ja_raw: パイプを作成します。

Create a quadrangle::
Keyword: Create a quadrangle
Fr: Créer un quadrangle
En: Create a quadrangle
Ja: 四角形を作成します。
Fr_raw: Créer un quadrangle
En_raw: Create a quadrangle
Ja_raw: 四角形を作成します。

Create a vector::
Keyword: Create a vector
Fr: Créer un vecteur
En: Create a vector
Ja: ベクトルを作成
Fr_raw: Créer un vecteur
En_raw: Create a vector
Ja_raw: ベクトルを作成

Create a vertex::
Keyword: Create a vertex
Fr: Créer un sommet
En: Create a vertex
Ja: 頂点を作成します。
Fr_raw: Créer un sommet
En_raw: Create a vertex
Ja_raw: 頂点を作成します。

Create an element with symmetry::
Keyword: Make Symmetry
Fr: Créer un élément par symétrie
En: Create an element with symmetry
Ja: 対称性を持つ要素を作成します。
Fr_raw: Créer un élément par symétrie
En_raw: Create an element with symmetry
Ja_raw: 対称性を持つ要素を作成します。

Create by symmetry::
Keyword: Make symmetry
Fr: Créer par symétrie
En: Create by symmetry
Ja: 対称性による作成します。
Fr_raw: Créer par symétrie
En_raw: Create by symmetry
Ja_raw: 対称性による作成します。

Create cylinder::
Keyword: Make Cylinder
Fr: Créer cylindre
En: Create cylinder
Ja: 円柱を作成します。
Fr_raw: Créer cylindre
En_raw: Create cylinder
Ja_raw: 円柱を作成します。

Create cylinders::
Keyword: Make Cylinders
Fr: Créer cylindres
En: Create cylinders
Ja: シリンダーを作成します。
Fr_raw: Créer cylindres
En_raw: Create cylinders
Ja_raw: シリンダーを作成します。

Create grid::
Keyword: Make Grid
Fr: Créer grille
En: Create grid
Ja: グリッドを作成します。
Fr_raw: Créer grille
En_raw: Create grid
Ja_raw: グリッドを作成します。

Create hemisphere::
Keyword: Make Hemisphere
Fr: Créer hémisphère
En: Create hemisphere
Ja: 半球を作成します。
Fr_raw: Créer hémisphère
En_raw: Create hemisphere
Ja_raw: 半球を作成します。

Create pipe::
Keyword: Make Pipe
Fr: Créer tuyau
En: Create pipe
Ja: パイプを作成します。
Fr_raw: Créer tuyau
En_raw: Create pipe
Ja_raw: パイプを作成します。

Creating subviews::
Keyword: Create sub-views
Fr: Créer les sous-vues
En: Creating subviews
Ja: サブビューを作成します。
Fr_raw: Créer les sous-vues
En_raw: Creating subviews
Ja_raw: サブビューを作成します。

Creating through transformation::
Keyword: Make transformation
Fr: Créer par transformation
En: Creating through transformation
Ja: 変換によって作成します。
Fr_raw: Créer par transformation
En_raw: Creating through transformation
Ja_raw: 変換によって作成します。

Creation of a Summit::
Keyword: Vertex Construction
Fr: Création d'un sommet
En: Creation of a Summit
Ja: サミットの作成
Fr_raw: Création d'un sommet
En_raw: Creation of a Summit
Ja_raw: サミットの作成

Creation of a group::
Keyword: Group Construction
Fr: Création d'un groupe
En: Creation of a group
Ja: グループの作成
Fr_raw: Création d'un groupe
En_raw: Creation of a group
Ja_raw: グループの作成

Creation of a law::
Keyword: Law Construction
Fr: Création d'une loi
En: Creation of a law
Ja: 法律の作成
Fr_raw: Création d'une loi
En_raw: Creation of a law
Ja_raw: 法律の作成

Cross Elements::
Keyword: TREE_ITEM_CROSSELEMENT
Fr: Eléments de croix
En: Cross Elements
Ja: 十字架の要素
Fr_raw: Eléments de croix
En_raw: Cross Elements
Ja_raw: 十字架の要素

Ctrl++::
Keyword: Ctrl++
Fr: 
En: Ctrl++
Ja: 
Fr_raw: 
En_raw: Ctrl++
Ja_raw: 

Ctrl+C::
Keyword: Ctrl+C
Fr: 
En: Ctrl+C
Ja: 
Fr_raw: 
En_raw: Ctrl+C
Ja_raw: 

Ctrl+F::
Keyword: Ctrl+F
Fr: 
En: Ctrl+F
Ja: 
Fr_raw: 
En_raw: Ctrl+F
Ja_raw: 

Ctrl+N::
Keyword: Ctrl+N
Fr: 
En: Ctrl+N
Ja: 
Fr_raw: 
En_raw: Ctrl+N
Ja_raw: 

Ctrl+O::
Keyword: Ctrl+O
Fr: 
En: Ctrl+O
Ja: 
Fr_raw: 
En_raw: Ctrl+O
Ja_raw: 

Ctrl+Q::
Keyword: Ctrl+Q
Fr: 
En: Ctrl+Q
Ja: 
Fr_raw: 
En_raw: Ctrl+Q
Ja_raw: 

Ctrl+S::
Keyword: Ctrl+E
Fr: Ctrl S
En: Ctrl+S
Ja: Ctrl キーと S
Fr_raw: Ctrl S
En_raw: Ctrl+S
Ja_raw: Ctrl キーと S

Ctrl+V::
Keyword: Ctrl+V
Fr: 
En: Ctrl+V
Ja: 
Fr_raw: 
En_raw: Ctrl+V
Ja_raw: 

Ctrl+X::
Keyword: Ctrl+X
Fr: 
En: Ctrl+X
Ja: 
Fr_raw: 
En_raw: Ctrl+X
Ja_raw: 

Custom::
Keyword: Custom
Fr: Personnalisé
En: Custom
Ja: カスタム
Fr_raw: Personnalisé
En_raw: Custom
Ja_raw: カスタム

Custom schema::
Keyword: Custom schema
Fr: Schéma personnalisé
En: Custom schema
Ja: カスタマイズされたスキーマ
Fr_raw: Schéma personnalisé
En_raw: Custom schema
Ja_raw: カスタマイズされたスキーマ

Cut::
Keyword: Couper
Fr: Coupe
En: Cut
Ja: カット
Fr_raw: Coupe
En_raw: Cut
Ja_raw: カット

Cut edges::
Keyword: Cut Edge
Fr: Couper arêtes
En: Cut edges
Ja: エッジをカットします。
Fr_raw: Couper arêtes
En_raw: Cut edges
Ja_raw: エッジをカットします。

Cut the current line::
Keyword: Cut current line
Fr: Couper la ligne courante
En: Cut the current line
Ja: 現在の行をカットします。
Fr_raw: Couper la ligne courante
En_raw: Cut the current line
Ja_raw: 現在の行をカットします。

Cut the selection::
Keyword: Cut selection
Fr: Couper la sélection
En: Cut the selection
Ja: 選択範囲を切り取る
Fr_raw: Couper la sélection
En_raw: Cut the selection
Ja_raw: 選択範囲を切り取る

Cylinder::
Keyword: CYLINDER
Fr: Cylindre
En: Cylinder
Ja: Cylinder
Fr_raw: Cylindre
En_raw: Cylinder
Ja_raw: Cylinder

Cylinders::
Keyword: TREE_ITEM_CYLINDER
Fr: Cylindres
En: Cylinders
Ja: シリンダー
Fr_raw: Cylindres
En_raw: Cylinders
Ja_raw: シリンダー

DComm::
Keyword: DComm
Fr: 
En: DComm
Ja: 
Fr_raw: 
En_raw: DComm
Ja_raw: 

DMacro::
Keyword: DMacro
Fr: 
En: DMacro
Ja: 
Fr_raw: 
En_raw: DMacro
Ja_raw: 

DUnComp::
Keyword: DUnComp
Fr: 
En: DUnComp
Ja: 
Fr_raw: 
En_raw: DUnComp
Ja_raw: 

DUnIn::
Keyword: DUnIn
Fr: 
En: DUnIn
Ja: 
Fr_raw: 
En_raw: DUnIn
Ja_raw: 

Dark::
Keyword: Dark
Fr: Foncé
En: Dark
Ja: 暗い
Fr_raw: Foncé
En_raw: Dark
Ja_raw: 暗い

Dark field::
Keyword: Field dark
Fr: Champ foncé
En: Dark field
Ja: 暗視野
Fr_raw: Champ foncé
En_raw: Dark field
Ja_raw: 暗視野

Data section::
Keyword: Data section
Fr: Section de données
En: Data section
Ja: データ セクション
Fr_raw: Section de données
En_raw: Data section
Ja_raw: データ セクション

Default ASP JavaScript::
Keyword: ASP JavaScript default
Fr: JavaScript ASP par défaut
En: Default ASP JavaScript
Ja: 既定 ASP java スクリプトの設定
Fr_raw: JavaScript ASP par défaut
En_raw: Default ASP JavaScript
Ja_raw: 既定 ASP java スクリプトの設定

Default ASP VBScript::
Keyword: ASP VBScript default
Fr: VBScript ASP par défaut
En: Default ASP VBScript
Ja: 既定 ASP VBScript
Fr_raw: VBScript ASP par défaut
En_raw: Default ASP VBScript
Ja_raw: 既定 ASP VBScript

Default HTML::
Keyword: HTML default
Fr: HTML par défaut
En: Default HTML
Ja: 既定の HTML
Fr_raw: HTML par défaut
En_raw: Default HTML
Ja_raw: 既定の HTML

Default JavaScript::
Keyword: JavaScript default
Fr: JavaScript par défaut
En: Default JavaScript
Ja: デフォルト java スクリプトの設定
Fr_raw: JavaScript par défaut
En_raw: Default JavaScript
Ja_raw: デフォルト java スクリプトの設定

Default Python::
Keyword: Python default
Fr: Python par défaut
En: Default Python
Ja: デフォルトの Python
Fr_raw: Python par défaut
En_raw: Default Python
Ja_raw: デフォルトの Python

Default SGML::
Keyword: SGML default
Fr: SGML par défaut
En: Default SGML
Ja: 既定の SGML
Fr_raw: SGML par défaut
En_raw: Default SGML
Ja_raw: 既定の SGML

Default VBScript::
Keyword: VBScript default
Fr: VBScript par défaut
En: Default VBScript
Ja: 既定の VBScript
Fr_raw: VBScript par défaut
En_raw: Default VBScript
Ja_raw: 既定の VBScript

Default folder::
Keyword: Dossier de sauvegarde par defaut
Fr: Dossier par défaut
En: Default folder
Ja: 既定のフォルダー
Fr_raw: Dossier par défaut
En_raw: Default folder
Ja_raw: 既定のフォルダー

Default save directory::
Keyword: Repertoire De Sauvegarde 
Fr: Par défaut répertoire d'enregistrement
En: Default save directory
Ja: 既定のディレクトリを保存します。
Fr_raw: Par défaut répertoire d'enregistrement
En_raw: Default save directory
Ja_raw: 既定のディレクトリを保存します。

Default value::
Keyword: Default value
Fr: Valeur par défaut
En: Default value
Ja: 既定値
Fr_raw: Valeur par défaut
En_raw: Default value
Ja_raw: 既定値

Definition 4 user::
Keyword: User defined 4
Fr: Définition utilisateur 4
En: Definition 4 user
Ja: ユーザー定義 4
Fr_raw: Définition utilisateur 4
En_raw: Definition 4 user
Ja_raw: ユーザー定義 4

Delete::
Keyword: &Supprimer
Fr: Supprimer(D)
En: Delete
Ja: 削除
Fr_raw: Supprimer(&D)
En_raw: &Delete
Ja_raw: 削除(&D)
Fr_Option_Text: (&D)
En_Option_Text: (&D)
Ja_Option_Text: (&D)

Delete Group::
Keyword: Remove Group
Fr: Supprimer groupe
En: Delete Group
Ja: グループの削除
Fr_raw: Supprimer groupe
En_raw: Delete Group
Ja_raw: グループの削除

Delete a group::
Keyword: Remove a group
Fr: Supprimer un groupe
En: Delete a group
Ja: グループを削除します。
Fr_raw: Supprimer un groupe
En_raw: Delete a group
Ja_raw: グループを削除します。

Delete a hexahedral::
Keyword: Remove hexahedra
Fr: Supprimer des hexaèdres
En: Delete a hexahedral
Ja: 削除、六面体
Fr_raw: Supprimer des hexaèdres
En_raw: Delete a hexahedral
Ja_raw: 削除、六面体

Delete hexahedral::
Keyword: Remove Hexahedra
Fr: Supprimer hexaèdres
En: Delete hexahedral
Ja: 六面体の削除
Fr_raw: Supprimer hexaèdres
En_raw: Delete hexahedral
Ja_raw: 六面体の削除

Delete law::
Keyword: Remove Law
Fr: Supprimer loi
En: Delete law
Ja: 法律を削除します。
Fr_raw: Supprimer loi
En_raw: Delete law
Ja_raw: 法律を削除します。

Delete the %1 theme?::
Keyword: Remove theme %1?
Fr: Supprimer le thème %1?
En: Delete the %1 theme?
Ja: %1 のテーマを削除しますか。
Fr_raw: Supprimer le thème %1?
En_raw: Delete the %1 theme?
Ja_raw: %1 のテーマを削除しますか。

Delete the user theme::
Keyword: Delete user theme
Fr: Supprimer le thème utilisateur
En: Delete the user theme
Ja: ユーザーのテーマを削除します。
Fr_raw: Supprimer le thème utilisateur
En_raw: Delete the user theme
Ja_raw: ユーザーのテーマを削除します。

Delete\nVersion:::
Keyword: Supprimer\nVersion :
Fr: Supprimez la Version :
En: Delete\nVersion:
Ja: バージョンを削除します。
Fr_raw: Supprimez la Version :
En_raw: Delete\nVersion:
Ja_raw: バージョンを削除します。

Deleting the current row::
Keyword: Delete current line
Fr: Suppression de la ligne courante
En: Deleting the current row
Ja: 現在の行を削除します。
Fr_raw: Suppression de la ligne courante
En_raw: Deleting the current row
Ja_raw: 現在の行を削除します。

Deleting the last character::
Keyword: Delete previous character
Fr: Suppression du dernier caractère
En: Deleting the last character
Ja: 最後の文字を削除します。
Fr_raw: Suppression du dernier caractère
En_raw: Deleting the last character
Ja_raw: 最後の文字を削除します。

Deleting the right word::
Keyword: Delete word to right
Fr: Suppression du mot de droite
En: Deleting the right word
Ja: 右の単語を削除します。
Fr_raw: Suppression du mot de droite
En_raw: Deleting the right word
Ja_raw: 右の単語を削除します。

Deletion of the left Word::
Keyword: Delete word to left
Fr: Suppression du mot de gauche
En: Deletion of the left Word
Ja: 左の単語を削除
Fr_raw: Suppression du mot de gauche
En_raw: Deletion of the left Word
Ja_raw: 左の単語を削除

Demi-Clair::
Keyword: Midlight
Fr: Demi-clair
En: Demi-Clair
Ja: デミ クレール
Fr_raw: Demi-clair
En_raw: Demi-Clair
Ja_raw: デミ クレール

Dialog::
Keyword: Dialog
Fr: 
En: Dialog
Ja: 
Fr_raw: 
En_raw: Dialog
Ja_raw: 

Directories configuration::
Keyword: Configurer les répertoires
Fr: Configuration de répertoires
En: Directories configuration
Ja: ディレクトリ構成
Fr_raw: Configuration de répertoires
En_raw: Directories configuration
Ja_raw: ディレクトリ構成

Directory::
Keyword: Répertoire
Fr: Répertoire
En: Directory
Ja: ディレクトリ
Fr_raw: Répertoire
En_raw: Directory
Ja_raw: ディレクトリ

Disabled::
Keyword: Disabled
Fr: Désactivé
En: Disabled
Ja: 無効
Fr_raw: Désactivé
En_raw: Disabled
Ja_raw: 無効

Disconnect the edges, vertices or the quadrangles::
Keyword: Disconnect edges, vertexes or quadrangles
Fr: Déconnecter des arêtes, des sommets ou des quadrangles
En: Disconnect the edges, vertices or the quadrangles
Ja: エッジ、頂点または四角形を切断します。
Fr_raw: Déconnecter des arêtes, des sommets ou des quadrangles
En_raw: Disconnect the edges, vertices or the quadrangles
Ja_raw: エッジ、頂点または四角形を切断します。

Displacement of a line down::
Keyword: Move down one line
Fr: Déplacement d'une ligne vers le bas
En: Displacement of a line down
Ja: ダウン ラインの変位
Fr_raw: Déplacement d'une ligne vers le bas
En_raw: Displacement of a line down
Ja_raw: ダウン ラインの変位

Displacement of a line upwards::
Keyword: Move up one line
Fr: Déplacement d'une ligne vers le haut
En: Displacement of a line upwards
Ja: 上向きの線の変位
Fr_raw: Déplacement d'une ligne vers le haut
En_raw: Displacement of a line upwards
Ja_raw: 上向きの線の変位

Displacement of a paragraph to the top::
Keyword: Move up one paragraph
Fr: Déplacement d'un paragraphe vers le haut
En: Displacement of a paragraph to the top
Ja: 最上部に段落の変位
Fr_raw: Déplacement d'un paragraphe vers le haut
En_raw: Displacement of a paragraph to the top
Ja_raw: 最上部に段落の変位

Display::
Keyword: Affichage
Fr: Affichage
En: Display
Ja: 表示
Fr_raw: Affichage
En_raw: Display
Ja_raw: 表示

Doc::
Keyword: Doc
Fr: 
En: Doc
Ja: 
Fr_raw: 
En_raw: Doc
Ja_raw: 

Documentation Directory::
Keyword: Repertoire de Documentation 
Fr: Répertoire de documentation
En: Documentation Directory
Ja: ドキュメント ディレクトリ
Fr_raw: Répertoire de documentation
En_raw: Documentation Directory
Ja_raw: ドキュメント ディレクトリ

Documentation Directory :::
Keyword: Répertoire d'accès à la documentation :
Fr: Répertoire de documentation :
En: Documentation Directory :
Ja: ドキュメントのディレクトリ:
Fr_raw: Répertoire de documentation :
En_raw: Documentation Directory :
Ja_raw: ドキュメントのディレクトリ:

Documentation Directory : ::
Keyword: Repertoire d'acces à la documentation :
Fr: Répertoire de documentation :
En: Documentation Directory : 
Ja: ドキュメントのディレクトリ:
Fr_raw: Répertoire de documentation :
En_raw: Documentation Directory : 
Ja_raw: ドキュメントのディレクトリ:

Dump::
Keyword: MNU_DUMP_VIEW
Fr: Sauver la scène
En: Dump
Ja: シーンを保存します。
Fr_raw: Sauver la scène
En_raw: Dump
Ja_raw: シーンを保存します。

Duplication::
Keyword: &Duplication
Fr: 
En: Duplication
Ja: 
Fr_raw: 
En_raw: &Duplication
Ja_raw: 
En_Option_Text: (&D)

Dx::
Keyword: GEOM_DX
Fr: Dx
En: Dx
Ja: Dx
Fr_raw: Dx
En_raw: Dx
Ja_raw: Dx

Dy::
Keyword: GEOM_DY
Fr: Dy
En: Dy
Ja: Dy
Fr_raw: Dy
En_raw: Dy
Ja_raw: Dy

Dz::
Keyword: GEOM_DZ
Fr: Dz
En: Dz
Ja: Dz
Fr_raw: Dz
En_raw: Dz
Ja_raw: Dz

ERROR::
Keyword: ERREUR
Fr: ERREUR
En: ERROR
Ja: エラー
Fr_raw: ERREUR
En_raw: ERROR
Ja_raw: エラー

ERROR! source's type must be WAVEFORM_CONSTANT or WAVEFORM_SINUS.::
Keyword: ERREUR! Une forme de la source du\n                               type WAVEFORM_CONSTANT ou WAVEFORM_SINUS est attendue.
Fr: ERREUR ! type de source doit être WAVEFORM_CONSTANT ou WAVEFORM_SINUS.
En: ERROR! source's type must be WAVEFORM_CONSTANT or WAVEFORM_SINUS.
Ja: エラー ！ソースの型は、WAVEFORM_CONSTANT または WAVEFORM_SINUS でなければなりません。
Fr_raw: ERREUR ! type de source doit être WAVEFORM_CONSTANT ou WAVEFORM_SINUS.
En_raw: ERROR! source's type must be WAVEFORM_CONSTANT or WAVEFORM_SINUS.
Ja_raw: エラー ！ソースの型は、WAVEFORM_CONSTANT または WAVEFORM_SINUS でなければなりません。

Edge::
Keyword: EDGE
Fr: Arête
En: Edge
Ja: Edge
Fr_raw: Arête
En_raw: Edge
Ja_raw: Edge

Edges::
Keyword: TREE_ITEM_EDGE
Fr: Arêtes
En: Edges
Ja: エッジ
Fr_raw: Arêtes
En_raw: Edges
Ja_raw: エッジ

Edit::
Keyword: Edit
Fr: 
En: Edit
Ja: 
Fr_raw: 
En_raw: Edit
Ja_raw: 

Edit fields::
Keyword: Edit boxes
Fr: Champs d'édition
En: Edit fields
Ja: 版のフィールド
Fr_raw: Champs d'édition
En_raw: Edit fields
Ja_raw: 版のフィールド

Editing a group::
Keyword: Group Modification
Fr: Modification d'un groupe
En: Editing a group
Ja: グループの編集
Fr_raw: Modification d'un groupe
En_raw: Editing a group
Ja_raw: グループの編集

Effect of components::
Keyword: Widget effect
Fr: Effet des composants
En: Effect of components
Ja: 成分の影響
Fr_raw: Effet des composants
En_raw: Effect of components
Ja_raw: 成分の影響

Eficas::
Keyword: Eficas
Fr: 
En: Eficas
Ja: 
Fr_raw: 
En_raw: Eficas
Ja_raw: 

Eficas Parameters::
Keyword: Parametres Eficas
Fr: Paramètres Eficas
En: Eficas Parameters
Ja: Eficas のパラメーター
Fr_raw: Paramètres Eficas
En_raw: Eficas Parameters
Ja_raw: Eficas のパラメーター

Eficas cannot copy this object::
Keyword: Eficas n a pas reussi a copier l objet
Fr: Eficas impossible de copier cet objet
En: Eficas cannot copy this object
Ja: Eficas はこのオブジェクトをコピーできません。
Fr_raw: Eficas impossible de copier cet objet
En_raw: Eficas cannot copy this object
Ja_raw: Eficas はこのオブジェクトをコピーできません。

Eficas is not able to convert JDC with format %s::
Keyword: EFICAS ne sait pas convertir le JDC selon le format %s 
Fr: Eficas n'est pas capable de convertir des JDC avec format %s
En: Eficas is not able to convert JDC with format %s
Ja: Eficas は JDC %s の形式を変換することがないです。
Fr_raw: Eficas n'est pas capable de convertir des JDC avec format %s
En_raw: Eficas is not able to convert JDC with format %s
Ja_raw: Eficas は JDC %s の形式を変換することがないです。

Eficas is not able to convert more than one command per line: %s::
Keyword: Eficas ne peut pas traiter plusieurs instructions\n                                                 sur la meme ligne : %s
Fr: Eficas n'est pas en mesure de convertir plus d'une commande par ligne : %s
En: Eficas is not able to convert more than one command per line: %s
Ja: Eficas は 1 行につき 1 つ以上のコマンドに変換することができません: %s
Fr_raw: Eficas n'est pas en mesure de convertir plus d'une commande par ligne : %s
En_raw: Eficas is not able to convert more than one command per line: %s
Ja_raw: Eficas は 1 行につき 1 つ以上のコマンドに変換することができません: %s

Eficas is not able to open this file's type::
Keyword: EFICAS ne sait pas ouvrir ce type de fichier
Fr: Eficas n'est pas en mesure d'ouvrir le type de ce fichier
En: Eficas is not able to open this file's type
Ja: Eficas はこのファイル タイプを開くことができません。
Fr_raw: Eficas n'est pas en mesure d'ouvrir le type de ce fichier
En_raw: Eficas is not able to open this file's type
Ja_raw: Eficas はこのファイル タイプを開くことができません。

Eficas is not able to open this file's type : %s::
Keyword: EFICAS ne sait pas ouvrir le type de fichier %s
Fr: Eficas n'est pas en mesure d'ouvrir le type de ce fichier : %s
En: Eficas is not able to open this file's type : %s
Ja: Eficas はこのファイル タイプを開くことができません: %s
Fr_raw: Eficas n'est pas en mesure d'ouvrir le type de ce fichier : %s
En_raw: Eficas is not able to open this file's type : %s
Ja_raw: Eficas はこのファイル タイプを開くことができません: %s

Eficas is unable to convert JDC::
Keyword: EFICAS ne sait pas convertir ce JDC
Fr: Eficas ne peut pas convertir le JDC
En: Eficas is unable to convert JDC
Ja: Eficas は JDC を変換することができます。
Fr_raw: Eficas ne peut pas convertir le JDC
En_raw: Eficas is unable to convert JDC
Ja_raw: Eficas は JDC を変換することができます。

Elements::
Keyword: TREE_ITEM_ELEMENT
Fr: Eléments
En: Elements
Ja: 要素
Fr_raw: Eléments
En_raw: Elements
Ja_raw: 要素

End of block XML::
Keyword: End of an XML fragment
Fr: Fin de block XML
En: End of block XML
Ja: XML ブロックの終わり
Fr_raw: Fin de block XML
En_raw: End of block XML
Ja_raw: XML ブロックの終わり

Enforced vertices::
Keyword: HEXABLOCK_ENFORCED_VERTICES
Fr: Points de passage
En: Enforced vertices
Ja: 交差点
Fr_raw: Points de passage
En_raw: Enforced vertices
Ja_raw: 交差点

Enter Value::
Keyword: Saisir Valeur
Fr: Entrez la valeur
En: Enter Value
Ja: 値を入力します
Fr_raw: Entrez la valeur
En_raw: Enter Value
Ja_raw: 値を入力します

Enter a Value::
Keyword: Saisir Valeur
Fr: Entrez une valeur
En: Enter a Value
Ja: 値を入力します。
Fr_raw: Entrez une valeur
En_raw: Enter a Value
Ja_raw: 値を入力します。

Enter a parameter's name::
Keyword: Entrer un nom de parametre
Fr: Entrez le nom d'un paramètre
En: Enter a parameter's name
Ja: パラメーターの名前を入力してください。
Fr_raw: Entrez le nom d'un paramètre
En_raw: Enter a parameter's name
Ja_raw: パラメーターの名前を入力してください。

Enter value::
Keyword: Saisir Valeur
Fr: Entrez la valeur
En: Enter value
Ja: 値を入力します
Fr_raw: Entrez la valeur
En_raw: Enter value
Ja_raw: 値を入力します

Entity::
Keyword: Entity
Fr: 
En: Entity
Ja: 
Fr_raw: 
En_raw: Entity
Ja_raw: 

Entry::
Keyword: Hexotic_ENTRY
Fr: Entry
En: Entry
Ja: エントリ
Fr_raw: Entry
En_raw: Entry
Ja_raw: エントリ

Erase the current character::
Keyword: Delete current character
Fr: Effacement du caractère courant
En: Erase the current character
Ja: 現在の文字を消去します。
Fr_raw: Effacement du caractère courant
En_raw: Erase the current character
Ja_raw: 現在の文字を消去します。

Erreur SGML::
Keyword: SGML error
Fr: Erreur SGML
En: Erreur SGML
Ja: Erreur SGML
Fr_raw: Erreur SGML
En_raw: Erreur SGML
Ja_raw: Erreur SGML

Erro when loadind :\n%s::
Keyword: Erreur a l'evaluation :\n %s
Fr: ERRO lorsque loadind : %s
En: Erro when loadind :\n%s
Ja: 無名とき加: %s
Fr_raw: ERRO lorsque loadind : %s
En_raw: Erro when loadind :\n%s
Ja_raw: 無名とき加: %s

Error::
Keyword: ERR_ERROR
Fr: Erreur
En: Error
Ja: エラー
Fr_raw: Erreur
En_raw: Error
Ja_raw: エラー

Error - keyword "mot-clef facteur" nammed : %s::
Keyword: Erreur - mot cle facteur de nom : %s
Fr: Error - keyword "mot-clef facteur" nammed : %s
En: Error - keyword "mot-clef facteur" nammed : %s
Ja: エラー - キーワード「キーワード要因」nammed: %s
Fr_raw: Error - keyword "mot-clef facteur" nammed : %s
En_raw: Error - keyword "mot-clef facteur" nammed : %s
Ja_raw: エラー - キーワード「キーワード要因」nammed: %s

Error - mclist does not exist : %s::
Keyword: Erreur - mclist inexistante : %s
Fr: Erreur - mclist n'existe pas : %s
En: Error - mclist does not exist : %s
Ja: エラー - mclist は存在しません: %s
Fr_raw: Erreur - mclist n'existe pas : %s
En_raw: Error - mclist does not exist : %s
Ja_raw: エラー - mclist は存在しません: %s

Error in recherche_enfants : %s::
Keyword: Erreur rencontree dans recherche_enfants : %s
Fr: Erreur dans recherche_enfants : %s
En: Error in recherche_enfants : %s
Ja: Recherche_enfants のエラー: %s
Fr_raw: Erreur dans recherche_enfants : %s
En_raw: Error in recherche_enfants : %s
Ja_raw: Recherche_enfants のエラー: %s

Error keyword JavaDoc::
Keyword: JavaDoc keyword error
Fr: Erreur de mot-clé JavaDoc
En: Error keyword JavaDoc
Ja: キーワード error JavaDoc
Fr_raw: Erreur de mot-clé JavaDoc
En_raw: Error keyword JavaDoc
Ja_raw: キーワード error JavaDoc

Error when creating %s::
Keyword: Erreur dans la creation du mot-cle : %s
Fr: Erreur lors de la création de %s
En: Error when creating %s
Ja: %S を作成するときのエラー
Fr_raw: Erreur lors de la création de %s
En_raw: Error when creating %s
Ja_raw: %S を作成するときのエラー

Error when creating secondary (poursuite) file::
Keyword: Erreur lors de l'evaluation du fichier poursuite
Fr: Erreur lors de la création de fichier secondaire (poursuite)
En: Error when creating secondary (poursuite) file
Ja: セカンダリ (poursuite) ファイルを作成するときのエラー
Fr_raw: Erreur lors de la création de fichier secondaire (poursuite)
En_raw: Error when creating secondary (poursuite) file
Ja_raw: セカンダリ (poursuite) ファイルを作成するときのエラー

Error when generating::
Keyword: Erreur a la generation
Fr: Erreur lors de la génération
En: Error when generating
Ja: エラーを生成するとき
Fr_raw: Erreur lors de la génération
En_raw: Error when generating
Ja_raw: エラーを生成するとき

Error when reading configuration file::
Keyword: Erreur a la lecture du fichier de configuration %s 
Fr: Erreur lors de la lecture de fichier de configuration
En: Error when reading configuration file
Ja: 構成ファイルの読み取り時のエラー
Fr_raw: Erreur lors de la lecture de fichier de configuration
En_raw: Error when reading configuration file
Ja_raw: 構成ファイルの読み取り時のエラー

Error when reading the 'include' file::
Keyword: Erreur lors de l'evaluation du fichier inclus
Fr: Erreur lors de la lecture du fichier « include »
En: Error when reading the 'include' file
Ja: '' を含むファイルの読み取り時のエラー
Fr_raw: Erreur lors de la lecture du fichier « include »
En_raw: Error when reading the 'include' file
Ja_raw: '' を含むファイルの読み取り時のエラー

Error!::
Keyword: Erreur ! Erreur !
Fr: Erreur !
En: Error!
Ja: エラー ！
Fr_raw: Erreur !
En_raw: Error!
Ja_raw: エラー ！

Etiré::
Keyword: Stretch
Fr: Etiré
En: Etiré
Ja: 伸縮
Fr_raw: Etiré
En_raw: Etiré
Ja_raw: 伸縮

Exit::
Keyword: &Quitter
Fr: Quitter(E)
En: Exit
Ja: 終了
Fr_raw: Quitter(&E)
En_raw: &Exit
Ja_raw: 終了(&E)
Fr_Option_Text: (&E)
En_Option_Text: (&E)
Ja_Option_Text: (&E)

Expand/Collapse::
Keyword: Replier/Deplier
Fr: Développer/réduire
En: Expand/Collapse
Ja: 展開/折りたたみ
Fr_raw: Développer/réduire
En_raw: Expand/Collapse
Ja_raw: 展開/折りたたみ

Explicit geometries::
Keyword: TREE_ITEM_EXPSHAPE
Fr: Géométries explicites
En: Explicit geometries
Ja: 明示的なジオメトリ
Fr_raw: Géométries explicites
En_raw: Explicit geometries
Ja_raw: 明示的なジオメトリ

Extension of the rectangular selection of a line down::
Keyword: Extend rectangular selection down one line
Fr: Extension de la sélection rectangulaire d'une ligne vers le bas
En: Extension of the rectangular selection of a line down
Ja: ダウン ラインの矩形の選択範囲の拡張
Fr_raw: Extension de la sélection rectangulaire d'une ligne vers le bas
En_raw: Extension of the rectangular selection of a line down
Ja_raw: ダウン ラインの矩形の選択範囲の拡張

Extension of the rectangular selection of a line upwards::
Keyword: Extend rectangular selection up one line
Fr: Extension de la sélection rectangulaire d'une ligne vers le haut
En: Extension of the rectangular selection of a line upwards
Ja: ライン上の矩形の選択範囲の拡張
Fr_raw: Extension de la sélection rectangulaire d'une ligne vers le haut
En_raw: Extension of the rectangular selection of a line upwards
Ja_raw: ライン上の矩形の選択範囲の拡張

Extension of the rectangular selection of a page down::
Keyword: Extend rectangular selection down one page
Fr: Extension de la sélection rectangulaire d'une page vers le bas
En: Extension of the rectangular selection of a page down
Ja: ページ下の矩形の選択範囲の拡張
Fr_raw: Extension de la sélection rectangulaire d'une page vers le bas
En_raw: Extension of the rectangular selection of a page down
Ja_raw: ページ下の矩形の選択範囲の拡張

Extension of the rectangular selection of a page up::
Keyword: Extend rectangular selection up one page
Fr: Extension de la sélection rectangulaire d'une page vers le haut
En: Extension of the rectangular selection of a page up
Ja: ページ上の矩形の選択範囲の拡張
Fr_raw: Extension de la sélection rectangulaire d'une page vers le haut
En_raw: Extension of the rectangular selection of a page up
Ja_raw: ページ上の矩形の選択範囲の拡張

Extension of the rectangular selection of one character to the left::
Keyword: Extend rectangular selection left one character
Fr: Extension de la sélection rectangulaire d'un caractère vers la gauche
En: Extension of the rectangular selection of one character to the left
Ja: 1 つの文字を左に矩形の選択範囲の拡張
Fr_raw: Extension de la sélection rectangulaire d'un caractère vers la gauche
En_raw: Extension of the rectangular selection of one character to the left
Ja_raw: 1 つの文字を左に矩形の選択範囲の拡張

Extension of the rectangular selection of one character to the right::
Keyword: Extend rectangular selection right one character
Fr: Extension de la sélection rectangulaire d'un caractère vers la droite
En: Extension of the rectangular selection of one character to the right
Ja: 右に 1 文字の矩形の選択範囲の拡張
Fr_raw: Extension de la sélection rectangulaire d'un caractère vers la droite
En_raw: Extension of the rectangular selection of one character to the right
Ja_raw: 右に 1 文字の矩形の選択範囲の拡張

Extension of the selection of Word to the left::
Keyword: Extend selection left one word part
Fr: Extension de la sélection d'une part de mot vers la gauche
En: Extension of the selection of Word to the left
Ja: 左側の単語の選択の拡張機能
Fr_raw: Extension de la sélection d'une part de mot vers la gauche
En_raw: Extension of the selection of Word to the left
Ja_raw: 左側の単語の選択の拡張機能

Extension of the selection of Word to the right::
Keyword: Extend selection right one word part
Fr: Extension de la sélection d'une part de mot vers la droite
En: Extension of the selection of Word to the right
Ja: 右に単語を選択範囲の拡張
Fr_raw: Extension de la sélection d'une part de mot vers la droite
En_raw: Extension of the selection of Word to the right
Ja_raw: 右に単語を選択範囲の拡張

Extension of the selection of a line upwards::
Keyword: Extend selection up one line
Fr: Extension de la sélection d'une ligne vers le haut
En: Extension of the selection of a line upwards
Ja: 上の行の選択範囲の拡張
Fr_raw: Extension de la sélection d'une ligne vers le haut
En_raw: Extension of the selection of a line upwards
Ja_raw: 上の行の選択範囲の拡張

Extension of the selection of a page down::
Keyword: Extend selection down one page
Fr: Extension de la sélection d'une page vers le bas
En: Extension of the selection of a page down
Ja: ページの下の選択範囲の拡張
Fr_raw: Extension de la sélection d'une page vers le bas
En_raw: Extension of the selection of a page down
Ja_raw: ページの下の選択範囲の拡張

Extension of the selection of a page up::
Keyword: Extend selection up one page
Fr: Extension de la sélection d'une page vers le haut
En: Extension of the selection of a page up
Ja: ページ上の選択範囲の拡張
Fr_raw: Extension de la sélection d'une page vers le haut
En_raw: Extension of the selection of a page up
Ja_raw: ページ上の選択範囲の拡張

Extension of the selection of a paragraph down::
Keyword: Extend selection down one paragraph
Fr: Extension de la sélection d'un paragraphe vers le bas
En: Extension of the selection of a paragraph down
Ja: ダウン段落の選択範囲の拡張
Fr_raw: Extension de la sélection d'un paragraphe vers le bas
En_raw: Extension of the selection of a paragraph down
Ja_raw: ダウン段落の選択範囲の拡張

Extension of the selection of a paragraph to the top::
Keyword: Extend selection up one paragraph
Fr: Extension de la sélection d'un paragraphe vers le haut
En: Extension of the selection of a paragraph to the top
Ja: 先頭に段落の選択範囲の拡張
Fr_raw: Extension de la sélection d'un paragraphe vers le haut
En_raw: Extension of the selection of a paragraph to the top
Ja_raw: 先頭に段落の選択範囲の拡張

Extension of the selection of a row down::
Keyword: Extend selection down one line
Fr: Extension de la sélection d'une ligne vers le bas
En: Extension of the selection of a row down
Ja: 下の行の選択範囲の拡張
Fr_raw: Extension de la sélection d'une ligne vers le bas
En_raw: Extension of the selection of a row down
Ja_raw: 下の行の選択範囲の拡張

Extension of the selection of one character to the left::
Keyword: Extend selection left one character
Fr: Extension de la sélection d'un caractère vers la gauche
En: Extension of the selection of one character to the left
Ja: 左に 1 文字の選択範囲の拡張
Fr_raw: Extension de la sélection d'un caractère vers la gauche
En_raw: Extension of the selection of one character to the left
Ja_raw: 左に 1 文字の選択範囲の拡張

Extension of the selection of one character to the right::
Keyword: Extend selection right one character
Fr: Extension de la sélection d'un caractère vers la droite
En: Extension of the selection of one character to the right
Ja: 右に 1 文字の選択範囲の拡張
Fr_raw: Extension de la sélection d'un caractère vers la droite
En_raw: Extension of the selection of one character to the right
Ja_raw: 右に 1 文字の選択範囲の拡張

Extension of the selection of one word to the left::
Keyword: Extend selection left one word
Fr: Extension de la sélection d'un mot vers la gauche
En: Extension of the selection of one word to the left
Ja: 左に 1 つの単語の選択範囲の拡張
Fr_raw: Extension de la sélection d'un mot vers la gauche
En_raw: Extension of the selection of one word to the left
Ja_raw: 左に 1 つの単語の選択範囲の拡張

Extension of the selection of one word to the right::
Keyword: Extend selection right one word
Fr: Extension de la sélection d'un mot vers la droite
En: Extension of the selection of one word to the right
Ja: 1 つの単語を右に選択範囲の拡張
Fr_raw: Extension de la sélection d'un mot vers la droite
En_raw: Extension of the selection of one word to the right
Ja_raw: 1 つの単語を右に選択範囲の拡張

External command::
Keyword: External command
Fr: Commande externe
En: External command
Ja: 外部コマンド
Fr_raw: Commande externe
En_raw: External command
Ja_raw: 外部コマンド

Extrude Quadrangles::
Keyword: Prism Quadrangles
Fr: Extruder quadrangles
En: Extrude Quadrangles
Ja: 四角形の押出機
Fr_raw: Extruder quadrangles
En_raw: Extrude Quadrangles
Ja_raw: 四角形の押出機

Extrude quadrangles::
Keyword: Prism quadrangles
Fr: Extruder des quadrangles
En: Extrude quadrangles
Ja: 四角形の押し出し
Fr_raw: Extruder des quadrangles
En_raw: Extrude quadrangles
Ja_raw: 四角形の押し出し

Face::
Keyword: GEOM_FACE
Fr: Face
En: Face
Ja: Face
Fr_raw: Face
En_raw: Face
Ja_raw: Face

Failover Insertion /Ecrasement::
Keyword: Toggle insert/overtype
Fr: Basculement Insertion /Ecrasement
En: Failover Insertion /Ecrasement
Ja: フェールオーバー挿入/Ecrasement
Fr_raw: Basculement Insertion /Ecrasement
En_raw: Failover Insertion /Ecrasement
Ja_raw: フェールオーバー挿入/Ecrasement

False::
Keyword: Faux
Fr: Faux
En: False
Ja: False
Fr_raw: Faux
En_raw: False
Ja_raw: False

Family::
Keyword: Family
Fr: 
En: Family
Ja: 
Fr_raw: 
En_raw: Family
Ja_raw: 

Fast::
Keyword: Quick
Fr: Rapide
En: Fast
Ja: クイック
Fr_raw: Rapide
En_raw: Fast
Ja_raw: クイック

Fatal error when loading INCLUDE file::
Keyword: Erreur fatale au chargement du fichier Include
Fr: Erreur fatale lors du chargement de fichier INCLUDE
En: Fatal error when loading INCLUDE file
Ja: インクルード ファイルを読み込むときの致命的エラー
Fr_raw: Erreur fatale lors du chargement de fichier INCLUDE
En_raw: Fatal error when loading INCLUDE file
Ja_raw: インクルード ファイルを読み込むときの致命的エラー

Fatal error when loading file::
Keyword: Erreur fatale au chargement d'un fichier
Fr: Erreur fatale lors du chargement de fichier
En: Fatal error when loading file
Ja: 致命的なエラーが発生するファイルの読み込み
Fr_raw: Erreur fatale lors du chargement de fichier
En_raw: Fatal error when loading file
Ja_raw: 致命的なエラーが発生するファイルの読み込み

File::
Keyword: &Fichier
Fr: Fichier(F)
En: File
Ja: ファイル
Fr_raw: Fichier(&F)
En_raw: &File
Ja_raw: ファイル(&F)
Fr_Option_Text: (&F)
En_Option_Text: (&F)
Ja_Option_Text: (&F)

File  <b>%s</b> is already open.::
Keyword: Le fichier <b>%s</b> est deja ouvert.
Fr: Fichier <b>%s</b> est déjà ouvert.
En: File  <b>%s</b> is already open.
Ja: ファイル<b>%s</b>は既に開いています。
Fr_raw: Fichier <b>%s</b> est déjà ouvert.
En_raw: File  <b>%s</b> is already open.
Ja_raw: ファイル<b>%s</b>は既に開いています。

File %s already exists : unable to create a directory with the same name::
Keyword: Un fichier de nom %s existe deja : impossible de creer un repertoire de meme nom
Fr: Le fichier %s existe déjà : impossible de créer un répertoire portant le même nom
En: File %s already exists : unable to create a directory with the same name
Ja: ファイル %s は既に存在します: 同じ名前を持つディレクトリを作成することができません
Fr_raw: Le fichier %s existe déjà : impossible de créer un répertoire portant le même nom
En_raw: File %s already exists : unable to create a directory with the same name
Ja_raw: ファイル %s は既に存在します: 同じ名前を持つディレクトリを作成することができません

File dialog window::
Keyword: File dialog
Fr: Fenêtre de dialogue de fichiers
En: File dialog window
Ja: ファイル ダイアログ ウィンドウ
Fr_raw: Fenêtre de dialogue de fichiers
En_raw: File dialog window
Ja_raw: ファイル ダイアログ ウィンドウ

File does not exist. Do yoy want to suppress this version ?::
Keyword: Le Fichier  n existe pas. Voulez-vous supprimer cette version ?
Fr: Fichier n'existe pas. N'yoy veux supprimer cette version ?
En: File does not exist. Do yoy want to suppress this version ?
Ja: ファイルが存在しません。このバージョンを抑制する必要は前年同期比？
Fr_raw: Fichier n'existe pas. N'yoy veux supprimer cette version ?
En_raw: File does not exist. Do yoy want to suppress this version ?
Ja_raw: ファイルが存在しません。このバージョンを抑制する必要は前年同期比？

File for unit ::
Keyword: Fichier pour unite 
Fr: Fichier d'unité
En: File for unit 
Ja: ユニット用のファイル
Fr_raw: Fichier d'unité
En_raw: File for unit 
Ja_raw: ユニット用のファイル

File is modified::
Keyword: Fichier Modifie
Fr: Le fichier est modifié
En: File is modified
Ja: ファイルが変更されます。
Fr_raw: Le fichier est modifié
En_raw: File is modified
Ja_raw: ファイルが変更されます。

File is modifies : %s::
Keyword: Fichier modifie  : %s
Fr: Fichier se modifie : %s
En: File is modifies : %s
Ja: ファイルが変更されます: %s
Fr_raw: Fichier se modifie : %s
En_raw: File is modifies : %s
Ja_raw: ファイルが変更されます: %s

File will not be saved.::
Keyword: Le fichier ne sera pas sauvegarde.
Fr: Fichiers ne seront pas enregistrées.
En: File will not be saved.
Ja: ファイルは保存されません。
Fr_raw: Fichiers ne seront pas enregistrées.
En_raw: File will not be saved.
Ja_raw: ファイルは保存されません。

Filter::
Keyword: Filtre
Fr: Filtre
En: Filter
Ja: フィルター
Fr_raw: Filtre
En_raw: Filter
Ja_raw: フィルター

Find::
Keyword: Rechercher
Fr: Chercher
En: Find
Ja: 検索
Fr_raw: Chercher
En_raw: Find
Ja_raw: 検索

Find in JDC::
Keyword: Rechercher dans le JDC
Fr: Trouver dans le JDC
En: Find in JDC
Ja: JDC を検索します。
Fr_raw: Trouver dans le JDC
En_raw: Find in JDC
Ja_raw: JDC を検索します。

Find in JdC Tree::
Keyword:  Rechercher dans l'arbre d'etude
Fr: Rechercher dans l'arbre de JdC
En: Find in JdC Tree
Ja: 日本国土開発ツリー内を検索します。
Fr_raw: Rechercher dans l'arbre de JdC
En_raw: Find in JdC Tree
Ja_raw: 日本国土開発ツリー内を検索します。

First command SGML comment parameter::
Keyword: First parameter comment of an SGML command
Fr: Premier paramètre de commentaire de commande SGML
En: First command SGML comment parameter
Ja: 最初のコマンド SGML コメント パラメーター
Fr_raw: Premier paramètre de commentaire de commande SGML
En_raw: First command SGML comment parameter
Ja_raw: 最初のコマンド SGML コメント パラメーター

First command SGML parameter::
Keyword: First parameter of an SGML command
Fr: Premier paramètre de commande SGML
En: First command SGML parameter
Ja: 最初のコマンドの SGML のパラメーター
Fr_raw: Premier paramètre de commande SGML
En_raw: First command SGML parameter
Ja_raw: 最初のコマンドの SGML のパラメーター

Fit All::
Keyword: MNU_FITALL
Fr: Montrer tout
En: Fit All
Ja: すべて表示します。
Fr_raw: Montrer tout
En_raw: Fit All
Ja_raw: すべて表示します。

Fit Area::
Keyword: MNU_FITRECT
Fr: Montrer l'encadré
En: Fit Area
Ja: [表示] ボックス
Fr_raw: Montrer l'encadré
En_raw: Fit Area
Ja_raw: [表示] ボックス

Fit Selection::
Keyword: MNU_FITSELECT
Fr: Ajuster la sélection
En: Fit Selection
Ja: 選択範囲を調整します。
Fr_raw: Ajuster la sélection
En_raw: Fit Selection
Ja_raw: 選択範囲を調整します。

Fit all objects inside the view frame::
Keyword: DSC_FITALL
Fr: Redimensionner la scène pour montrer tous les objets 
En: Fit all objects inside the view frame
Ja: すべてのオブジェクトを表示するステージのサイズを変更します。
Fr_raw: Redimensionner la scène pour montrer tous les objets 
En_raw: Fit all objects inside the view frame
Ja_raw: すべてのオブジェクトを表示するステージのサイズを変更します。

Fit area of selection within the view frame::
Keyword: DSC_FITSELECT
Fr: Redimensionner la scène pour montrer la sélection.
En: Fit area of selection within the view frame
Ja: 選択対象を表示するステージのサイズを変更します。
Fr_raw: Redimensionner la scène pour montrer la sélection.
En_raw: Fit area of selection within the view frame
Ja_raw: 選択対象を表示するステージのサイズを変更します。

Fit area within the view frame::
Keyword: DSC_FITRECT
Fr: Redimensionner la scène pour ne montrer que sa partie choisie par l'encadré
En: Fit area within the view frame
Ja: 彼の党をボックスで選択を表示するには、ステージのサイズを変更します。
Fr_raw: Redimensionner la scène pour ne montrer que sa partie choisie par l'encadré
En_raw: Fit area within the view frame
Ja_raw: 彼の党をボックスで選択を表示するには、ステージのサイズを変更します。

Folder does not exist.::
Keyword: Le dossier n'existe pas.
Fr: Dossier n'existe pas.
En: Folder does not exist.
Ja: フォルダーが存在しません。
Fr_raw: Dossier n'existe pas.
En_raw: Folder does not exist.
Ja_raw: フォルダーが存在しません。

Formula::
Keyword: Definition Formule
Fr: Formule
En: Formula
Ja: 数式
Fr_raw: Formule
En_raw: Formula
Ja_raw: 数式

Foward::
Keyword: Forward
Fr: Foward
En: Foward
Ja: フォワード
Fr_raw: Foward
En_raw: Foward
Ja_raw: フォワード

Frames::
Keyword: Frames
Fr: Cadres
En: Frames
Ja: フレーム
Fr_raw: Cadres
En_raw: Frames
Ja_raw: フレーム

Functions on strings, tables and functions math::
Keyword: String, table and maths functions
Fr: Fonctions sur les chaines, tables et fonctions math
En: Functions on strings, tables and functions math
Ja: 文字列、テーブルおよび関数の数学上の関数
Fr_raw: Fonctions sur les chaines, tables et fonctions math
En_raw: Functions on strings, tables and functions math
Ja_raw: 文字列、テーブルおよび関数の数学上の関数

G::
Keyword: B
Fr: G
En: G
Ja: B　(太字)
Fr_raw: G
En_raw: G
Ja_raw: B　(太字)

Generate smooth meshes no ridges::
Keyword: Hexotic_IGNORE_RIDGES
Fr: Générer des maillages lisses sans crête
En: Generate smooth meshes no ridges
Ja: 尾根のない滑らかなメッシュを生成します。
Fr_raw: Générer des maillages lisses sans crête
En_raw: Generate smooth meshes no ridges
Ja_raw: 尾根のない滑らかなメッシュを生成します。

Geom Edge::
Keyword: GEOMEDGE
Fr: Arête Geom
En: Geom Edge
Ja: エッジ Geom
Fr_raw: Arête Geom
En_raw: Geom Edge
Ja_raw: エッジ Geom

Geom Face::
Keyword: GEOMFACE
Fr: Face Geom
En: Geom Face
Ja: 顔 Geom
Fr_raw: Face Geom
En_raw: Geom Face
Ja_raw: 顔 Geom

Geom Shape::
Keyword: GEOMSHAPE
Fr: Geométrie
En: Geom Shape
Ja: Geométrie
Fr_raw: Geométrie
En_raw: Geom Shape
Ja_raw: Geométrie

Geom Vertex::
Keyword: GEOMPOINT
Fr: Sommet Geom
En: Geom Vertex
Ja: サミット Geom
Fr_raw: Sommet Geom
En_raw: Geom Vertex
Ja_raw: サミット Geom

Global Pan::
Keyword: MNU_GLOBALPAN_VIEW
Fr: Panoramique Globale
En: Global Pan
Ja: 全体的なパン
Fr_raw: Panoramique Globale
En_raw: Global Pan
Ja_raw: 全体的なパン

Global classes and type definitions::
Keyword: Global classes and typedefs
Fr: Classes globales et définitions de types
En: Global classes and type definitions
Ja: グローバル クラスと型定義
Fr_raw: Classes globales et définitions de types
En_raw: Global classes and type definitions
Ja_raw: グローバル クラスと型定義

Graphics scene:%M - viewer:%V::
Keyword: GRAPHICS_VIEW_TITLE
Fr: Graphique scène:%M - visualisation:%V
En: Graphics scene:%M - viewer:%V
Ja: グラフの段階: %M - 可視化: %V
Fr_raw: Graphique scène:%M - visualisation:%V
En_raw: Graphics scene:%M - viewer:%V
Ja_raw: グラフの段階: %M - 可視化: %V

Grip of the divisor size::
Keyword: Splitter handle size
Fr: Taille de poignée du diviseur
En: Grip of the divisor size
Ja: 除数サイズのハンドル
Fr_raw: Taille de poignée du diviseur
En_raw: Grip of the divisor size
Ja_raw: 除数サイズのハンドル

Group::
Keyword: GROUP
Fr: Groupe
En: Group
Ja: グループ
Fr_raw: Groupe
En_raw: Group
Ja_raw: グループ

Group removed::
Keyword: GROUP REMOVED
Fr: Groupe supprimé
En: Group removed
Ja: 削除されたグループ
Fr_raw: Groupe supprimé
En_raw: Group removed
Ja_raw: 削除されたグループ

Groups::
Keyword: TREE_ITEM_GROUP
Fr: Groupes
En: Groups
Ja: グループ
Fr_raw: Groupes
En_raw: Groups
Ja_raw: グループ

HEXABLOCK::
Keyword: HEXABLOCK_HYPOTHESIS
Fr: HEXABLOCK
En: HEXABLOCK
Ja: HEXABLOCK
Fr_raw: HEXABLOCK
En_raw: HEXABLOCK
Ja_raw: HEXABLOCK

HTML (double quote) character string::
Keyword: HTML double-quoted string
Fr: Chaine de caractères HTML (guillemets doubles)
En: HTML (double quote) character string
Ja: HTML (二重引用符) 文字の文字列
Fr_raw: Chaine de caractères HTML (guillemets doubles)
En_raw: HTML (double quote) character string
Ja_raw: HTML (二重引用符) 文字の文字列

HTML comment::
Keyword: HTML comment
Fr: Commentaire HTML
En: HTML comment
Ja: HTML のコメント
Fr_raw: Commentaire HTML
En_raw: HTML comment
Ja_raw: HTML のコメント

HTML value without quotes::
Keyword: Unquoted HTML value
Fr: Valeur HTML sans guillemets
En: HTML value without quotes
Ja: 引用符なしの HTML 値
Fr_raw: Valeur HTML sans guillemets
En_raw: HTML value without quotes
Ja_raw: 引用符なしの HTML 値

Handle::
Keyword: Handle
Fr: Poignée
En: Handle
Ja: ハンドル
Fr_raw: Poignée
En_raw: Handle
Ja_raw: ハンドル

Handle to the scroll bar height::
Keyword: Slider handle size
Fr: Taille de poignée de la barre de défilement
En: Handle to the scroll bar height
Ja: スクロール バーのハンドルのサイズ
Fr_raw: Taille de poignée de la barre de défilement
En_raw: Handle to the scroll bar height
Ja_raw: スクロール バーのハンドルのサイズ

Hashage::
Keyword: Hash
Fr: Hashage
En: Hashage
Ja: Hashage
Fr_raw: Hashage
En_raw: Hashage
Ja_raw: Hashage

Have views::
Keyword: Arrange views
Fr: Disposer les vues
En: Have views
Ja: 借景します。
Fr_raw: Disposer les vues
En_raw: Have views
Ja_raw: 借景します。

Header::
Keyword: Header
Fr: En-tête
En: Header
Ja: ヘッダー
Fr_raw: En-tête
En_raw: Header
Ja_raw: ヘッダー

Help::
Keyword: &Aide
Fr: Aide(H)
En: Help
Ja: ヘルプ
Fr_raw: Aide(&H)
En_raw: &Help
Ja_raw: ヘルプ(&H)
Fr_Option_Text: (&H)
En_Option_Text: (&H)
Ja_Option_Text: (&H)

Help(A)::
Keyword: &Help
Fr: Aide
En: Help(A)
Ja: ヘルプ
Fr_raw: &Aide
En_raw: Help(&A)
Ja_raw: ヘルプ(&A)
Fr_Option_Text: (&A)
En_Option_Text: (&A)
Ja_Option_Text: (&A)

HexaBlock::
Keyword: HEXA_INFO
Fr: HexaBlock
En: HexaBlock
Ja: HexaBlock
Fr_raw: HexaBlock
En_raw: HexaBlock
Ja_raw: HexaBlock

HexaBlock toolbar::
Keyword: HexaBlock Toolbar
Fr: Barre d'outils de HexaBlock
En: HexaBlock toolbar
Ja: HexaBlock ツールバー
Fr_raw: Barre d'outils de HexaBlock
En_raw: HexaBlock toolbar
Ja_raw: HexaBlock ツールバー

Hexahedra::
Keyword: TREE_ITEM_HEXA
Fr: Hexaèdres
En: Hexahedra
Ja: 六面体
Fr_raw: Hexaèdres
En_raw: Hexahedra
Ja_raw: 六面体

Hexahedron::
Keyword: HEXA
Fr: Hexaèdre
En: Hexahedron
Ja: 六面体
Fr_raw: Hexaèdre
En_raw: Hexahedron
Ja_raw: 六面体

Hexotic 3D::
Keyword: Hexotic_3D_HYPOTHESIS
Fr: Hexotic 3D
En: Hexotic 3D
Ja: Hexotic 3D
Fr_raw: Hexotic 3D
En_raw: Hexotic 3D
Ja_raw: Hexotic 3D

Hide the command character::
Keyword: Hide command character
Fr: Cacher le caratère de commande
En: Hide the command character
Ja: コマンド文字を非表示します。
Fr_raw: Cacher le caratère de commande
En_raw: Hide the command character
Ja_raw: コマンド文字を非表示します。

Highlight::
Keyword: Highlight
Fr: Surligner
En: Highlight
Ja: ハイライト
Fr_raw: Surligner
En_raw: Highlight
Ja_raw: ハイライト

Highlight components::
Keyword: Highlight widgets
Fr: Mettre en valeur les composants
En: Highlight components
Ja: コンポーネントをハイライト表示します。
Fr_raw: Mettre en valeur les composants
En_raw: Highlight components
Ja_raw: コンポーネントをハイライト表示します。

Horizontal spacing::
Keyword: Horizontal spacing
Fr: Espacement horizontal
En: Horizontal spacing
Ja: 水平方向の間隔
Fr_raw: Espacement horizontal
En_raw: Horizontal spacing
Ja_raw: 水平方向の間隔

Hypothesis Construction::
Keyword: HEXABLOCK_TITLE
Fr: Construction d'une hypothèse
En: Hypothesis Construction
Ja: 仮説の構築
Fr_raw: Construction d'une hypothèse
En_raw: Hypothesis Construction
Ja_raw: 仮説の構築

ID::
Keyword: ID selector
Fr: ID
En: ID
Ja: ID
Fr_raw: ID
En_raw: ID
Ja_raw: ID

INCLUDE File::
Keyword: Fichier Include
Fr: Fichier INCLUDE
En: INCLUDE File
Ja: インクルード ファイル
Fr_raw: Fichier INCLUDE
En_raw: INCLUDE File
Ja_raw: インクルード ファイル

INCLUDE commande has no associated file::
Keyword: La commande Include n a pas encore de fichier associe
Fr: Commande INCLUDE n'a aucun fichier associé
En: INCLUDE commande has no associated file
Ja: 含める commande に関連付けられているファイルがないです。
Fr_raw: Commande INCLUDE n'a aucun fichier associé
En_raw: INCLUDE commande has no associated file
Ja_raw: 含める commande に関連付けられているファイルがないです。

Identificateur Python ASP::
Keyword: ASP Python identifier
Fr: Identificateur Python ASP
En: Identificateur Python ASP
Ja: Identificateur パイソン ASP
Fr_raw: Identificateur Python ASP
En_raw: Identificateur Python ASP
Ja_raw: Identificateur パイソン ASP

Identificateur VBScript::
Keyword: VBScript identifier
Fr: Identificateur VBScript
En: Identificateur VBScript
Ja: Identificateur VBScript
Fr_raw: Identificateur VBScript
En_raw: Identificateur VBScript
Ja_raw: Identificateur VBScript

Identificateur VBScript ASP::
Keyword: ASP VBScript identifier
Fr: Identificateur VBScript ASP
En: Identificateur VBScript ASP
Ja: Identificateur VBScript ASP
Fr_raw: Identificateur VBScript ASP
En_raw: Identificateur VBScript ASP
Ja_raw: Identificateur VBScript ASP

Identifier::
Keyword: Identifier
Fr: Identificateur
En: Identifier
Ja: 識別子
Fr_raw: Identificateur
En_raw: Identifier
Ja_raw: 識別子

Illuminated text::
Keyword: Bright text
Fr: Texte éclairé
En: Illuminated text
Ja: ライトアップされたテキスト
Fr_raw: Texte éclairé
En_raw: Illuminated text
Ja_raw: ライトアップされたテキスト

Image (*.bmp *.png *.jpg *.jpeg *.gif, *.TIFF) files::
Keyword: Images Files (*.bmp *.png *.jpg *.jpeg *.gif *.tiff)
Fr: Fichiers images (*.bmp *.png *.jpg *.jpeg *.gif *.tiff)
En: Image (*.bmp *.png *.jpg *.jpeg *.gif, *.TIFF) files
Ja: ファイル (*.bmp *.png *.jpg *.jpeg *.gif、※ .tiff)
Fr_raw: Fichiers images (*.bmp *.png *.jpg *.jpeg *.gif *.tiff)
En_raw: Image (*.bmp *.png *.jpg *.jpeg *.gif, *.TIFF) files
Ja_raw: ファイル (*.bmp *.png *.jpg *.jpeg *.gif、※ .tiff)

Image Selection::
Keyword: Image Selection
Fr: 
En: Image Selection
Ja: 
Fr_raw: 
En_raw: Image Selection
Ja_raw: 

Implicit geometries::
Keyword: TREE_ITEM_IMPSHAPE
Fr: Géométries implicites
En: Implicit geometries
Ja: 暗黙的なジオメトリ
Fr_raw: Géométries implicites
En_raw: Implicit geometries
Ja_raw: 暗黙的なジオメトリ

Import::
Keyword: &Importer
Fr: Importer(I)
En: Import
Ja: インポート
Fr_raw: Importer(&I)
En_raw: &Import
Ja_raw: インポート(&I)
Fr_Option_Text: (&I)
En_Option_Text: (&I)
Ja_Option_Text: (&I)

Inclined::
Keyword: Inclined
Fr: Incliné
En: Inclined
Ja: 傾斜
Fr_raw: Incliné
En_raw: Inclined
Ja_raw: 傾斜

Include File::
Keyword: Fichier Inc
Fr: Fichier include
En: Include File
Ja: インクルード ファイル
Fr_raw: Fichier include
En_raw: Include File
Ja_raw: インクルード ファイル

Indentation of a level::
Keyword: Indent one level
Fr: Indentation d'un niveau
En: Indentation of a level
Ja: レベルのインデント
Fr_raw: Indentation d'un niveau
En_raw: Indentation of a level
Ja_raw: レベルのインデント

Index::
Keyword: Index
Fr: 
En: Index
Ja: 
Fr_raw: 
En_raw: Index
Ja_raw: 

Information on the Group::
Keyword: Group Information
Fr: Information sur le groupe
En: Information on the Group
Ja: グループに関する情報
Fr_raw: Information sur le groupe
En_raw: Information on the Group
Ja_raw: グループに関する情報

Information on the cylinder::
Keyword: Cylinder Information
Fr: Information sur le cylindre
En: Information on the cylinder
Ja: シリンダーに関する情報
Fr_raw: Information sur le cylindre
En_raw: Information on the cylinder
Ja_raw: シリンダーに関する情報

Information on the edge::
Keyword: Edge Information
Fr: Information sur l'arête
En: Information on the edge
Ja: 端に情報
Fr_raw: Information sur l'arête
En_raw: Information on the edge
Ja_raw: 端に情報

Information on the hexahedron::
Keyword: Hexahedron Information
Fr: Information sur l'hexaèdre
En: Information on the hexahedron
Ja: については、直方体
Fr_raw: Information sur l'hexaèdre
En_raw: Information on the hexahedron
Ja_raw: については、直方体

Information on the pipe::
Keyword: Pipe Information
Fr: Information sur le tuyau
En: Information on the pipe
Ja: パイプに関する情報
Fr_raw: Information sur le tuyau
En_raw: Information on the pipe
Ja_raw: パイプに関する情報

Information on the spread::
Keyword: Propagation Information
Fr: Information sur la propagation
En: Information on the spread
Ja: 展開に関する情報
Fr_raw: Information sur la propagation
En_raw: Information on the spread
Ja_raw: 展開に関する情報

Initial memory size::
Keyword: INIT_MEMORY_SIZE
Fr: Taille initiale de la mémoire
En: Initial memory size
Ja: 初期メモリのサイズ、
Fr_raw: Taille initiale de la mémoire
En_raw: Initial memory size
Ja_raw: 初期メモリのサイズ、

Integrated document quotation::
Keyword: Double-quoted here document
Fr: Document intégré guillemets doubles
En: Integrated document quotation
Ja: 統合された文書の引用
Fr_raw: Document intégré guillemets doubles
En_raw: Integrated document quotation
Ja_raw: 統合された文書の引用

Integrated document quotes::
Keyword: Single-quoted here document
Fr: Document intégré guillemets simples
En: Integrated document quotes
Ja: 統合された文書の引用
Fr_raw: Document intégré guillemets simples
En_raw: Integrated document quotes
Ja_raw: 統合された文書の引用

Integrated document reverse quotes::
Keyword: Backtick here document
Fr: Document intégré quotes inverses
En: Integrated document reverse quotes
Ja: 逆クオートの統合されたドキュメント
Fr_raw: Document intégré quotes inverses
En_raw: Integrated document reverse quotes
Ja_raw: 逆クオートの統合されたドキュメント

Integrated text qualifier (cat lt; EOF...)EOF)::
Keyword: Here document delimiter
Fr: Délimiteur de texte intégré (cat <<EOF....EOF)
En: Integrated text qualifier (cat lt; EOF...)EOF)
Ja: 統合されたテキスト修飾子 (猫 &lt; EOF...)EOF)
Fr_raw: Délimiteur de texte intégré (cat <<EOF....EOF)
En_raw: Integrated text qualifier (cat &lt; EOF...)EOF)
Ja_raw: 統合されたテキスト修飾子 (猫 &lt; EOF...)EOF)
En_Option_Text: (&l)

Internal error::
Keyword: Erreur interne
Fr: Erreur interne
En: Internal error
Ja: 内部エラー
Fr_raw: Erreur interne
En_raw: Internal error
Ja_raw: 内部エラー

Invalid expression for FORMULE::
Keyword: Corps de FORMULE invalide
Fr: Expression non valide pour la FORMULE
En: Invalid expression for FORMULE
Ja: フォーミュラの式が無効です。
Fr_raw: Expression non valide pour la FORMULE
En_raw: Invalid expression for FORMULE
Ja_raw: フォーミュラの式が無効です。

It is impossible to create the directory \"%1\ ' because a file with this name already exists"::
Keyword: Directory \"%1\" can't be created because file with the same name exist
Fr: Il est impossible de créer le répertoire \"%1\" parce qu'un fichier avec ce nom existe déjà
En: It is impossible to create the directory \"%1\ ' because a file with this name already exists"
Ja: \"%1\" ディレクトリを作成することが可能である "この名前のファイルが既に存在するため"
Fr_raw: Il est impossible de créer le répertoire \"%1\" parce qu'un fichier avec ce nom existe déjà
En_raw: It is impossible to create the directory \"%1\ ' because a file with this name already exists"
Ja_raw: \"%1\" ディレクトリを作成することが可能である "この名前のファイルが既に存在するため"

JDC .comm(*.comm);;All Files(*)::
Keyword: Fichiers .comm (*.comm);;Tous les  Fichiers (*)
Fr: JDC.comm(*.comm) ;Tous les Files(*)
En: JDC .comm(*.comm);;All Files(*)
Ja: 日本国土開発.comm(*.comm);すべての Files(*)
Fr_raw: JDC.comm(*.comm) ;Tous les Files(*)
En_raw: JDC .comm(*.comm);;All Files(*)
Ja_raw: 日本国土開発.comm(*.comm);すべての Files(*)

JDC Files (*.comm);;All Files(*)::
Keyword: Fichiers JDC (*.comm);;Tous les Fichiers (*)
Fr: JDC fichiers (*.comm);Tous les Files(*)
En: JDC Files (*.comm);;All Files(*)
Ja: 日本国土開発ファイル (*.comm);すべての Files(*)
Fr_raw: JDC fichiers (*.comm);Tous les Files(*)
En_raw: JDC Files (*.comm);;All Files(*)
Ja_raw: 日本国土開発ファイル (*.comm);すべての Files(*)

JDC files(*.comm);; All FIles(*)::
Keyword: Fichiers JDC  (*.comm);;Tous les Fichiers (*)
Fr: JDC files(*.comm) ; Tous les FIles(*)
En: JDC files(*.comm);; All FIles(*)
Ja: 日本国土開発 files(*.comm);すべての FIles(*)
Fr_raw: JDC files(*.comm) ; Tous les FIles(*)
En_raw: JDC files(*.comm);; All FIles(*)
Ja_raw: 日本国土開発 files(*.comm);すべての FIles(*)

JDC has to be saved before run::
Keyword: le JDC doit etre sauvegarde avant execution
Fr: JDC doit être enregistrée avant course
En: JDC has to be saved before run
Ja: 日本国土開発を実行する前に保存するには
Fr_raw: JDC doit être enregistrée avant course
En_raw: JDC has to be saved before run
Ja_raw: 日本国土開発を実行する前に保存するには

JDC has to be valid before run::
Keyword: le JDC doit etre valide pour une execution MAP
Fr: JDC doit être valide avant course
En: JDC has to be valid before run
Ja: JDC は実行する前に有効である必要があります。
Fr_raw: JDC doit être valide avant course
En_raw: JDC has to be valid before run
Ja_raw: JDC は実行する前に有効である必要があります。

JDC must contains a single componant::
Keyword: le JDC doit contenir un et un seul composant
Fr: JDC doit comporter une composante unique
En: JDC must contains a single componant
Ja: 日本国土開発にはする必要があります 1 つのコンポーネントが含まれています
Fr_raw: JDC doit comporter une composante unique
En_raw: JDC must contains a single componant
Ja_raw: 日本国土開発にはする必要があります 1 つのコンポーネントが含まれています

JavaDoc comment style C::
Keyword: JavaDoc style C comment
Fr: Commentaire C de style JavaDoc
En: JavaDoc comment style C
Ja: JavaDoc コメント スタイル C
Fr_raw: Commentaire C de style JavaDoc
En_raw: JavaDoc comment style C
Ja_raw: JavaDoc コメント スタイル C

JavaScript ASP number::
Keyword: ASP JavaScript number
Fr: Nombre JavaScript ASP
En: JavaScript ASP number
Ja: Java スクリプトの設定 ASP 番号
Fr_raw: Nombre JavaScript ASP
En_raw: JavaScript ASP number
Ja_raw: Java スクリプトの設定 ASP 番号

JavaScript number::
Keyword: JavaScript number
Fr: Nombre JavaScript
En: JavaScript number
Ja: Java スクリプトの設定数
Fr_raw: Nombre JavaScript
En_raw: JavaScript number
Ja_raw: Java スクリプトの設定数

JavaScript regular expression::
Keyword: JavaScript regular expression
Fr: Expression régulière JavaScript
En: JavaScript regular expression
Ja: JavaScript の正規表現
Fr_raw: Expression régulière JavaScript
En_raw: JavaScript regular expression
Ja_raw: JavaScript の正規表現

JdC::
Keyword: JdC
Fr: 
En: JdC
Ja: 
Fr_raw: 
En_raw: JdC
Ja_raw: 

Join quadrangles::
Keyword: Join Quadrangles
Fr: Joindre quadrangles
En: Join quadrangles
Ja: 四角形を結合します。
Fr_raw: Joindre quadrangles
En_raw: Join quadrangles
Ja_raw: 四角形を結合します。

Join quadrangles by the hexahedral::
Keyword: Join quadrangles with hexahedra
Fr: Joindre des quadrangles par des hexaèdres
En: Join quadrangles by the hexahedral
Ja: 四角形、六面体による参加します。
Fr_raw: Joindre des quadrangles par des hexaèdres
En_raw: Join quadrangles by the hexahedral
Ja_raw: 四角形、六面体による参加します。

Join the quadrangles::
Keyword: Join quadrangles
Fr: Joindre des quadrangles
En: Join the quadrangles
Ja: 四角形を結合します。
Fr_raw: Joindre des quadrangles
En_raw: Join the quadrangles
Ja_raw: 四角形を結合します。

Keyword::
Keyword: Keyword
Fr: Mot-clé
En: Keyword
Ja: キーワード
Fr_raw: Mot-clé
En_raw: Keyword
Ja_raw: キーワード

Keyword %s is deleted::
Keyword: Mot-clef %s supprime 
Fr: Mot clé %s est supprimé
En: Keyword %s is deleted
Ja: キーワード %s が削除されます。
Fr_raw: Mot clé %s est supprimé
En_raw: Keyword %s is deleted
Ja_raw: キーワード %s が削除されます。

Keyword JavaDoc::
Keyword: JavaDoc keyword
Fr: Mot-clé JavaDoc
En: Keyword JavaDoc
Ja: キーワードの JavaDoc
Fr_raw: Mot-clé JavaDoc
En_raw: Keyword JavaDoc
Ja_raw: キーワードの JavaDoc

Keyword JavaScript ASP::
Keyword: ASP JavaScript keyword
Fr: Mot-clé JavaScript ASP 
En: Keyword JavaScript ASP
Ja: キーワード JavaScript ASP
Fr_raw: Mot-clé JavaScript ASP 
En_raw: Keyword JavaScript ASP
Ja_raw: キーワード JavaScript ASP

Keyword PHP::
Keyword: PHP keyword
Fr: Mot-clé PHP
En: Keyword PHP
Ja: PHP のキーワード
Fr_raw: Mot-clé PHP
En_raw: Keyword PHP
Ja_raw: PHP のキーワード

Keyword Python::
Keyword: Python keyword
Fr: Mot-clé Python
En: Keyword Python
Ja: キーワード Python
Fr_raw: Mot-clé Python
En_raw: Keyword Python
Ja_raw: キーワード Python

Keyword Python ASP::
Keyword: ASP Python keyword
Fr: Mot-clé Python ASP
En: Keyword Python ASP
Ja: キーワード Python ASP
Fr_raw: Mot-clé Python ASP
En_raw: Keyword Python ASP
Ja_raw: キーワード Python ASP

Keyword VBScript::
Keyword: VBScript keyword
Fr: Mot-clé VBScript
En: Keyword VBScript
Ja: VBScript キーワード
Fr_raw: Mot-clé VBScript
En_raw: Keyword VBScript
Ja_raw: VBScript キーワード

Keyword VBScript ASP::
Keyword: ASP VBScript keyword
Fr: Mot-clé VBScript ASP 
En: Keyword VBScript ASP
Ja: キーワードの VBScript ASP
Fr_raw: Mot-clé VBScript ASP 
En_raw: Keyword VBScript ASP
Ja_raw: キーワードの VBScript ASP

Keyword deleted::
Keyword: Mot-cle %s supprime
Fr: Mot clé supprimée
En: Keyword deleted
Ja: キーワードの削除
Fr_raw: Mot clé supprimée
En_raw: Keyword deleted
Ja_raw: キーワードの削除

LGPL::
Keyword: ABOUT_LICENSE
Fr: LGPL
En: LGPL
Ja: GNU LGPL
Fr_raw: LGPL
En_raw: LGPL
Ja_raw: GNU LGPL

LTR::
Keyword: 
Fr: LTR
En: LTR
Ja: LTR
Fr_raw: LTR
En_raw: LTR
Ja_raw: LTR

Law::
Keyword: LAW
Fr: Loi
En: Law
Ja: 法
Fr_raw: Loi
En_raw: Law
Ja_raw: 法

Law removed::
Keyword: LAW REMOVED
Fr: Loi supprimée
En: Law removed
Ja: 削除法
Fr_raw: Loi supprimée
En_raw: Law removed
Ja_raw: 削除法

Laws::
Keyword: TREE_ITEM_LAW
Fr: Lois
En: Laws
Ja: 法律
Fr_raw: Lois
En_raw: Laws
Ja_raw: 法律

Layout of the subviews::
Keyword: Sub-views Layout
Fr: Mise en page des sous-vues
En: Layout of the subviews
Ja: サブビューのレイアウト
Fr_raw: Mise en page des sous-vues
En_raw: Layout of the subviews
Ja_raw: サブビューのレイアウト

Layout views::
Keyword: Views Layout
Fr: Mise en page des vues
En: Layout views
Ja: レイアウト ビュー
Fr_raw: Mise en page des vues
En_raw: Layout views
Ja_raw: レイアウト ビュー

Light::
Keyword: LEVEL_LIGHT
Fr: Léger
En: Light
Ja: 光
Fr_raw: Léger
En_raw: Light
Ja_raw: 光

Line added::
Keyword: Added line
Fr: Ligne ajoutée
En: Line added
Ja: 行の追加
Fr_raw: Ligne ajoutée
En_raw: Line added
Ja_raw: 行の追加

Line comment JavaScript::
Keyword: JavaScript line comment
Fr: Commentaire de ligne JavaScript
En: Line comment JavaScript
Ja: 行コメント java スクリプトの設定
Fr_raw: Commentaire de ligne JavaScript
En_raw: Line comment JavaScript
Ja_raw: 行コメント java スクリプトの設定

Line comment JavaScript ASP::
Keyword: ASP JavaScript line comment
Fr: Commentaire de ligne JavaScript ASP
En: Line comment JavaScript ASP
Ja: 行コメント JavaScript ASP
Fr_raw: Commentaire de ligne JavaScript ASP
En_raw: Line comment JavaScript ASP
Ja_raw: 行コメント JavaScript ASP

Line commented::
Keyword: Comment line
Fr: Ligne commentée
En: Line commented
Ja: 行コメント
Fr_raw: Ligne commentée
En_raw: Line commented
Ja_raw: 行コメント

Line deleted::
Keyword: Removed line
Fr: Ligne supprimée
En: Line deleted
Ja: 行の削除
Fr_raw: Ligne supprimée
En_raw: Line deleted
Ja_raw: 行の削除

Lines::
Keyword: Lines
Fr: Lignes
En: Lines
Ja: ライン
Fr_raw: Lignes
En_raw: Lines
Ja_raw: ライン

Link::
Keyword: Link
Fr: Lien
En: Link
Ja: リンク
Fr_raw: Lien
En_raw: Link
Ja_raw: リンク

List of views::
Keyword: Views List
Fr: Liste des vues
En: List of views
Ja: ビューの一覧
Fr_raw: Liste des vues
En_raw: List of views
Ja_raw: ビューの一覧

Literal string::
Keyword: Literal string
Fr: Chaîne littérale
En: Literal string
Ja: リテラル文字列
Fr_raw: Chaîne littérale
En_raw: Literal string
Ja_raw: リテラル文字列

Loading catalog::
Keyword: Import du catalogue
Fr: Catalogue de chargement
En: Loading catalog
Ja: 読み込みカタログ
Fr_raw: Catalogue de chargement
En_raw: Loading catalog
Ja_raw: 読み込みカタログ

Loading the page::
Keyword: Formfeed
Fr: Chargement de la page
En: Loading the page
Ja: ページの読み込み
Fr_raw: Chargement de la page
En_raw: Loading the page
Ja_raw: ページの読み込み

Location \"%1\" does point to any directory "::
Keyword: Location \"%1\" doesn't point to directory
Fr: L'emplacement \"%1\" ne pointe sur aucun répertoire
En: Location \"%1\" does point to any directory "
Ja: 場所 \"%1\"はディレクトリに指定できません。"
Fr_raw: L'emplacement \"%1\" ne pointe sur aucun répertoire
En_raw: Location \"%1\" does point to any directory "
Ja_raw: 場所 \"%1\"はディレクトリに指定できません。"

Location \"%1\" does point to any file "::
Keyword: Location \"%1\" doesn't point to file
Fr: L'emplacement \"%1\" ne pointe sur aucun fichier
En: Location \"%1\" does point to any file "
Ja: 場所 \"%1\"は任意のファイルを指しています。
Fr_raw: L'emplacement \"%1\" ne pointe sur aucun fichier
En_raw: Location \"%1\" does point to any file "
Ja_raw: 場所 \"%1\"は任意のファイルを指しています。

MAP Directory :::
Keyword: Répertoire d'installation des codes MAP :
Fr: Répertoire de la carte :
En: MAP Directory :
Ja: マップ ディレクトリ:
Fr_raw: Répertoire de la carte :
En_raw: MAP Directory :
Ja_raw: マップ ディレクトリ:

MP : Module                                                 Phase::
Keyword: MP      : Module                                                 Phase
Fr: MP : Module                                                 Phase
En: MP : Module                                                 Phase
Ja: MP : Module                                                 Phase
Fr_raw: MP : Module                                                 Phase
En_raw: MP : Module                                                 Phase
Ja_raw: MP : Module                                                 Phase

Main Window::
Keyword: MainWindow
Fr: Fenêtre principale
En: Main Window
Ja: メイン ウィンドウ
Fr_raw: Fenêtre principale
En_raw: Main Window
Ja_raw: メイン ウィンドウ

Many Python::
Keyword: Python number
Fr: Nombre Python
En: Many Python
Ja: 多くの Python
Fr_raw: Nombre Python
En_raw: Many Python
Ja_raw: 多くの Python

Map options::
Keyword: Options Map
Fr: Options de carte
En: Map options
Ja: マップ オプション
Fr_raw: Options de carte
En_raw: Map options
Ja_raw: マップ オプション

Materiaux Directory :::
Keyword: Répertoire d'accès aux matériaux :
Fr: Materiaux Directory :
En: Materiaux Directory :
Ja: 材料ディレクトリ:
Fr_raw: Materiaux Directory :
En_raw: Materiaux Directory :
Ja_raw: 材料ディレクトリ:

Max memory (MB)::
Keyword: Hexotic_MAX_MEMORY
Fr: Mémoire maximum (MB)
En: Max memory (MB)
Ja: 最大メモリ (MB)
Fr_raw: Mémoire maximum (MB)
En_raw: Max memory (MB)
Ja_raw: 最大メモリ (MB)

Max size::
Keyword: Hexotic_MAX_SIZE
Fr: Taille max
En: Max size
Ja: 最大サイズ
Fr_raw: Taille max
En_raw: Max size
Ja_raw: 最大サイズ

Maximum memory size::
Keyword: MAX_MEMORY_SIZE
Fr: Taille maximale de la mémoire
En: Maximum memory size
Ja: 最大メモリ サイズ
Fr_raw: Taille maximale de la mémoire
En_raw: Maximum memory size
Ja_raw: 最大メモリ サイズ

Medium (standard)::
Keyword: LEVEL_MEDIUM
Fr: Moyen (standard)
En: Medium (standard)
Ja: (標準) の方法
Fr_raw: Moyen (standard)
En_raw: Medium (standard)
Ja_raw: (標準) の方法

Megabytes::
Keyword: MEGABYTE
Fr: Megabytes
En: Megabytes
Ja: メガバイト
Fr_raw: Megabytes
En_raw: Megabytes
Ja_raw: メガバイト

Menu bar::
Keyword: Menu bar
Fr: Barre de menu
En: Menu bar
Ja: メニュー バー
Fr_raw: Barre de menu
En_raw: Menu bar
Ja_raw: メニュー バー

Merge::
Keyword: Merge
Fr: Fusionner
En: Merge
Ja: 差し込み印刷
Fr_raw: Fusionner
En_raw: Merge
Ja_raw: 差し込み印刷

Mesh::
Keyword: Mesh
Fr: Maillage
En: Mesh
Ja: メッシュ
Fr_raw: Maillage
En_raw: Mesh
Ja_raw: メッシュ

Method or function Python ASP::
Keyword: ASP Python function or method name
Fr: Méthode ou fonction Python ASP
En: Method or function Python ASP
Ja: メソッドまたは関数 Python ASP
Fr_raw: Méthode ou fonction Python ASP
En_raw: Method or function Python ASP
Ja_raw: メソッドまたは関数 Python ASP

Method or function name::
Keyword: Function or method name
Fr: Nom de méthode ou de fonction
En: Method or function name
Ja: メソッドまたは関数の名前
Fr_raw: Nom de méthode ou de fonction
En_raw: Method or function name
Ja_raw: メソッドまたは関数の名前

Min size::
Keyword: Hexotic_MIN_SIZE
Fr: Taille min
En: Min size
Ja: サイズ分
Fr_raw: Taille min
En_raw: Min size
Ja_raw: サイズ分

Model::
Keyword: Model
Fr: Modèle
En: Model
Ja: モデル
Fr_raw: Modèle
En_raw: Model
Ja_raw: モデル

Model Information::
Keyword: MODEL_INFO
Fr: Info du model
En: Model Information
Ja: 情報モデル
Fr_raw: Info du model
En_raw: Model Information
Ja_raw: 情報モデル

Moderate::
Keyword: Mid
Fr: Moyen
En: Moderate
Ja: 普通
Fr_raw: Moyen
En_raw: Moderate
Ja_raw: 普通

Modification of a Summit::
Keyword: Vertex Modification
Fr: Modification d'un sommet
En: Modification of a Summit
Ja: サミットの変更
Fr_raw: Modification d'un sommet
En_raw: Modification of a Summit
Ja_raw: サミットの変更

Modification of the spread::
Keyword: Propagation Modification
Fr: Modification de la propagation
En: Modification of the spread
Ja: スプレッドの変更
Fr_raw: Modification de la propagation
En_raw: Modification of the spread
Ja_raw: スプレッドの変更

Mosaic::
Keyword: Tile
Fr: Mosaïque
En: Mosaic
Ja: モザイク
Fr_raw: Mosaïque
En_raw: Mosaic
Ja_raw: モザイク

Mot JavaScript ASP::
Keyword: ASP JavaScript word
Fr: Mot JavaScript ASP
En: Mot JavaScript ASP
Ja: Mot JavaScript ASP
Fr_raw: Mot JavaScript ASP
En_raw: Mot JavaScript ASP
Ja_raw: Mot JavaScript ASP

Move one character to the left::
Keyword: Move left one character
Fr: Déplacement d'un caractère vers la gauche
En: Move one character to the left
Ja: 1 文字左へ移動します。
Fr_raw: Déplacement d'un caractère vers la gauche
En_raw: Move one character to the left
Ja_raw: 1 文字左へ移動します。

Move one character to the right::
Keyword: Move right one character
Fr: Déplacement d'un caractère vers la droite
En: Move one character to the right
Ja: 1 文字右へ移動します。
Fr_raw: Déplacement d'un caractère vers la droite
En_raw: Move one character to the right
Ja_raw: 1 文字右へ移動します。

Move one word to the left::
Keyword: Move left one word
Fr: Déplacement d'un mot vers la gauche
En: Move one word to the left
Ja: 1 単語左に移動します。
Fr_raw: Déplacement d'un mot vers la gauche
En_raw: Move one word to the left
Ja_raw: 1 単語左に移動します。

Move one word to the right::
Keyword: Move right one word
Fr: Déplacement d'un mot vers la droite
En: Move one word to the right
Ja: 1 単語右に移動します。
Fr_raw: Déplacement d'un mot vers la droite
En_raw: Move one word to the right
Ja_raw: 1 単語右に移動します。

Moving a page down::
Keyword: Move down one page
Fr: Déplacement d'une page vers le bas
En: Moving a page down
Ja: ページを下に移動
Fr_raw: Déplacement d'une page vers le bas
En_raw: Moving a page down
Ja_raw: ページを下に移動

Moving a page up::
Keyword: Move up one page
Fr: Déplacement d'une page vers le haut
En: Moving a page up
Ja: ページを上に移動
Fr_raw: Déplacement d'une page vers le haut
En_raw: Moving a page up
Ja_raw: ページを上に移動

Moving a paragraph down::
Keyword: Move down one paragraph
Fr: Déplacement d'un paragraphe vers le bas
En: Moving a paragraph down
Ja: 段落を下に移動
Fr_raw: Déplacement d'un paragraphe vers le bas
En_raw: Moving a paragraph down
Ja_raw: 段落を下に移動

Moving a part of Word to the left::
Keyword: Move left one word part
Fr: Déplacement d'une part de mot vers la gauche
En: Moving a part of Word to the left
Ja: 単語の一部を左に移動します
Fr_raw: Déplacement d'une part de mot vers la gauche
En_raw: Moving a part of Word to the left
Ja_raw: 単語の一部を左に移動します

Moving a part of Word to the right::
Keyword: Move right one word part
Fr: Déplacement d'une part de mot vers la droite
En: Moving a part of Word to the right
Ja: 単語の一部を右に移動
Fr_raw: Déplacement d'une part de mot vers la droite
En_raw: Moving a part of Word to the right
Ja_raw: 単語の一部を右に移動

Name::
Keyword: GEOM_RESULT_NAME_LBL
Fr: Nom
En: Name
Ja: 名前
Fr_raw: Nom
En_raw: Name
Ja_raw: 名前

Name is refused : already existing concept::
Keyword: Nommage du concept refuse : un concept de meme nom existe deja
Fr: Nom est refusée : concept déjà existant
En: Name is refused : already existing concept
Ja: 名前は拒否されます既に既存の概念。
Fr_raw: Nom est refusée : concept déjà existant
En_raw: Name is refused : already existing concept
Ja_raw: 名前は拒否されます既に既存の概念。

Name of class::
Keyword: Class name
Fr: Nom de classe
En: Name of class
Ja: クラスの名前
Fr_raw: Nom de classe
En_raw: Name of class
Ja_raw: クラスの名前

Name of class Python ASP::
Keyword: ASP Python class name
Fr: Nom de classe Python ASP
En: Name of class Python ASP
Ja: クラス Python ASP の名前
Fr_raw: Nom de classe Python ASP
En_raw: Name of class Python ASP
Ja_raw: クラス Python ASP の名前

Name of the file::
Keyword: File name
Fr: Nom du fichier
En: Name of the file
Ja: ファイルの名前
Fr_raw: Nom du fichier
En_raw: Name of the file
Ja_raw: ファイルの名前

Nb. Hexes Max Level::
Keyword: Hexotic_HEXES_MAX_LEVEL
Fr: Nb. des hexagones: niveau max
En: Nb. Hexes Max Level
Ja: 六角形の nb に登録: 最大レベル
Fr_raw: Nb. des hexagones: niveau max
En_raw: Nb. Hexes Max Level
Ja_raw: 六角形の nb に登録: 最大レベル

Nb. Hexes Min Level::
Keyword: Hexotic_HEXES_MIN_LEVEL
Fr: Nb. des hexagones: niveau min
En: Nb. Hexes Min Level
Ja: 六角形の nb に登録: レベル分
Fr_raw: Nb. des hexagones: niveau min
En_raw: Nb. Hexes Min Level
Ja_raw: 六角形の nb に登録: レベル分

New::
Keyword: &Nouveau
Fr: Nouvelle(N)
En: New
Ja: 新規作成
Fr_raw: Nouvelle(&N)
En_raw: &New
Ja_raw: 新規作成(&N)
Fr_Option_Text: (&N)
En_Option_Text: (&N)
Ja_Option_Text: (&N)

New Command::
Keyword: Nouvelle Commande
Fr: Nouvelle commande
En: New Command
Ja: 新しいコマンド
Fr_raw: Nouvelle commande
En_raw: New Command
Ja_raw: 新しいコマンド

New Include::
Keyword: Nouvel Include
Fr: Nouveau inclure
En: New Include
Ja: 作成する新しいインクルードします。
Fr_raw: Nouveau inclure
En_raw: New Include
Ja_raw: 作成する新しいインクルードします。

Next::
Keyword: Suivant
Fr: Prochaine
En: Next
Ja: 次
Fr_raw: Prochaine
En_raw: Next
Ja_raw: 次

No::
Keyword: &Non
Fr: Non(N)
En: No
Ja: いいえ
Fr_raw: Non(&N)
En_raw: &No
Ja_raw: いいえ(&N)
Fr_Option_Text: (&N)
En_Option_Text: (&N)
Ja_Option_Text: (&N)

No Object of this type is defined::
Keyword: Aucun Objet de ce type n'est defini
Fr: Aucun objet de ce type n'est défini
En: No Object of this type is defined
Ja: この型のオブジェクトが定義されていません
Fr_raw: Aucun objet de ce type n'est défini
En_raw: No Object of this type is defined
Ja_raw: この型のオブジェクトが定義されていません

No catalog::
Keyword: Aucun catalogue trouve
Fr: Pas de catalogue
En: No catalog
Ja: ないカタログ
Fr_raw: Pas de catalogue
En_raw: No catalog
Ja_raw: ないカタログ

No catalog for this code::
Keyword: Pas de catalogue defini pour le code 
Fr: Pas de catalogue pour ce code
En: No catalog for this code
Ja: このコードのないカタログ
Fr_raw: Pas de catalogue pour ce code
En_raw: No catalog for this code
Ja_raw: このコードのないカタログ

No difference between the primary file and the translated file::
Keyword: Pas de difference entre le fichier origine et le fichier traduit
Fr: Pas de différence entre le primaire et le fichier traduit
En: No difference between the primary file and the translated file
Ja: プライマリ ファイルと翻訳済みファイルとの間の差
Fr_raw: Pas de différence entre le primaire et le fichier traduit
En_raw: No difference between the primary file and the translated file
Ja_raw: プライマリ ファイルと翻訳済みファイルとの間の差

No name %s::
Keyword: Sans nom %s
Fr: Aucun nom de %s
En: No name %s
Ja: 名前のない %s
Fr_raw: Aucun nom de %s
En_raw: No name %s
Ja_raw: 名前のない %s

No name for parameter EVAL::
Keyword: Pas de nom donne au parametre EVAL
Fr: Aucun nom de paramètre EVAL
En: No name for parameter EVAL
Ja: EVAL のパラメーター名がありません。
Fr_raw: Aucun nom de paramètre EVAL
En_raw: No name for parameter EVAL
Ja_raw: EVAL のパラメーター名がありません。

No name given::
Keyword: Pas de nom donné au paramètre 
Fr: Aucun nom donné
En: No name given
Ja: 与えられた名前のないです。
Fr_raw: Aucun nom donné
En_raw: No name given
Ja_raw: 与えられた名前のないです。

No object was cut or copied::
Keyword: Aucun Objet n a ete copie ou coupe
Fr: Aucun objet n'a été coupé ou copié
En: No object was cut or copied
Ja: ないオブジェクトが切り取りまたはコピー
Fr_raw: Aucun objet n'a été coupé ou copié
En_raw: No object was cut or copied
Ja_raw: ないオブジェクトが切り取りまたはコピー

No(N)::
Keyword: &No
Fr: Non
En: No(N)
Ja: いいえ
Fr_raw: &Non
En_raw: No(&N)
Ja_raw: いいえ(&N)
Fr_Option_Text: (&N)
En_Option_Text: (&N)
Ja_Option_Text: (&N)

Nombre Python ASP::
Keyword: ASP Python number
Fr: Nombre Python ASP
En: Nombre Python ASP
Ja: ノンブレ Python ASP
Fr_raw: Nombre Python ASP
En_raw: Nombre Python ASP
Ja_raw: ノンブレ Python ASP

Nombre VBScript::
Keyword: VBScript number
Fr: Nombre VBScript
En: Nombre VBScript
Ja: ノンブレ VBScript
Fr_raw: Nombre VBScript
En_raw: Nombre VBScript
Ja_raw: ノンブレ VBScript

Nombre VBScript ASP::
Keyword: ASP VBScript number
Fr: Nombre VBScript ASP
En: Nombre VBScript ASP
Ja: ノンブレ VBScript ASP
Fr_raw: Nombre VBScript ASP
En_raw: Nombre VBScript ASP
Ja_raw: ノンブレ VBScript ASP

Non-manifold geometries::
Keyword: Hexotic_SD_MODE_4
Fr: Géométries "non-manifold"
En: Non-manifold geometries
Ja: ジオメトリ「マニホールド」
Fr_raw: Géométries "non-manifold"
En_raw: Non-manifold geometries
Ja_raw: ジオメトリ「マニホールド」

None::
Keyword: LEVEL_NONE
Fr: Inactif
En: None
Ja: 非アクティブ
Fr_raw: Inactif
En_raw: None
Ja_raw: 非アクティブ

None is an incorrect value for parameter %s::
Keyword: Le paramètre %s ne peut valoir None
Fr: Aucun n'est une valeur incorrecte pour le paramètre %s
En: None is an incorrect value for parameter %s
Ja: パラメーター %s に不適切な値がないです。
Fr_raw: Aucun n'est une valeur incorrecte pour le paramètre %s
En_raw: None is an incorrect value for parameter %s
Ja_raw: パラメーター %s に不適切な値がないです。

None is not a valid value::
Keyword: None n'est pas une valeur autorisee
Fr: Aucun n'est pas une valeur valide
En: None is not a valid value
Ja: None は、有効な値ではありません。
Fr_raw: Aucun n'est pas une valeur valide
En_raw: None is not a valid value
Ja_raw: None は、有効な値ではありません。

None is not a valid value for EVAL::
Keyword: Le parametre EVAL ne peut valoir None
Fr: Aucun n'est pas une valeur valide pour EVAL
En: None is not a valid value for EVAL
Ja: None が EVAL の値が有効でないです。
Fr_raw: Aucun n'est pas une valeur valide pour EVAL
En_raw: None is not a valid value for EVAL
Ja_raw: None が EVAL の値が有効でないです。

None is not a valid value for Eval parameter %s ::
Keyword: Le parametre EVAL %s ne peut valoir None
Fr: Aucun n'est pas une valeur valide pour le paramètre Eval %s
En: None is not a valid value for Eval parameter %s 
Ja: どれも Eval パラメーター %s の有効な値ではありません。
Fr_raw: Aucun n'est pas une valeur valide pour le paramètre Eval %s
En_raw: None is not a valid value for Eval parameter %s 
Ja_raw: どれも Eval パラメーター %s の有効な値ではありません。

Not implemented fromat::
Keyword: Format pas implémenté : %s
Fr: Non implémenté fromat
En: Not implemented fromat
Ja: テキスト形は実装されていません
Fr_raw: Non implémenté fromat
En_raw: Not implemented fromat
Ja_raw: テキスト形は実装されていません

Not yet available::
Keyword: Not implemented yet
Fr: Pas encore disponible
En: Not yet available
Ja: まだ利用できません。
Fr_raw: Pas encore disponible
En_raw: Not yet available
Ja_raw: まだ利用できません。

Number::
Keyword: Number
Fr: Nombre
En: Number
Ja: 番号
Fr_raw: Nombre
En_raw: Number
Ja_raw: 番号

Number HTML::
Keyword: HTML number
Fr: Nombre HTML
En: Number HTML
Ja: HTML 番号
Fr_raw: Nombre HTML
En_raw: Number HTML
Ja_raw: HTML 番号

Number PHP::
Keyword: PHP number
Fr: Nombre PHP
En: Number PHP
Ja: PHP の数
Fr_raw: Nombre PHP
En_raw: Number PHP
Ja_raw: PHP の数

Number of threads::
Keyword: Hexotic_NB_PROC
Fr: Nombre de process
En: Number of threads
Ja: プロセスの数
Fr_raw: Nombre de process
En_raw: Number of threads
Ja_raw: プロセスの数

OK::
Keyword: BUT_OK
Fr: OK
En: OK
Ja: わかりました
Fr_raw: OK
En_raw: OK
Ja_raw: わかりました

Object %(v_1)s can not be a child for %(v_2)s::
Keyword: L'objet %(v_1)s ne peut  etre un fils de %(v_2)s
Fr: Objet %s (v_1) ne peut pas être un enfant pour %s (v_2)
En: Object %(v_1)s can not be a child for %(v_2)s
Ja: オブジェクト %s (v_1) (v_2) %s の子をすることはできません。
Fr_raw: Objet %s (v_1) ne peut pas être un enfant pour %s (v_2)
En_raw: Object %(v_1)s can not be a child for %(v_2)s
Ja_raw: オブジェクト %s (v_1) (v_2) %s の子をすることはできません。

Object %s can not be repeated::
Keyword: L'objet %s ne peut pas etre repete
Fr: Objet %s ne peut pas être répété
En: Object %s can not be repeated
Ja: オブジェクト %s を繰り返すことはできません。
Fr_raw: Objet %s ne peut pas être répété
En_raw: Object %s can not be repeated
Ja_raw: オブジェクト %s を繰り返すことはできません。

Object %s cannot be add::
Keyword: L'objet %s ne peut pas etre ajoute
Fr: Objet %s ne peut être ajouter
En: Object %s cannot be add
Ja: オブジェクト %s を追加できません。
Fr_raw: Objet %s ne peut être ajouter
En_raw: Object %s cannot be add
Ja_raw: オブジェクト %s を追加できません。

Objects, CSG and appearance::
Keyword: Objects, CSG and appearance
Fr: Objets, CSG et apparence
En: Objects, CSG and appearance
Ja: オブジェクト、CSG および外観
Fr_raw: Objets, CSG et apparence
En_raw: Objects, CSG and appearance
Ja_raw: オブジェクト、CSG および外観

Ok::
Keyword: &Ok
Fr: 
En: Ok
Ja: 
Fr_raw: 
En_raw: &Ok
Ja_raw: 
En_Option_Text: (&O)

Ok and Close::
Keyword: Valider et fermer
Fr: OK et fermer
En: Ok and Close
Ja: Ok し、閉じる
Fr_raw: OK et fermer
En_raw: Ok and Close
Ja_raw: Ok し、閉じる

Open::
Keyword: &Ouvrir
Fr: Ouvrir(O)
En: Open
Ja: 開く
Fr_raw: Ouvrir(&O)
En_raw: &Open
Ja_raw: 開く(&O)
Fr_Option_Text: (&O)
En_Option_Text: (&O)
Ja_Option_Text: (&O)

Open TURNS Directory::
Keyword: Repertoire Open TURNS 
Fr: TOURS Open Directory
En: Open TURNS Directory
Ja: 開いているターン ディレクトリ
Fr_raw: TOURS Open Directory
En_raw: Open TURNS Directory
Ja_raw: 開いているターン ディレクトリ

Open TURNS Directory :::
Keyword: Répertoire d'installation d'Open TURNS :
Fr: TOURS Open Directory :
En: Open TURNS Directory :
Ja: 開いているターン ディレクトリ:
Fr_raw: TOURS Open Directory :
En_raw: Open TURNS Directory :
Ja_raw: 開いているターン ディレクトリ:

Open a document::
Keyword: Load a document
Fr: Ouvrir un document
En: Open a document
Ja: 文書を開く
Fr_raw: Ouvrir un document
En_raw: Open a document
Ja_raw: 文書を開く

Open a document HexaBlock::
Keyword: Open HexaBlock Document
Fr: Ouvrir un document HexaBlock
En: Open a document HexaBlock
Ja: HexaBlock ドキュメントを開く
Fr_raw: Ouvrir un document HexaBlock
En_raw: Open a document HexaBlock
Ja_raw: HexaBlock ドキュメントを開く

Open file::
Keyword: Open file
Fr: Ouvrir le fichier
En: Open file
Ja: ファイルを開く
Fr_raw: Ouvrir le fichier
En_raw: Open file
Ja_raw: ファイルを開く

Operator::
Keyword: Operator
Fr: Opérateur
En: Operator
Ja: 演算子
Fr_raw: Opérateur
En_raw: Operator
Ja_raw: 演算子

Operator 're-entrant' and concept exists::
Keyword: Operateur reentrant et concept existant trouve
Fr: Opérateur « redevient » et le concept existe
En: Operator 're-entrant' and concept exists
Ja: 演算子 '入' と概念が存在します。
Fr_raw: Opérateur « redevient » et le concept existe
En_raw: Operator 're-entrant' and concept exists
Ja_raw: 演算子 '入' と概念が存在します。

Operator PHP::
Keyword: PHP operator
Fr: Opérateur PHP
En: Operator PHP
Ja: 演算子 PHP
Fr_raw: Opérateur PHP
En_raw: Operator PHP
Ja_raw: 演算子 PHP

Operator Python::
Keyword: Python operator
Fr: Opérateur Python
En: Operator Python
Ja: Python 演算子
Fr_raw: Opérateur Python
En_raw: Operator Python
Ja_raw: Python 演算子

Operator Python ASP::
Keyword: ASP Python operator
Fr: Opérateur Python ASP
En: Operator Python ASP
Ja: Python 演算子 ASP
Fr_raw: Opérateur Python ASP
En_raw: Operator Python ASP
Ja_raw: Python 演算子 ASP

Operator returns a concept of type :::
Keyword: L'opérateur retourne un concept de type :
Fr: Opérateur renvoie à un concept de type :
En: Operator returns a concept of type :
Ja: 演算子は、型の概念を返します。
Fr_raw: Opérateur renvoie à un concept de type :
En_raw: Operator returns a concept of type :
Ja_raw: 演算子は、型の概念を返します。

Optimization level::
Keyword: HEXABLOCK_OPTIMIZATIOL_LEVEL
Fr: Niveau d'optimisation
En: Optimization level
Ja: 最適化のレベル
Fr_raw: Niveau d'optimisation
En_raw: Optimization level
Ja_raw: 最適化のレベル

Option TURNS::
Keyword: Option TURNS
Fr: 
En: Option TURNS
Ja: 
Fr_raw: 
En_raw: Option TURNS
Ja_raw: 

Option as text::
Keyword: TEXT_OPTION
Fr: Option comme texte
En: Option as text
Ja: テキスト オプション
Fr_raw: Option comme texte
En_raw: Option as text
Ja_raw: テキスト オプション

Options::
Keyword: Options
Fr: 
En: Options
Ja: 
Fr_raw: 
En_raw: Options
Ja_raw: 

Or::
Keyword: Ou
Fr: Ou
En: Or
Ja: または
Fr_raw: Ou
En_raw: Or
Ja_raw: または

Other colors...::
Keyword: Other colors...
Fr: Autres couleurs...
En: Other colors...
Ja: その他の色.
Fr_raw: Autres couleurs...
En_raw: Other colors...
Ja_raw: その他の色.

Other file::
Keyword: Autre Fichier
Fr: Autre fichier
En: Other file
Ja: その他のファイル
Fr_raw: Autre fichier
En_raw: Other file
Ja_raw: その他のファイル

PDF for the law : ::
Keyword: PDF de la loi : 
Fr: PDF du droit :
En: PDF for the law : 
Ja: 法律のための PDF：
Fr_raw: PDF du droit :
En_raw: PDF for the law : 
Ja_raw: 法律のための PDF：

PDF reader::
Keyword: Lecteur PDF
Fr: Lecteur de PDF
En: PDF reader
Ja: PDF リーダー
Fr_raw: Lecteur de PDF
En_raw: PDF reader
Ja_raw: PDF リーダー

PHP (double quotation marks) string::
Keyword: PHP double-quoted string
Fr: Chaine de caractères PHP (guillemets doubles)
En: PHP (double quotation marks) string
Ja: (二重引用符) PHP の文字列
Fr_raw: Chaine de caractères PHP (guillemets doubles)
En_raw: PHP (double quotation marks) string
Ja_raw: (二重引用符) PHP の文字列

PHP (double quote) variable::
Keyword: PHP double-quoted variable
Fr: Variable PHP (guillemets doubles)
En: PHP (double quote) variable
Ja: (二重引用符) PHP 変数
Fr_raw: Variable PHP (guillemets doubles)
En_raw: PHP (double quote) variable
Ja_raw: (二重引用符) PHP 変数

PHP (single quotation marks) string::
Keyword: PHP single-quoted string
Fr: Chaine de caractères PHP (guillemets simples)
En: PHP (single quotation marks) string
Ja: PHP (単一引用符) の文字列
Fr_raw: Chaine de caractères PHP (guillemets simples)
En_raw: PHP (single quotation marks) string
Ja_raw: PHP (単一引用符) の文字列

PHP by default::
Keyword: PHP default
Fr: PHP par défaut
En: PHP by default
Ja: デフォルトでは PHP
Fr_raw: PHP par défaut
En_raw: PHP by default
Ja_raw: デフォルトでは PHP

PHP line comment::
Keyword: PHP line comment
Fr: Commentaire de ligne PHP
En: PHP line comment
Ja: PHP 行コメント
Fr_raw: Commentaire de ligne PHP
En_raw: PHP line comment
Ja_raw: PHP 行コメント

POURSUITE command expects a file name : ::
Keyword: <font size="+1">La commande POURSUITE requiert un nom de Fichier :</font>
Fr: Commande POURSUITE attend un nom de fichier :
En: POURSUITE command expects a file name : 
Ja: POURSUITE コマンドは、ファイル名を受け取ります。
Fr_raw: Commande POURSUITE attend un nom de fichier :
En_raw: POURSUITE command expects a file name : 
Ja_raw: POURSUITE コマンドは、ファイル名を受け取ります。

Pan::
Keyword: MNU_PAN_VIEW
Fr: Redimensionner la vue
En: Pan
Ja: ビューのサイズを変更します。
Fr_raw: Redimensionner la vue
En_raw: Pan
Ja_raw: ビューのサイズを変更します。

Pan the view::
Keyword: DSC_PAN_VIEW
Fr: Redimensionner la vue
En: Pan the view
Ja: ビューのサイズを変更します。
Fr_raw: Redimensionner la vue
En_raw: Pan the view
Ja_raw: ビューのサイズを変更します。

Parameter extension::
Keyword: Parameter expansion
Fr: Extension de paramètre
En: Parameter extension
Ja: パラメーターの拡張
Fr_raw: Extension de paramètre
En_raw: Parameter extension
Ja_raw: パラメーターの拡張

Parameter's value::
Keyword: Valeur Parametre
Fr: Valeur du paramètre
En: Parameter's value
Ja: パラメーターの値
Fr_raw: Valeur du paramètre
En_raw: Parameter's value
Ja_raw: パラメーターの値

Parameters::
Keyword: &Parametres
Fr: Paramètres(P)
En: Parameters
Ja: パラメーター
Fr_raw: Paramètres(&P)
En_raw: &Parameters
Ja_raw: パラメーター(&P)
Fr_Option_Text: (&P)
En_Option_Text: (&P)
Ja_Option_Text: (&P)

Parameters of the propagation::
Keyword: Propagation Setting
Fr: Paramètres de la propagation
En: Parameters of the propagation
Ja: 伝搬パラメーター
Fr_raw: Paramètres de la propagation
En_raw: Parameters of the propagation
Ja_raw: 伝搬パラメーター

Paste::
Keyword: Coller
Fr: Pâte
En: Paste
Ja: 貼り付け
Fr_raw: Pâte
En_raw: Paste
Ja_raw: 貼り付け

Patterns::
Keyword: Patrons
Fr: Modèles
En: Patterns
Ja: パターン
Fr_raw: Modèles
En_raw: Patterns
Ja_raw: パターン

Pdf Reader::
Keyword: Lecteur Pdf :
Fr: PDF Reader
En: Pdf Reader
Ja: Pdf リーダー
Fr_raw: PDF Reader
En_raw: Pdf Reader
Ja_raw: Pdf リーダー

Peudo-class unknown::
Keyword: Unknown pseudo-class
Fr: Peudo-classe inconnue
En: Peudo-class unknown
Ja: Peudo クラス未知
Fr_raw: Peudo-classe inconnue
En_raw: Peudo-class unknown
Ja_raw: Peudo クラス未知

Pipe::
Keyword: PIPE
Fr: Tuyau
En: Pipe
Ja: Pipe
Fr_raw: Tuyau
En_raw: Pipe
Ja_raw: Pipe

Pipes::
Keyword: TREE_ITEM_PIPE
Fr: Tuyaux
En: Pipes
Ja: パイプ
Fr_raw: Tuyaux
En_raw: Pipes
Ja_raw: パイプ

Please select a propagation::
Keyword: PLEASE SELECT A PROPAGATION
Fr: Veuillez choisir une propagation
En: Please select a propagation
Ja: スプレッドを選択してください。
Fr_raw: Veuillez choisir une propagation
En_raw: Please select a propagation
Ja_raw: スプレッドを選択してください。

Please, choose a code :::
Keyword: Veuillez choisir un code :
Fr: Veuillez choisir un code :
En: Please, choose a code :
Ja: コードを選択してください。
Fr_raw: Veuillez choisir un code :
En_raw: Please, choose a code :
Ja_raw: コードを選択してください。

Please, enter a float::
Keyword: Entrer un float SVP
Fr: S'il vous plaît, entrez un flotteur
En: Please, enter a float
Ja: 浮動小数点数を入力してください。
Fr_raw: S'il vous plaît, entrez un flotteur
En_raw: Please, enter a float
Ja_raw: 浮動小数点数を入力してください。

Please, enter a float, higher than::
Keyword: Entrer un float superieur a 
Fr: S'il vous plaît, entrez un flotteur, plus élevé que
En: Please, enter a float, higher than
Ja: 浮動小数点数より高いを入力してください。
Fr_raw: S'il vous plaît, entrez un flotteur, plus élevé que
En_raw: Please, enter a float, higher than
Ja_raw: 浮動小数点数より高いを入力してください。

Please, enter a float, lower than::
Keyword: Entrer un float inferieur a 
Fr: S'il vous plaît, entrez un flotteur, inférieur à
En: Please, enter a float, lower than
Ja: 浮動小数点数より低いを入力してください。
Fr_raw: S'il vous plaît, entrez un flotteur, inférieur à
En_raw: Please, enter a float, lower than
Ja_raw: 浮動小数点数より低いを入力してください。

Please, enter a single value::
Keyword: entrer une seule valeur SVP
Fr: S'il vous plaît, entrez une seule valeur
En: Please, enter a single value
Ja: 1 つの値を入力してください。
Fr_raw: S'il vous plaît, entrez une seule valeur
En_raw: Please, enter a single value
Ja_raw: 1 つの値を入力してください。

Pointer::
Keyword: Pointer
Fr: Pointeur
En: Pointer
Ja: ポインター
Fr_raw: Pointeur
En_raw: Pointer
Ja_raw: ポインター

Poursuite File::
Keyword: Fichier Poursuite
Fr: Poursuite File
En: Poursuite File
Ja: 連続ファイル
Fr_raw: Poursuite File
En_raw: Poursuite File
Ja_raw: 連続ファイル

Pre-processing instructions::
Keyword: Pre-processor block
Fr: Instructions de pré-processing
En: Pre-processing instructions
Ja: 事前処理命令
Fr_raw: Instructions de pré-processing
En_raw: Pre-processing instructions
Ja_raw: 事前処理命令

Predefined IDs::
Keyword: Predefined identifiers
Fr: Identifiants prédéfinis
En: Predefined IDs
Ja: 定義済みの Id
Fr_raw: Identifiants prédéfinis
En_raw: Predefined IDs
Ja_raw: 定義済みの Id

Predefined functions::
Keyword: Predefined functions
Fr: Fonctions prédéfinies
En: Predefined functions
Ja: 定義済みの関数
Fr_raw: Fonctions prédéfinies
En_raw: Predefined functions
Ja_raw: 定義済みの関数

Pressing "Validate"  allows to enregistre the new values::
Keyword: Les modifications seront prises en compte en appuyant sur  le bouton Valider.
Fr: Appuyer sur « Valider » permet à enregistre les nouvelles valeurs
En: Pressing "Validate"  allows to enregistre the new values
Ja: 「検証する」を押すとすることができます enregistre 新しい値
Fr_raw: Appuyer sur « Valider » permet à enregistre les nouvelles valeurs
En_raw: Pressing "Validate"  allows to enregistre the new values
Ja_raw: 「検証する」を押すとすることができます enregistre 新しい値

Pressing "Validate"  allows you to enregistre the new values\n                                             ::
Keyword: Ce n'est qu'après avoir appuyé sur le bouton Valider que les nouvelles\nvaleurs seront effectivement prises en compte
Fr: Appuyer sur « Valider » vous permet à enregistre les nouvelles valeurs
En: Pressing "Validate"  allows you to enregistre the new values\n                                             
Ja: 「検証」を押すことができます enregistre を新しい値
Fr_raw: Appuyer sur « Valider » vous permet à enregistre les nouvelles valeurs
En_raw: Pressing "Validate"  allows you to enregistre the new values\n                                             
Ja_raw: 「検証」を押すことができます enregistre を新しい値

Preview::
Keyword: GEOM_PREVIEW
Fr: Prévisualiser
En: Preview
Ja: プレビュー
Fr_raw: Prévisualiser
En_raw: Preview
Ja_raw: プレビュー

Progress bar::
Keyword: Progress bar
Fr: Barre d'avancement
En: Progress bar
Ja: 進行状況バー
Fr_raw: Barre d'avancement
En_raw: Progress bar
Ja_raw: 進行状況バー

Prompt SQL * more::
Keyword: SQL*Plus prompt
Fr: Prompt SQL*Plus
En: Prompt SQL * more
Ja: SQL プロンプト * 詳細
Fr_raw: Prompt SQL*Plus
En_raw: Prompt SQL * more
Ja_raw: SQL プロンプト * 詳細

Propagate an act of discretization::
Keyword: Set propagation
Fr: Propager une loi de discrétisation
En: Propagate an act of discretization
Ja: 分離の行為を伝播します。
Fr_raw: Propager une loi de discrétisation
En_raw: Propagate an act of discretization
Ja_raw: 分離の行為を伝播します。

Propagation::
Keyword: PROPAGATION
Fr: Propagation
En: Propagation
Ja: スプレッド
Fr_raw: Propagation
En_raw: Propagation
Ja_raw: スプレッド

Propagations::
Keyword: TREE_ITEM_PROPAGATION
Fr: Propagations
En: Propagations
Ja: 伝搬
Fr_raw: Propagations
En_raw: Propagations
Ja_raw: 伝搬

Properties::
Keyword: PROPERTIES
Fr: Properties
En: Properties
Ja: プロパティ
Fr_raw: Properties
En_raw: Properties
Ja_raw: プロパティ

Properties of subviews::
Keyword: Sub-views Properties
Fr: Propriétés des sous-vues
En: Properties of subviews
Ja: サブビューのプロパティ
Fr_raw: Propriétés des sous-vues
En_raw: Properties of subviews
Ja_raw: サブビューのプロパティ

Préprocessing::
Keyword: Preprocessor
Fr: Préprocessing
En: Préprocessing
Ja: Préprocessing
Fr_raw: Préprocessing
En_raw: Préprocessing
Ja_raw: Préprocessing

Pseudo-class::
Keyword: Pseudo-class
Fr: Pseudo-classe
En: Pseudo-class
Ja: 擬似クラス
Fr_raw: Pseudo-classe
En_raw: Pseudo-class
Ja_raw: 擬似クラス

Python (double quote) character string::
Keyword: Python double-quoted string
Fr: Chaine de caractères Python (guillemets doubles)
En: Python (double quote) character string
Ja: Python (二重引用符) 文字の文字列
Fr_raw: Chaine de caractères Python (guillemets doubles)
En_raw: Python (double quote) character string
Ja_raw: Python (二重引用符) 文字の文字列

Python (triple quotation marks) string::
Keyword: Python triple double-quoted string
Fr: Chaine de caractères Python (triples guillemets doubles)
En: Python (triple quotation marks) string
Ja: Python (三重引用符文字列
Fr_raw: Chaine de caractères Python (triples guillemets doubles)
En_raw: Python (triple quotation marks) string
Ja_raw: Python (三重引用符文字列

Python ASP (double quote) character string::
Keyword: ASP Python double-quoted string
Fr: Chaine de caractères Python ASP (guillemets doubles)
En: Python ASP (double quote) character string
Ja: Python ASP (二重引用符) 文字の文字列
Fr_raw: Chaine de caractères Python ASP (guillemets doubles)
En_raw: Python ASP (double quote) character string
Ja_raw: Python ASP (二重引用符) 文字の文字列

Python class name::
Keyword: Python class name
Fr: Nom de classe Python
En: Python class name
Ja: Python のクラス名
Fr_raw: Nom de classe Python
En_raw: Python class name
Ja_raw: Python のクラス名

Python default ASP::
Keyword: ASP Python default
Fr: Python ASP par défaut
En: Python default ASP
Ja: Python 既定 ASP
Fr_raw: Python ASP par défaut
En_raw: Python default ASP
Ja_raw: Python 既定 ASP

Python function or method::
Keyword: Python function or method name
Fr: Méthode ou fonction Python
En: Python function or method
Ja: Python 関数またはメソッド
Fr_raw: Méthode ou fonction Python
En_raw: Python function or method
Ja_raw: Python 関数またはメソッド

Python identifier::
Keyword: Python identifier
Fr: Identificateur Python
En: Python identifier
Ja: Python 識別子
Fr_raw: Identificateur Python
En_raw: Python identifier
Ja_raw: Python 識別子

QT assistant is not installed::
Keyword: QT Assistant n est pas installe 
Fr: QT assistant n'est pas installé
En: QT assistant is not installed
Ja: QT アシスタントがインストールされていません。
Fr_raw: QT assistant n'est pas installé
En_raw: QT assistant is not installed
Ja_raw: QT アシスタントがインストールされていません。

Quadrangle::
Keyword: QUAD
Fr: Quadrangle
En: Quadrangle
Ja: 四角形
Fr_raw: Quadrangle
En_raw: Quadrangle
Ja_raw: 四角形

Quadrangle information::
Keyword: Quad Information
Fr: Information du quadrangle
En: Quadrangle information
Ja: 四角形の情報
Fr_raw: Information du quadrangle
En_raw: Quadrangle information
Ja_raw: 四角形の情報

Quadrangles::
Keyword: TREE_ITEM_QUAD
Fr: Quadrangles
En: Quadrangles
Ja: 四角形
Fr_raw: Quadrangles
En_raw: Quadrangles
Ja_raw: 四角形

Quotes inverses::
Keyword: Backticks
Fr: Quotes inverses
En: Quotes inverses
Ja: 逆を引用符します。
Fr_raw: Quotes inverses
En_raw: Quotes inverses
Ja_raw: 逆を引用符します。

R::
Keyword: S
Fr: R
En: R
Ja: R
Fr_raw: R
En_raw: R
Ja_raw: R

RI : Real Part                                             Imaginary Part::
Keyword: RI   : Réel                                                  Imaginaire
Fr: RI: Partie imaginaire de partie réelle
En: RI : Real Part                                             Imaginary Part
Ja: RI: 実部虚部
Fr_raw: RI: Partie imaginaire de partie réelle
En_raw: RI : Real Part                                             Imaginary Part
Ja_raw: RI: 実部虚部

Read Pdf::
Keyword: Lire les Pdf
Fr: Lire Pdf
En: Read Pdf
Ja: Pdf を読む
Fr_raw: Lire Pdf
En_raw: Read Pdf
Ja_raw: Pdf を読む

Recently open::
Keyword: &Recents
Fr: Récemment ouvert(R)
En: Recently open
Ja: 最近オープンしました。
Fr_raw: Récemment ouvert(&R)
En_raw: &Recently open
Ja_raw: 最近オープンしました。(&R)
Fr_Option_Text: (&R)
En_Option_Text: (&R)
Ja_Option_Text: (&R)

Recently used::
Keyword: Most Recently Used
Fr: Récemment utilisés
En: Recently used
Ja: 最近使用したファイル
Fr_raw: Récemment utilisés
En_raw: Recently used
Ja_raw: 最近使用したファイル

Redo the last command::
Keyword: Redo last command
Fr: Refaire la dernière commande
En: Redo the last command
Ja: 最後のコマンドをやり直し
Fr_raw: Refaire la dernière commande
En_raw: Redo the last command
Ja_raw: 最後のコマンドをやり直し

Regular expression::
Keyword: Regular expression
Fr: Expression régulière
En: Regular expression
Ja: 正規表現
Fr_raw: Expression régulière
En_raw: Regular expression
Ja_raw: 正規表現

Regular expression JavaScript ASP::
Keyword: ASP JavaScript regular expression
Fr: Expression régulière JavaScript ASP
En: Regular expression JavaScript ASP
Ja: Java スクリプトの設定 ASP の正規表現
Fr_raw: Expression régulière JavaScript ASP
En_raw: Regular expression JavaScript ASP
Ja_raw: Java スクリプトの設定 ASP の正規表現

Removal of the right side of the line::
Keyword: Delete line to right
Fr: Suppression de la partie droite de la ligne
En: Removal of the right side of the line
Ja: 行の右側の除去
Fr_raw: Suppression de la partie droite de la ligne
En_raw: Removal of the right side of the line
Ja_raw: 行の右側の除去

Remove::
Keyword: Hexotic_REMOVE
Fr: Supprimer
En: Remove
Ja: 削除
Fr_raw: Supprimer
En_raw: Remove
Ja_raw: 削除

Remove a law::
Keyword: Remove a law
Fr: Supprimer une loi
En: Remove a law
Ja: 法律を削除します。
Fr_raw: Supprimer une loi
En_raw: Remove a law
Ja_raw: 法律を削除します。

Remove image(s)::
Keyword: REMOVE_IMAGES
Fr: Remove image(s)
En: Remove image(s)
Ja: 画像を削除します。
Fr_raw: Remove image(s)
En_raw: Remove image(s)
Ja_raw: 画像を削除します。

Remove the left side of the line::
Keyword: Delete line to left
Fr: Effacer la partie gauche de la ligne
En: Remove the left side of the line
Ja: 行の左側を削除します。
Fr_raw: Effacer la partie gauche de la ligne
En_raw: Remove the left side of the line
Ja_raw: 行の左側を削除します。

Remove vertex::
Keyword: HEXABLOCK_ENF_VER_REMOVE
Fr: Enlever le sommet
En: Remove vertex
Ja: 頂点を削除します。
Fr_raw: Enlever le sommet
En_raw: Remove vertex
Ja_raw: 頂点を削除します。

Rename::
Keyword: Rename
Fr: Renommer
En: Rename
Ja: 名前変更
Fr_raw: Renommer
En_raw: Rename
Ja_raw: 名前変更

Replace::
Keyword: &Ecraser
Fr: Remplacer(R)
En: Replace
Ja: 置換
Fr_raw: Remplacer(&R)
En_raw: &Replace
Ja_raw: 置換(&R)
Fr_Option_Text: (&R)
En_Option_Text: (&R)
Ja_Option_Text: (&R)

Replace a hexahedron::
Keyword: Replace hexahedron
Fr: Remplacer un hexaèdre
En: Replace a hexahedron
Ja: 六面体というを置き換える
Fr_raw: Remplacer un hexaèdre
En_raw: Replace a hexahedron
Ja_raw: 六面体というを置き換える

Replace hexahedron::
Keyword: Replace Hexahedron
Fr: Remplacer hexaèdre
En: Replace hexahedron
Ja: 直方体を置き換える
Fr_raw: Remplacer hexaèdre
En_raw: Replace hexahedron
Ja_raw: 直方体を置き換える

Reset::
Keyword: MNU_RESET_VIEW
Fr: Restaurer
En: Reset
Ja: 復元
Fr_raw: Restaurer
En_raw: Reset
Ja_raw: 復元

Reset view point::
Keyword: DSC_RESET_VIEW
Fr: Restaurer le point de vue
En: Reset view point
Ja: ビューのポイントを復元します。
Fr_raw: Restaurer le point de vue
En_raw: Reset view point
Ja_raw: ビューのポイントを復元します。

Result File::
Keyword: Fichier Résultat
Fr: Fichier de résultat
En: Result File
Ja: 結果ファイル
Fr_raw: Fichier de résultat
En_raw: Result File
Ja_raw: 結果ファイル

Result name::
Keyword: GEOM_RESULT_NAME_GRP
Fr: Nom du résultat
En: Result name
Ja: 結果の名前
Fr_raw: Nom du résultat
En_raw: Result name
Ja_raw: 結果の名前

Return::
Keyword: Back
Fr: Retour
En: Return
Ja: 戻り値
Fr_raw: Retour
En_raw: Return
Ja_raw: 戻り値

Revolution::
Keyword: Quad Revolution
Fr: Révolution
En: Revolution
Ja: Revolution
Fr_raw: Révolution
En_raw: Revolution
Ja_raw: Revolution

Rounding of objects-windows::
Keyword: Widgets rounding
Fr: Arrondi des objets-fenêtres
En: Rounding of objects-windows
Ja: オブジェクト-Windows の丸め
Fr_raw: Arrondi des objets-fenêtres
En_raw: Rounding of objects-windows
Ja_raw: オブジェクト-Windows の丸め

Run::
Keyword: Execution
Fr: Exécutez
En: Run
Ja: 実行
Fr_raw: Exécutez
En_raw: Run
Ja_raw: 実行

S::
Keyword: U
Fr: S
En: S
Ja: U　(下線)
Fr_raw: S
En_raw: S
Ja_raw: U　(下線)

SGML (double quote) character string::
Keyword: SGML double-quoted string
Fr: Chaine de caractères SGML (guillemets doubles)
En: SGML (double quote) character string
Ja: SGML (二重引用符) 文字の文字列
Fr_raw: Chaine de caractères SGML (guillemets doubles)
En_raw: SGML (double quote) character string
Ja_raw: SGML (二重引用符) 文字の文字列

SGML comment::
Keyword: SGML comment
Fr: Commentaire SGML
En: SGML comment
Ja: SGML コメント
Fr_raw: Commentaire SGML
En_raw: SGML comment
Ja_raw: SGML コメント

SQL keyword * more::
Keyword: SQL*Plus keyword
Fr: Mot-clé SQL*Plus
En: SQL keyword * more
Ja: SQL キーワード * 詳細
Fr_raw: Mot-clé SQL*Plus
En_raw: SQL keyword * more
Ja_raw: SQL キーワード * 詳細

Salome style preferences::
Keyword: SALOME style preferences
Fr: Préférences de style Salomé
En: Salome style preferences
Ja: サロメのスタイルの設定
Fr_raw: Préférences de style Salomé
En_raw: Salome style preferences
Ja_raw: サロメのスタイルの設定

Salome-Meca::
Keyword: APP_NAME
Fr: Salome-Meca
En: Salome-Meca
Ja: Salome-Meca
Fr_raw: Salome-Meca
En_raw: Salome-Meca
Ja_raw: Salome-Meca

Save::
Keyword: &Sauvegarder
Fr: Enregistrer(S)
En: Save
Ja: 保存
Fr_raw: Enregistrer(&S)
En_raw: &Save
Ja_raw: 保存(&S)
Fr_Option_Text: (&S)
En_Option_Text: (&S)
Ja_Option_Text: (&S)

Save as::
Keyword: Enregistrer sous
Fr: Enregistrer en tant que
En: Save as
Ja: 名前を付けてを保存します。
Fr_raw: Enregistrer en tant que
En_raw: Save as
Ja_raw: 名前を付けてを保存します。

Save directory :::
Keyword: Repertoire de sauvegarde :
Fr: Enregistre le répertoire :
En: Save directory :
Ja: 保存ディレクトリ。
Fr_raw: Enregistre le répertoire :
En_raw: Save directory :
Ja_raw: 保存ディレクトリ。

Save in directory:::
Keyword: Dossier de sauvegarde :
Fr: Enregistrer dans le répertoire :
En: Save in directory:
Ja: ディレクトリに保存します。
Fr_raw: Enregistrer dans le répertoire :
En_raw: Save in directory:
Ja_raw: ディレクトリに保存します。

Save the document::
Keyword: Save the document
Fr: Enregistrer le document
En: Save the document
Ja: ドキュメントを保存します。
Fr_raw: Enregistrer le document
En_raw: Save the document
Ja_raw: ドキュメントを保存します。

Save the document HexaBlock::
Keyword: Save HexaBlock Document
Fr: Enregistrer le document HexaBlock
En: Save the document HexaBlock
Ja: HexaBlock ドキュメントを保存します。
Fr_raw: Enregistrer le document HexaBlock
En_raw: Save the document HexaBlock
Ja_raw: HexaBlock ドキュメントを保存します。

Save the file::
Keyword: Save file
Fr: Sauvegarder le fichier
En: Save the file
Ja: ファイルを保存します。
Fr_raw: Sauvegarder le fichier
En_raw: Save the file
Ja_raw: ファイルを保存します。

Saves the active view in the image file::
Keyword: DSC_DUMP_VIEW
Fr: Sauver la scène actuelle au fichier image
En: Saves the active view in the image file
Ja: 現在のシーンのイメージ ファイルに保存します。
Fr_raw: Sauver la scène actuelle au fichier image
En_raw: Saves the active view in the image file
Ja_raw: 現在のシーンのイメージ ファイルに保存します。

Scalar::
Keyword: Scalar
Fr: Scalaire
En: Scalar
Ja: スカラー
Fr_raw: Scalaire
En_raw: Scalar
Ja_raw: スカラー

Schema::
Keyword: Schema
Fr: 
En: Schema
Ja: 
Fr_raw: 
En_raw: Schema
Ja_raw: 

Script tag::
Keyword: Script tag
Fr: Balise de script
En: Script tag
Ja: スクリプト タグ
Fr_raw: Balise de script
En_raw: Script tag
Ja_raw: スクリプト タグ

Scroll bar::
Keyword: Slider
Fr: Barre de défilement
En: Scroll bar
Ja: スクロール バー
Fr_raw: Barre de défilement
En_raw: Scroll bar
Ja_raw: スクロール バー

Scroll bars::
Keyword: Sliders
Fr: Barres de défilement
En: Scroll bars
Ja: スクロール バー
Fr_raw: Barres de défilement
En_raw: Scroll bars
Ja_raw: スクロール バー

Seconds keywords and identifiers::
Keyword: Secondary keywords and identifiers
Fr: Seconds mots-clés et identificateurs
En: Seconds keywords and identifiers
Ja: 秒のキーワードと識別子
Fr_raw: Seconds mots-clés et identificateurs
En_raw: Seconds keywords and identifiers
Ja_raw: 秒のキーワードと識別子

Select::
Keyword: Sélectionner
Fr: Sélectionnez
En: Select
Ja: 選択
Fr_raw: Sélectionnez
En_raw: Select
Ja_raw: 選択

Select ...::
Keyword: Hexotic_SELECT_DIR
Fr: Choisir ...
En: Select ...
Ja: 選択します.
Fr_raw: Choisir ...
En_raw: Select ...
Ja_raw: 選択します.

Select a shape::
Keyword: Hexotic_SEL_SHAPE
Fr: Sélectionnez un objet géométrique
En: Select a shape
Ja: 幾何学的なオブジェクトを選択します
Fr_raw: Sélectionnez un objet géométrique
En_raw: Select a shape
Ja_raw: 幾何学的なオブジェクトを選択します

Select directory:::
Keyword: Choisir le dossier
Fr: Sélectionnez le répertoire :
En: Select directory:
Ja: ディレクトリを選択します。
Fr_raw: Sélectionnez le répertoire :
En_raw: Select directory:
Ja_raw: ディレクトリを選択します。

Selected value :::
Keyword: Valeur selectionnee : 
Fr: Valeur sélectionnée :
En: Selected value :
Ja: 選択した値:
Fr_raw: Valeur sélectionnée :
En_raw: Selected value :
Ja_raw: 選択した値:

Selection of a new center of the view::
Keyword: DSC_GLOBALPAN_VIEW
Fr: Sélection d'un nouveau centre de la vue
En: Selection of a new center of the view
Ja: 新しいセンター ビューの選択
Fr_raw: Sélection d'un nouveau centre de la vue
En_raw: Selection of a new center of the view
Ja_raw: 新しいセンター ビューの選択

Send backward::
Keyword: SEND_BACKWARD
Fr: Send backward
En: Send backward
Ja: 背面へ移動
Fr_raw: Send backward
En_raw: Send backward
Ja_raw: 背面へ移動

Send to back::
Keyword: SEND_TO_BACK
Fr: Send to back
En: Send to back
Ja: 最背面へ移動
Fr_raw: Send to back
En_raw: Send to back
Ja_raw: 最背面へ移動

Set presentation parameters and sub-shapes from arguments::
Keyword: GEOM_RESTORE_SUB_SHAPES
Fr: Récupérer les groupes et les sous-objets
En: Set presentation parameters and sub-shapes from arguments
Ja: グループとサブオブジェクトを取得します。
Fr_raw: Récupérer les groupes et les sous-objets
En_raw: Set presentation parameters and sub-shapes from arguments
Ja_raw: グループとサブオブジェクトを取得します。

Settings::
Keyword: Properties
Fr: Paramètres
En: Settings
Ja: パラメーター
Fr_raw: Paramètres
En_raw: Settings
Ja_raw: パラメーター

Shadow::
Keyword: Shadow
Fr: Ombre
En: Shadow
Ja: シャドウ
Fr_raw: Ombre
En_raw: Shadow
Ja_raw: シャドウ

Sharp angle threshold in degrees::
Keyword: Hexotic_SHARP_ANGLE_THRESHOLD
Fr: Seuil d'un angle aigu en degrés
En: Sharp angle threshold in degrees
Ja: 鋭角度のしきい値
Fr_raw: Seuil d'un angle aigu en degrés
En_raw: Sharp angle threshold in degrees
Ja_raw: 鋭角度のしきい値

Shift+A, Alt+A, Alt+A, Alt+A::
Keyword: Shift+A, Alt+A, Alt+A, Alt+A
Fr: 
En: Shift+A, Alt+A, Alt+A, Alt+A
Ja: 
Fr_raw: 
En_raw: Shift+A, Alt+A, Alt+A, Alt+A
Ja_raw: 

Single color::
Keyword: Single Color
Fr: Couleur unique
En: Single color
Ja: 単色
Fr_raw: Couleur unique
En_raw: Single color
Ja_raw: 単色

Single domain::
Keyword: Hexotic_SD_MODE_1
Fr: Domaine unique
En: Single domain
Ja: 1 つのドメイン
Fr_raw: Domaine unique
En_raw: Single domain
Ja_raw: 1 つのドメイン

Size::
Keyword: HEXABLOCK_ENF_VER_SIZE_COLUMN
Fr: Taille
En: Size
Ja: サイズ
Fr_raw: Taille
En_raw: Size
Ja_raw: サイズ

Size:::
Keyword: HEXABLOCK_ENF_VER_SIZE_LABEL
Fr: Taille:
En: Size:
Ja: サイズ:
Fr_raw: Taille:
En_raw: Size:
Ja_raw: サイズ:

Sizes::
Keyword: Hexotic_INPUT_SIZE
Fr: Tailles
En: Sizes
Ja: サイズ
Fr_raw: Tailles
En_raw: Sizes
Ja_raw: サイズ

Solid::
Keyword: GEOM_SOLID
Fr: Solide
En: Solid
Ja: ソリッド
Fr_raw: Solide
En_raw: Solid
Ja_raw: ソリッド

Source File::
Keyword: Fichier Source
Fr: Fichier source
En: Source File
Ja: ソース ファイル
Fr_raw: Fichier source
En_raw: Source File
Ja_raw: ソース ファイル

Special::
Keyword: Special
Fr: Spécial
En: Special
Ja: 特別です
Fr_raw: Spécial
En_raw: Special
Ja_raw: 特別です

Special SGML entity::
Keyword: SGML special entity
Fr: Entité SGML spéciale
En: Special SGML entity
Ja: 特別な SGML のエンティティ
Fr_raw: Entité SGML spéciale
En_raw: Special SGML entity
Ja_raw: 特別な SGML のエンティティ

Specify a new name:::
Keyword: Enter new name:
Fr: Indiquer un nouveau nom:
En: Specify a new name:
Ja: 新しい名前を指定します。
Fr_raw: Indiquer un nouveau nom:
En_raw: Specify a new name:
Ja_raw: 新しい名前を指定します。

Split horisontalement::
Keyword: Split horizontally
Fr: Diviser horisontalement
En: Split horisontalement
Ja: Horisontalement を分割します。
Fr_raw: Diviser horisontalement
En_raw: Split horisontalement
Ja_raw: Horisontalement を分割します。

Split horizontally::
Keyword: Split horizontally
Fr: Diviser horizontalement
En: Split horizontally
Ja: Horisontalement を分割します。
Fr_raw: Diviser horizontalement
En_raw: Split horizontally
Ja_raw: Horisontalement を分割します。

Split the current window into two horizontal parts::
Keyword: Split the active window on two horizontal parts
Fr: Diviser la fenêtre actuelle en deux parties horizontales
En: Split the current window into two horizontal parts
Ja: 現在のウィンドウを 2つに水平分割
Fr_raw: Diviser la fenêtre actuelle en deux parties horizontales
En_raw: Split the current window into two horizontal parts
Ja_raw: 現在のウィンドウを 2つに水平分割

Split the current window into two vertical parts::
Keyword: Split the active window on two vertical parts
Fr: Diviser la fenêtre actuelle en deux parties verticales
En: Split the current window into two vertical parts
Ja: 現在のウィンドウを２つに上下分割
Fr_raw: Diviser la fenêtre actuelle en deux parties verticales
En_raw: Split the current window into two vertical parts
Ja_raw: 現在のウィンドウを２つに上下分割

Split vertically::
Keyword: Split vertically
Fr: Diviser verticalement
En: Split vertically
Ja: 垂直方向に分割します。
Fr_raw: Diviser verticalement
En_raw: Split vertically
Ja_raw: 垂直方向に分割します。

Spread law::
Keyword: Set Propagation
Fr: Propager loi
En: Spread law
Ja: 拡散法
Fr_raw: Propager loi
En_raw: Spread law
Ja_raw: 拡散法

Stack the remaining views in the last area::
Keyword: Stack remaining views in the last area
Fr: Empiler les vues restantes dans la dernière zone
En: Stack the remaining views in the last area
Ja: スタックの最後のエリアで、残りのビュー
Fr_raw: Empiler les vues restantes dans la dernière zone
En_raw: Stack the remaining views in the last area
Ja_raw: スタックの最後のエリアで、残りのビュー

Standard+::
Keyword: LEVEL_STANDARDPLUS
Fr: Standard+
En: Standard+
Ja: 標準
Fr_raw: Standard+
En_raw: Standard+
Ja_raw: 標準

Start of block ASP::
Keyword: Start of an ASP fragment
Fr: Début de block ASP
En: Start of block ASP
Ja: ASP のブロックの開始
Fr_raw: Début de block ASP
En_raw: Start of block ASP
Ja_raw: ASP のブロックの開始

Start of block ASP with @.::
Keyword: Start of an ASP fragment with @
Fr: Début de block ASP avec @
En: Start of block ASP with @.
Ja: 開始ブロックと ASP @。
Fr_raw: Début de block ASP avec @
En_raw: Start of block ASP with @.
Ja_raw: 開始ブロックと ASP @。

Start of block JavaScript::
Keyword: Start of a JavaScript fragment
Fr: Début de block JavaScript
En: Start of block JavaScript
Ja: Java スクリプトの設定をブロックの先頭
Fr_raw: Début de block JavaScript
En_raw: Start of block JavaScript
Ja_raw: Java スクリプトの設定をブロックの先頭

Start of block JavaScript ASP::
Keyword: Start of an ASP JavaScript fragment
Fr: Début de block JavaScript ASP
En: Start of block JavaScript ASP
Ja: Java スクリプトの設定 ASP ブロックの開始
Fr_raw: Début de block JavaScript ASP
En_raw: Start of block JavaScript ASP
Ja_raw: Java スクリプトの設定 ASP ブロックの開始

Start of block PHP::
Keyword: Start of a PHP fragment
Fr: Début de block PHP
En: Start of block PHP
Ja: PHP ブロックの開始
Fr_raw: Début de block PHP
En_raw: Start of block PHP
Ja_raw: PHP ブロックの開始

Start of block Python::
Keyword: Start of a Python fragment
Fr: Début de block Python
En: Start of block Python
Ja: Python のブロックの開始
Fr_raw: Début de block Python
En_raw: Start of block Python
Ja_raw: Python のブロックの開始

Start of block Python ASP::
Keyword: Start of an ASP Python fragment
Fr: Début de block Python ASP
En: Start of block Python ASP
Ja: ブロック Python ASP の開始
Fr_raw: Début de block Python ASP
En_raw: Start of block Python ASP
Ja_raw: ブロック Python ASP の開始

Start of block VBScript::
Keyword: Start of a VBScript fragment
Fr: Début de block VBScript
En: Start of block VBScript
Ja: VBScript ブロックの開始
Fr_raw: Début de block VBScript
En_raw: Start of block VBScript
Ja_raw: VBScript ブロックの開始

Start of block VBScript ASP::
Keyword: Start of an ASP VBScript fragment
Fr: Début de block VBScript ASP
En: Start of block VBScript ASP
Ja: ブロック VBScript ASP の開始
Fr_raw: Début de block VBScript ASP
En_raw: Start of block VBScript ASP
Ja_raw: ブロック VBScript ASP の開始

Start of block XML::
Keyword: Start of an XML fragment
Fr: Début de block XML
En: Start of block XML
Ja: XML ブロックの開始
Fr_raw: Début de block XML
En_raw: Start of block XML
Ja_raw: XML ブロックの開始

Status bar::
Keyword: Status bar
Fr: Barre de statut
En: Status bar
Ja: ステータス バー
Fr_raw: Barre de statut
En_raw: Status bar
Ja_raw: ステータス バー

Store Windows Tile horizontally::
Keyword: Arranges the windows as nonoverlapping horizontal tiles
Fr: Ranger les fenêtres en mosaïque horizontale
En: Store Windows Tile horizontally
Ja: ウィンドウを左右に並べて表示
Fr_raw: Ranger les fenêtres en mosaïque horizontale
En_raw: Store Windows Tile horizontally
Ja_raw: ウィンドウを左右に並べて表示

Store the vertical tiling windows::
Keyword: Arranges the windows as nonoverlapping vertical tiles
Fr: Ranger les fenêtres en mosaïque verticale
En: Store the vertical tiling windows
Ja: ウィンドウを上下に並べて表示
Fr_raw: Ranger les fenêtres en mosaïque verticale
En_raw: Store the vertical tiling windows
Ja_raw: ウィンドウを上下に並べて表示

Store windows by superimposing::
Keyword: Arranges the windows as overlapping tiles
Fr: Ranger les fenêtres en les superposant
En: Store windows by superimposing
Ja: 重畳によるレンジャー Windows
Fr_raw: Ranger les fenêtres en les superposant
En_raw: Store windows by superimposing
Ja_raw: 重畳によるレンジャー Windows

Store windows without superimpose them::
Keyword: Arranges the windows as nonoverlapping tiles
Fr: Ranger les fenêtres sans les superposer
En: Store windows without superimpose them
Ja: レンジャー Windows なしそれらオーバーレイ
Fr_raw: Ranger les fenêtres sans les superposer
En_raw: Store windows without superimpose them
Ja_raw: レンジャー Windows なしそれらオーバーレイ

String (double quote)::
Keyword: Double-quoted string
Fr: Chaine de caractères (guillemets doubles)
En: String (double quote)
Ja: 文字列 (二重引用符)
Fr_raw: Chaine de caractères (guillemets doubles)
En_raw: String (double quote)
Ja_raw: 文字列 (二重引用符)

String (single quotes)::
Keyword: Single-quoted string
Fr: Chaine de caractères (guillemets simples)
En: String (single quotes)
Ja: 文字列 (単一引用符)
Fr_raw: Chaine de caractères (guillemets simples)
En_raw: String (single quotes)
Ja_raw: 文字列 (単一引用符)

String HTML (single quotes)::
Keyword: HTML single-quoted string
Fr: Chaine de caractères HTML (guillemets simples)
En: String HTML (single quotes)
Ja: 文字列 (単一引用符) HTML
Fr_raw: Chaine de caractères HTML (guillemets simples)
En_raw: String HTML (single quotes)
Ja_raw: 文字列 (単一引用符) HTML

String JavaScript (double quote)::
Keyword: JavaScript double-quoted string
Fr: Chaine de caractères JavaScript (guillemets doubles)
En: String JavaScript (double quote)
Ja: JavaScript 文字列 (二重引用符)
Fr_raw: Chaine de caractères JavaScript (guillemets doubles)
En_raw: String JavaScript (double quote)
Ja_raw: JavaScript 文字列 (二重引用符)

String JavaScript (single quotes)::
Keyword: JavaScript single-quoted string
Fr: Chaine de caractères JavaScript (guillemets simples)
En: String JavaScript (single quotes)
Ja: JavaScript 文字列 (単一引用符)
Fr_raw: Chaine de caractères JavaScript (guillemets simples)
En_raw: String JavaScript (single quotes)
Ja_raw: JavaScript 文字列 (単一引用符)

String JavaScript ASP (double quote)::
Keyword: ASP JavaScript double-quoted string
Fr: Chaine de caractères JavaScript ASP (guillemets doubles)
En: String JavaScript ASP (double quote)
Ja: 文字列 JavaScript ASP (二重引用符)
Fr_raw: Chaine de caractères JavaScript ASP (guillemets doubles)
En_raw: String JavaScript ASP (double quote)
Ja_raw: 文字列 JavaScript ASP (二重引用符)

String JavaScript ASP (single quotes)::
Keyword: ASP JavaScript single-quoted string
Fr: Chaine de caractères JavaScript ASP (guillemets simples)
En: String JavaScript ASP (single quotes)
Ja: Java スクリプトの設定 ASP (一重引用符) を文字列します。
Fr_raw: Chaine de caractères JavaScript ASP (guillemets simples)
En_raw: String JavaScript ASP (single quotes)
Ja_raw: Java スクリプトの設定 ASP (一重引用符) を文字列します。

String JavaScript ASP not closed::
Keyword: ASP JavaScript unclosed string
Fr: Chaine de caractères JavaScript ASP non refermée
En: String JavaScript ASP not closed
Ja: 閉じていない文字列 JavaScript ASP
Fr_raw: Chaine de caractères JavaScript ASP non refermée
En_raw: String JavaScript ASP not closed
Ja_raw: 閉じていない文字列 JavaScript ASP

String Python (single quotes)::
Keyword: Python single-quoted string
Fr: Chaine de caractères Python (guillemets simples)
En: String Python (single quotes)
Ja: Python 文字列 (単一引用符)
Fr_raw: Chaine de caractères Python (guillemets simples)
En_raw: String Python (single quotes)
Ja_raw: Python 文字列 (単一引用符)

String Python (triple single quotes)::
Keyword: Python triple single-quoted string
Fr: Chaine de caractères Python (triples guillemets simples)
En: String Python (triple single quotes)
Ja: 文字列 (単一引用符トリプル) Python
Fr_raw: Chaine de caractères Python (triples guillemets simples)
En_raw: String Python (triple single quotes)
Ja_raw: 文字列 (単一引用符トリプル) Python

String Python ASP (single quotes)::
Keyword: ASP Python single-quoted string
Fr: Chaine de caractères Python ASP (guillemets simples)
En: String Python ASP (single quotes)
Ja: 文字列の Python ASP (一重引用符)
Fr_raw: Chaine de caractères Python ASP (guillemets simples)
En_raw: String Python ASP (single quotes)
Ja_raw: 文字列の Python ASP (一重引用符)

String Python ASP (triple double quotes)::
Keyword: ASP Python triple double-quoted string
Fr: Chaine de caractères Python ASP (triples guillemets doubles)
En: String Python ASP (triple double quotes)
Ja: 文字列の Python ASP （トリプル ダブル引用符）
Fr_raw: Chaine de caractères Python ASP (triples guillemets doubles)
En_raw: String Python ASP (triple double quotes)
Ja_raw: 文字列の Python ASP （トリプル ダブル引用符）

String Python ASP (triple single quotes)::
Keyword: ASP Python triple single-quoted string
Fr: Chaine de caractères Python ASP (triples guillemets simples)
En: String Python ASP (triple single quotes)
Ja: 文字列の Python ASP (トリプル一重引用符)
Fr_raw: Chaine de caractères Python ASP (triples guillemets simples)
En_raw: String Python ASP (triple single quotes)
Ja_raw: 文字列の Python ASP (トリプル一重引用符)

String SGML (single quotes)::
Keyword: SGML single-quoted string
Fr: Chaine de caractères SGML (guillemets simples)
En: String SGML (single quotes)
Ja: 文字列 (単一引用符) SGML
Fr_raw: Chaine de caractères SGML (guillemets simples)
En_raw: String SGML (single quotes)
Ja_raw: 文字列 (単一引用符) SGML

String not closed::
Keyword: Unclosed string
Fr: Chaine de caractères non refermée
En: String not closed
Ja: 閉じられていない文字列
Fr_raw: Chaine de caractères non refermée
En_raw: String not closed
Ja_raw: 閉じられていない文字列

String not closed ASP VBScript::
Keyword: ASP VBScript unclosed string
Fr: Chaine de caractères VBScript ASP non refermée
En: String not closed ASP VBScript
Ja: 文字列は ASP VBScript を閉じられていません。
Fr_raw: Chaine de caractères VBScript ASP non refermée
En_raw: String not closed ASP VBScript
Ja_raw: 文字列は ASP VBScript を閉じられていません。

String not closed JavaScript::
Keyword: JavaScript unclosed string
Fr: Chaine de caractères JavaScript non refermée
En: String not closed JavaScript
Ja: Java スクリプトの設定を終了していない文字列
Fr_raw: Chaine de caractères JavaScript non refermée
En_raw: String not closed JavaScript
Ja_raw: Java スクリプトの設定を終了していない文字列

String not closed VBScript::
Keyword: VBScript unclosed string
Fr: Chaine de caractères VBScript non refermée
En: String not closed VBScript
Ja: 文字列は、VBScript を閉じていません。
Fr_raw: Chaine de caractères VBScript non refermée
En_raw: String not closed VBScript
Ja_raw: 文字列は、VBScript を閉じていません。

String quoted (q)::
Keyword: Quoted string (q)
Fr: Chaine quotée (q)
En: String quoted (q)
Ja: (Q) 引用符で囲まれた文字列
Fr_raw: Chaine quotée (q)
En_raw: String quoted (q)
Ja_raw: (Q) 引用符で囲まれた文字列

String quoted (qq)::
Keyword: Quoted string (qq)
Fr: Chaine quotée (qq)
En: String quoted (qq)
Ja: 文字列の引用符で囲まれた (qq)
Fr_raw: Chaine quotée (qq)
En_raw: String quoted (qq)
Ja_raw: 文字列の引用符で囲まれた (qq)

String quoted (qr)::
Keyword: Quoted string (qr)
Fr: Chaine quotée (qr)
En: String quoted (qr)
Ja: 文字列の引用符で囲まれた (qr)
Fr_raw: Chaine quotée (qr)
En_raw: String quoted (qr)
Ja_raw: 文字列の引用符で囲まれた (qr)

Strong::
Keyword: LEVEL_STRONG
Fr: Fort
En: Strong
Ja: 砦
Fr_raw: Fort
En_raw: Strong
Ja_raw: 砦

Sub-domains mesh mode::
Keyword: Hexotic_SUBDOMAIN_MESH_MODE
Fr: Mode de maillage des sous-domaines
En: Sub-domains mesh mode
Ja: サブドメインのメッシュ サイズのモード
Fr_raw: Mode de maillage des sous-domaines
En_raw: Sub-domains mesh mode
Ja_raw: サブドメインのメッシュ サイズのモード

Subdivision levels::
Keyword: Hexotic_INPUT_LEVEL
Fr: Niveaux de subdivision
En: Subdivision levels
Ja: 細分化のレベル
Fr_raw: Niveaux de subdivision
En_raw: Subdivision levels
Ja_raw: 細分化のレベル

Subview::
Keyword: Sub-view
Fr: Sous-vue
En: Subview
Ja: サブビュー
Fr_raw: Sous-vue
En_raw: Subview
Ja_raw: サブビュー

Symbol::
Keyword: Symbol
Fr: Symbole
En: Symbol
Ja: シンボル
Fr_raw: Symbole
En_raw: Symbol
Ja_raw: シンボル

Symbol JavaScript::
Keyword: JavaScript symbol
Fr: Symbole JavaScript
En: Symbol JavaScript
Ja: シンボル java スクリプトの設定
Fr_raw: Symbole JavaScript
En_raw: Symbol JavaScript
Ja_raw: シンボル java スクリプトの設定

Symbol JavaScript ASP::
Keyword: ASP JavaScript symbol
Fr: Symbole JavaScript ASP
En: Symbol JavaScript ASP
Ja: Java スクリプトの設定 ASP をシンボルします。
Fr_raw: Symbole JavaScript ASP
En_raw: Symbol JavaScript ASP
Ja_raw: Java スクリプトの設定 ASP をシンボルします。

Symbol table::
Keyword: Symbol table
Fr: Table de symboles
En: Symbol table
Ja: シンボル テーブル
Fr_raw: Table de symboles
En_raw: Symbol table
Ja_raw: シンボル テーブル

TXM's length should be  between  ::
Keyword:  TXM de longueur entre 
Fr: Longueur de TXM devrait se situer entre
En: TXM's length should be  between  
Ja: TXM の長さの間でなければなりません
Fr_raw: Longueur de TXM devrait se situer entre
En_raw: TXM's length should be  between  
Ja_raw: TXM の長さの間でなければなりません

Table::
Keyword: Array
Fr: Tableau
En: Table
Ja: テーブル
Fr_raw: Tableau
En_raw: Table
Ja_raw: テーブル

Table grid::
Keyword: Table grid
Fr: Quadrillage du tableau
En: Table grid
Ja: テーブル グリッド
Fr_raw: Quadrillage du tableau
En_raw: Table grid
Ja_raw: テーブル グリッド

Tag::
Keyword: Tag
Fr: Balise
En: Tag
Ja: タグ
Fr_raw: Balise
En_raw: Tag
Ja_raw: タグ

Tag %s not defined. Ask developpeurs team.::
Keyword: Tag %s non-defini. Ceci est un bogue interne. en informer les developpeurs.
Fr: Tag %s non défini. Demandez l'équipe developpeurs.
En: Tag %s not defined. Ask developpeurs team.
Ja: タグ %s は定義されていません。Developpeurs チームに質問します。
Fr_raw: Tag %s non défini. Demandez l'équipe developpeurs.
En_raw: Tag %s not defined. Ask developpeurs team.
Ja_raw: タグ %s は定義されていません。Developpeurs チームに質問します。

Tag JavaScript::
Keyword: JavaScript keyword
Fr: Mot-clé JavaScript
En: Tag JavaScript
Ja: JavaScript タグ
Fr_raw: Mot-clé JavaScript
En_raw: Tag JavaScript
Ja_raw: JavaScript タグ

Target::
Keyword: Target
Fr: Cible
En: Target
Ja: ターゲット
Fr_raw: Cible
En_raw: Target
Ja_raw: ターゲット

Test Crop operator::
Keyword: TEST_CROP_OPERATOR
Fr: Test Crop operator
En: Test Crop operator
Ja: 作物、テスト オペレーター
Fr_raw: Test Crop operator
En_raw: Test Crop operator
Ja_raw: 作物、テスト オペレーター

Test Fuse operator::
Keyword: TEST_FUSE_OPERATOR
Fr: Test Fuse operator
En: Test Fuse operator
Ja: ヒューズ、テスト オペレーター
Fr_raw: Test Fuse operator
En_raw: Test Fuse operator
Ja_raw: ヒューズ、テスト オペレーター

Text::
Keyword: Text
Fr: Texte
En: Text
Ja: テキスト
Fr_raw: Texte
En_raw: Text
Ja_raw: テキスト

Text highlighted::
Keyword: Highlighted text
Fr: Texte surligné
En: Text highlighted
Ja: テキストを強調表示
Fr_raw: Texte surligné
En_raw: Text highlighted
Ja_raw: テキストを強調表示

TextLabel::
Keyword: TextLabel
Fr: 
En: TextLabel
Ja: 
Fr_raw: 
En_raw: TextLabel
Ja_raw: 

The \"%1\ directory" does not exist "::
Keyword: Directory \"%1\" does not exist
Fr: Le répertoire \"%1\" n'existe pas
En: The \"%1\ directory" does not exist "
Ja: \"%1\" ディレクトリ」は存在しない」
Fr_raw: Le répertoire \"%1\" n'existe pas
En_raw: The \"%1\ directory" does not exist "
Ja_raw: \"%1\" ディレクトリ」は存在しない」

The \"%1\ directory" is not empty. " Delete all files in this directory?::
Keyword: Directory \"%1\" not empty. Do you want to remove all files in this directory?
Fr: Le répertoire \"%1\" n'est pas vide. Voulez-vous supprimer tous les fichiers dans ce répertoire?
En: The \"%1\ directory" is not empty. " Delete all files in this directory?
Ja: \"%1\" ディレクトリの中は空ではありません。このディレクトリ内のすべてのファイルを削除しますか。
Fr_raw: Le répertoire \"%1\" n'est pas vide. Voulez-vous supprimer tous les fichiers dans ce répertoire?
En_raw: The \"%1\ directory" is not empty. " Delete all files in this directory?
Ja_raw: \"%1\" ディレクトリの中は空ではありません。このディレクトリ内のすべてのファイルを削除しますか。

The current line uppercase conversion::
Keyword: Convert selection to upper case
Fr: Conversion de la ligne courante en majuscules
En: The current line uppercase conversion
Ja: 現在の行の大文字変換
Fr_raw: Conversion de la ligne courante en majuscules
En_raw: The current line uppercase conversion
Ja_raw: 現在の行の大文字変換

The file \"%1\" already exists. " Do you want to overwrite it?::
Keyword: File \"%1\" already exist. Do you want to overwrite it?
Fr: Le fichier \"%1\" existe déjà. Voulez-vous l'écraser ?
En: The file \"%1\" already exists. " Do you want to overwrite it?
Ja: ファイル \"%1\"は既に存在します"。それを上書きしますか。
Fr_raw: Le fichier \"%1\" existe déjà. Voulez-vous l'écraser ?
En_raw: The file \"%1\" already exists. " Do you want to overwrite it?
Ja_raw: ファイル \"%1\"は既に存在します"。それを上書きしますか。

The file \"%1\" does not exist "::
Keyword: File \"%1\" does not exist
Fr: Le fichier \"%1\" n'existe pas
En: The file \"%1\" does not exist "
Ja: ファイル \"%1\"存在しない"
Fr_raw: Le fichier \"%1\" n'existe pas
En_raw: The file \"%1\" does not exist "
Ja_raw: ファイル \"%1\"存在しない"

The file name is not indicated::
Keyword: File name not specified
Fr: Le nom du fichier n'est pas indiqué
En: The file name is not indicated
Ja: ファイル名が示されていません。
Fr_raw: Le nom du fichier n'est pas indiqué
En_raw: The file name is not indicated
Ja_raw: ファイル名が示されていません。

The path \"%1\" already exists in the list "::
Keyword: Path \"%1\" already exist in the list
Fr: Le chemin \"%1\" existe déjà dans la liste
En: The path \"%1\" already exists in the list "
Ja: パス \"%1\"はリストに既に存在する」
Fr_raw: Le chemin \"%1\" existe déjà dans la liste
En_raw: The path \"%1\" already exists in the list "
Ja_raw: パス \"%1\"はリストに既に存在する」

The path \"%1\" does not exist. " Should we add it to the list?::
Keyword: Path \"%1\" doesn't exist. Add it to list anyway?
Fr: Le chemin \"%1\" n'existe pas. Faut-il l'ajouter dans la liste?
En: The path \"%1\" does not exist. " Should we add it to the list?
Ja: パス \"%1\"は存在しません"。私たちはそれをリストに追加する必要がありますか
Fr_raw: Le chemin \"%1\" n'existe pas. Faut-il l'ajouter dans la liste?
En_raw: The path \"%1\" does not exist. " Should we add it to the list?
Ja_raw: パス \"%1\"は存在しません"。私たちはそれをリストに追加する必要がありますか

The vector information::
Keyword: Vector Information
Fr: Information sur le vecteur
En: The vector information
Ja: ベクトル情報
Fr_raw: Information sur le vecteur
En_raw: The vector information
Ja_raw: ベクトル情報

Tile Vertically::
Keyword: Tile vertically
Fr: Mosaïque verticale
En: Tile Vertically
Ja: 垂直方向のモザイク
Fr_raw: Mosaïque verticale
En_raw: Tile Vertically
Ja_raw: 垂直方向のモザイク

Tile horizontally::
Keyword: Tile horizontally
Fr: Mosaïque horizontale
En: Tile horizontally
Ja: 水平方向に並べて表示
Fr_raw: Mosaïque horizontale
En_raw: Tile horizontally
Ja_raw: 水平方向に並べて表示

Title::
Keyword: Header
Fr: Titre
En: Title
Ja: タイトル
Fr_raw: Titre
En_raw: Title
Ja_raw: タイトル

To create new nodes::
Keyword: TO_ADD_NODES
Fr: Créer de nouveaux nœuds
En: To create new nodes
Ja: 新しいノードを作成します。
Fr_raw: Créer de nouveaux nœuds
En_raw: To create new nodes
Ja_raw: 新しいノードを作成します。

To keep working files::
Keyword: KEEP_WORKING_FILES
Fr: Conserver les fichiers temporaires
En: To keep working files
Ja: 一時ファイルを保持します。
Fr_raw: Conserver les fichiers temporaires
En_raw: To keep working files
Ja_raw: 一時ファイルを保持します。

To mesh holes::
Keyword: HEXABLOCK_TO_MESH_HOLES
Fr: Mailler les trous
En: To mesh holes
Ja: メッシュの穴
Fr_raw: Mailler les trous
En_raw: To mesh holes
Ja_raw: メッシュの穴

To remove initial central point::
Keyword: NO_INITIAL_CENTRAL_POINT
Fr: Supprimer le point central initial
En: To remove initial central point
Ja: 元の中心点を削除します。
Fr_raw: Supprimer le point central initial
En_raw: To remove initial central point
Ja_raw: 元の中心点を削除します。

To use FEM correction::
Keyword: FEM_CORRECTION
Fr: Utiliser correction FEM
En: To use FEM correction
Ja: 使用 fix GEF
Fr_raw: Utiliser correction FEM
En_raw: To use FEM correction
Ja_raw: 使用 fix GEF

To use boundary recovery version::
Keyword: RECOVERY_VERSION
Fr: Utiliser la version de restauration des frontières
En: To use boundary recovery version
Ja: バージョン境界の復元を使用します。
Fr_raw: Utiliser la version de restauration des frontières
En_raw: To use boundary recovery version
Ja_raw: バージョン境界の復元を使用します。

ToolTip text::
Keyword: Tooltip text
Fr: Texte d'infobulle
En: ToolTip text
Ja: ツールヒント テキスト
Fr_raw: Texte d'infobulle
En_raw: ToolTip text
Ja_raw: ツールヒント テキスト

Top border::
Keyword: Border top
Fr: Frontière de dessus
En: Top border
Ja: 上罫線
Fr_raw: Frontière de dessus
En_raw: Top border
Ja_raw: 上罫線

Top of the tab border::
Keyword: Tab border top
Fr: Frontière de dessus de l'onglet
En: Top of the tab border
Ja: タブの境界線の上部
Fr_raw: Frontière de dessus de l'onglet
En_raw: Top of the tab border
Ja_raw: タブの境界線の上部

Transform element::
Keyword: Perform Transformation
Fr: Transformer élément
En: Transform element
Ja: 要素を変換します。
Fr_raw: Transformer élément
En_raw: Transform element
Ja_raw: 要素を変換します。

Translated file : %s::
Keyword: Fichier Traduit : %s\n\n
Fr: Fichier traduit : %s
En: Translated file : %s
Ja: 翻訳済みファイル: %s
Fr_raw: Fichier traduit : %s
En_raw: Translated file : %s
Ja_raw: 翻訳済みファイル: %s

Transparency::
Keyword: Transparency
Fr: Transparence
En: Transparency
Ja: 透明度
Fr_raw: Transparence
En_raw: Transparency
Ja_raw: 透明度

True::
Keyword: Vrai
Fr: Vrai
En: True
Ja: 真
Fr_raw: Vrai
En_raw: True
Ja_raw: 真

Tuple are not allowed for format ini : ùs::
Keyword: Les tuples ne sont pas supportes pour le format ini :%s 
Fr: Tuple ne sont pas autorisés pour format ini : wkŠ
En: Tuple are not allowed for format ini : ùs
Ja: 形式の ini 組は許可されていません: ùs
Fr_raw: Tuple ne sont pas autorisés pour format ini : wkŠ
En_raw: Tuple are not allowed for format ini : ùs
Ja_raw: 形式の ini 組は許可されていません: ùs

Turn an item::
Keyword: Perform transformation
Fr: Transformer un élément
En: Turn an item
Ja: アイテムを有効に
Fr_raw: Transformer un élément
En_raw: Turn an item
Ja_raw: アイテムを有効に

Types, modifiers, and elements::
Keyword: Types, modifiers and items
Fr: Types, modifieurs et éléments
En: Types, modifiers, and elements
Ja: 型、修飾子、および要素
Fr_raw: Types, modifieurs et éléments
En_raw: Types, modifiers, and elements
Ja_raw: 型、修飾子、および要素

Unable to create directory : check your access rights::
Keyword: Creation du repertoire %s impossible\n Verifiez vos droits d'acces
Fr: Impossible de créer le répertoire : Vérifiez vos droits d'accès
En: Unable to create directory : check your access rights
Ja: ディレクトリを作成できません: アクセス権を確認してください
Fr_raw: Impossible de créer le répertoire : Vérifiez vos droits d'accès
En_raw: Unable to create directory : check your access rights
Ja_raw: ディレクトリを作成できません: アクセス権を確認してください

Unable to display file::
Keyword: Impossibilite d'afficher le Fichier
Fr: Impossible d'afficher le fichier
En: Unable to display file
Ja: ファイルを表示することができません。
Fr_raw: Impossible d'afficher le fichier
En_raw: Unable to display file
Ja_raw: ファイルを表示することができません。

Unable to execute::
Keyword: Execution impossible 
Fr: Impossible d'exécuter
En: Unable to execute
Ja: 実行できません。
Fr_raw: Impossible d'exécuter
En_raw: Unable to execute
Ja_raw: 実行できません。

Unable to read file : unsupported format::
Keyword: Impossible de lire le fichier : Format inconnu
Fr: Impossible de lire le fichier : format non pris en charge
En: Unable to read file : unsupported format
Ja: ファイルを読み取れません: サポートされていないフォーマット
Fr_raw: Impossible de lire le fichier : format non pris en charge
En_raw: Unable to read file : unsupported format
Ja_raw: ファイルを読み取れません: サポートされていないフォーマット

Unable to translate the file. it probably contains mistake\nask eficas team\n%s::
Keyword: Impossible de convertir le fichier Python qui doit contenir des erreurs.\n\n                                  On retourne le fichier non converti. Prevenir la maintenance.\n\n %s
Fr: Impossible de convertir le fichier. Il contient probablement erreur demande eficas équipes %s
En: Unable to translate the file. it probably contains mistake\nask eficas team\n%s
Ja: ファイルを変換できません。それはおそらく間違いが含まれています eficas チーム %s を求める
Fr_raw: Impossible de convertir le fichier. Il contient probablement erreur demande eficas équipes %s
En_raw: Unable to translate the file. it probably contains mistake\nask eficas team\n%s
Ja_raw: ファイルを変換できません。それはおそらく間違いが含まれています eficas チーム %s を求める

Unknown Geometry!::
Keyword: UNKNOWN_GEOMETRY
Fr: Geométrie inconnue!
En: Unknown Geometry!
Ja: 不明なジオメトリは ！
Fr_raw: Geométrie inconnue!
En_raw: Unknown Geometry!
Ja_raw: 不明なジオメトリは ！

Unknown attribute::
Keyword: Unknown attribute
Fr: Attribut inconnu
En: Unknown attribute
Ja: 不明な属性
Fr_raw: Attribut inconnu
En_raw: Unknown attribute
Ja_raw: 不明な属性

Unknown or unsupported entity : %s::
Keyword: Entite inconnue ou interdite :%s
Fr: Entité inconnue ou non pris en charge : %s
En: Unknown or unsupported entity : %s
Ja: 不明なまたはサポートされていないエンティティ: %s
Fr_raw: Entité inconnue ou non pris en charge : %s
En_raw: Unknown or unsupported entity : %s
Ja_raw: 不明なまたはサポートされていないエンティティ: %s

Unknown or unsupported entity : %s. ignored::
Keyword: Entite inconnue ou interdite :%s. Elle est ignoree
Fr: Entité inconnue ou non pris en charge: % s. ignoré
En: Unknown or unsupported entity : %s. ignored
Ja: 不明なまたはサポートされていないエンティティ: %s は無視されます
Fr_raw: Entité inconnue ou non pris en charge: % s. ignoré
En_raw: Unknown or unsupported entity : %s. ignored
Ja_raw: 不明なまたはサポートされていないエンティティ: %s は無視されます

Unknown property::
Keyword: Unknown property
Fr: Propriété inconnue
En: Unknown property
Ja: 不明なプロパティ
Fr_raw: Propriété inconnue
En_raw: Unknown property
Ja_raw: 不明なプロパティ

Unknown tag::
Keyword: Unknown tag
Fr: Balise inconnue
En: Unknown tag
Ja: 不明なタグ
Fr_raw: Balise inconnue
En_raw: Unknown tag
Ja_raw: 不明なタグ

Unload::
Keyword: Disconnect
Fr: Déconnecter
En: Unload
Ja: アンロード
Fr_raw: Déconnecter
En_raw: Unload
Ja_raw: アンロード

Unsupported format  %s::
Keyword: Format de sortie : %s, non supporte
Fr: Format non pris en charge %s
En: Unsupported format  %s
Ja: サポートされていないフォーマット %s
Fr_raw: Format non pris en charge %s
En_raw: Unsupported format  %s
Ja_raw: サポートされていないフォーマット %s

Unsupported type of value for .ini format %(nom)s\n%(exception)s::
Keyword: Type de valeur non supportee par le format ini :%(nom)s\n%(exception)s
Fr: Non prise en charge de type de valeur pour .ini format % (mon) s % (exception)
En: Unsupported type of value for .ini format %(nom)s\n%(exception)s
Ja: .Ini 形式 （nom） s (例外) %s の値のサポートされていない型
Fr_raw: Non prise en charge de type de valeur pour .ini format % (mon) s % (exception)
En_raw: Unsupported type of value for .ini format %(nom)s\n%(exception)s
Ja_raw: .Ini 形式 （nom） s (例外) %s の値のサポートされていない型

User 1 definition::
Keyword: User defined 1
Fr: Définition utilisateur 1
En: User 1 definition
Ja: ユーザー 1 の定義
Fr_raw: Définition utilisateur 1
En_raw: User 1 definition
Ja_raw: ユーザー 1 の定義

User 2 definition::
Keyword: User defined 2
Fr: Définition utilisateur 2
En: User 2 definition
Ja: ユーザー 2 の定義
Fr_raw: Définition utilisateur 2
En_raw: User 2 definition
Ja_raw: ユーザー 2 の定義

User 3 definition::
Keyword: User defined 3
Fr: Définition utilisateur 3
En: User 3 definition
Ja: 3 ユーザー定義
Fr_raw: Définition utilisateur 3
En_raw: User 3 definition
Ja_raw: 3 ユーザー定義

VBScript ASP string::
Keyword: ASP VBScript string
Fr: Chaine de caractères VBScript ASP
En: VBScript ASP string
Ja: VBScript ASP 文字列
Fr_raw: Chaine de caractères VBScript ASP
En_raw: VBScript ASP string
Ja_raw: VBScript ASP 文字列

VBScript String::
Keyword: VBScript string
Fr: Chaine de caractères VBScript
En: VBScript String
Ja: VBScript 文字列
Fr_raw: Chaine de caractères VBScript
En_raw: VBScript String
Ja_raw: VBScript 文字列

Validate::
Keyword: &Valider
Fr: Valider(V)
En: Validate
Ja: 検証
Fr_raw: Valider(&V)
En_raw: &Validate
Ja_raw: 検証(&V)
Fr_Option_Text: (&V)
En_Option_Text: (&V)
Ja_Option_Text: (&V)

Validate input::
Keyword: validation de la saisie
Fr: Valider l'entrée
En: Validate input
Ja: 入力を検証します。
Fr_raw: Valider l'entrée
En_raw: Validate input
Ja_raw: 入力を検証します。

Validation Report::
Keyword: Rapport de Validation
Fr: Rapport de validation
En: Validation Report
Ja: 検証レポート
Fr_raw: Rapport de validation
En_raw: Validation Report
Ja_raw: 検証レポート

Value::
Keyword: <font size="+1">Valeur</font>
Fr: Valeur
En: Value
Ja: 値
Fr_raw: Valeur
En_raw: Value
Ja_raw: 値

Value is accepted::
Keyword: Valeur Acceptee
Fr: La valeur est acceptée
En: Value is accepted
Ja: 値は受け入れられます
Fr_raw: La valeur est acceptée
En_raw: Value is accepted
Ja_raw: 値は受け入れられます

Value is registred::
Keyword: Valeur du mot-clef enregistree
Fr: La valeur est enregistrée
En: Value is registred
Ja: 値が登録
Fr_raw: La valeur est enregistrée
En_raw: Value is registred
Ja_raw: 値が登録

Values Selections::
Keyword: Sélection de valeurs
Fr: Sélections de valeurs
En: Values Selections
Ja: 値の選択
Fr_raw: Sélections de valeurs
En_raw: Values Selections
Ja_raw: 値の選択

Variable PHP::
Keyword: PHP variable
Fr: Variable PHP
En: Variable PHP
Ja: 変数 PHP
Fr_raw: Variable PHP
En_raw: Variable PHP
Ja_raw: 変数 PHP

Vector::
Keyword: VECTOR
Fr: Vecteur
En: Vector
Ja: Vector
Fr_raw: Vecteur
En_raw: Vector
Ja_raw: Vector

Vectors::
Keyword: TREE_ITEM_VECTOR
Fr: Vecteurs
En: Vectors
Ja: ベクトル
Fr_raw: Vecteurs
En_raw: Vectors
Ja_raw: ベクトル

Verbatim string::
Keyword: Verbatim string
Fr: Chaine verbatim
En: Verbatim string
Ja: 逐語的文字列
Fr_raw: Chaine verbatim
En_raw: Verbatim string
Ja_raw: 逐語的文字列

Verbose level::
Keyword: VERBOSE_LEVEL
Fr: Niveau de verbosité
En: Verbose level
Ja: 詳細レベル
Fr_raw: Niveau de verbosité
En_raw: Verbose level
Ja_raw: 詳細レベル

Verbosity::
Keyword: Hexotic_VERBOSITY
Fr: Verbosité
En: Verbosity
Ja: 詳細
Fr_raw: Verbosité
En_raw: Verbosity
Ja_raw: 詳細

Version::
Keyword: Version
Fr: 
En: Version
Ja: 
Fr_raw: 
En_raw: Version
Ja_raw: 

Version 2014.1::
Keyword: ABOUT_VERSION
Fr: Version 2014.1
En: Version 2014.1
Ja: バージョン 2014.1
Fr_raw: Version 2014.1
En_raw: Version 2014.1
Ja_raw: バージョン 2014.1

Version Configuration::
Keyword: Configurer une Version
Fr: Configuration de la version
En: Version Configuration
Ja: バージョン構成
Fr_raw: Configuration de la version
En_raw: Version Configuration
Ja_raw: バージョン構成

Vertex::
Keyword: VERTEX
Fr: Sommet
En: Vertex
Ja: Vertex
Fr_raw: Sommet
En_raw: Vertex
Ja_raw: Vertex

Vertext Update/Construction::
Keyword: VERTEX UPDATE/CONSTRUCTION
Fr: Création/Mise à jour d'un sommet
En: Vertext Update/Construction
Ja: サミットの作成/更新
Fr_raw: Création/Mise à jour d'un sommet
En_raw: Vertext Update/Construction
Ja_raw: サミットの作成/更新

Vertical spacing::
Keyword: Vertical spacing
Fr: Espacement vertical
En: Vertical spacing
Ja: 垂直方向の間隔
Fr_raw: Espacement vertical
En_raw: Vertical spacing
Ja_raw: 垂直方向の間隔

Vertices::
Keyword: TREE_ITEM_VERTEX
Fr: Sommets
En: Vertices
Ja: Vertexes
Fr_raw: Sommets
En_raw: Vertices
Ja_raw: Vertexes

View::
Keyword: Visualiser
Fr: Affichage
En: View
Ja: 表示
Fr_raw: Affichage
En_raw: View
Ja_raw: 表示

View File::
Keyword: Visualiser Fichier
Fr: Afficher le fichier
En: View File
Ja: ファイルの表示
Fr_raw: Afficher le fichier
En_raw: View File
Ja_raw: ファイルの表示

View Include Materiau::
Keyword: Visualisation Include Materiau
Fr: Vue inclure doué
En: View Include Materiau
Ja: ビューに含める Materiau
Fr_raw: Vue inclure doué
En_raw: View Include Materiau
Ja_raw: ビューに含める Materiau

View Operations::
Keyword: LBL_TOOLBAR_LABEL
Fr: Opérations de visualisation
En: View Operations
Ja: 表示操作
Fr_raw: Opérations de visualisation
En_raw: View Operations
Ja_raw: 表示操作

View3D::
Keyword: View3D
Fr: 
En: View3D
Ja: 
Fr_raw: 
En_raw: View3D
Ja_raw: 

Visited link::
Keyword: Visited link
Fr: Lien visité
En: Visited link
Ja: 訪問済みリンク
Fr_raw: Lien visité
En_raw: Visited link
Ja_raw: 訪問済みリンク

Warning::
Keyword: WRN_WARNING
Fr: Attention
En: Warning
Ja: 注意
Fr_raw: Attention
En_raw: Warning
Ja_raw: 注意

Warning ! this file was modified outside Eficas::
Keyword: Attention! fichier change hors EFICAS
Fr: Mise en garde ! ce fichier a été modifié Eficas extérieur
En: Warning ! this file was modified outside Eficas
Ja: 警告 ！このファイルが変更された外部 Eficas
Fr_raw: Mise en garde ! ce fichier a été modifié Eficas extérieur
En_raw: Warning ! this file was modified outside Eficas
Ja_raw: 警告 ！このファイルが変更された外部 Eficas

Warning, Values were modified::
Keyword: Attention, valeurs modifiees
Fr: Attention, les valeurs ont été modifiées
En: Warning, Values were modified
Ja: 警告は、値が変更されました。
Fr_raw: Attention, les valeurs ont été modifiées
En_raw: Warning, Values were modified
Ja_raw: 警告は、値が変更されました。

Window::
Keyword: Window
Fr: Fenêtre
En: Window
Ja: ウィンドウ
Fr_raw: Fenêtre
En_raw: Window
Ja_raw: ウィンドウ

Window text::
Keyword: Window text
Fr: Texte de la fenêtre
En: Window text
Ja: ウィンドウ テキスト
Fr_raw: Texte de la fenêtre
En_raw: Window text
Ja_raw: ウィンドウ テキスト

Wire::
Keyword: GEOM_WIRE
Fr: Contour
En: Wire
Ja: ワイヤー
Fr_raw: Contour
En_raw: Wire
Ja_raw: ワイヤー

Word JavaScript::
Keyword: JavaScript word
Fr: Mot JavaScript
En: Word JavaScript
Ja: Java スクリプトの設定を word します。
Fr_raw: Mot JavaScript
En_raw: Word JavaScript
Ja_raw: Java スクリプトの設定を word します。

Working directory::
Keyword: WORKING_DIR
Fr: Répertoire de travail
En: Working directory
Ja: 作業ディレクトリ
Fr_raw: Répertoire de travail
En_raw: Working directory
Ja_raw: 作業ディレクトリ

Working directory is not writable::
Keyword: HEXABLOCK_PERMISSION_DENIED
Fr: Il n'est pas possible d'écrire dans le répertoire
En: Working directory is not writable
Ja: ディレクトリを作成することはできません。
Fr_raw: Il n'est pas possible d'écrire dans le répertoire
En_raw: Working directory is not writable
Ja_raw: ディレクトリを作成することはできません。

X::
Keyword: HEXABLOCK_ENF_VER_X_COLUMN
Fr: X
En: X
Ja: X
Fr_raw: X
En_raw: X
Ja_raw: X

X:::
Keyword: HEXABLOCK_ENF_VER_X_LABEL
Fr: X:
En: X:
Ja: X:
Fr_raw: X:
En_raw: X:
Ja_raw: X:

XML Files::
Keyword: XML_FILES_FILTER
Fr: Fichiers XML
En: XML Files
Ja: XML ファイル
Fr_raw: Fichiers XML
En_raw: XML Files
Ja_raw: XML ファイル

XML files (*.xml);All files (*)::
Keyword: XML-Files (*.xml);;All Files (*)
Fr: Fichiers XML (*.xml);;Tous les fichiers (*)
En: XML files (*.xml);All files (*)
Ja: XML ファイル (*.xml);すべてのファイル (*)
Fr_raw: Fichiers XML (*.xml);;Tous les fichiers (*)
En_raw: XML files (*.xml);All files (*)
Ja_raw: XML ファイル (*.xml);すべてのファイル (*)

Y::
Keyword: HEXABLOCK_ENF_VER_Y_COLUMN
Fr: Y
En: Y
Ja: そこ
Fr_raw: Y
En_raw: Y
Ja_raw: そこ

Y:::
Keyword: HEXABLOCK_ENF_VER_Y_LABEL
Fr: Y:
En: Y:
Ja: Y:
Fr_raw: Y:
En_raw: Y:
Ja_raw: Y:

Yes::
Keyword: &Oui
Fr: Oui(Y)
En: Yes
Ja: はい
Fr_raw: Oui(&Y)
En_raw: &Yes
Ja_raw: はい(&Y)
Fr_Option_Text: (&Y)
En_Option_Text: (&Y)
Ja_Option_Text: (&Y)

Yes(O)::
Keyword: &Yes
Fr: Oui
En: Yes(O)
Ja: はい
Fr_raw: &Oui
En_raw: Yes(&O)
Ja_raw: はい(&O)
Fr_Option_Text: (&O)
En_Option_Text: (&O)
Ja_Option_Text: (&O)

You have to define principal commands file before a secondary (poursuite) file %s::
Keyword: un fichier de commandes doit etre defini avant une poursuite %s
Fr: Il faut définir le fichier de commandes principal avant un fichier secondaire (poursuite) %s
En: You have to define principal commands file before a secondary (poursuite) file %s
Ja: セカンダリ (poursuite) ファイル %s の前に主なコマンド ファイルを定義する必要があります。
Fr_raw: Il faut définir le fichier de commandes principal avant un fichier secondaire (poursuite) %s
En_raw: You have to define principal commands file before a secondary (poursuite) file %s
Ja_raw: セカンダリ (poursuite) ファイル %s の前に主なコマンド ファイルを定義する必要があります。

You have to define principal commands file before include %s::
Keyword: un fichier de commandes doit etre defini avant un include %s
Fr: Il faut définir le fichier de commandes principales incluent avant %s
En: You have to define principal commands file before include %s
Ja: 主なコマンド ファイルを定義する必要がある前に %s があります
Fr_raw: Il faut définir le fichier de commandes principales incluent avant %s
En_raw: You have to define principal commands file before include %s
Ja_raw: 主なコマンド ファイルを定義する必要がある前に %s があります

You have to select a single object : copy will be done after the selected node::
Keyword: Veuillez selectionner un seul objet : la copie se fera apres le noeud selectionne
Fr: Vous devez sélectionner un seul objet : copie se fera après le nœud sélectionné
En: You have to select a single object : copy will be done after the selected node
Ja: 1 つのオブジェクトを選択する必要がある： コピーは、選択したノードの後に行われる
Fr_raw: Vous devez sélectionner un seul objet : copie se fera après le nœud sélectionné
En_raw: You have to select a single object : copy will be done after the selected node
Ja_raw: 1 つのオブジェクトを選択する必要がある： コピーは、選択したノードの後に行われる

You must enter 'catalog' value::
Keyword: Le champ Catalogue  doit etre rempli
Fr: Vous devez entrer la valeur de « catalogue »
En: You must enter 'catalog' value
Ja: 'カタログ' の値を入力する必要があります。
Fr_raw: Vous devez entrer la valeur de « catalogue »
En_raw: You must enter 'catalog' value
Ja_raw: 'カタログ' の値を入力する必要があります。

Z::
Keyword: HEXABLOCK_ENF_VER_Z_COLUMN
Fr: Z
En: Z
Ja: Z
Fr_raw: Z
En_raw: Z
Ja_raw: Z

Z:::
Keyword: HEXABLOCK_ENF_VER_Z_LABEL
Fr: Z:
En: Z:
Ja: Z:
Fr_raw: Z:
En_raw: Z:
Ja_raw: Z:

Zoom::
Keyword: MNU_ZOOM_VIEW
Fr: Zoom
En: Zoom
Ja: ズーム
Fr_raw: Zoom
En_raw: Zoom
Ja_raw: ズーム

Zoom out::
Keyword: Zoom out
Fr: Zoom arrière
En: Zoom out
Ja: ズーム アウト
Fr_raw: Zoom arrière
En_raw: Zoom out
Ja_raw: ズーム アウト

Zoom the view::
Keyword: DSC_ZOOM_VIEW
Fr: Zoom
En: Zoom the view
Ja: ズーム
Fr_raw: Zoom
En_raw: Zoom the view
Ja_raw: ズーム

[Current]::
Keyword: [ Current ]
Fr: [ Actuel ]
En: [Current]
Ja: [現在]
Fr_raw: [ Actuel ]
En_raw: [Current]
Ja_raw: [現在]

[Default]::
Keyword: [ Default ]
Fr: [ Défaut ]
En: [Default]
Ja: [既定値]
Fr_raw: [ Défaut ]
En_raw: [Default]
Ja_raw: [既定値]

a Matix is expected.::
Keyword: Une Matrice est attendue.  
Fr: un Matix est prévu.
En: a Matix is expected.
Ja: メイティックスは期待されます。
Fr_raw: un Matix est prévu.
En_raw: a Matix is expected.
Ja_raw: メイティックスは期待されます。

a complex is expected::
Keyword: Un complexe est attendu
Fr: un complexe devrait
En: a complex is expected
Ja: 複合体が期待されます。
Fr_raw: un complexe devrait
En_raw: a complex is expected
Ja_raw: 複合体が期待されます。

a file is expected.::
Keyword: Un fichier est attendu.  
Fr: un fichier est attendu.
En: a file is expected.
Ja: ファイルが期待されます。
Fr_raw: un fichier est attendu.
En_raw: a file is expected.
Ja_raw: ファイルが期待されます。

acroread::
Keyword: acroread
Fr: 
En: acroread
Ja: 
Fr_raw: 
En_raw: acroread
Ja_raw: 

add the new value after the selected value (or at the end of the list if no selection)::
Keyword: ajoute la valeur saisie sous l occurence selectionnée (en fin de liste si il n y a pas de selection)
Fr: Ajouter la nouvelle valeur après la valeur sélectionnée (ou à la fin de la liste si aucune sélection)
En: add the new value after the selected value (or at the end of the list if no selection)
Ja: 選択した値よりも後 (範囲がない場合、リストの末尾) に新しい値を追加します。
Fr_raw: Ajouter la nouvelle valeur après la valeur sélectionnée (ou à la fin de la liste si aucune sélection)
En_raw: add the new value after the selected value (or at the end of the list if no selection)
Ja_raw: 選択した値よりも後 (範囲がない場合、リストの末尾) に新しい値を追加します。

after::
Keyword: apres
Fr: après
En: after
Ja: 後
Fr_raw: après
En_raw: after
Ja_raw: 後

all data are not available::
Keyword: toutes les donnees ne sont pas connues
Fr: toutes les données ne sont pas disponibles
En: all data are not available
Ja: すべてのデータは利用できません。
Fr_raw: toutes les données ne sont pas disponibles
En_raw: all data are not available
Ja_raw: すべてのデータは利用できません。

allready existing concept::
Keyword: Concept existant
Fr: concept existant deja
En: allready existing concept
Ja: 既存の概念を出回っ
Fr_raw: concept existant deja
En_raw: allready existing concept
Ja_raw: 既存の概念を出回っ

alpha sort::
Keyword: Tri Alpha
Fr: Tri alpha
En: alpha sort
Ja: アルファベット順に並べ替える
Fr_raw: Tri alpha
En_raw: alpha sort
Ja_raw: アルファベット順に並べ替える

alphabetic::
Keyword: alphabétique
Fr: alphabétique
En: alphabetic
Ja: アルファベット順
Fr_raw: alphabétique
En_raw: alphabetic
Ja_raw: アルファベット順

already defined concept::
Keyword: Nom de concept deja defini 
Fr: concept déjà défini
En: already defined concept
Ja: 定義済みの概念
Fr_raw: concept déjà défini
En_raw: already defined concept
Ja_raw: 定義済みの概念

already defined concept :::
Keyword:  Nom de concept deja  defini : 
Fr: concept déjà défini :
En: already defined concept :
Ja: 既に定義されている概念:
Fr_raw: concept déjà défini :
En_raw: already defined concept :
Ja_raw: 既に定義されている概念:

already existing concept of not supported type::
Keyword: Concept deja existant et de mauvais type
Fr: concept déjà existant de type non pris en charge
En: already existing concept of not supported type
Ja: サポートされていない種類の既に既存の概念
Fr_raw: concept déjà existant de type non pris en charge
En_raw: already existing concept of not supported type
Ja_raw: サポートされていない種類の既に既存の概念

an integer is expected.::
Keyword: Un entier est attendu.  
Fr: un entier est prévu.
En: an integer is expected.
Ja: 整数が期待されます。
Fr_raw: un entier est prévu.
En_raw: an integer is expected.
Ja_raw: 整数が期待されます。

arguments are not valid for FORMULE::
Keyword: Argument(s) invalide(s) pour une FORMULE
Fr: arguments ne sont pas valides pour la FORMULE
En: arguments are not valid for FORMULE
Ja: フォーミュラの無効な引数
Fr_raw: arguments ne sont pas valides pour la FORMULE
En_raw: arguments are not valid for FORMULE
Ja_raw: フォーミュラの無効な引数

arguments are valid for FORMULE::
Keyword: Argument(s) valide(s) pour une FORMULE
Fr: les arguments sont valides pour la FORMULE
En: arguments are valid for FORMULE
Ja: フォーミュラに有効な引数
Fr_raw: les arguments sont valides pour la FORMULE
En_raw: arguments are valid for FORMULE
Ja_raw: フォーミュラに有効な引数

association cleared::
Keyword: ASSOCIATION CLEARED
Fr: Association supprimée
En: association cleared
Ja: 関連付けの削除
Fr_raw: Association supprimée
En_raw: association cleared
Ja_raw: 関連付けの削除

bad command::
Keyword: Mauvaise Commande 
Fr: mauvaise commande
En: bad command
Ja: 不正なコマンド
Fr_raw: mauvaise commande
En_raw: bad command
Ja_raw: 不正なコマンド

before::
Keyword: avant
Fr: avant
En: before
Ja: 前に
Fr_raw: avant
En_raw: before
Ja_raw: 前に

by group::
Keyword: par groupe
Fr: par groupe
En: by group
Ja: グループによって
Fr_raw: par groupe
En_raw: by group
Ja_raw: グループによって

carriage return allows you to verify expression validity.::
Keyword: Retour-Chariot permet de vérifier que l'expression est valide.
Fr: retour chariot vous permet de vérifier la validité de l'expression.
En: carriage return allows you to verify expression validity.
Ja: キャリッジ リターン式の妥当性を検証することができます。
Fr_raw: retour chariot vous permet de vérifier la validité de l'expression.
En_raw: carriage return allows you to verify expression validity.
Ja_raw: キャリッジ リターン式の妥当性を検証することができます。

cata sort::
Keyword: Tri Cata
Fr: cata sort
En: cata sort
Ja: Cata は出てくる
Fr_raw: cata sort
En_raw: cata sort
Ja_raw: Cata は出てくる

check your QT environment (QT4 is required)::
Keyword: L environnement doit etre en QT4
Fr: vérifier votre environnement QT (QT4 est requis)
En: check your QT environment (QT4 is required)
Ja: （QT4 が必要）、QT の環境を確認してください。
Fr_raw: vérifier votre environnement QT (QT4 est requis)
En_raw: check your QT environment (QT4 is required)
Ja_raw: （QT4 が必要）、QT の環境を確認してください。

check your environment::
Keyword: probleme d environnement
Fr: vérifier votre environnement
En: check your environment
Ja: あなたの環境を確認します。
Fr_raw: vérifier votre environnement
En_raw: check your environment
Ja_raw: あなたの環境を確認します。

choose a version::
Keyword: Choix d une version 
Fr: Choisissez une version
En: choose a version
Ja: バージョンを選択します。
Fr_raw: Choisissez une version
En_raw: choose a version
Ja_raw: バージョンを選択します。

choose complex's type::
Keyword: saisir le type de complexe
Fr: Choisissez le type de complexe
En: choose complex's type
Ja: 複合体の種類を選択します
Fr_raw: Choisissez le type de complexe
En_raw: choose complex's type
Ja_raw: 複合体の種類を選択します

choose primary file for the POURSUITE file::
Keyword: Donnez le nom du fichier dont vous\n voulez faire une poursuite
Fr: Choisissez le fichier primaire pour la POURSUITE
En: choose primary file for the POURSUITE file
Ja: POURSUITE ファイルのプライマリ ファイルを選択します。
Fr_raw: Choisissez le fichier primaire pour la POURSUITE
En_raw: choose primary file for the POURSUITE file
Ja_raw: POURSUITE ファイルのプライマリ ファイルを選択します。

code's help::
Keyword: Aide specifique 
Fr: aide du code
En: code's help
Ja: コードのヘルプ
Fr_raw: aide du code
En_raw: code's help
Ja_raw: コードのヘルプ

code's name::
Keyword: nom du code a utiliser
Fr: nom de code
En: code's name
Ja: コードの名前
Fr_raw: nom de code
En_raw: code's name
Ja_raw: コードの名前

columns'number is not equal to ::
Keyword: le nombre de colonne n est pas egal a 
Fr: columns'number n'est pas égal à
En: columns'number is not equal to 
Ja: columns'number と等しくないです。
Fr_raw: columns'number n'est pas égal à
En_raw: columns'number is not equal to 
Ja_raw: columns'number と等しくないです。

comma::
Keyword: virgule
Fr: virgule
En: comma
Ja: コンマ
Fr_raw: virgule
En_raw: comma
Ja_raw: コンマ

command %s is deleted::
Keyword: Commande %s supprimee
Fr: commande %s est supprimé
En: command %s is deleted
Ja: コマンド %s が削除されます。
Fr_raw: commande %s est supprimé
En_raw: command %s is deleted
Ja_raw: コマンド %s が削除されます。

command's documentation::
Keyword: documentation sur la commande 
Fr: documentation de la commande
En: command's documentation
Ja: コマンドのマニュアル
Fr_raw: documentation de la commande
En_raw: command's documentation
Ja_raw: コマンドのマニュアル

commands file %s does not exist::
Keyword: le fichier de commandes %s n'existe pas
Fr: commandes fichier %s n'existe pas
En: commands file %s does not exist
Ja: コマンド ファイル %s が存在しません
Fr_raw: commandes fichier %s n'existe pas
En_raw: commands file %s does not exist
Ja_raw: コマンド ファイル %s が存在しません

comment is deleted::
Keyword: Commentaire supprime
Fr: Commentaire est supprimé
En: comment is deleted
Ja: コメントは削除されます。
Fr_raw: Commentaire est supprimé
En_raw: comment is deleted
Ja_raw: コメントは削除されます。

comment object has no value::
Keyword: Objet commentaire non valorise
Fr: objet de commentaire n'a aucune valeur
En: comment object has no value
Ja: コメント オブジェクトに値がないです。
Fr_raw: objet de commentaire n'a aucune valeur
En_raw: comment object has no value
Ja_raw: コメント オブジェクトに値がないです。

comment this node::
Keyword: commente le noeud 
Fr: commenter ce nœud
En: comment this node
Ja: このノードをコメントします。
Fr_raw: commenter ce nœud
En_raw: comment this node
Ja_raw: このノードをコメントします。

complex::
Keyword: complexes
Fr: complexe
En: complex
Ja: 複雑です
Fr_raw: complexe
En_raw: complex
Ja_raw: 複雑です

concept %(inst_name)s of type  %(class_name)s::
Keyword: concept %(inst_name)s de type %(class_name)s
Fr: concept %s (inst_name) de type %s (class_name)
En: concept %(inst_name)s of type  %(class_name)s
Ja: 型 %s (class_name) の概念 (inst_name) %s
Fr_raw: concept %s (inst_name) de type %s (class_name)
En_raw: concept %(inst_name)s of type  %(class_name)s
Ja_raw: 型 %s (class_name) の概念 (inst_name) %s

concept already exists::
Keyword: un concept de meme nom existe deja
Fr: concept existe déjà
En: concept already exists
Ja: 概念は既に存在します。
Fr_raw: concept existe déjà
En_raw: concept already exists
Ja_raw: 概念は既に存在します。

concept created::
Keyword: Concept cree
Fr: concept créé
En: concept created
Ja: 作成の概念
Fr_raw: concept créé
En_raw: concept created
Ja_raw: 作成の概念

concept name too long::
Keyword: Nom de concept trop long (maxi 8 caracteres)
Fr: nom de concept trop long
En: concept name too long
Ja: 概念名が長すぎます
Fr_raw: nom de concept trop long
En_raw: concept name too long
Ja_raw: 概念名が長すぎます

concept's name must be a python identifier::
Keyword: Un nom de concept doit etre un identificateur Python
Fr: nom du concept doit être un identificateur de python
En: concept's name must be a python identifier
Ja: 概念の名前 python 識別子である必要があります。
Fr_raw: nom du concept doit être un identificateur de python
En_raw: concept's name must be a python identifier
Ja_raw: 概念の名前 python 識別子である必要があります。

concrete::
Keyword: concrete
Fr: 
En: concrete
Ja: 
Fr_raw: 
En_raw: concrete
Ja_raw: 

contains non even values::
Keyword: contient des valeurs non paires
Fr: contient des valeurs non encore
En: contains non even values
Ja: 以外にも値が含まれています
Fr_raw: contient des valeurs non encore
En_raw: contains non even values
Ja_raw: 以外にも値が含まれています

contains unallowed values :::
Keyword:  contient des valeurs hors des choix possibles: 
Fr: contient des valeurs unallowed :
En: contains unallowed values :
Ja: unallowed 値が含まれています。
Fr_raw: contient des valeurs unallowed :
En_raw: contains unallowed values :
Ja_raw: unallowed 値が含まれています。

coordinates::
Keyword: GEOM_COORDINATES
Fr: coordonnées
En: coordinates
Ja: 座標
Fr_raw: coordonnées
En_raw: coordinates
Ja_raw: 座標

correct value::
Keyword: Valeur correcte
Fr: valeur correcte
En: correct value
Ja: 正しい値
Fr_raw: valeur correcte
En_raw: correct value
Ja_raw: 正しい値

cut out the selected value::
Keyword: enleve l occurence selectionnee
Fr: découper la valeur sélectionnée
En: cut out the selected value
Ja: 選択した値をカットします。
Fr_raw: découper la valeur sélectionnée
En_raw: cut out the selected value
Ja_raw: 選択した値をカットします。

data file::
Keyword: Fichier de donnees
Fr: fichier de données
En: data file
Ja: データ ファイル
Fr_raw: fichier de données
En_raw: data file
Ja_raw: データ ファイル

debug level::
Keyword: niveau de debug
Fr: niveau de débogage
En: debug level
Ja: デバッグ レベル
Fr_raw: niveau de débogage
En_raw: debug level
Ja_raw: デバッグ レベル

default save directory :::
Keyword: Répertoire de sauvegarde par défaut :
Fr: enregistrement répertoire par défaut :
En: default save directory :
Ja: 既定の保存ディレクトリ:
Fr_raw: enregistrement répertoire par défaut :
En_raw: default save directory :
Ja_raw: 既定の保存ディレクトリ:

defines a parameter::
Keyword: Definition d'un parametre
Fr: définit un paramètre
En: defines a parameter
Ja: パラメーターを定義します
Fr_raw: définit un paramètre
En_raw: defines a parameter
Ja_raw: パラメーターを定義します

delete::
Keyword: Supprimer
Fr: supprimer
En: delete
Ja: 削除
Fr_raw: supprimer
En_raw: delete
Ja_raw: 削除

delete Keyword::
Keyword: suppression du mot clef
Fr: Supprimez le mot clé
En: delete Keyword
Ja: キーワードを削除します。
Fr_raw: Supprimez le mot clé
En_raw: delete Keyword
Ja_raw: キーワードを削除します。

delete keyword::
Keyword: supprime le mot clef 
Fr: Supprimez le mot clé
En: delete keyword
Ja: キーワードを削除します。
Fr_raw: Supprimez le mot clé
En_raw: delete keyword
Ja_raw: キーワードを削除します。

delete the keyword::
Keyword: suppression du mot clef
Fr: Supprimez le mot clé
En: delete the keyword
Ja: キーワードを削除します。
Fr_raw: Supprimez le mot clé
En_raw: delete the keyword
Ja_raw: キーワードを削除します。

diplay SE in Geom::
Keyword: affiche dans Geom les elements de structure
Fr: diplay SE en Geom
En: diplay SE in Geom
Ja: Geom の diplay SE
Fr_raw: diplay SE en Geom
En_raw: diplay SE in Geom
Ja_raw: Geom の diplay SE

directory does not exist.::
Keyword: Le Repertoire  n existe pas.
Fr: Répertoire n'existe pas.
En: directory does not exist.
Ja: ディレクトリが存在しません。
Fr_raw: Répertoire n'existe pas.
En_raw: directory does not exist.
Ja_raw: ディレクトリが存在しません。

display distribution::
Keyword: affiche la distribution 
Fr: afficher distribution
En: display distribution
Ja: 分布を表示します。
Fr_raw: afficher distribution
En_raw: display distribution
Ja_raw: 分布を表示します。

doc::
Keyword: Doc
Fr: doc
En: doc
Ja: doc
Fr_raw: doc
En_raw: doc
Ja_raw: doc

docu must be a string::
Keyword: L'attribut 'docu' doit etre une chaine de caracteres
Fr: docu doit être une chaîne
En: docu must be a string
Ja: ドキュメンタリーは文字列である必要があります。
Fr_raw: docu doit être une chaîne
En_raw: docu must be a string
Ja_raw: ドキュメンタリーは文字列である必要があります。

documentation::
Keyword: Documentation
Fr: documentation
En: documentation
Ja: ドキュメント
Fr_raw: documentation
En_raw: documentation
Ja_raw: ドキュメント

documentation reader::
Keyword: Lecteur documentation
Fr: lecteur de documents
En: documentation reader
Ja: ドキュメント リーダー
Fr_raw: lecteur de documents
En_raw: documentation reader
Ja_raw: ドキュメント リーダー

does not contain mandatory values : ::
Keyword:  ne contient pas les elements obligatoires : 
Fr: ne contient pas de valeurs impératives :
En: does not contain mandatory values : 
Ja: 必須の値が含まれていません。
Fr_raw: ne contient pas de valeurs impératives :
En_raw: does not contain mandatory values : 
Ja_raw: 必須の値が含まれていません。

element::
Keyword: l element 
Fr: élément
En: element
Ja: 要素
Fr_raw: élément
En_raw: element
Ja_raw: 要素

empty documentation::
Keyword: Documentation Vide
Fr: documentation vide
En: empty documentation
Ja: 空のドキュメント
Fr_raw: documentation vide
En_raw: empty documentation
Ja_raw: 空のドキュメント

end::
Keyword: Fin 
Fr: fin
En: end
Ja: 終了
Fr_raw: fin
En_raw: end
Ja_raw: 終了

end function %s::
Keyword: Fin Fonction %s
Fr: EndFunction %s
En: end function %s
Ja: 関数 %s を終了します。
Fr_raw: EndFunction %s
En_raw: end function %s
Ja_raw: 関数 %s を終了します。

enter::
Keyword: Entrez 
Fr: Entrez
En: enter
Ja: 入力してください。
Fr_raw: Entrez
En_raw: enter
Ja_raw: 入力してください。

enter a complex::
Keyword: Veuillez entrer le complexe sous forme aster ou sous forme python
Fr: Entrez un complexe
En: enter a complex
Ja: 複雑なを入力してください。
Fr_raw: Entrez un complexe
En_raw: enter a complex
Ja_raw: 複雑なを入力してください。

enter a value::
Keyword: Champ non rempli
Fr: Entrez une valeur
En: enter a value
Ja: 値を入力します。
Fr_raw: Entrez une valeur
En_raw: enter a value
Ja_raw: 値を入力します。

enter between ::
Keyword: Entrez entre 
Fr: Entrez entre
En: enter between 
Ja: 間を入力してください。
Fr_raw: Entrez entre
En_raw: enter between 
Ja_raw: 間を入力してください。

error::
Keyword: Erreur
Fr: erreur
En: error
Ja: エラー
Fr_raw: erreur
En_raw: error
Ja_raw: エラー

error when searching argument's command :::
Keyword: Erreur dans la recherche des  args de la commande :
Fr: erreur lors de la commande de l'argument de recherche :
En: error when searching argument's command :
Ja: 引数のコマンドを検索するときのエラー:
Fr_raw: erreur lors de la commande de l'argument de recherche :
En_raw: error when searching argument's command :
Ja_raw: 引数のコマンドを検索するときのエラー:

error when searching command's name :::
Keyword: Erreur dans la recherche  du nom de la commande : 
Fr: erreur lors de la recherche le nom de la commande :
En: error when searching command's name :
Ja: コマンドの名前を検索するときのエラー:
Fr_raw: erreur lors de la recherche le nom de la commande :
En_raw: error when searching command's name :
Ja_raw: コマンドの名前を検索するときのエラー:

even value::
Keyword: valeur paire
Fr: même valeur
En: even value
Ja: 偶数値
Fr_raw: même valeur
En_raw: even value
Ja_raw: 偶数値

expect a %s object::
Keyword: Un objet de type %s est attendu 
Fr: s'attendre à un objet %s
En: expect a %s object
Ja: %s オブジェクトを期待します。
Fr_raw: s'attendre à un objet %s
En_raw: expect a %s object
Ja_raw: %s オブジェクトを期待します。

expect a boolean::
Keyword: un booleen est attendu
Fr: s'attendre à une valeur booléenne
En: expect a boolean
Ja: ブール値を期待します。
Fr_raw: s'attendre à une valeur booléenne
En_raw: expect a boolean
Ja_raw: ブール値を期待します。

expect a directory.::
Keyword: Un repertoire est attendu.  
Fr: s'attendre à un répertoire.
En: expect a directory.
Ja: ディレクトリを期待します。
Fr_raw: s'attendre à un répertoire.
En_raw: expect a directory.
Ja_raw: ディレクトリを期待します。

expect a float.::
Keyword: Un reel est attendu. 
Fr: s'attendre à un flotteur.
En: expect a float.
Ja: 浮動小数点数を期待します。
Fr_raw: s'attendre à un flotteur.
En_raw: expect a float.
Ja_raw: 浮動小数点数を期待します。

expect a string.::
Keyword: Une chaine de caracteres est attendue.  
Fr: s'attendre à une chaîne.
En: expect a string.
Ja: 文字列を期待します。
Fr_raw: s'attendre à une chaîne.
En_raw: expect a string.
Ja_raw: 文字列を期待します。

expression is not as a+bj::
Keyword: expression n est pas de la forme a+bj
Fr: expression n'est pas comme un bj
En: expression is not as a+bj
Ja: 式が、bj としてではないです。
Fr_raw: expression n'est pas comme un bj
En_raw: expression is not as a+bj
Ja_raw: 式が、bj としてではないです。

fatal error when loading %s::
Keyword: Erreur fatale au chargement de %s
Fr: erreur fatale lors du chargement de %s
En: fatal error when loading %s
Ja: %s をロードするときの致命的エラー
Fr_raw: erreur fatale lors du chargement de %s
En_raw: fatal error when loading %s
Ja_raw: %s をロードするときの致命的エラー

fatale error::
Keyword: Erreurs fatales
Fr: erreur fatale
En: fatale error
Ja: ファタル エラー
Fr_raw: erreur fatale
En_raw: fatale error
Ja_raw: ファタル エラー

file  <b>%s</b> already exists.::
Keyword: Le fichier <b>%s</b> existe deja.
Fr: fichier <b>%s</b> existe déjà.
En: file  <b>%s</b> already exists.
Ja: ファイル<b>%s</b>は既に存在します。
Fr_raw: fichier <b>%s</b> existe déjà.
En_raw: file  <b>%s</b> already exists.
Ja_raw: ファイル<b>%s</b>は既に存在します。

file %s contains a POURSUITE command::
Keyword: Le fichier %s contient une commande POURSUITE\n
Fr: fichier %s contient une commande POURSUITE
En: file %s contains a POURSUITE command
Ja: ファイル %s には POURSUITE コマンドが含まれています
Fr_raw: fichier %s contient une commande POURSUITE
En_raw: file %s contains a POURSUITE command
Ja_raw: ファイル %s には POURSUITE コマンドが含まれています

file %s contains an INCLUDE command::
Keyword: Le fichier %s contient une commande INCLUDE\n
Fr: fichier %s contient une commande INCLUDE
En: file %s contains an INCLUDE command
Ja: ファイル %s は、INCLUDE コマンドの実行が含まれています
Fr_raw: fichier %s contient une commande INCLUDE
En_raw: file %s contains an INCLUDE command
Ja_raw: ファイル %s は、INCLUDE コマンドの実行が含まれています

file %s does not exist::
Keyword:  le fichier jdc %s n'existe pas
Fr: le fichier %s n'existe pas
En: file %s does not exist
Ja: ファイル %s は存在しません
Fr_raw: le fichier %s n'existe pas
En_raw: file %s does not exist
Ja_raw: ファイル %s は存在しません

file %s was not saved.::
Keyword: Le fichier %s n a pas ete sauvegarde.
Fr: le fichier %s n'était pas justifiée.
En: file %s was not saved.
Ja: ファイル %s を保存できませんでした。
Fr_raw: le fichier %s n'était pas justifiée.
En_raw: file %s was not saved.
Ja_raw: ファイル %s を保存できませんでした。

file <b>%(v_1)s</b> was not saved::
Keyword: Le fichier <b>%(v_1)s</b> n'a pu etre sauvegarde. <br>Raison : %(v_2)s
Fr: fichier <b>%s (v_1)</b> n'a pas été enregistré.
En: file <b>%(v_1)s</b> was not saved
Ja: ファイル<b>%s (v_1)</b>は保存されませんでした。
Fr_raw: fichier <b>%s (v_1)</b> n'a pas été enregistré.
En_raw: file <b>%(v_1)s</b> was not saved
Ja_raw: ファイル<b>%s (v_1)</b>は保存されませんでした。

file containing a study::
Keyword: fichier decrivant une etude
Fr: fichier contenant une étude
En: file containing a study
Ja: 研究を含むファイル
Fr_raw: fichier contenant une étude
En_raw: file containing a study
Ja_raw: 研究を含むファイル

file contains MODEL command ::
Keyword: Le fichier contient une commande MODEL\n
Fr: fichier contient la commande du modèle
En: file contains MODEL command 
Ja: ファイルには、MODEL コマンドが含まれています
Fr_raw: fichier contient la commande du modèle
En_raw: file contains MODEL command 
Ja_raw: ファイルには、MODEL コマンドが含まれています

file is duplicated::
Keyword: Fichier Duplique
Fr: fichier est dupliqué
En: file is duplicated
Ja: ファイルを複製します。
Fr_raw: fichier est dupliqué
En_raw: file is duplicated
Ja_raw: ファイルを複製します。

file is not defined::
Keyword: Le fichier n est pas defini
Fr: fichier n'est pas défini
En: file is not defined
Ja: ファイルが定義されていません
Fr_raw: fichier n'est pas défini
En_raw: file is not defined
Ja_raw: ファイルが定義されていません

file must declare a single output variable::
Keyword: le fichier doit contenir une unique variable de sortie
Fr: fichier doit déclarer une variable de sortie unique
En: file must declare a single output variable
Ja: ファイルは 1 つの出力変数を宣言する必要があります。
Fr_raw: fichier doit déclarer une variable de sortie unique
En_raw: file must declare a single output variable
Ja_raw: ファイルは 1 つの出力変数を宣言する必要があります。

file name ending with ::
Keyword: Un nom de fichier se terminant par
Fr: nom de fichier se terminant par
En: file name ending with 
Ja: 終わるファイル名
Fr_raw: nom de fichier se terminant par
En_raw: file name ending with 
Ja_raw: 終わるファイル名

file selected::
Keyword: Fichier selectionne
Fr: fichier sélectionné
En: file selected
Ja: 選択したファイル
Fr_raw: fichier sélectionné
En_raw: file selected
Ja_raw: 選択したファイル

file translation::
Keyword: Traduire Fichier
Fr: traduction de fichier
En: file translation
Ja: ファイル変換
Fr_raw: traduction de fichier
En_raw: file translation
Ja_raw: ファイル変換

file updated ::
Keyword: fichier modifie
Fr: fichier mis à jour
En: file updated 
Ja: ファイルが更新されました
Fr_raw: fichier mis à jour
En_raw: file updated 
Ja_raw: ファイルが更新されました

file was modified :::
Keyword: Fichier modifie  :
Fr: fichier a été modifié :
En: file was modified :
Ja: ファイルが変更された：
Fr_raw: fichier a été modifié :
En_raw: file was modified :
Ja_raw: ファイルが変更された：

file will be ignored\n::
Keyword: Le contenu de ce fichier ne sera pas pris en compte\n
Fr: fichier sera ignoré
En: file will be ignored\n
Ja: ファイルは無視されます。
Fr_raw: fichier sera ignoré
En_raw: file will be ignored\n
Ja_raw: ファイルは無視されます。

floats::
Keyword: reels
Fr: flotteurs
En: floats
Ja: 浮動小数点数
Fr_raw: flotteurs
En_raw: floats
Ja_raw: 浮動小数点数

for::
Keyword:  pour 
Fr: pour
En: for
Ja: ため
Fr_raw: pour
En_raw: for
Ja_raw: ため

format : %s not implemented::
Keyword: Format pas implemente : %s
Fr: format : %s non implémenté
En: format : %s not implemented
Ja: 形式: %s は実装されていません
Fr_raw: format : %s non implémenté
En_raw: format : %s not implemented
Ja_raw: 形式: %s は実装されていません

formula expects a list of arguments : no left parenthesis::
Keyword: La liste des arguments d'une formule doit etre entre parentheses : parenthese ouvrante manquante
Fr: formule prévoit une liste d'arguments : Aucune parenthèse gauche
En: formula expects a list of arguments : no left parenthesis
Ja: 数式の引数のリストを受け取る: ない左かっこ
Fr_raw: formule prévoit une liste d'arguments : Aucune parenthèse gauche
En_raw: formula expects a list of arguments : no left parenthesis
Ja_raw: 数式の引数のリストを受け取る: ない左かっこ

formula expects a list of arguments : no right parenthes::
Keyword: La liste des arguments d'une formule doit etre entre parentheses : parenthese fermante manquante
Fr: formule prévoit une liste d'arguments : aucun droit parenthes
En: formula expects a list of arguments : no right parenthes
Ja: 数式の引数のリストを受け取る: ない右 parenthes
Fr_raw: formule prévoit une liste d'arguments : aucun droit parenthes
En_raw: formula expects a list of arguments : no right parenthes
Ja_raw: 数式の引数のリストを受け取る: ない右 parenthes

formula must be written as tuple::
Keyword: La formule passee à l'interpreteur doit etre sous forme de tuple
Fr: formule doit être écrit dans le tuple
En: formula must be written as tuple
Ja: 数式が組として書かれなければなりません。
Fr_raw: formule doit être écrit dans le tuple
En_raw: formula must be written as tuple
Ja_raw: 数式が組として書かれなければなりません。

graphic::
Keyword: Graphique
Fr: graphique
En: graphic
Ja: グラフィック
Fr_raw: graphique
En_raw: graphic
Ja_raw: グラフィック

has not a valid length::
Keyword:  n'est pas de la bonne longueur
Fr: longueur non valide est
En: has not a valid length
Ja: いない有効な長さを持っています
Fr_raw: longueur non valide est
En_raw: has not a valid length
Ja_raw: いない有効な長さを持っています

has not a valid type::
Keyword:  n'est pas du bon type
Fr: a pas un type valide
En: has not a valid type
Ja: 無効な型には
Fr_raw: a pas un type valide
En_raw: has not a valid type
Ja_raw: 無効な型には

image::
Keyword: image
Fr: 
En: image
Ja: 
Fr_raw: 
En_raw: image
Ja_raw: 

import all values::
Keyword: Importer Tout
Fr: importer toutes les valeurs
En: import all values
Ja: すべての値をインポートします。
Fr_raw: importer toutes les valeurs
En_raw: import all values
Ja_raw: すべての値をインポートします。

import configuration file::
Keyword: Import du fichier de Configuration
Fr: importer un fichier de configuration
En: import configuration file
Ja: 構成ファイルをインポートします。
Fr_raw: importer un fichier de configuration
En_raw: import configuration file
Ja_raw: 構成ファイルをインポートします。

impossible to return a value of type : %s::
Keyword: Une formule ne peut retourner une valeur de type : %s
Fr: Impossible de retourner une valeur du type : %s
En: impossible to return a value of type : %s
Ja: 型の値を返すことは不可能: %s
Fr_raw: Impossible de retourner une valeur du type : %s
En_raw: impossible to return a value of type : %s
Ja_raw: 型の値を返すことは不可能: %s

in order to verify the validity of a widget value, press carriage return.::
Keyword: Retour Chariot dans une sone de saisie permet de vérifier la validité de la valeur saisie.
Fr: afin de vérifier la validité d'une valeur de widget, retour chariot de la presse.
En: in order to verify the validity of a widget value, press carriage return.
Ja: ウィジェット値の妥当性を検証するために押してキャリッジ リターンします。
Fr_raw: afin de vérifier la validité d'une valeur de widget, retour chariot de la presse.
En_raw: in order to verify the validity of a widget value, press carriage return.
Ja_raw: ウィジェット値の妥当性を検証するために押してキャリッジ リターンします。

include file contains errors %s\n::
Keyword: Le fichier include contient des erreurs %s\n 
Fr: inclure fichier contient des erreurs %s
En: include file contains errors %s\n
Ja: 含めるファイルにエラー %s
Fr_raw: inclure fichier contient des erreurs %s
En_raw: include file contains errors %s\n
Ja_raw: 含めるファイルにエラー %s

include file does not exist::
Keyword: le fichier include %s n'existe pas
Fr: inclure fichier n'existe pas
En: include file does not exist
Ja: 含めるファイルが存在しません。
Fr_raw: inclure fichier n'existe pas
En_raw: include file does not exist
Ja_raw: 含めるファイルが存在しません。

include file is empty::
Keyword: Include vide
Fr: inclure fichier est vide
En: include file is empty
Ja: 含めるファイルは空です
Fr_raw: inclure fichier est vide
En_raw: include file is empty
Ja_raw: 含めるファイルは空です

include file is not defined::
Keyword: Le fichier INCLUDE n est pas defini
Fr: inclure fichier n'est pas défini
En: include file is not defined
Ja: 含めるファイルが定義されていません
Fr_raw: inclure fichier n'est pas défini
En_raw: include file is not defined
Ja_raw: 含めるファイルが定義されていません

include file must be correct::
Keyword: L'include doit etre correctement initialise pour etre visualise
Fr: inclure fichier doit être correcte
En: include file must be correct
Ja: 含めるファイルが正しいする必要があります
Fr_raw: inclure fichier doit être correcte
En_raw: include file must be correct
Ja_raw: 含めるファイルが正しいする必要があります

include is not correct %s::
Keyword: include mal defini %s
Fr: comprendre n'est pas correct %s
En: include is not correct %s
Ja: 含めるは正しい %s ではありません
Fr_raw: comprendre n'est pas correct %s
En_raw: include is not correct %s
Ja_raw: 含めるは正しい %s ではありません

incorrect cardinality : the last value is ignored::
Keyword: La cardinalite n'est pas correcte, la derniere valeur est ignoree
Fr: cardinalité incorrecte : la dernière valeur est ignorée
En: incorrect cardinality : the last value is ignored
Ja: 不正な基数: 最後の値は無視されます
Fr_raw: cardinalité incorrecte : la dernière valeur est ignorée
En_raw: incorrect cardinality : the last value is ignored
Ja_raw: 不正な基数: 最後の値は無視されます

incorrect length::
Keyword: Longueur incorrecte
Fr: longueur incorrecte
En: incorrect length
Ja: 不適切な長さ
Fr_raw: longueur incorrecte
En_raw: incorrect length
Ja_raw: 不適切な長さ

incorrect number of arguments::
Keyword: Nombre incorrect d'arguments
Fr: nombre d'arguments incorrect
En: incorrect number of arguments
Ja: 引数の数が正しくありません。
Fr_raw: nombre d'arguments incorrect
En_raw: incorrect number of arguments
Ja_raw: 引数の数が正しくありません。

incorrect number of arguments for ::
Keyword: Nombre incorrect d'arguments de 
Fr: nombre incorrect d'arguments pour
En: incorrect number of arguments for 
Ja: 引数の数が正しくありません。
Fr_raw: nombre incorrect d'arguments pour
En_raw: incorrect number of arguments for 
Ja_raw: 引数の数が正しくありません。

incorrect value::
Keyword: Valeur incorrecte
Fr: valeur incorrecte
En: incorrect value
Ja: 不適切な値
Fr_raw: valeur incorrecte
En_raw: incorrect value
Ja_raw: 不適切な値

inserrt a parameter after the command::
Keyword: Insere un parametre apres la commande 
Fr: inserrt un paramètre après la commande
En: inserrt a parameter after the command
Ja: inserrt コマンドの後のパラメーター
Fr_raw: inserrt un paramètre après la commande
En_raw: inserrt a parameter after the command
Ja_raw: inserrt コマンドの後のパラメーター

insert a comment after the command::
Keyword: Insere un commentaire apres la commande 
Fr: Insérer un commentaire après la commande
En: insert a comment after the command
Ja: コマンドの後にコメントを挿入します。
Fr_raw: Insérer un commentaire après la commande
En_raw: insert a comment after the command
Ja_raw: コマンドの後にコメントを挿入します。

insert a comment before the command::
Keyword: Insere un commentaire avant la commande 
Fr: Insérer un commentaire avant la commande
En: insert a comment before the command
Ja: コメントを挿入するコマンドの前に
Fr_raw: Insérer un commentaire avant la commande
En_raw: insert a comment before the command
Ja_raw: コメントを挿入するコマンドの前に

insert a parameter::
Keyword: Insere un parametre
Fr: Insérez un paramètre
En: insert a parameter
Ja: パラメーターを挿入します。
Fr_raw: Insérez un paramètre
En_raw: insert a parameter
Ja_raw: パラメーターを挿入します。

insert a parameter before the commande::
Keyword: Insere un parametre avant la commande 
Fr: Insérez un paramètre avant la commande
En: insert a parameter before the commande
Ja: 前に、commande パラメーターを挿入します。
Fr_raw: Insérez un paramètre avant la commande
En_raw: insert a parameter before the commande
Ja_raw: 前に、commande パラメーターを挿入します。

instance value is ::
Keyword: valeur d'instance de 
Fr: valeur de l'instance est
En: instance value is 
Ja: インスタンスの値が
Fr_raw: valeur de l'instance est
En_raw: instance value is 
Ja_raw: インスタンスの値が

integer::
Keyword: entiers
Fr: entier
En: integer
Ja: 整数
Fr_raw: entier
En_raw: integer
Ja_raw: 整数

internal problem : unable to delete keyword::
Keyword: Pb interne : impossible de supprimer ce mot-cle
Fr: problème interne : impossible de supprimer le mot clé
En: internal problem : unable to delete keyword
Ja: 内部の問題： キーワードを削除することができません
Fr_raw: problème interne : impossible de supprimer le mot clé
En_raw: internal problem : unable to delete keyword
Ja_raw: 内部の問題： キーワードを削除することができません

internal problem : unable to delete object::
Keyword: Pb interne : impossible de supprimer cet objet
Fr: problème interne : impossible de supprimer l'objet
En: internal problem : unable to delete object
Ja: 内部エラー: オブジェクトを削除できません
Fr_raw: problème interne : impossible de supprimer l'objet
En_raw: internal problem : unable to delete object
Ja_raw: 内部エラー: オブジェクトを削除できません

invalid commented command::
Keyword: Objet commande commentarisé invalide
Fr: commande commentée non valide
En: invalid commented command
Ja: 無効なコメント コマンド
Fr_raw: commande commentée non valide
En_raw: invalid commented command
Ja_raw: 無効なコメント コマンド

invalid file::
Keyword: Fichier invalide
Fr: fichier non valide
En: invalid file
Ja: 無効なファイル
Fr_raw: fichier non valide
En_raw: invalid file
Ja_raw: 無効なファイル

invalid file %s::
Keyword: Fichier invalide %s
Fr: fichier non valide %s
En: invalid file %s
Ja: ファイル %s が無効です。
Fr_raw: fichier non valide %s
En_raw: invalid file %s
Ja_raw: ファイル %s が無効です。

invalid item::
Keyword: item invalide
Fr: élément non valide
En: invalid item
Ja: 無効な項目
Fr_raw: élément non valide
En_raw: invalid item
Ja_raw: 無効な項目

is a valid name for FORMULE::
Keyword:  est un nom valide pour une FORMULE
Fr: est un nom valide pour la FORMULE
En: is a valid name for FORMULE
Ja: フォーミュラの有効な名前です。
Fr_raw: est un nom valide pour la FORMULE
En_raw: is a valid name for FORMULE
Ja_raw: フォーミュラの有効な名前です。

is duplicated::
Keyword:  est un doublon
Fr: est dupliqué
En: is duplicated
Ja: 重複します。
Fr_raw: est dupliqué
En_raw: is duplicated
Ja_raw: 重複します。

is expected.::
Keyword:  est attendu.
Fr: est prévu.
En: is expected.
Ja: 期待されます。
Fr_raw: est prévu.
En_raw: is expected.
Ja_raw: 期待されます。

is not a decreasing list::
Keyword:  n'est pas par valeurs decroissantes
Fr: n'est pas une liste décroissante
En: is not a decreasing list
Ja: 減少のリストではありません。
Fr_raw: n'est pas une liste décroissante
En_raw: is not a decreasing list
Ja_raw: 減少のリストではありません。

is not a increasing list::
Keyword:  n'est pas par valeurs croissantes
Fr: n'est pas une liste sans cesse croissante
En: is not a increasing list
Ja: 増加のリストではありません。
Fr_raw: n'est pas une liste sans cesse croissante
En_raw: is not a increasing list
Ja_raw: 増加のリストではありません。

is not a string::
Keyword:  n'est pas une chaine
Fr: n'est pas une chaîne
En: is not a string
Ja: 文字列でないです。
Fr_raw: n'est pas une chaîne
En_raw: is not a string
Ja_raw: 文字列でないです。

is not a string of length between ::
Keyword:  n'est pas une chaine de longueur comprise entre 
Fr: n'est pas une chaîne de longueur entre
En: is not a string of length between 
Ja: 間の長さの文字列ではないです。
Fr_raw: n'est pas une chaîne de longueur entre
En_raw: is not a string of length between 
Ja_raw: 間の長さの文字列ではないです。

is not a tuple::
Keyword:  n est pas un tuple de 
Fr: n'est pas un n-uplet
En: is not a tuple
Ja: タプルでないです。
Fr_raw: n'est pas un n-uplet
En_raw: is not a tuple
Ja_raw: タプルでないです。

is not a valid directory::
Keyword:  n'est pas un repertoire valide
Fr: n'est pas valide
En: is not a valid directory
Ja: 有効なディレクトリではありません。
Fr_raw: n'est pas valide
En_raw: is not a valid directory
Ja_raw: 有効なディレクトリではありません。

is not a valid file.::
Keyword:  n'est pas un fichier valide
Fr: n'est pas un fichier valide.
En: is not a valid file.
Ja: 有効なファイルではありません。
Fr_raw: n'est pas un fichier valide.
En_raw: is not a valid file.
Ja_raw: 有効なファイルではありません。

is not a valide name for FORMULE::
Keyword:  n'est pas un nom valide pour une FORMULE
Fr: n'est pas un nom valide pour la FORMULE
En: is not a valide name for FORMULE
Ja: フォーミュラの valide 名ではありません。
Fr_raw: n'est pas un nom valide pour la FORMULE
En_raw: is not a valide name for FORMULE
Ja_raw: フォーミュラの valide 名ではありません。

is not an authorized choice ::
Keyword:   ne fait pas partie des choix possibles 
Fr: n'est pas un choix autorisé
En: is not an authorized choice 
Ja: 認可の選択ではないです。
Fr_raw: n'est pas un choix autorisé
En_raw: is not an authorized choice 
Ja_raw: 認可の選択ではないです。

is not an existing file::
Keyword:  n'est pas un fichier existant
Fr: n'est pas un fichier existant
En: is not an existing file
Ja: 既存のファイルではありません。
Fr_raw: n'est pas un fichier existant
En_raw: is not an existing file
Ja_raw: 既存のファイルではありません。

is not correct::
Keyword: n est pas correct
Fr: n'est pas correct
En: is not correct
Ja: 正しくないです。
Fr_raw: n'est pas correct
En_raw: is not correct
Ja_raw: 正しくないです。

is not correct - no possible "append_brother"::
Keyword:   n'est pas un index valide pour append_brother
Fr: est ne pas corriger - pas possible de « append_brother »
En: is not correct - no possible "append_brother"
Ja: 正しくない - ない可能性"append_brother"
Fr_raw: est ne pas corriger - pas possible de « append_brother »
En_raw: is not correct - no possible "append_brother"
Ja_raw: 正しくない - ない可能性"append_brother"

is not in [ ::
Keyword:  est en dehors du domaine de validite [ 
Fr: n'est pas dans [
En: is not in [ 
Ja: ではないです。
Fr_raw: n'est pas dans [
En_raw: is not in [ 
Ja_raw: ではないです。

is not of expected type : ::
Keyword:  n'est pas d'un type autorise: 
Fr: n'est pas du type attendu :
En: is not of expected type : 
Ja: 予期された型はありません。
Fr_raw: n'est pas du type attendu :
En_raw: is not of expected type : 
Ja_raw: 予期された型はありません。

item must be valid::
Keyword: l item doit etre valide
Fr: ordre du jour doit être valide
En: item must be valid
Ja: 項目が有効である必要があります。
Fr_raw: ordre du jour doit être valide
En_raw: item must be valid
Ja_raw: 項目が有効である必要があります。

jdc %(v1)s , .comm file  %(v_2)s does not exit::
Keyword: jdc %(v_1)s, le fichier de commandes\n                                %(v_2)s n'existe pas
Fr: JDC %s (v1), .comm fichier %s (v_2) ne va pas se terminer
En: jdc %(v1)s , .comm file  %(v_2)s does not exit
Ja: 日本国土開発 (v1) %s .comm ファイル %s (v_2) は終了しません
Fr_raw: JDC %s (v1), .comm fichier %s (v_2) ne va pas se terminer
En_raw: jdc %(v1)s , .comm file  %(v_2)s does not exit
Ja_raw: 日本国土開発 (v1) %s .comm ファイル %s (v_2) は終了しません

jdc %(v1)s does not have .comm file in command line %(v_2)s::
Keyword:  jdc %(v_1)s manque fichier comm\n                                dans section %(v_2)s
Fr: JDC %s (v1) n'a pas de fichier .comm en ligne de commande %s (v_2)
En: jdc %(v1)s does not have .comm file in command line %(v_2)s
Ja: 日本国土開発 (v1) %s コマンドライン %s (v_2) .comm ファイルを持っていません。
Fr_raw: JDC %s (v1) n'a pas de fichier .comm en ligne de commande %s (v_2)
En_raw: jdc %(v1)s does not have .comm file in command line %(v_2)s
Ja_raw: 日本国土開発 (v1) %s コマンドライン %s (v_2) .comm ファイルを持っていません。

jdc %(v_1)s                         include file  %(v_2)s, %(v_3)s does not exist::
Keyword:  jdc %(v_1)s\n                                   fichier include %(v_2)s, %(v_3)s\n                                   n'existe pas
Fr: JDC %s (v_1) incluent le fichier %s (v_2), (v_3) %s n'existe pas
En: jdc %(v_1)s                         include file  %(v_2)s, %(v_3)s does not exist
Ja: 日本国土開発 (v_1) %s ほかファイル %s (v_2)、(v_3) %s が存在しません
Fr_raw: JDC %s (v_1) incluent le fichier %s (v_2), (v_3) %s n'existe pas
En_raw: jdc %(v_1)s                         include file  %(v_2)s, %(v_3)s does not exist
Ja_raw: 日本国土開発 (v_1) %s ほかファイル %s (v_2)、(v_3) %s が存在しません

jdc %(v_1)s : .comm  %(v_2)s does not exist::
Keyword: jdc %(v_1)s, le fichier\n                                      de commandes %(v_2)s n'existe pas
Fr: JDC %s (v_1): .comm (v_2) %s n'existe pas
En: jdc %(v_1)s : .comm  %(v_2)s does not exist
Ja: 日本国土開発 (v_1) %s: .comm (v_2) %s が存在しません
Fr_raw: JDC %s (v_1): .comm (v_2) %s n'existe pas
En_raw: jdc %(v_1)s : .comm  %(v_2)s does not exist
Ja_raw: 日本国土開発 (v_1) %s: .comm (v_2) %s が存在しません

jdc %(v_1)s : .comm is not given for %(v_2)s::
Keyword:  jdc %(v_1)s manque\n                                      fichier comm dans section %(v_2)s
Fr: JDC %s (v_1): .comm n'est pas donné pour %s (v_2)
En: jdc %(v_1)s : .comm is not given for %(v_2)s
Ja: 日本国土開発 (v_1) %s: %s (v_2) .comm が与えられていません。
Fr_raw: JDC %s (v_1): .comm n'est pas donné pour %s (v_2)
En_raw: jdc %(v_1)s : .comm is not given for %(v_2)s
Ja_raw: 日本国土開発 (v_1) %s: %s (v_2) .comm が与えられていません。

jdc %s does not have jdc option in command line::
Keyword:  jdc %s manque option jdc dans section jdc
Fr: JDC %s n'a pas d'option de jdc dans la ligne de commande
En: jdc %s does not have jdc option in command line
Ja: jdc %s コマンド ・ ラインで jdc のオプションを持っていません。
Fr_raw: JDC %s n'a pas d'option de jdc dans la ligne de commande
En_raw: jdc %s does not have jdc option in command line
Ja_raw: jdc %s コマンド ・ ラインで jdc のオプションを持っていません。

law's PDF::
Keyword: PDF de la loi
Fr: PDF de droit
En: law's PDF
Ja: 法律の PDF
Fr_raw: PDF de droit
En_raw: law's PDF
Ja_raw: 法律の PDF

length sould be in interval of::
Keyword: La longueur doit etre comprise entre 
Fr: longueur pourrait être dans l'intervalle de
En: length sould be in interval of
Ja: 長さ今部屋の間隔にいます。
Fr_raw: longueur pourrait être dans l'intervalle de
En_raw: length sould be in interval of
Ja_raw: 長さ今部屋の間隔にいます。

lines'number is not equal to ::
Keyword: le nombre de ligne n est pas egal a 
Fr: lines'number n'est pas égal à
En: lines'number is not equal to 
Ja: lines'number と等しくないです。
Fr_raw: lines'number n'est pas égal à
En_raw: lines'number is not equal to 
Ja_raw: lines'number と等しくないです。

list::
Keyword: liste 
Fr: liste
En: list
Ja: リスト
Fr_raw: liste
En_raw: list
Ja_raw: リスト

list has to be ordored::
Keyword: La liste doit etre en ordre 
Fr: liste doit être ordored
En: list has to be ordored
Ja: ordored をする必要がありますリスト
Fr_raw: liste doit être ordored
En_raw: list has to be ordored
Ja_raw: ordored をする必要がありますリスト

list is too long : maximal length is ::
Keyword: La liste comporte trop d elements : la cardinalite maximale est 
Fr: liste est trop longue : longueur maximale est
En: list is too long : maximal length is 
Ja: リストが長すぎます最大長は。
Fr_raw: liste est trop longue : longueur maximale est
En_raw: list is too long : maximal length is 
Ja_raw: リストが長すぎます最大長は。

list is too short : minimal length is ::
Keyword: La liste ne comporte pas suffisament d elements : la cardinalite minimale est 
Fr: liste est trop court : longueur minimale est
En: list is too short : minimal length is 
Ja: リストはあまりにも短いです： 最小の長さです
Fr_raw: liste est trop court : longueur minimale est
En_raw: list is too short : minimal length is 
Ja_raw: リストはあまりにも短いです： 最小の長さです

list's cardinalisty should be between ::
Keyword: Le cardinal de la liste doit etre compris entre 
Fr: cardinalisty de la liste doit être comprise entre
En: list's cardinalisty should be between 
Ja: リストの cardinalisty の間でなければなりません
Fr_raw: cardinalisty de la liste doit être comprise entre
En_raw: list's cardinalisty should be between 
Ja_raw: リストの cardinalisty の間でなければなりません

manage versions::
Keyword: Gérer les versions
Fr: gérer les versions
En: manage versions
Ja: バージョンを管理します。
Fr_raw: gérer les versions
En_raw: manage versions
Ja_raw: バージョンを管理します。

mandatory keyword : %s.::
Keyword:  Le mot-cle %s est obligatoire.
Fr: mot clé obligatoire: %s.
En: mandatory keyword : %s.
Ja: 必須キーワード: %s。
Fr_raw: mot clé obligatoire: %s.
En_raw: mandatory keyword : %s.
Ja_raw: 必須キーワード: %s。

mandatory keyword cannot be deleted::
Keyword: Impossible de supprimer un mot-cle obligatoire 
Fr: Impossible de supprimer la clé obligatoire
En: mandatory keyword cannot be deleted
Ja: 必須キーワードを削除できません。
Fr_raw: Impossible de supprimer la clé obligatoire
En_raw: mandatory keyword cannot be deleted
Ja_raw: 必須キーワードを削除できません。

marker::
Keyword: Separateur
Fr: marqueur
En: marker
Ja: マーカー
Fr_raw: marqueur
En_raw: marker
Ja_raw: マーカー

matrix has not a correct size::
Keyword: Mauvaise dimension de matrice
Fr: matrice n'a pas une taille correcte
En: matrix has not a correct size
Ja: マトリックスには、正しいサイズではなく
Fr_raw: matrice n'a pas une taille correcte
En_raw: matrix has not a correct size
Ja_raw: マトリックスには、正しいサイズではなく

matrix is not a %(n_lign)d x %(n_col)d matrix::
Keyword: La matrice n'est pas une matrice %(n_lign)d sur %(n_col)d
Fr: matrice n'est pas un % (n_lign) d x d % (n_col) matrice
En: matrix is not a %(n_lign)d x %(n_col)d matrix
Ja: 行列がない (n_col) %d x %d (n_lign) 行列
Fr_raw: matrice n'est pas un % (n_lign) d x d % (n_col) matrice
En_raw: matrix is not a %(n_lign)d x %(n_col)d matrix
Ja_raw: 行列がない (n_col) %d x %d (n_lign) 行列

max must be an integer :::
Keyword: L'attribut 'max' doit etre un entier : 
Fr: Max doit être un entier :
En: max must be an integer :
Ja: 最大整数でなければなりません。
Fr_raw: Max doit être un entier :
En_raw: max must be an integer :
Ja_raw: 最大整数でなければなりません。

mesh group %s is associated with at least one material and at least a source.::
Keyword:  ce groupe de maillage %s est associe a au moins un materiau  et au moins une source.
Fr: maille groupe %s est associé au moins un matériau et au moins une source.
En: mesh group %s is associated with at least one material and at least a source.
Ja: メッシュ グループ %s は少なくとも 1 つの材料と、少なくともソースに関連付けられます。
Fr_raw: maille groupe %s est associé au moins un matériau et au moins une source.
En_raw: mesh group %s is associated with at least one material and at least a source.
Ja_raw: メッシュ グループ %s は少なくとも 1 つの材料と、少なくともソースに関連付けられます。

mesh group %s is associated with no material or no source.::
Keyword: ce groupe de maillage %s  n'est associe a aucun materiau ou source.
Fr: maille groupe %s est associé à aucun matériel ou aucune source.
En: mesh group %s is associated with no material or no source.
Ja: メッシュ グループ %s は材料またはないソースに関連付けられません。
Fr_raw: maille groupe %s est associé à aucun matériel ou aucune source.
En_raw: mesh group %s is associated with no material or no source.
Ja_raw: メッシュ グループ %s は材料またはないソースに関連付けられません。

min and max are invalid:::
Keyword: Nombres d'occurrence min et max invalides :
Fr: min et max ne sont pas valides :
En: min and max are invalid:
Ja: min および max は無効です。
Fr_raw: min et max ne sont pas valides :
En_raw: min and max are invalid:
Ja_raw: min および max は無効です。

min must be an integer :::
Keyword: L'attribut 'min' doit etre un entier : 
Fr: min doit être un entier :
En: min must be an integer :
Ja: 分は、整数でなければなりません。
Fr_raw: min doit être un entier :
En_raw: min must be an integer :
Ja_raw: 分は、整数でなければなりません。

move rejected::
Keyword: Deplacement refuse
Fr: déménagement a rejeté
En: move rejected
Ja: この動きを拒絶
Fr_raw: déménagement a rejeté
En_raw: move rejected
Ja_raw: この動きを拒絶

move rejected. no move between two files : only copy is available::
Keyword: Deplacement refuse entre 2 fichiers. Seule la copie est autorisee 
Fr: déménagement a rejeté. aucun mouvement entre deux fichiers : une seule copie est disponible
En: move rejected. no move between two files : only copy is available
Ja: この動きを拒絶します。ない 2 つのファイル間を移動： だけのコピーが利用できます。
Fr_raw: déménagement a rejeté. aucun mouvement entre deux fichiers : une seule copie est disponible
En_raw: move rejected. no move between two files : only copy is available
Ja_raw: この動きを拒絶します。ない 2 つのファイル間を移動： だけのコピーが利用できます。

must be a string::
Keyword: verifier que c'est une chaine
Fr: doit être une chaîne
En: must be a string
Ja: 文字列である必要があります。
Fr_raw: doit être une chaîne
En_raw: must be a string
Ja_raw: 文字列である必要があります。

must be below  ::
Keyword:  doit etre inferieur a 
Fr: doit être inférieure à
En: must be below  
Ja: 以下にする必要があります。
Fr_raw: doit être inférieure à
En_raw: must be below  
Ja_raw: 以下にする必要があります。

must be lowest than::
Keyword:  doit être inférieur a 
Fr: doit être plus bas que
En: must be lowest than
Ja: 低い必要があります。
Fr_raw: doit être plus bas que
En_raw: must be lowest than
Ja_raw: 低い必要があります。

name does not begin with a figure::
Keyword: Un nom de FORMULE ne peut pas commencer par un chiffre
Fr: nom ne commence pas par un chiffre
En: name does not begin with a figure
Ja: 名前が数字で始まらない
Fr_raw: nom ne commence pas par un chiffre
En_raw: name does not begin with a figure
Ja_raw: 名前が数字で始まらない

name too  long (8 characters max)::
Keyword: Un nom de FORMULE ne peut depasser 8 caracteres
Fr: nom trop long (8 caractères max.)
En: name too  long (8 characters max)
Ja: 名が長すぎます (最大 8 文字)
Fr_raw: nom trop long (8 caractères max.)
En_raw: name too  long (8 characters max)
Ja_raw: 名が長すぎます (最大 8 文字)

new command will be added AFTER current command::
Keyword: La commande choisie sera ajoutée APRES la commande courante
Fr: nouvelle commande sera ajouté après commande actuelle
En: new command will be added AFTER current command
Ja: 新しいコマンドは、現在のコマンドの後追加されます。
Fr_raw: nouvelle commande sera ajouté après commande actuelle
En_raw: new command will be added AFTER current command
Ja_raw: 新しいコマンドは、現在のコマンドの後追加されます。

no documentation is available for this node::
Keyword: Aucune documentation n'est associee a ce noeud
Fr: aucune documentation n'est disponible pour ce nœud
En: no documentation is available for this node
Ja: このノードに使用できるドキュメントはありません。
Fr_raw: aucune documentation n'est disponible pour ce nœud
En_raw: no documentation is available for this node
Ja_raw: このノードに使用できるドキュメントはありません。

no duplication is allowed::
Keyword: Les doublons ne sont pas permis
Fr: aucune reproduction n'est autorisée
En: no duplication is allowed
Ja: 重複は許可されていません
Fr_raw: aucune reproduction n'est autorisée
En_raw: no duplication is allowed
Ja_raw: 重複は許可されていません

no given value::
Keyword: Pas de valeur entree
Fr: aucune valeur donnée
En: no given value
Ja: 特定の値ではありません。
Fr_raw: aucune valeur donnée
En_raw: no given value
Ja_raw: 特定の値ではありません。

no help avalaible::
Keyword: Aide Indisponible
Fr: aucune aide disponible
En: no help avalaible
Ja: ないヘルプ avalaible
Fr_raw: aucune aide disponible
En_raw: no help avalaible
Ja_raw: ないヘルプ avalaible

no known variable::
Keyword: Aucune variable connue
Fr: aucune variable connue
En: no known variable
Ja: ない既知の変数
Fr_raw: aucune variable connue
En_raw: no known variable
Ja_raw: ない既知の変数

no name given::
Keyword: Pas de nom donne a la FORMULE
Fr: aucun nom donné
En: no name given
Ja: 与えられた名前のないです。
Fr_raw: aucun nom donné
En_raw: no name given
Ja_raw: 与えられた名前のないです。

no options avalaible for configuration::
Keyword: Pas de possibilite de personnalisation de la configuration 
Fr: pas disponible d'options de configuration
En: no options avalaible for configuration
Ja: 構成オプションはありません。
Fr_raw: pas disponible d'options de configuration
En_raw: no options avalaible for configuration
Ja_raw: 構成オプションはありません。

no selected value::
Keyword: Pas de valeur selectionnee
Fr: aucune valeur sélectionnée
En: no selected value
Ja: 選択した値
Fr_raw: aucune valeur sélectionnée
En_raw: no selected value
Ja_raw: 選択した値

no type is specified for the return value::
Keyword: Le type de la valeur retournee n'est pas specifie
Fr: aucun type n'est spécifié pour la valeur de retour
En: no type is specified for the return value
Ja: 戻り値の型が指定されていません
Fr_raw: aucun type n'est spécifié pour la valeur de retour
En_raw: no type is specified for the return value
Ja_raw: 戻り値の型が指定されていません

not a valid value : ::
Keyword: Valeur du mot-clef non autorisee :
Fr: pas une valeur valide :
En: not a valid value : 
Ja: 有効な値ではなく:
Fr_raw: pas une valeur valide :
En_raw: not a valid value : 
Ja_raw: 有効な値ではなく:

not implemented::
Keyword: Pas implemente
Fr: non implémenté
En: not implemented
Ja: 実装されていません
Fr_raw: non implémenté
En_raw: not implemented
Ja_raw: 実装されていません

object type not expected : %s::
Keyword: Type d'objet non prevu : %s
Fr: devrait ne pas de type d'objet : %s
En: object type not expected : %s
Ja: 予期しない型のオブジェクト: %s
Fr_raw: devrait ne pas de type d'objet : %s
En_raw: object type not expected : %s
Ja_raw: 予期しない型のオブジェクト: %s

of type ::
Keyword: de type 
Fr: de type
En: of type 
Ja: 型の
Fr_raw: de type
En_raw: of type 
Ja_raw: 型の

operator 'reentrant' but concept does not exist::
Keyword: Operateur reentrant mais concept non existant
Fr: opérateur « reentrant » mais la notion n'existe pas
En: operator 'reentrant' but concept does not exist
Ja: 演算子 'reentrant' が概念は存在しません
Fr_raw: opérateur « reentrant » mais la notion n'existe pas
En_raw: operator 'reentrant' but concept does not exist
Ja_raw: 演算子 'reentrant' が概念は存在しません

parameter::
Keyword: Parametre
Fr: paramètre
En: parameter
Ja: パラメーター
Fr_raw: paramètre
En_raw: parameter
Ja_raw: パラメーター

parameter's name can not exceed 8 characters::
Keyword: Un nom de parametre ne peut depasser 8 caracteres
Fr: nom du paramètre ne peut pas dépasser 8 caractères
En: parameter's name can not exceed 8 characters
Ja: パラメーターの名前は 8 文字を超えることはできません。
Fr_raw: nom du paramètre ne peut pas dépasser 8 caractères
En_raw: parameter's name can not exceed 8 characters
Ja_raw: パラメーターの名前は 8 文字を超えることはできません。

parameters'name must begin with a letter or '_'::
Keyword: Les noms de parametre doivent commencer par une lettre ou un souligne
Fr: parameters'name doit commencer par une lettre ou un « _ »
En: parameters'name must begin with a letter or '_'
Ja: parameters'name は、文字または '_' で始まる必要があります。
Fr_raw: parameters'name doit commencer par une lettre ou un « _ »
En_raw: parameters'name must begin with a letter or '_'
Ja_raw: parameters'name は、文字または '_' で始まる必要があります。

parametre Selection::
Keyword: Sélection de paramétres
Fr: parametre Selection
En: parametre Selection
Ja: パラメーターの選択
Fr_raw: parametre Selection
En_raw: parametre Selection
Ja_raw: パラメーターの選択

pattern file %s does not exist.::
Keyword: Fichier patron %s n'existe pas.
Fr: modèle fichier %s n'existe pas.
En: pattern file %s does not exist.
Ja: パターン ファイル %s が存在しません。
Fr_raw: modèle fichier %s n'existe pas.
En_raw: pattern file %s does not exist.
Ja_raw: パターン ファイル %s が存在しません。

post::
Keyword: post
Fr: 
En: post
Ja: 
Fr_raw: 
En_raw: post
Ja_raw: 

pre::
Keyword: pre
Fr: 
En: pre
Ja: 
Fr_raw: 
En_raw: pre
Ja_raw: 

principal .comm file's name::
Keyword: nom du fichier de commandes
Fr: nom du fichier principal .comm
En: principal .comm file's name
Ja: プリンシパル .comm ファイル名
Fr_raw: nom du fichier principal .comm
En_raw: principal .comm file's name
Ja_raw: プリンシパル .comm ファイル名

problem when creating STD::
Keyword: Il y a un pb a la Creation du STD
Fr: problème lors de la création de STD
En: problem when creating STD
Ja: STD を作成するときの問題
Fr_raw: problème lors de la création de STD
En_raw: problem when creating STD
Ja_raw: STD を作成するときの問題

problem when creating XML::
Keyword: Il y a un pb a la Creation du XML
Fr: problème lors de la création XML
En: problem when creating XML
Ja: XML を作成するときの問題
Fr_raw: problème lors de la création XML
En_raw: problem when creating XML
Ja_raw: XML を作成するときの問題

recover default parameters::
Keyword: Restauration des parametres par defaut 
Fr: récupérer les paramètres par défaut
En: recover default parameters
Ja: 既定のパラメーターを回復します。
Fr_raw: récupérer les paramètres par défaut
En_raw: recover default parameters
Ja_raw: 既定のパラメーターを回復します。

rejected copy::
Keyword: Copie refusee
Fr: copie rejetée
En: rejected copy
Ja: 拒否されたコピー
Fr_raw: copie rejetée
En_raw: rejected copy
Ja_raw: 拒否されたコピー

rule-@.::
Keyword: @-rule
Fr: règle-@
En: rule-@.
Ja: ルール @。
Fr_raw: règle-@
En_raw: rule-@.
Ja_raw: ルール @。

save::
Keyword: sauvegarde
Fr: enregistrer
En: save
Ja: 保存
Fr_raw: enregistrer
En_raw: save
Ja_raw: 保存

save File::
Keyword: Sauvegarder Fichier
Fr: Enregistrez le fichier
En: save File
Ja: ファイルを保存します。
Fr_raw: Enregistrez le fichier
En_raw: save File
Ja_raw: ファイルを保存します。

save file::
Keyword: Sauvegarde du Fichier
Fr: Enregistrez le fichier
En: save file
Ja: ファイルを保存します。
Fr_raw: Enregistrez le fichier
En_raw: save file
Ja_raw: ファイルを保存します。

scc::
Keyword: scc
Fr: 
En: scc
Ja: 
Fr_raw: 
En_raw: scc
Ja_raw: 

schema::
Keyword: schema
Fr: 
En: schema
Ja: 
Fr_raw: 
En_raw: schema
Ja_raw: 

scheme description :::
Keyword: scheme description :
Fr: 
En: scheme description :
Ja: 
Fr_raw: 
En_raw: scheme description :
Ja_raw: 

secondary (poursuite) file's name::
Keyword: nom du fichier poursuite
Fr: nom du fichier secondaire (poursuite)
En: secondary (poursuite) file's name
Ja: セカンダリ (poursuite) ファイルの名前
Fr_raw: nom du fichier secondaire (poursuite)
En_raw: secondary (poursuite) file's name
Ja_raw: セカンダリ (poursuite) ファイルの名前

select a command; a parameter, a comment or a macro::
Keyword: Veuillez selectionner une commande, un parametre, un commentaire ou une macro
Fr: Sélectionnez une commande ; un paramètre, un commentaire ou une macro
En: select a command; a parameter, a comment or a macro
Ja: 選択コマンド;パラメーター、コメントまたはマクロ
Fr_raw: Sélectionnez une commande ; un paramètre, un commentaire ou une macro
En_raw: select a command; a parameter, a comment or a macro
Ja_raw: 選択コマンド;パラメーター、コメントまたはマクロ

selection::
Keyword: Selection
Fr: sélection
En: selection
Ja: 選択
Fr_raw: sélection
En_raw: selection
Ja_raw: 選択

semi-colon::
Keyword: point-virgule
Fr: point virgule
En: semi-colon
Ja: セミコロン
Fr_raw: point virgule
En_raw: semi-colon
Ja_raw: セミコロン

should be in interval of ::
Keyword:  devrait etre comprise entre 
Fr: devrait être dans l'intervalle de
En: should be in interval of 
Ja: 間隔でする必要があります。
Fr_raw: devrait être dans l'intervalle de
En_raw: should be in interval of 
Ja_raw: 間隔でする必要があります。

should be of type ::
Keyword:  devrait etre de type  
Fr: doit être de type
En: should be of type 
Ja: 型である必要があります。
Fr_raw: doit être de type
En_raw: should be of type 
Ja_raw: 型である必要があります。

should have a length higher than ::
Keyword:  devrait etre de longueur superieure a 
Fr: doivent avoir une longueur supérieure à
En: should have a length higher than 
Ja: 高い長さがあります。
Fr_raw: doivent avoir une longueur supérieure à
En_raw: should have a length higher than 
Ja_raw: 高い長さがあります。

should have a length less than ::
Keyword:  devrait etre de longueur inferieure a 
Fr: doivent avoir une longueur inférieure à
En: should have a length less than 
Ja: 長さを持っている必要があります未満
Fr_raw: doivent avoir une longueur inférieure à
En_raw: should have a length less than 
Ja_raw: 長さを持っている必要があります未満

solver::
Keyword: solver
Fr: 
En: solver
Ja: 
Fr_raw: 
En_raw: solver
Ja_raw: 

space::
Keyword: espace
Fr: espace
En: space
Ja: スペース
Fr_raw: espace
En_raw: space
Ja_raw: スペース

specified localization for the application.::
Keyword: Localisation specifiee pour l'application.
Fr: localisation spécifiée pour l'application.
En: specified localization for the application.
Ja: アプリケーションのローカライズを指定。
Fr_raw: localisation spécifiée pour l'application.
En_raw: specified localization for the application.
Ja_raw: アプリケーションのローカライズを指定。

start function %s::
Keyword: Debut Fonction %s
Fr: démarrer la fonction %s
En: start function %s
Ja: 関数 %s を開始します。
Fr_raw: démarrer la fonction %s
En_raw: start function %s
Ja_raw: 関数 %s を開始します。

string's length betwwen::
Keyword: longueur de la chaine entre
Fr: betwwen longueur de la chaîne
En: string's length betwwen
Ja: 文字列の長さ betwwen
Fr_raw: betwwen longueur de la chaîne
En_raw: string's length betwwen
Ja_raw: 文字列の長さ betwwen

string's length is not correct::
Keyword: Longueur de la chaine incorrecte
Fr: longueur de la chaîne n'est pas correcte
En: string's length is not correct
Ja: 文字列の長さが正しくありません。
Fr_raw: longueur de la chaîne n'est pas correcte
En_raw: string's length is not correct
Ja_raw: 文字列の長さが正しくありません。

strings::
Keyword: chaines de caracteres
Fr: chaînes
En: strings
Ja: 文字列
Fr_raw: chaînes
En_raw: strings
Ja_raw: 文字列

study's name : %s::
Keyword: nom etude : %s
Fr: nom de l'étude : %s
En: study's name : %s
Ja: 研究の名前: %s
Fr_raw: nom de l'étude : %s
En_raw: study's name : %s
Ja_raw: 研究の名前: %s

suppress the selected valut::
Keyword: enleve l occurence selectionnee
Fr: supprimer la valut sélectionné
En: suppress the selected valut
Ja: 選択した valut を抑制します。
Fr_raw: supprimer la valut sélectionné
En_raw: suppress the selected valut
Ja_raw: 選択した valut を抑制します。

text in not a known command : %(v_1)s%(v-2)s::
Keyword: le texte a analyser n'est pas celui d'une commande connue :\n                                        %(v_1)s %(v_2)s
Fr: texte en pas un ordre connu: %s (v_1) s % (version 2)
En: text in not a known command : %(v_1)s%(v-2)s
Ja: ない知られているコマンド テキスト: (v_1) s (v-2) %s
Fr_raw: texte en pas un ordre connu: %s (v_1) s % (version 2)
En_raw: text in not a known command : %(v_1)s%(v-2)s
Ja_raw: ない知られているコマンド テキスト: (v_1) s (v-2) %s

text in not a known command :\n %(v_1)s%(v-2)s::
Keyword: le texte a analyser n'est pas celui d'une commande connue :\n                                         %(v_1)s %(v_2)s
Fr: texte en pas un ordre connu: %s (v_1) s % (version 2)
En: text in not a known command :\n %(v_1)s%(v-2)s
Ja: ない知られているコマンド テキスト: (v_1) s (v-2) %s
Fr_raw: texte en pas un ordre connu: %s (v_1) s % (version 2)
En_raw: text in not a known command :\n %(v_1)s%(v-2)s
Ja_raw: ない知られているコマンド テキスト: (v_1) s (v-2) %s

text is no eficas text:::
Keyword: le texte a analyser n'est pas celui d'une commande ou d'un operateur : 
Fr: texte n'existe aucun texte eficas :
En: text is no eficas text:
Ja: テキストには、eficas テキストがないです。
Fr_raw: texte n'existe aucun texte eficas :
En_raw: text is no eficas text:
Ja_raw: テキストには、eficas テキストがないです。

text is not in eficas format : %s::
Keyword: le texte a analyser n'est pas celui d'une commande ou\n                                         d'un operateur : %s
Fr: texte n'est pas au format eficas : %s
En: text is not in eficas format : %s
Ja: テキストを eficas 形式ではありません: %s
Fr_raw: texte n'est pas au format eficas : %s
En_raw: text is not in eficas format : %s
Ja_raw: テキストを eficas 形式ではありません: %s

the file is ignored : associated file is not defined::
Keyword: Ce fichier ne sera pas pris en compte\nLe fichier associe n'est pas defini
Fr: le fichier est ignoré : fichier associé n'est pas défini
En: the file is ignored : associated file is not defined
Ja: ファイルは無視されます: 関連付けられたファイルが定義されていません
Fr_raw: le fichier est ignoré : fichier associé n'est pas défini
En_raw: the file is ignored : associated file is not defined
Ja_raw: ファイルは無視されます: 関連付けられたファイルが定義されていません

the file is ignored\n%s::
Keyword: Ce fichier ne sera pas pris en compte\n %s
Fr: le fichier est ignorée %s
En: the file is ignored\n%s
Ja: ファイルは無視 %s です。
Fr_raw: le fichier est ignorée %s
En_raw: the file is ignored\n%s
Ja_raw: ファイルは無視 %s です。

the file will be ignored :\n%s::
Keyword: Le contenu de ce fichier ne sera pas pris en compte\n %s
Fr: le fichier sera ignoré : %s
En: the file will be ignored :\n%s
Ja: ファイルは無視されます: %s
Fr_raw: le fichier sera ignoré : %s
En_raw: the file will be ignored :\n%s
Ja_raw: ファイルは無視されます: %s

the secondary (poursuite) file does not exist::
Keyword: le fichier poursuite %s n'existe pas
Fr: le fichier secondaire (poursuite) n'existe pas
En: the secondary (poursuite) file does not exist
Ja: セカンダリ (poursuite) ファイルが存在しません。
Fr_raw: le fichier secondaire (poursuite) n'existe pas
En_raw: the secondary (poursuite) file does not exist
Ja_raw: セカンダリ (poursuite) ファイルが存在しません。

this node::
Keyword: ce noeud
Fr: ce nœud
En: this node
Ja: このノード
Fr_raw: ce nœud
En_raw: this node
Ja_raw: このノード

toolBar::
Keyword: toolBar
Fr: 
En: toolBar
Ja: 
Fr_raw: 
En_raw: toolBar
Ja_raw: 

translation::
Keyword: Traduction
Fr: traduction
En: translation
Ja: 翻訳
Fr_raw: traduction
En_raw: translation
Ja_raw: 翻訳

transverse::
Keyword: transverse
Fr: 
En: transverse
Ja: 
Fr_raw: 
En_raw: transverse
Ja_raw: 

type unexpected ::
Keyword: Type non encore gere 
Fr: type inattendu
En: type unexpected 
Ja: 予期しない型
Fr_raw: type inattendu
En_raw: type unexpected 
Ja_raw: 予期しない型

unable to add the keyword (commande)::
Keyword: Impossible d ajouter la commande
Fr: Impossible d'ajouter le mot clé (commande)
En: unable to add the keyword (commande)
Ja: キーワード (commande) を追加することができません。
Fr_raw: Impossible d'ajouter le mot clé (commande)
En_raw: unable to add the keyword (commande)
Ja_raw: キーワード (commande) を追加することができません。

unable to construct command::
Keyword: Impossible reconstruire commande\n
Fr: incapable de construire la commande
En: unable to construct command
Ja: コマンドを構築できません。
Fr_raw: incapable de construire la commande
En_raw: unable to construct command
Ja_raw: コマンドを構築できません。

unable to convert .comm file in order to open it with Eficas::
Keyword: Le fichier de commande n'a pas pu etre converti pour etre editable par Eficas\n\n
Fr: Impossible de convertir le fichier .comm afin de l'ouvrir avec Eficas
En: unable to convert .comm file in order to open it with Eficas
Ja: .comm ファイル Eficas を開くために変換できません。
Fr_raw: Impossible de convertir le fichier .comm afin de l'ouvrir avec Eficas
En_raw: unable to convert .comm file in order to open it with Eficas
Ja_raw: .comm ファイル Eficas を開くために変換できません。

unable to copy::
Keyword: Copie impossible
Fr: Impossible de copier
En: unable to copy
Ja: コピーできません。
Fr_raw: Impossible de copier
En_raw: unable to copy
Ja_raw: コピーできません。

unable to copy here::
Keyword: Copie impossible a cet endroit
Fr: Impossible de copier ici
En: unable to copy here
Ja: ここにコピーすることができません。
Fr_raw: Impossible de copier ici
En_raw: unable to copy here
Ja_raw: ここにコピーすることができません。

unable to create the jdc corresponding to the file::
Keyword: Impossible de construire le jeu de commandes correspondant au fichier
Fr: Impossible de créer le jdc correspondant au fichier
En: unable to create the jdc corresponding to the file
Ja: ファイルに対応する jdc を作成できません。
Fr_raw: Impossible de créer le jdc correspondant au fichier
En_raw: unable to create the jdc corresponding to the file
Ja_raw: ファイルに対応する jdc を作成できません。

unable to delete a mandatory keyword::
Keyword: Impossible de supprimer un mot-clef obligatoire 
Fr: Impossible de supprimer un mot clé obligatoire
En: unable to delete a mandatory keyword
Ja: 必須キーワードを削除することができません。
Fr_raw: Impossible de supprimer un mot clé obligatoire
En_raw: unable to delete a mandatory keyword
Ja_raw: 必須キーワードを削除することができません。

unable to delete this keyword::
Keyword: Impossible de supprimer ce mot-clef
Fr: Impossible de supprimer ce mot clé
En: unable to delete this keyword
Ja: このキーワードを削除することができません。
Fr_raw: Impossible de supprimer ce mot clé
En_raw: unable to delete this keyword
Ja_raw: このキーワードを削除することができません。

unable to display law's PDF.::
Keyword: La PDF de la loi ne peut pas etre affichee.
Fr: Impossible d'afficher la loi s PDF.
En: unable to display law's PDF.
Ja: 法律を表示することができるのではない PDF。
Fr_raw: Impossible d'afficher la loi s PDF.
En_raw: unable to display law's PDF.
Ja_raw: 法律を表示することができるのではない PDF。

unable to excute the fonction ::
Keyword: impossible d executer la methode 
Fr: Impossible d'exécuter la fonction
En: unable to excute the fonction 
Ja: すばやく、fonction をできません。
Fr_raw: Impossible d'exécuter la fonction
En_raw: unable to excute the fonction 
Ja_raw: すばやく、fonction をできません。

unable to find command::
Keyword: impossible de trouver la commande  
Fr: Impossible de trouver la commande
En: unable to find command
Ja: コマンドが見つかりません。
Fr_raw: Impossible de trouver la commande
En_raw: unable to find command
Ja_raw: コマンドが見つかりません。

unable to find file corresponding to unit::
Keyword: Impossible de trouver le fichier correspondant a l'unite 
Fr: Impossible de trouver le fichier correspondant à l'unité
En: unable to find file corresponding to unit
Ja: ユニットに対応するファイルが見つかりません。
Fr_raw: Impossible de trouver le fichier correspondant à l'unité
En_raw: unable to find file corresponding to unit
Ja_raw: ユニットに対応するファイルが見つかりません。

unable to load catalog::
Keyword: Impossible d'importer le catalogue 
Fr: Impossible de charger le catalogue
En: unable to load catalog
Ja: カタログを読み込めませんでした。
Fr_raw: Impossible de charger le catalogue
En_raw: unable to load catalog
Ja_raw: カタログを読み込めませんでした。

unable to name %s::
Keyword: Nommage impossible %s
Fr: incapables de nommer %s
En: unable to name %s
Ja: %s の名前にできません。
Fr_raw: incapables de nommer %s
En_raw: unable to name %s
Ja_raw: %s の名前にできません。

unable to open::
Keyword: impossible d'ouvrir 
Fr: Impossible d'ouvrir
En: unable to open
Ja: 開けません。
Fr_raw: Impossible d'ouvrir
En_raw: unable to open
Ja_raw: 開けません。

unable to open file %s::
Keyword: Impossible d'ouvrir le fichier %s
Fr: Impossible d'ouvrir le fichier %s
En: unable to open file %s
Ja: ファイル %s を開けません。
Fr_raw: Impossible d'ouvrir le fichier %s
En_raw: unable to open file %s
Ja_raw: ファイル %s を開けません。

unable to open file: %s::
Keyword: Impossible d'ouvrir le fichier : %s
Fr: Impossible d'ouvrir le fichier : %s
En: unable to open file: %s
Ja: ファイルを開けません: %s
Fr_raw: Impossible d'ouvrir le fichier : %s
En_raw: unable to open file: %s
Ja_raw: ファイルを開けません: %s

unable to read file :::
Keyword: lecture du fichier impossible :
Fr: Impossible de lire le fichier :
En: unable to read file :
Ja: ファイルを読み取れません。
Fr_raw: Impossible de lire le fichier :
En_raw: unable to read file :
Ja_raw: ファイルを読み取れません。

unable to read file : %s\n::
Keyword: Impossible de relire le fichier %s\n 
Fr: Impossible de lire le fichier : %s
En: unable to read file : %s\n
Ja: ファイルを読み取れません: %s
Fr_raw: Impossible de lire le fichier : %s
En_raw: unable to read file : %s\n
Ja_raw: ファイルを読み取れません: %s

unable to transfer files to : %s::
Keyword: Impossible de transferer les fichiers requis dans : %s
Fr: Impossible de transférer des fichiers à: %s
En: unable to transfer files to : %s
Ja: ファイルを転送することができません: %s
Fr_raw: Impossible de transférer des fichiers à: %s
En_raw: unable to transfer files to : %s
Ja_raw: ファイルを転送することができません: %s

unable to verify formula::
Keyword: Impossible de réaliser la vérification de la formule
Fr: Impossible de vérifier la formule
En: unable to verify formula
Ja: 数式を確認することができません。
Fr_raw: Impossible de vérifier la formule
En_raw: unable to verify formula
Ja_raw: 数式を確認することができません。

unanble to open file : %s::
Keyword: Impossible d'ouvrir le fichier : %s 
Fr: unanble pour ouvrir le fichier : %s
En: unanble to open file : %s
Ja: unanble ファイルを開きます: %s
Fr_raw: unanble pour ouvrir le fichier : %s
En_raw: unanble to open file : %s
Ja_raw: unanble ファイルを開きます: %s

uncomment::
Keyword: Decommenter
Fr: Décommentez
En: uncomment
Ja: コメントを解除します
Fr_raw: Décommentez
En_raw: uncomment
Ja_raw: コメントを解除します

uncomment the command::
Keyword: Decommente la commande 
Fr: Décommentez la commande
En: uncomment the command
Ja: コマンドのコメントを解除します。
Fr_raw: Décommentez la commande
En_raw: uncomment the command
Ja_raw: コマンドのコメントを解除します。

uncorrect run::
Keyword: Mauvaise execution 
Fr: exécution incorrecte
En: uncorrect run
Ja: 不正解の実行
Fr_raw: exécution incorrecte
En_raw: uncorrect run
Ja_raw: 不正解の実行

uncorrect value::
Keyword: Mauvaise Valeur
Fr: valeur incorrecte
En: uncorrect value
Ja: 不正解の値
Fr_raw: valeur incorrecte
En_raw: uncorrect value
Ja_raw: 不正解の値

unexpected task::
Keyword: traitement non-prevu
Fr: tâche inattendue
En: unexpected task
Ja: 予期しないタスク
Fr_raw: tâche inattendue
En_raw: unexpected task
Ja_raw: 予期しないタスク

unit number and include file's name::
Keyword: numero d'unite suivi du nom du fichier include
Fr: unité numéro et inclure le nom du fichier
En: unit number and include file's name
Ja: ユニット番号し、ファイル名を含める
Fr_raw: unité numéro et inclure le nom du fichier
En_raw: unit number and include file's name
Ja_raw: ユニット番号し、ファイル名を含める

unknown file ::
Keyword: Fichier introuvable
Fr: fichier inconnu
En: unknown file 
Ja: 不明なファイル
Fr_raw: fichier inconnu
En_raw: unknown file 
Ja_raw: 不明なファイル

unkown ou unsupported entity : %s. ignored::
Keyword: Entite inconnue ou interdite : %s. Elle est ignoree
Fr: inconnu ou non pris en charge entité: % s. ignoré
En: unkown ou unsupported entity : %s. ignored
Ja: 不明な ou エンティティはサポートされていません: %s は無視されます
Fr_raw: inconnu ou non pris en charge entité: % s. ignoré
En_raw: unkown ou unsupported entity : %s. ignored
Ja_raw: 不明な ou エンティティはサポートされていません: %s は無視されます

unkown type::
Keyword: Type de base inconnu
Fr: type inconnu
En: unkown type
Ja: 不明な型
Fr_raw: type inconnu
En_raw: unkown type
Ja_raw: 不明な型

unsupported file type::
Keyword: Type de fichier non reconnu
Fr: type de fichier non pris en charge
En: unsupported file type
Ja: サポートされていないファイルの種類
Fr_raw: type de fichier non pris en charge
En_raw: unsupported file type
Ja_raw: サポートされていないファイルの種類

unsupported type of value::
Keyword: Type de valeur non supporte par le format pyth : n %(exception)s
Fr: non prise en charge de type de valeur
En: unsupported type of value
Ja: 値のサポートされていない型
Fr_raw: non prise en charge de type de valeur
En_raw: unsupported type of value
Ja_raw: 値のサポートされていない型

unvalid expression::
Keyword: expression invalide
Fr: expression non-valables
En: unvalid expression
Ja: 鉱床式
Fr_raw: expression non-valables
En_raw: unvalid expression
Ja_raw: 鉱床式

use : %prog[options]::
Keyword: utilisation : %prog [options]
Fr: utiliser: % prog [options]
En: use : %prog[options]
Ja: 使用: %prog [オプション]
Fr_raw: utiliser: % prog [options]
En_raw: use : %prog[options]
Ja_raw: 使用: %prog [オプション]

use for application translation::
Keyword: localisation de l'application, pour la traduction
Fr: utiliser pour la traduction de la demande
En: use for application translation
Ja: アプリケーションの翻訳を使用します。
Fr_raw: utiliser pour la traduction de la demande
En_raw: use for application translation
Ja_raw: アプリケーションの翻訳を使用します。

valid expression::
Keyword: expression valide
Fr: expression valide
En: valid expression
Ja: 有効な式
Fr_raw: expression valide
En_raw: valid expression
Ja_raw: 有効な式

valid expression for FORMULE::
Keyword: Corps de FORMULE valide
Fr: expression valide pour la FORMULE
En: valid expression for FORMULE
Ja: フォーミュラの有効な式
Fr_raw: expression valide pour la FORMULE
En_raw: valid expression for FORMULE
Ja_raw: フォーミュラの有効な式

validate input::
Keyword: validation de la saisie
Fr: valider l'entrée
En: validate input
Ja: 入力を検証します。
Fr_raw: valider l'entrée
En_raw: validate input
Ja_raw: 入力を検証します。

value::
Keyword: valeur
Fr: valeur
En: value
Ja: 値
Fr_raw: valeur
En_raw: value
Ja_raw: 値

value : ::
Keyword: La valeur :
Fr: valeur :
En: value : 
Ja: 値:
Fr_raw: valeur :
En_raw: value : 
Ja_raw: 値:

value in ::
Keyword: valeur dans
Fr: valeur en
En: value in 
Ja: 内の値
Fr_raw: valeur en
En_raw: value in 
Ja_raw: 内の値

value in interval ::
Keyword:  valeur dans l 'intervalle 
Fr: valeur dans l'intervalle
En: value in interval 
Ja: 間隔の値
Fr_raw: valeur dans l'intervalle
En_raw: value in interval 
Ja_raw: 間隔の値

value is mandatory ::
Keyword: valeur  obligatoire
Fr: valeur est obligatoire
En: value is mandatory 
Ja: この値は必須
Fr_raw: valeur est obligatoire
En_raw: value is mandatory 
Ja_raw: この値は必須

value is not allowed::
Keyword: La valeur n'est pas dans la liste des choix possibles
Fr: valeur n'est pas autorisé
En: value is not allowed
Ja: 値は許可されていません
Fr_raw: valeur n'est pas autorisé
En_raw: value is not allowed
Ja_raw: 値は許可されていません

value is valid::
Keyword: valeur valide
Fr: la valeur est valide
En: value is valid
Ja: 値は有効です。
Fr_raw: la valeur est valide
En_raw: value is valid
Ja_raw: 値は有効です。

value of ::
Keyword: valeur de 
Fr: valeur de
En: value of 
Ja: 値
Fr_raw: valeur de
En_raw: value of 
Ja_raw: 値

value should be an even value::
Keyword: La valeur saisie doit etre paire
Fr: valeur doit être une valeur même
En: value should be an even value
Ja: 値が偶数の値にする必要があります。
Fr_raw: valeur doit être une valeur même
En_raw: value should be an even value
Ja_raw: 値が偶数の値にする必要があります。

value should be in interval of::
Keyword: La valeur doit etre comprise entre 
Fr: valeur doit être dans l'intervalle de
En: value should be in interval of
Ja: 値の間隔でする必要があります。
Fr_raw: valeur doit être dans l'intervalle de
En_raw: value should be in interval of
Ja_raw: 値の間隔でする必要があります。

values::
Keyword:  valeurs
Fr: valeurs
En: values
Ja:  values
Fr_raw: valeurs
En_raw: values
Ja_raw:  values

values are added::
Keyword: Valeurs Ajoutees
Fr: les valeurs sont ajoutées
En: values are added
Ja: 値が追加されます。
Fr_raw: les valeurs sont ajoutées
En_raw: values are added
Ja_raw: 値が追加されます。

values for statut arguments are : 'o','f','c' or 'd'::
Keyword: L'attribut 'statut' doit valoir 'o','f','c' ou 'd'
Fr: les valeurs pour les arguments de statut sont: « o », « f », « c » ou a '
En: values for statut arguments are : 'o','f','c' or 'd'
Ja: statut 引数の値: 'o'、'f'、'c' またはいた '
Fr_raw: les valeurs pour les arguments de statut sont: « o », « f », « c » ou a '
En_raw: values for statut arguments are : 'o','f','c' or 'd'
Ja_raw: statut 引数の値: 'o'、'f'、'c' またはいた '

variables  separated with ","\nas : x,y,z::
Keyword: variables séparées par des ","\n          par ex. : x,y,z
Fr: variables séparées avec «, » en tant que: x, y, z
En: variables  separated with ","\nas : x,y,z
Ja: 区切られた変数として「、」: x、y、z
Fr_raw: variables séparées avec «, » en tant que: x, y, z
En_raw: variables  separated with ","\nas : x,y,z
Ja_raw: 区切られた変数として「、」: x、y、z

version::
Keyword: version 
Fr: Version
En: version
Ja: バージョン
Fr_raw: Version
En_raw: version
Ja_raw: バージョン

view file::
Keyword: Visualisation Fichier 
Fr: afficher le fichier
En: view file
Ja: ファイルの表示
Fr_raw: afficher le fichier
En_raw: view file
Ja_raw: ファイルの表示

when you add A and B::
Keyword:  pour la somme des cles A et B 
Fr: Lorsque vous ajoutez A et B
En: when you add A and B
Ja: 追加すると、A と B
Fr_raw: Lorsque vous ajoutez A et B
En_raw: when you add A and B
Ja_raw: 追加すると、A と B

with catalog  ::
Keyword:  avec le catalogue 
Fr: avec catalogue
En: with catalog  
Ja: カタログ
Fr_raw: avec catalogue
En_raw: with catalog  
Ja_raw: カタログ

work space::
Keyword: Espace de travail
Fr: espace de travail
En: work space
Ja: 作業スペース
Fr_raw: espace de travail
En_raw: work space
Ja_raw: 作業スペース

you have to select an object to copy::
Keyword: Veuillez selectionner un objet a copier
Fr: vous devez sélectionner un objet à copier
En: you have to select an object to copy
Ja: コピーするオブジェクトを選択する必要があります。
Fr_raw: vous devez sélectionner un objet à copier
En_raw: you have to select an object to copy
Ja_raw: コピーするオブジェクトを選択する必要があります。

your own file editeur will be overlayed.::
Keyword: Votre fichier editeur sera ecrase.
Fr: votre propre editeur de fichier seront superposée.
En: your own file editeur will be overlayed.
Ja: あなた自身のファイル （オーバーレイされるでしょう。
Fr_raw: votre propre editeur de fichier seront superposée.
En_raw: your own file editeur will be overlayed.
Ja_raw: あなた自身のファイル （オーバーレイされるでしょう。

